==============================================
Starting time (of array_subjob 485320_4):
Sat Mar 28 10:45:34 AM CET 2026
(True, True)
(True, False)
(True, False)
Current time: 2026-03-28 10:45:37.692944 

True
METHOD = 'diofantos'
DEGREE = 3
SCALE = 3000
  all_datasets = 2257
pds1004.csv:
  gt_rhs = '4*v*w*x + 10*v + 6*z - 9'
d_max = 1
d_max = 2
d_max = 3
   target = 4*v*w*x + 10*v + 6*z - 9
['4*v*w*x + 10*v + 6*z - 9']
  is_equivalent = True
  total_successes = 1, success_rate = 1.0
DEGREE = 3:
METHOD = 'diofantos':


Whole evaluation from the beginning of the script took:
 164.3 seconds, i.e. 2.74 minutes or 0.046 hours.

Current time: 2026-03-28 10:48:22.000486
Sat Mar 28 10:48:22 AM CET 2026
this is oei.sh 1 poltrd-dp-loop3 0 999    doing   doones job_id 485320 task_id 1 * 1000 + 4 --exper_id poltrd-dp-loop3
