==============================================
Starting time (of array_subjob 485320_81):
Sat Mar 28 10:46:38 AM CET 2026
(True, True)
(True, False)
(True, False)
Current time: 2026-03-28 10:46:42.579344 

True
METHOD = 'diofantos'
DEGREE = 3
SCALE = 3000
  all_datasets = 2257
pds1081.csv:
  gt_rhs = '6*v**2*x - 8*y'
d_max = 1
d_max = 2
d_max = 3
   target = 6*v**2*x - 8*y
['6*v**2*x - 8*y']
  is_equivalent = True
  total_successes = 1, success_rate = 1.0
DEGREE = 3:
METHOD = 'diofantos':


Whole evaluation from the beginning of the script took:
 164.0 seconds, i.e. 2.73 minutes or 0.046 hours.

Current time: 2026-03-28 10:49:26.537483
Sat Mar 28 10:49:27 AM CET 2026
this is oei.sh 1 poltrd-dp-loop3 0 999    doing   doones job_id 485320 task_id 1 * 1000 + 81 --exper_id poltrd-dp-loop3
