==============================================
Starting time (of array_subjob 485320_110):
Sat Mar 28 10:46:44 AM CET 2026
(True, True)
(True, False)
(True, False)
Current time: 2026-03-28 10:46:48.434465 

True
METHOD = 'diofantos'
DEGREE = 3
SCALE = 3000
  all_datasets = 2257
pds1110.csv:
  gt_rhs = '-9*v**2*x + 5*v**2 + 6'
d_max = 1
d_max = 2
   target = -1763760293204197833174593056261*v**2 + 401663939449929367316060151846*v*w + 1656935629050434131886492468619*v*x + 1015244435863246650434739058122*v*y - 870862286224324088401219440966*v*z + 6540785515953687061783300622274*v - 134355829123960049015751080304*w**2 + 464091104657892170844304163694*w*x + 783359069786126872586631765594*w*y + 1525583017986323224307102453970*w*z + 10657863851625230386642203972978*w - 743168536909924582711829902698*x**2 + 319502052881805273744334998312*x*y + 224066492594661571371865154466*x*z - 1170661146402379968549663063516*x - 668941061215714168747917148308*y**2 + 473288910835839137179393528890*y*z + 886326058471120583523001559154*y + 1064933791532672544890313290190*z**2 + 7247597723377468320111008618700*z + 72530089239021419963336437564440
['-1763760293204197833174593056261*v**2 + 401663939449929367316060151846*v*w + 1656935629050434131886492468619*v*x + 1015244435863246650434739058122*v*y - 870862286224324088401219440966*v*z + 6540785515953687061783300622274*v - 134355829123960049015751080304*w**2 + 464091104657892170844304163694*w*x + 783359069786126872586631765594*w*y + 1525583017986323224307102453970*w*z + 10657863851625230386642203972978*w - 743168536909924582711829902698*x**2 + 319502052881805273744334998312*x*y + 224066492594661571371865154466*x*z - 1170661146402379968549663063516*x - 668941061215714168747917148308*y**2 + 473288910835839137179393528890*y*z + 886326058471120583523001559154*y + 1064933791532672544890313290190*z**2 + 7247597723377468320111008618700*z + 72530089239021419963336437564440']
  is_equivalent = False
  total_successes = 0, success_rate = 0.0
DEGREE = 3:
METHOD = 'diofantos':


Whole evaluation from the beginning of the script took:
 5.6 seconds, i.e. 0.09 minutes or 0.002 hours.

Current time: 2026-03-28 10:46:53.989985
Sat Mar 28 10:46:54 AM CET 2026
this is oei.sh 1 poltrd-dp-loop3 0 999    doing   doones job_id 485320 task_id 1 * 1000 + 110 --exper_id poltrd-dp-loop3
