==============================================
Starting time (of array_subjob 485320_117):
Sat Mar 28 10:46:47 AM CET 2026
(True, True)
(True, False)
(True, False)
Current time: 2026-03-28 10:46:51.233243 

True
METHOD = 'diofantos'
DEGREE = 3
SCALE = 3000
  all_datasets = 2257
pds1117.csv:
  gt_rhs = '8*x*z + 10*x - 6*y + 6'
d_max = 1
d_max = 2
   target = 8*x*z + 10*x - 6*y + 6
['8*x*z + 10*x - 6*y + 6']
  is_equivalent = True
  total_successes = 1, success_rate = 1.0
DEGREE = 3:
METHOD = 'diofantos':


Whole evaluation from the beginning of the script took:
 5.5 seconds, i.e. 0.09 minutes or 0.002 hours.

Current time: 2026-03-28 10:46:56.730570
Sat Mar 28 10:46:57 AM CET 2026
this is oei.sh 1 poltrd-dp-loop3 0 999    doing   doones job_id 485320 task_id 1 * 1000 + 117 --exper_id poltrd-dp-loop3
