==============================================
Starting time (of array_subjob 485320_146):
Sat Mar 28 10:46:53 AM CET 2026
(True, True)
(True, False)
(True, False)
Current time: 2026-03-28 10:46:57.136087 

True
METHOD = 'diofantos'
DEGREE = 3
SCALE = 3000
  all_datasets = 2257
pds1146.csv:
  gt_rhs = '-8*v + 6*w - 10*x**2 + 8*y + 6'
d_max = 1
d_max = 2
   target = -8*v + 6*w - 10*x**2 + 8*y + 6
['-8*v + 6*w - 10*x**2 + 8*y + 6']
  is_equivalent = True
  total_successes = 1, success_rate = 1.0
DEGREE = 3:
METHOD = 'diofantos':


Whole evaluation from the beginning of the script took:
 4.9 seconds, i.e. 0.08 minutes or 0.001 hours.

Current time: 2026-03-28 10:47:01.992143
Sat Mar 28 10:47:02 AM CET 2026
this is oei.sh 1 poltrd-dp-loop3 0 999    doing   doones job_id 485320 task_id 1 * 1000 + 146 --exper_id poltrd-dp-loop3
