==============================================
Starting time (of array_subjob 485320_185):
Sat Mar 28 10:47:04 AM CET 2026
(True, True)
(True, False)
(True, False)
Current time: 2026-03-28 10:47:08.337522 

True
METHOD = 'diofantos'
DEGREE = 3
SCALE = 3000
  all_datasets = 2257
pds1185.csv:
  gt_rhs = '-6*v**3*y**3'
d_max = 1
d_max = 2
   target = 112021088529378506022948495423*v**2 + 101563541823566909510808821108*v*w + 365123252814125243198275131148*v*x - 45749685313408893624974659396*v*y - 162268400374674538420294532742*v*z + 1101116776770808403372979387805*v - 169968232331218304874324756855*w**2 + 15276474970961524446969871180*w*x - 168432479567818474502707350740*w*y - 93310220193602712693309707272*w*z + 1675295647999738356659753324769*w + 87127799236972869026549374831*x**2 - 124056655682789976416139547858*x*y - 176117136693782392543753324404*x*z + 1077929870719414063445411650277*x + 3469802357037015314506720146*y**2 + 91552421719348433767078394586*y*z + 432585458868378680437369051958*y + 208894773721037804183097849628*z**2 - 406648980865965911647625915624*z - 3649897048852218281216556174716
['112021088529378506022948495423*v**2 + 101563541823566909510808821108*v*w + 365123252814125243198275131148*v*x - 45749685313408893624974659396*v*y - 162268400374674538420294532742*v*z + 1101116776770808403372979387805*v - 169968232331218304874324756855*w**2 + 15276474970961524446969871180*w*x - 168432479567818474502707350740*w*y - 93310220193602712693309707272*w*z + 1675295647999738356659753324769*w + 87127799236972869026549374831*x**2 - 124056655682789976416139547858*x*y - 176117136693782392543753324404*x*z + 1077929870719414063445411650277*x + 3469802357037015314506720146*y**2 + 91552421719348433767078394586*y*z + 432585458868378680437369051958*y + 208894773721037804183097849628*z**2 - 406648980865965911647625915624*z - 3649897048852218281216556174716']
  is_equivalent = False
  total_successes = 0, success_rate = 0.0
DEGREE = 3:
METHOD = 'diofantos':


Whole evaluation from the beginning of the script took:
 5.4 seconds, i.e. 0.09 minutes or 0.002 hours.

Current time: 2026-03-28 10:47:13.749633
Sat Mar 28 10:47:14 AM CET 2026
this is oei.sh 1 poltrd-dp-loop3 0 999    doing   doones job_id 485320 task_id 1 * 1000 + 185 --exper_id poltrd-dp-loop3
