==============================================
Starting time (of array_subjob 485320_187):
Sat Mar 28 10:47:05 AM CET 2026
(True, True)
(True, False)
(True, False)
Current time: 2026-03-28 10:47:08.843251 

True
METHOD = 'diofantos'
DEGREE = 3
SCALE = 3000
  all_datasets = 2257
pds1187.csv:
  gt_rhs = '4*v**2 + 6*x + 8*z'
d_max = 1
d_max = 2
   target = 4*v**2 + 6*x + 8*z
['4*v**2 + 6*x + 8*z']
  is_equivalent = True
  total_successes = 1, success_rate = 1.0
DEGREE = 3:
METHOD = 'diofantos':


Whole evaluation from the beginning of the script took:
 5.5 seconds, i.e. 0.09 minutes or 0.002 hours.

Current time: 2026-03-28 10:47:14.320724
Sat Mar 28 10:47:14 AM CET 2026
this is oei.sh 1 poltrd-dp-loop3 0 999    doing   doones job_id 485320 task_id 1 * 1000 + 187 --exper_id poltrd-dp-loop3
