==============================================
Starting time (of array_subjob 485320_200):
Sat Mar 28 10:47:10 AM CET 2026
(True, True)
(True, False)
(True, False)
Current time: 2026-03-28 10:47:14.488697 

True
METHOD = 'diofantos'
DEGREE = 3
SCALE = 3000
  all_datasets = 2257
pds1200.csv:
  gt_rhs = '3*v*y*z + 9*w + 2*x*z + 10*z'
d_max = 1
d_max = 2
   target = -355008542142511976745641477370*v**2 - 2094580108168649141571978184647*v*w + 2092943350577543572881026855955*v*x + 1840634278679240224963976786130*v*y + 307221700840867444169504393799*v*z + 1266071312861520677957452345908*v - 2638494587977603066697981979762*w**2 + 1114805119661369228861450647320*w*x + 3396830934953549964802813361409*w*y - 553447847594203780854733412433*w*z + 9730686650359147986453178158825*w + 1464205960985206899846469086078*x**2 + 6069879628542203955673693516851*x*y + 4353473110313800242528072216515*x*z + 36689456305120892406956426766990*x - 767537654539130907873072475755*y**2 + 3042416245452758803143497592183*y*z + 7377458386244052549822905718417*y + 1069625454260449298283466076379*z**2 + 20709278738703739197858197843584*z + 144263479641198633579570091815402
['-355008542142511976745641477370*v**2 - 2094580108168649141571978184647*v*w + 2092943350577543572881026855955*v*x + 1840634278679240224963976786130*v*y + 307221700840867444169504393799*v*z + 1266071312861520677957452345908*v - 2638494587977603066697981979762*w**2 + 1114805119661369228861450647320*w*x + 3396830934953549964802813361409*w*y - 553447847594203780854733412433*w*z + 9730686650359147986453178158825*w + 1464205960985206899846469086078*x**2 + 6069879628542203955673693516851*x*y + 4353473110313800242528072216515*x*z + 36689456305120892406956426766990*x - 767537654539130907873072475755*y**2 + 3042416245452758803143497592183*y*z + 7377458386244052549822905718417*y + 1069625454260449298283466076379*z**2 + 20709278738703739197858197843584*z + 144263479641198633579570091815402']
  is_equivalent = False
  total_successes = 0, success_rate = 0.0
DEGREE = 3:
METHOD = 'diofantos':


Whole evaluation from the beginning of the script took:
 5.7 seconds, i.e. 0.09 minutes or 0.002 hours.

Current time: 2026-03-28 10:47:20.187079
Sat Mar 28 10:47:20 AM CET 2026
this is oei.sh 1 poltrd-dp-loop3 0 999    doing   doones job_id 485320 task_id 1 * 1000 + 200 --exper_id poltrd-dp-loop3
