==============================================
Starting time (of array_subjob 485320_283):
Sat Mar 28 10:47:35 AM CET 2026
(True, True)
(True, False)
(True, False)
Current time: 2026-03-28 10:47:38.901219 

True
METHOD = 'diofantos'
DEGREE = 3
SCALE = 3000
  all_datasets = 2257
pds1283.csv:
  gt_rhs = '-10*v*x*z - 2*w*y*z - 7'
d_max = 1
d_max = 2
   target = -2540028382529392450827604074*v**2 + 342575856378644446514394650*v*w - 413807538027346177538760862*v*x + 7130721360282449839603021954*v*y - 4657253532076118619934628498*v*z - 8019108572100299352585337014*v + 3250474753967796637015147486*w**2 + 12659257036334555785358669488*w*x - 9503402939561620671447221172*w*y - 4260872293646359997579803028*w*z - 15112180815609119312367800566*w + 11953214931825858631218135716*x**2 + 1197257990046848534778864524*x*y - 619389835947620223618696984*x*z - 45517559266802469411828685612*x - 16335472877451886531555685682*y**2 + 7395670905355725501865046224*y*z + 42331351237626369080392776618*y + 288001739070262781967898210*z**2 - 1642667792699941931697373678*z - 53054480839476687615685500735
['-2540028382529392450827604074*v**2 + 342575856378644446514394650*v*w - 413807538027346177538760862*v*x + 7130721360282449839603021954*v*y - 4657253532076118619934628498*v*z - 8019108572100299352585337014*v + 3250474753967796637015147486*w**2 + 12659257036334555785358669488*w*x - 9503402939561620671447221172*w*y - 4260872293646359997579803028*w*z - 15112180815609119312367800566*w + 11953214931825858631218135716*x**2 + 1197257990046848534778864524*x*y - 619389835947620223618696984*x*z - 45517559266802469411828685612*x - 16335472877451886531555685682*y**2 + 7395670905355725501865046224*y*z + 42331351237626369080392776618*y + 288001739070262781967898210*z**2 - 1642667792699941931697373678*z - 53054480839476687615685500735']
  is_equivalent = False
  total_successes = 0, success_rate = 0.0
DEGREE = 3:
METHOD = 'diofantos':


Whole evaluation from the beginning of the script took:
 5.3 seconds, i.e. 0.09 minutes or 0.001 hours.

Current time: 2026-03-28 10:47:44.188878
Sat Mar 28 10:47:44 AM CET 2026
this is oei.sh 1 poltrd-dp-loop3 0 999    doing   doones job_id 485320 task_id 1 * 1000 + 283 --exper_id poltrd-dp-loop3
