==============================================
Starting time (of array_subjob 485320_294):
Sat Mar 28 10:47:40 AM CET 2026
(True, True)
(True, False)
(True, False)
Current time: 2026-03-28 10:47:43.964209 

True
METHOD = 'diofantos'
DEGREE = 3
SCALE = 3000
  all_datasets = 2257
pds1294.csv:
  gt_rhs = '-6*w**2 + 10*x - 7*y'
d_max = 1
d_max = 2
   target = -6*w**2 + 10*x - 7*y
['-6*w**2 + 10*x - 7*y']
  is_equivalent = True
  total_successes = 1, success_rate = 1.0
DEGREE = 3:
METHOD = 'diofantos':


Whole evaluation from the beginning of the script took:
 5.4 seconds, i.e. 0.09 minutes or 0.001 hours.

Current time: 2026-03-28 10:47:49.316426
Sat Mar 28 10:47:49 AM CET 2026
this is oei.sh 1 poltrd-dp-loop3 0 999    doing   doones job_id 485320 task_id 1 * 1000 + 294 --exper_id poltrd-dp-loop3
