==============================================
Starting time (of array_subjob 485320_337):
Sat Mar 28 10:47:55 AM CET 2026
(True, True)
(True, False)
(True, False)
Current time: 2026-03-28 10:47:58.823767 

True
METHOD = 'diofantos'
DEGREE = 3
SCALE = 3000
  all_datasets = 2257
pds1337.csv:
  gt_rhs = 'v*w + 6*x*y*z'
d_max = 1
d_max = 2
   target = 12547510711127581638910424316103*v**2 + 12835526837308900720902491979769*v*w - 3316458183267950012912012624788*v*x - 2728676724520246112461125002658*v*y + 23189665367910063864316820549468*v*z + 90724642566113116758514326498661*v + 9001798884327627439848962085228*w**2 + 15987805663891967671266357496431*w*x - 34610970865401866391406445909408*w*y + 4213339259101779751975948572853*w*z + 210463479866180103307191373615313*w + 8929362957029092170512962613450*x**2 + 1033040455888430876632763917605*x*y + 37437464782081179126485628758768*x*z + 82187430726752181442447011388955*x + 2595175516769527494594210540097*y**2 - 52872758254588277283069164338197*y*z - 48346872046414408530544790491322*y - 18589328863415829239429119413928*z**2 - 4174258261852828779538858079819*z - 1155739133013095314786334248576239
['12547510711127581638910424316103*v**2 + 12835526837308900720902491979769*v*w - 3316458183267950012912012624788*v*x - 2728676724520246112461125002658*v*y + 23189665367910063864316820549468*v*z + 90724642566113116758514326498661*v + 9001798884327627439848962085228*w**2 + 15987805663891967671266357496431*w*x - 34610970865401866391406445909408*w*y + 4213339259101779751975948572853*w*z + 210463479866180103307191373615313*w + 8929362957029092170512962613450*x**2 + 1033040455888430876632763917605*x*y + 37437464782081179126485628758768*x*z + 82187430726752181442447011388955*x + 2595175516769527494594210540097*y**2 - 52872758254588277283069164338197*y*z - 48346872046414408530544790491322*y - 18589328863415829239429119413928*z**2 - 4174258261852828779538858079819*z - 1155739133013095314786334248576239']
  is_equivalent = False
  total_successes = 0, success_rate = 0.0
DEGREE = 3:
METHOD = 'diofantos':


Whole evaluation from the beginning of the script took:
 5.4 seconds, i.e. 0.09 minutes or 0.002 hours.

Current time: 2026-03-28 10:48:04.264801
Sat Mar 28 10:48:04 AM CET 2026
this is oei.sh 1 poltrd-dp-loop3 0 999    doing   doones job_id 485320 task_id 1 * 1000 + 337 --exper_id poltrd-dp-loop3
