==============================================
Starting time (of array_subjob 485320_339):
Sat Mar 28 10:47:55 AM CET 2026
(True, True)
(True, False)
(True, False)
Current time: 2026-03-28 10:47:58.989922 

True
METHOD = 'diofantos'
DEGREE = 3
SCALE = 3000
  all_datasets = 2257
pds1339.csv:
  gt_rhs = '10*v**2*w*x**2*y'
d_max = 1
d_max = 2
   target = 39690087978445609598635245720*v**2 - 37062339003699069311777105476*v*w + 12828581350211693147136381760*v*x - 5867233375281649245030235888*v*y + 40340574913506421560294053236*v*z + 43852476763386146185980074644*v + 27734110971767459300153829428*w**2 + 46231501329448991809878208202*w*x - 10319724847032726395322238528*w*y - 24354906643077221450164589850*w*z - 90359391779161735384580748154*w - 25431135075332305293000474094*x**2 - 34860233082485695326160097058*x*y + 12111253392788526248840784246*x*z - 95730633181375172375108100170*x - 19408889729528401047876825980*y**2 - 29563826174016946718888529722*y*z - 42191672021684568074203868670*y - 17124543822478778198146862052*z**2 + 173172486060498274445074944112*z - 20934413548795602037702167292
['39690087978445609598635245720*v**2 - 37062339003699069311777105476*v*w + 12828581350211693147136381760*v*x - 5867233375281649245030235888*v*y + 40340574913506421560294053236*v*z + 43852476763386146185980074644*v + 27734110971767459300153829428*w**2 + 46231501329448991809878208202*w*x - 10319724847032726395322238528*w*y - 24354906643077221450164589850*w*z - 90359391779161735384580748154*w - 25431135075332305293000474094*x**2 - 34860233082485695326160097058*x*y + 12111253392788526248840784246*x*z - 95730633181375172375108100170*x - 19408889729528401047876825980*y**2 - 29563826174016946718888529722*y*z - 42191672021684568074203868670*y - 17124543822478778198146862052*z**2 + 173172486060498274445074944112*z - 20934413548795602037702167292']
  is_equivalent = False
  total_successes = 0, success_rate = 0.0
DEGREE = 3:
METHOD = 'diofantos':


Whole evaluation from the beginning of the script took:
 5.2 seconds, i.e. 0.09 minutes or 0.001 hours.

Current time: 2026-03-28 10:48:04.220236
Sat Mar 28 10:48:04 AM CET 2026
this is oei.sh 1 poltrd-dp-loop3 0 999    doing   doones job_id 485320 task_id 1 * 1000 + 339 --exper_id poltrd-dp-loop3
