==============================================
Starting time (of array_subjob 485320_376):
Sat Mar 28 10:48:11 AM CET 2026
(True, True)
(True, False)
(True, False)
Current time: 2026-03-28 10:48:15.399402 

True
METHOD = 'diofantos'
DEGREE = 3
SCALE = 3000
  all_datasets = 2257
pds1376.csv:
  gt_rhs = '3*v**2*z + 4*w**2*y**2 + 4'
d_max = 1
d_max = 2
   target = 208215530119618596740848085692508*v**2 + 6832622396538724125576896874152*v*w + 34136423389598652935413187387560*v*x + 48034678380631249554365789591240*v*y + 35820568185108871464233569532761*v*z - 633111904252657966507889463835442*v - 43655046239232723061261634839305*w**2 - 34907184001944662872744440260780*w*x + 84453946109578942458746302166904*w*y - 16422705551742405829860393253650*w*z + 279181015569967747971591044382301*w - 29360975523896702335451994503328*x**2 + 51157172922237743041187976369402*x*y + 17462090704428935960741908655838*x*z + 326877436214306725548984060329944*x - 49855163108151825333627274319671*y**2 + 31256821270608054555223234441016*y*z - 403312695158644962373103125817517*y - 21598274398212518081313841847841*z**2 - 289823199059601390131328093596769*z - 213570056311727657049333461228368
['208215530119618596740848085692508*v**2 + 6832622396538724125576896874152*v*w + 34136423389598652935413187387560*v*x + 48034678380631249554365789591240*v*y + 35820568185108871464233569532761*v*z - 633111904252657966507889463835442*v - 43655046239232723061261634839305*w**2 - 34907184001944662872744440260780*w*x + 84453946109578942458746302166904*w*y - 16422705551742405829860393253650*w*z + 279181015569967747971591044382301*w - 29360975523896702335451994503328*x**2 + 51157172922237743041187976369402*x*y + 17462090704428935960741908655838*x*z + 326877436214306725548984060329944*x - 49855163108151825333627274319671*y**2 + 31256821270608054555223234441016*y*z - 403312695158644962373103125817517*y - 21598274398212518081313841847841*z**2 - 289823199059601390131328093596769*z - 213570056311727657049333461228368']
  is_equivalent = False
  total_successes = 0, success_rate = 0.0
DEGREE = 3:
METHOD = 'diofantos':


Whole evaluation from the beginning of the script took:
 5.6 seconds, i.e. 0.09 minutes or 0.002 hours.

Current time: 2026-03-28 10:48:21.001917
Sat Mar 28 10:48:21 AM CET 2026
this is oei.sh 1 poltrd-dp-loop3 0 999    doing   doones job_id 485320 task_id 1 * 1000 + 376 --exper_id poltrd-dp-loop3
