==============================================
Starting time (of array_subjob 485320_409):
Sat Mar 28 10:48:28 AM CET 2026
(True, True)
(True, False)
(True, False)
Current time: 2026-03-28 10:48:32.100756 

True
METHOD = 'diofantos'
DEGREE = 3
SCALE = 3000
  all_datasets = 2257
pds1409.csv:
  gt_rhs = '5*v + 4*w + 6*x*y*z - 5*x + 7'
d_max = 1
d_max = 2
   target = 6457155584855596376014499907*v**2 - 9765310545538344797047199960*v*w + 6194853113952376735564041032*v*x - 11932449745304034122891318952*v*y - 7870619920062826317366531868*v*z + 13378072900709839106389353366*v - 3120553347092649646925871593*w**2 + 8021664759862714586704235672*w*x - 10069837770956955239564297262*w*y - 7866750420901018415456901389*w*z - 40077399966291261519682980557*w - 11369675769503230126287352780*x**2 + 7047373382240898650205021438*x*y + 6513146141872908640755387812*x*z + 9359078160997838102209156181*x - 11525658982176716971119937074*y**2 - 10859635350338400719059867214*y*z - 30889585573173581763350411330*y + 145370675700388051063976410*z**2 + 10997506976899801959178031029*z + 156902315294042990977076441311
['6457155584855596376014499907*v**2 - 9765310545538344797047199960*v*w + 6194853113952376735564041032*v*x - 11932449745304034122891318952*v*y - 7870619920062826317366531868*v*z + 13378072900709839106389353366*v - 3120553347092649646925871593*w**2 + 8021664759862714586704235672*w*x - 10069837770956955239564297262*w*y - 7866750420901018415456901389*w*z - 40077399966291261519682980557*w - 11369675769503230126287352780*x**2 + 7047373382240898650205021438*x*y + 6513146141872908640755387812*x*z + 9359078160997838102209156181*x - 11525658982176716971119937074*y**2 - 10859635350338400719059867214*y*z - 30889585573173581763350411330*y + 145370675700388051063976410*z**2 + 10997506976899801959178031029*z + 156902315294042990977076441311']
  is_equivalent = False
  total_successes = 0, success_rate = 0.0
DEGREE = 3:
METHOD = 'diofantos':


Whole evaluation from the beginning of the script took:
 5.3 seconds, i.e. 0.09 minutes or 0.001 hours.

Current time: 2026-03-28 10:48:37.380829
Sat Mar 28 10:48:37 AM CET 2026
this is oei.sh 1 poltrd-dp-loop3 0 999    doing   doones job_id 485320 task_id 1 * 1000 + 409 --exper_id poltrd-dp-loop3
