==============================================
Starting time (of array_subjob 485320_405):
Sat Mar 28 10:48:25 AM CET 2026
(True, True)
(True, False)
(True, False)
Current time: 2026-03-28 10:48:28.861420 

True
METHOD = 'diofantos'
DEGREE = 3
SCALE = 3000
  all_datasets = 2257
pds1405.csv:
  gt_rhs = '-6*v**2*w**2*x*y - 7'
d_max = 1
d_max = 2
   target = -228274628551420191604240746559*v**2 + 364576462176132634722393737982*v*w - 381912512345774689910629568938*v*x + 93855220237032084414933278832*v*y + 394193649949058689875265471084*v*z - 802633931863429701631032314185*v - 16054203497512370688568216681*w**2 + 166399991626068127921160941318*w*x + 147778841192351422384225917954*w*y - 83275890307619320097931744486*w*z + 1217380055882443632121345269939*w - 89313201906123501555818376061*x**2 + 228355078337766442880341022780*x*y + 76667890698953318430248142158*x*z + 582136280403705977408596628971*x + 51519303218439887279150893958*y**2 - 393608702655091093830967003408*y*z + 2796205326931051644534071171664*y + 25760569431338693075066272976*z**2 - 457229778182778111072616763052*z + 6512045307859523153720459290519
['-228274628551420191604240746559*v**2 + 364576462176132634722393737982*v*w - 381912512345774689910629568938*v*x + 93855220237032084414933278832*v*y + 394193649949058689875265471084*v*z - 802633931863429701631032314185*v - 16054203497512370688568216681*w**2 + 166399991626068127921160941318*w*x + 147778841192351422384225917954*w*y - 83275890307619320097931744486*w*z + 1217380055882443632121345269939*w - 89313201906123501555818376061*x**2 + 228355078337766442880341022780*x*y + 76667890698953318430248142158*x*z + 582136280403705977408596628971*x + 51519303218439887279150893958*y**2 - 393608702655091093830967003408*y*z + 2796205326931051644534071171664*y + 25760569431338693075066272976*z**2 - 457229778182778111072616763052*z + 6512045307859523153720459290519']
  is_equivalent = False
  total_successes = 0, success_rate = 0.0
DEGREE = 3:
METHOD = 'diofantos':


Whole evaluation from the beginning of the script took:
 5.2 seconds, i.e. 0.09 minutes or 0.001 hours.

Current time: 2026-03-28 10:48:34.072242
Sat Mar 28 10:48:34 AM CET 2026
this is oei.sh 1 poltrd-dp-loop3 0 999    doing   doones job_id 485320 task_id 1 * 1000 + 405 --exper_id poltrd-dp-loop3
