==============================================
Starting time (of array_subjob 485320_451):
Sat Mar 28 10:49:11 AM CET 2026
(True, True)
(True, False)
(True, False)
Current time: 2026-03-28 10:49:14.825299 

True
METHOD = 'diofantos'
DEGREE = 3
SCALE = 3000
  all_datasets = 2257
pds1451.csv:
  gt_rhs = '8*v + 9*w**2*x*y + 1'
d_max = 1
d_max = 2
   target = 3655862088401944634952631533*v**2 - 477944967955380936351558468*v*w - 2613281103612124621520060214*v*x - 8885816324753551879621367622*v*y - 2741085511138596116529671226*v*z - 55779789384949307376137598187*v + 1469960978724078033941339370*w**2 - 546703296507644386245901089*w*x - 80800577785523766872617455*w*y - 1600246985292989713618388712*w*z - 1096333433103500131274314935*w + 2431691418945031324209860136*x**2 - 7261749596676778104321909024*x*y - 4387805126086859289551782908*x*z - 51217107904275475507459452216*x - 2457370148460715942661155254*y**2 + 1298476574472379056374560644*y*z - 52266640088556893957525624844*y + 1537855408243825744884173901*z**2 - 11871403722193611942619332219*z - 432021639167233092908617835693
['3655862088401944634952631533*v**2 - 477944967955380936351558468*v*w - 2613281103612124621520060214*v*x - 8885816324753551879621367622*v*y - 2741085511138596116529671226*v*z - 55779789384949307376137598187*v + 1469960978724078033941339370*w**2 - 546703296507644386245901089*w*x - 80800577785523766872617455*w*y - 1600246985292989713618388712*w*z - 1096333433103500131274314935*w + 2431691418945031324209860136*x**2 - 7261749596676778104321909024*x*y - 4387805126086859289551782908*x*z - 51217107904275475507459452216*x - 2457370148460715942661155254*y**2 + 1298476574472379056374560644*y*z - 52266640088556893957525624844*y + 1537855408243825744884173901*z**2 - 11871403722193611942619332219*z - 432021639167233092908617835693']
  is_equivalent = False
  total_successes = 0, success_rate = 0.0
DEGREE = 3:
METHOD = 'diofantos':


Whole evaluation from the beginning of the script took:
 5.1 seconds, i.e. 0.08 minutes or 0.001 hours.

Current time: 2026-03-28 10:49:19.906723
Sat Mar 28 10:49:20 AM CET 2026
this is oei.sh 1 poltrd-dp-loop3 0 999    doing   doones job_id 485320 task_id 1 * 1000 + 451 --exper_id poltrd-dp-loop3
