==============================================
Starting time (of array_subjob 485320_457):
Sat Mar 28 10:49:18 AM CET 2026
(True, True)
(True, False)
(True, False)
Current time: 2026-03-28 10:49:21.369474 

True
METHOD = 'diofantos'
DEGREE = 3
SCALE = 3000
  all_datasets = 2257
pds1457.csv:
  gt_rhs = '2*v*w**2*x*y**2*z - 5*y'
d_max = 1
d_max = 2
   target = -5283039594746860579981835658*v**2 + 29016739272542314591022286858*v*w + 33085912103880707155032594514*v*x + 64309963218041065789869188960*v*y + 15049014830394559304258666908*v*z + 172742255609224324023275007748*v + 32601890384858718020033606295*w**2 - 42705184437987988879138907986*w*x - 31895503246959482516752624445*w*y + 39156827051739583796799870377*w*z - 224749985056306947930610758412*w + 39891958697972486938232478198*x**2 + 29943138627839388242731964164*x*y + 44804357242417743101886599488*x*z - 125666668890291997790854418526*x + 20209321179195000695733745058*y**2 + 112807346393427722853515059317*y*z - 221275303869634686503100641014*y - 30893031180008176312096352420*z**2 + 431766240215972661987882036097*z - 2239646591218078710535998189219
['-5283039594746860579981835658*v**2 + 29016739272542314591022286858*v*w + 33085912103880707155032594514*v*x + 64309963218041065789869188960*v*y + 15049014830394559304258666908*v*z + 172742255609224324023275007748*v + 32601890384858718020033606295*w**2 - 42705184437987988879138907986*w*x - 31895503246959482516752624445*w*y + 39156827051739583796799870377*w*z - 224749985056306947930610758412*w + 39891958697972486938232478198*x**2 + 29943138627839388242731964164*x*y + 44804357242417743101886599488*x*z - 125666668890291997790854418526*x + 20209321179195000695733745058*y**2 + 112807346393427722853515059317*y*z - 221275303869634686503100641014*y - 30893031180008176312096352420*z**2 + 431766240215972661987882036097*z - 2239646591218078710535998189219']
  is_equivalent = False
  total_successes = 0, success_rate = 0.0
DEGREE = 3:
METHOD = 'diofantos':


Whole evaluation from the beginning of the script took:
 4.4 seconds, i.e. 0.07 minutes or 0.001 hours.

Current time: 2026-03-28 10:49:25.726513
Sat Mar 28 10:49:26 AM CET 2026
this is oei.sh 1 poltrd-dp-loop3 0 999    doing   doones job_id 485320 task_id 1 * 1000 + 457 --exper_id poltrd-dp-loop3
