==============================================
Starting time (of array_subjob 485320_455):
Sat Mar 28 10:49:14 AM CET 2026
(True, True)
(True, False)
(True, False)
Current time: 2026-03-28 10:49:18.067257 

True
METHOD = 'diofantos'
DEGREE = 3
SCALE = 3000
  all_datasets = 2257
pds1455.csv:
  gt_rhs = '10*w*x*z + 2*w + 9*x*y - 10*x - 4*y + 9'
d_max = 1
d_max = 2
d_max = 3
   target = 10*w*x*z + 2*w + 9*x*y - 10*x - 4*y + 9
['10*w*x*z + 2*w + 9*x*y - 10*x - 4*y + 9']
  is_equivalent = True
  total_successes = 1, success_rate = 1.0
DEGREE = 3:
METHOD = 'diofantos':


Whole evaluation from the beginning of the script took:
 165.1 seconds, i.e. 2.75 minutes or 0.046 hours.

Current time: 2026-03-28 10:52:03.196846
Sat Mar 28 10:52:03 AM CET 2026
this is oei.sh 1 poltrd-dp-loop3 0 999    doing   doones job_id 485320 task_id 1 * 1000 + 455 --exper_id poltrd-dp-loop3
