==============================================
Starting time (of array_subjob 485320_520):
Sat Mar 28 10:50:00 AM CET 2026
(True, True)
(True, False)
(True, False)
Current time: 2026-03-28 10:50:04.004088 

True
METHOD = 'diofantos'
DEGREE = 3
SCALE = 3000
  all_datasets = 2257
pds1520.csv:
  gt_rhs = '-5*v*x*y + 4*v*y - 6'
d_max = 1
d_max = 2
d_max = 3
   target = -5*v*x*y + 4*v*y - 6
['-5*v*x*y + 4*v*y - 6']
  is_equivalent = True
  total_successes = 1, success_rate = 1.0
DEGREE = 3:
METHOD = 'diofantos':


Whole evaluation from the beginning of the script took:
 170.0 seconds, i.e. 2.83 minutes or 0.047 hours.

Current time: 2026-03-28 10:52:54.005241
Sat Mar 28 10:52:54 AM CET 2026
this is oei.sh 1 poltrd-dp-loop3 0 999    doing   doones job_id 485320 task_id 1 * 1000 + 520 --exper_id poltrd-dp-loop3
