==============================================
Starting time (of array_subjob 485320_539):
Sat Mar 28 10:50:11 AM CET 2026
(True, True)
(True, False)
(True, False)
Current time: 2026-03-28 10:50:14.852037 

True
METHOD = 'diofantos'
DEGREE = 3
SCALE = 3000
  all_datasets = 2257
pds1539.csv:
  gt_rhs = '9*w*z**2 - 7*x - 1'
d_max = 1
d_max = 2
   target = 13127776798072976223635680205*v**2 + 21766351306229035175092940288*v*w - 27204606531213570742898246011*v*x - 61344854777280898917517438389*v*y + 71614470504628238677946322895*v*z + 115048696790043158854614518553*v + 17674415362587631775325075673*w**2 + 96976574567737019035699997921*w*x + 51915065979266354949715287559*w*y + 36172158556528926851648148856*w*z + 769316095188812268771627346477*w + 131733486623834369346376613387*x**2 + 30267384211166699436429791580*x*y - 71971496039229820950718471459*x*z - 12346362581256825009766269742*x + 15829078965559635733433516905*y**2 - 101176118436386636365082020831*y*z - 884249580558494013545188555711*y - 132515621999185404132012284388*z**2 - 1042569259155350409178708086385*z - 4832279356461026712195248719347
['13127776798072976223635680205*v**2 + 21766351306229035175092940288*v*w - 27204606531213570742898246011*v*x - 61344854777280898917517438389*v*y + 71614470504628238677946322895*v*z + 115048696790043158854614518553*v + 17674415362587631775325075673*w**2 + 96976574567737019035699997921*w*x + 51915065979266354949715287559*w*y + 36172158556528926851648148856*w*z + 769316095188812268771627346477*w + 131733486623834369346376613387*x**2 + 30267384211166699436429791580*x*y - 71971496039229820950718471459*x*z - 12346362581256825009766269742*x + 15829078965559635733433516905*y**2 - 101176118436386636365082020831*y*z - 884249580558494013545188555711*y - 132515621999185404132012284388*z**2 - 1042569259155350409178708086385*z - 4832279356461026712195248719347']
  is_equivalent = False
  total_successes = 0, success_rate = 0.0
DEGREE = 3:
METHOD = 'diofantos':


Whole evaluation from the beginning of the script took:
 5.1 seconds, i.e. 0.09 minutes or 0.001 hours.

Current time: 2026-03-28 10:50:19.954918
Sat Mar 28 10:50:20 AM CET 2026
this is oei.sh 1 poltrd-dp-loop3 0 999    doing   doones job_id 485320 task_id 1 * 1000 + 539 --exper_id poltrd-dp-loop3
