==============================================
Starting time (of array_subjob 485320_543):
Sat Mar 28 10:50:12 AM CET 2026
(True, True)
(True, False)
(True, False)
Current time: 2026-03-28 10:50:16.436084 

True
METHOD = 'diofantos'
DEGREE = 3
SCALE = 3000
  all_datasets = 2257
pds1543.csv:
  gt_rhs = '-5*v**2 + 6*v*z'
d_max = 1
d_max = 2
   target = -5*v**2 + 6*v*z
['-5*v**2 + 6*v*z']
  is_equivalent = True
  total_successes = 1, success_rate = 1.0
DEGREE = 3:
METHOD = 'diofantos':


Whole evaluation from the beginning of the script took:
 4.7 seconds, i.e. 0.08 minutes or 0.001 hours.

Current time: 2026-03-28 10:50:21.096608
Sat Mar 28 10:50:21 AM CET 2026
this is oei.sh 1 poltrd-dp-loop3 0 999    doing   doones job_id 485320 task_id 1 * 1000 + 543 --exper_id poltrd-dp-loop3
