==============================================
Starting time (of array_subjob 485320_595):
Sat Mar 28 10:50:46 AM CET 2026
(True, True)
(True, False)
(True, False)
Current time: 2026-03-28 10:50:50.399384 

True
METHOD = 'diofantos'
DEGREE = 3
SCALE = 3000
  all_datasets = 2257
pds1595.csv:
  gt_rhs = '-4*x*y*z - 8*y - 2*z + 6'
d_max = 1
d_max = 2
d_max = 3
   target = -4*x*y*z - 8*y - 2*z + 6
['-4*x*y*z - 8*y - 2*z + 6']
  is_equivalent = True
  total_successes = 1, success_rate = 1.0
DEGREE = 3:
METHOD = 'diofantos':


Whole evaluation from the beginning of the script took:
 158.1 seconds, i.e. 2.64 minutes or 0.044 hours.

Current time: 2026-03-28 10:53:28.541194
Sat Mar 28 10:53:29 AM CET 2026
this is oei.sh 1 poltrd-dp-loop3 0 999    doing   doones job_id 485320 task_id 1 * 1000 + 595 --exper_id poltrd-dp-loop3
