==============================================
Starting time (of array_subjob 485320_609):
Sat Mar 28 10:51:09 AM CET 2026
(True, True)
(True, False)
(True, False)
Current time: 2026-03-28 10:51:13.553761 

True
METHOD = 'diofantos'
DEGREE = 3
SCALE = 3000
  all_datasets = 2257
pds1609.csv:
  gt_rhs = '-3*v*z + 9*z**2 + 8*z + 4'
d_max = 1
d_max = 2
   target = -3*v*z + 9*z**2 + 8*z + 4
['-3*v*z + 9*z**2 + 8*z + 4']
  is_equivalent = True
  total_successes = 1, success_rate = 1.0
DEGREE = 3:
METHOD = 'diofantos':


Whole evaluation from the beginning of the script took:
 5.2 seconds, i.e. 0.09 minutes or 0.001 hours.

Current time: 2026-03-28 10:51:18.753962
Sat Mar 28 10:51:19 AM CET 2026
this is oei.sh 1 poltrd-dp-loop3 0 999    doing   doones job_id 485320 task_id 1 * 1000 + 609 --exper_id poltrd-dp-loop3
