==============================================
Starting time (of array_subjob 485320_626):
Sat Mar 28 10:51:39 AM CET 2026
(True, True)
(True, False)
(True, False)
Current time: 2026-03-28 10:51:42.971705 

True
METHOD = 'diofantos'
DEGREE = 3
SCALE = 3000
  all_datasets = 2257
pds1626.csv:
  gt_rhs = '-5*v*y - 6*y*z'
d_max = 1
d_max = 2
   target = -5*v*y - 6*y*z
['-5*v*y - 6*y*z']
  is_equivalent = True
  total_successes = 1, success_rate = 1.0
DEGREE = 3:
METHOD = 'diofantos':


Whole evaluation from the beginning of the script took:
 5.0 seconds, i.e. 0.08 minutes or 0.001 hours.

Current time: 2026-03-28 10:51:47.982641
Sat Mar 28 10:51:48 AM CET 2026
this is oei.sh 1 poltrd-dp-loop3 0 999    doing   doones job_id 485320 task_id 1 * 1000 + 626 --exper_id poltrd-dp-loop3
