==============================================
Starting time (of array_subjob 485320_630):
Sat Mar 28 10:51:45 AM CET 2026
(True, True)
(True, False)
(True, False)
Current time: 2026-03-28 10:51:49.534229 

True
METHOD = 'diofantos'
DEGREE = 3
SCALE = 3000
  all_datasets = 2257
pds1630.csv:
  gt_rhs = '-v*w - 10*w + 2*x'
d_max = 1
d_max = 2
   target = -v*w - 10*w + 2*x
['-v*w - 10*w + 2*x']
  is_equivalent = True
  total_successes = 1, success_rate = 1.0
DEGREE = 3:
METHOD = 'diofantos':


Whole evaluation from the beginning of the script took:
 5.3 seconds, i.e. 0.09 minutes or 0.001 hours.

Current time: 2026-03-28 10:51:54.842336
Sat Mar 28 10:51:55 AM CET 2026
this is oei.sh 1 poltrd-dp-loop3 0 999    doing   doones job_id 485320 task_id 1 * 1000 + 630 --exper_id poltrd-dp-loop3
