==============================================
Starting time (of array_subjob 485320_660):
Sat Mar 28 10:53:08 AM CET 2026
(True, True)
(True, False)
(True, False)
Current time: 2026-03-28 10:53:12.105677 

True
METHOD = 'diofantos'
DEGREE = 3
SCALE = 3000
  all_datasets = 2257
pds1660.csv:
  gt_rhs = '-v*x**2 - 2*w*x + 9*x'
d_max = 1
d_max = 2
   target = -41278596853510749251332911501534*v**2 + 6728016471654514325735346632936*v*w - 48179108242330882368438676846519*v*x + 37746037880195323678975128058544*v*y + 18637923939852883502746613513238*v*z + 138920117000394156840786736840482*v - 11161031676245308892180350136673*w**2 + 9860986470695531764225149812420*w*x + 14210732993344254567709162874700*w*y - 11056790930916314928270100874394*w*z - 118201746837914669128891710974841*w - 18527632946825324400881348095163*x**2 + 37409061833226056399093753585024*x*y + 18101299056950159436712703239294*x*z - 5890098103454411215397742004038*x + 20499660248429643179078826209433*y**2 - 32346137898845909059231609937164*y*z - 213117342423823924688455801041375*y - 9127647157677756723995308359481*z**2 + 3528222216300567915508343663807*z + 1007463089879456130107134212071448
['-41278596853510749251332911501534*v**2 + 6728016471654514325735346632936*v*w - 48179108242330882368438676846519*v*x + 37746037880195323678975128058544*v*y + 18637923939852883502746613513238*v*z + 138920117000394156840786736840482*v - 11161031676245308892180350136673*w**2 + 9860986470695531764225149812420*w*x + 14210732993344254567709162874700*w*y - 11056790930916314928270100874394*w*z - 118201746837914669128891710974841*w - 18527632946825324400881348095163*x**2 + 37409061833226056399093753585024*x*y + 18101299056950159436712703239294*x*z - 5890098103454411215397742004038*x + 20499660248429643179078826209433*y**2 - 32346137898845909059231609937164*y*z - 213117342423823924688455801041375*y - 9127647157677756723995308359481*z**2 + 3528222216300567915508343663807*z + 1007463089879456130107134212071448']
  is_equivalent = False
  total_successes = 0, success_rate = 0.0
DEGREE = 3:
METHOD = 'diofantos':


Whole evaluation from the beginning of the script took:
 5.5 seconds, i.e. 0.09 minutes or 0.002 hours.

Current time: 2026-03-28 10:53:17.609738
Sat Mar 28 10:53:18 AM CET 2026
this is oei.sh 1 poltrd-dp-loop3 0 999    doing   doones job_id 485320 task_id 1 * 1000 + 660 --exper_id poltrd-dp-loop3
