==============================================
Starting time (of array_subjob 485320_708):
Sat Mar 28 11:19:04 AM CET 2026
(True, True)
(True, False)
(True, False)
Current time: 2026-03-28 11:19:08.352501 

True
METHOD = 'diofantos'
DEGREE = 3
SCALE = 3000
  all_datasets = 2257
pds1708.csv:
  gt_rhs = '-4*v + 4*z - 5'
d_max = 1
   target = -4*v + 4*z - 5
['-4*v + 4*z - 5']
  is_equivalent = True
  total_successes = 1, success_rate = 1.0
DEGREE = 3:
METHOD = 'diofantos':


Whole evaluation from the beginning of the script took:
 0.6 seconds, i.e. 0.01 minutes or 0.0 hours.

Current time: 2026-03-28 11:19:08.940169
Sat Mar 28 11:19:09 AM CET 2026
this is oei.sh 1 poltrd-dp-loop3 0 999    doing   doones job_id 485320 task_id 1 * 1000 + 708 --exper_id poltrd-dp-loop3
