==============================================
Starting time (of array_subjob 485320_771):
Sat Mar 28 11:19:14 AM CET 2026
(True, True)
(True, False)
(True, False)
Current time: 2026-03-28 11:19:18.386452 

True
METHOD = 'diofantos'
DEGREE = 3
SCALE = 3000
  all_datasets = 2257
pds1771.csv:
  gt_rhs = '2*v**3*z**2 + 3*y + 6'
d_max = 1
d_max = 2
   target = 556754361183281813481920584*v**2 + 52475203880922778891457456*v*w - 377697923137347143028120096*v*x - 611587482206714462875503428*v*y - 12823432918902495940790154*v*z + 2821028786227300729498679236*v - 1460986746479494889295487304*w**2 + 2460441308966229634933813956*w*x + 3683728963774410573243712260*w*y + 3289806389653912886028152*w*z + 4361728741525010216803811732*w - 1145628440223785437327542804*x**2 - 2781017853607355997359659580*x*y + 260520280558050278445106604*x*z - 3557468264692199729693403928*x - 2572080513057317741746657346*y**2 + 601738624807417186803947144*y*z - 10487872116708390380188935727*y + 353237202808208987205140598*z**2 + 3046099744439289024839594934*z - 12888363187358841999434476266
['556754361183281813481920584*v**2 + 52475203880922778891457456*v*w - 377697923137347143028120096*v*x - 611587482206714462875503428*v*y - 12823432918902495940790154*v*z + 2821028786227300729498679236*v - 1460986746479494889295487304*w**2 + 2460441308966229634933813956*w*x + 3683728963774410573243712260*w*y + 3289806389653912886028152*w*z + 4361728741525010216803811732*w - 1145628440223785437327542804*x**2 - 2781017853607355997359659580*x*y + 260520280558050278445106604*x*z - 3557468264692199729693403928*x - 2572080513057317741746657346*y**2 + 601738624807417186803947144*y*z - 10487872116708390380188935727*y + 353237202808208987205140598*z**2 + 3046099744439289024839594934*z - 12888363187358841999434476266']
  is_equivalent = False
  total_successes = 0, success_rate = 0.0
DEGREE = 3:
METHOD = 'diofantos':


Whole evaluation from the beginning of the script took:
 4.9 seconds, i.e. 0.08 minutes or 0.001 hours.

Current time: 2026-03-28 11:19:23.267337
Sat Mar 28 11:19:23 AM CET 2026
this is oei.sh 1 poltrd-dp-loop3 0 999    doing   doones job_id 485320 task_id 1 * 1000 + 771 --exper_id poltrd-dp-loop3
