==============================================
Starting time (of array_subjob 485320_783):
Sat Mar 28 11:19:15 AM CET 2026
(True, True)
(True, False)
(True, False)
Current time: 2026-03-28 11:19:19.297389 

True
METHOD = 'diofantos'
DEGREE = 3
SCALE = 3000
  all_datasets = 2257
pds1783.csv:
  gt_rhs = '5*v*y*z - w**2'
d_max = 1
d_max = 2
   target = -6799739321513616295354908553*v**2 + 1600559110219989089299117239*v*w + 1468135966127428121742601953*v*x + 11000478706806142098760276031*v*y - 7029403437033506133698612209*v*z - 9068799646907295946224418199*v + 751810561966661620438533234*w**2 + 7551485888007418213366952093*w*x - 135191238262183238789418556*w*y + 2842302664999137870373440547*w*z - 27369880833565473774795452675*w + 5881133700752665814253500206*x**2 + 5778757453359677970647193652*x*y - 8624916057710384553144879076*x*z - 70006995083665302625909426813*x - 1937297667392274122510769951*y**2 + 18460375854457239861310671657*y*z + 14406682536273481651511380418*y - 13096110594130992965966373689*z**2 + 34160961412618753420328033688*z + 446585931467894961414474253342
['-6799739321513616295354908553*v**2 + 1600559110219989089299117239*v*w + 1468135966127428121742601953*v*x + 11000478706806142098760276031*v*y - 7029403437033506133698612209*v*z - 9068799646907295946224418199*v + 751810561966661620438533234*w**2 + 7551485888007418213366952093*w*x - 135191238262183238789418556*w*y + 2842302664999137870373440547*w*z - 27369880833565473774795452675*w + 5881133700752665814253500206*x**2 + 5778757453359677970647193652*x*y - 8624916057710384553144879076*x*z - 70006995083665302625909426813*x - 1937297667392274122510769951*y**2 + 18460375854457239861310671657*y*z + 14406682536273481651511380418*y - 13096110594130992965966373689*z**2 + 34160961412618753420328033688*z + 446585931467894961414474253342']
  is_equivalent = False
  total_successes = 0, success_rate = 0.0
DEGREE = 3:
METHOD = 'diofantos':


Whole evaluation from the beginning of the script took:
 5.4 seconds, i.e. 0.09 minutes or 0.001 hours.

Current time: 2026-03-28 11:19:24.665546
Sat Mar 28 11:19:25 AM CET 2026
this is oei.sh 1 poltrd-dp-loop3 0 999    doing   doones job_id 485320 task_id 1 * 1000 + 783 --exper_id poltrd-dp-loop3
