==============================================
Starting time (of array_subjob 485320_798):
Sat Mar 28 11:19:20 AM CET 2026
(True, True)
(True, False)
(True, False)
Current time: 2026-03-28 11:19:23.359655 

True
METHOD = 'diofantos'
DEGREE = 3
SCALE = 3000
  all_datasets = 2257
pds1798.csv:
  gt_rhs = '7*v*z - 7*w - 10*z'
d_max = 1
d_max = 2
   target = 7*v*z - 7*w - 10*z
['7*v*z - 7*w - 10*z']
  is_equivalent = True
  total_successes = 1, success_rate = 1.0
DEGREE = 3:
METHOD = 'diofantos':


Whole evaluation from the beginning of the script took:
 4.1 seconds, i.e. 0.07 minutes or 0.001 hours.

Current time: 2026-03-28 11:19:27.498557
Sat Mar 28 11:19:27 AM CET 2026
this is oei.sh 1 poltrd-dp-loop3 0 999    doing   doones job_id 485320 task_id 1 * 1000 + 798 --exper_id poltrd-dp-loop3
