==============================================
Starting time (of array_subjob 485320_838):
Sat Mar 28 11:19:35 AM CET 2026
(True, True)
(True, False)
(True, False)
Current time: 2026-03-28 11:19:39.229000 

True
METHOD = 'diofantos'
DEGREE = 3
SCALE = 3000
  all_datasets = 2257
pds1838.csv:
  gt_rhs = '-7*v**2*w + 7*z'
d_max = 1
d_max = 2
   target = 12517848816148975773899272766*v**2 - 67015002491113173433322725073*v*w + 36579752240592407717851429932*v*x + 70168000285042439290204476522*v*y - 28082997376206319155199639750*v*z - 291595642390032192139737011458*v - 20194784979541444224328185764*w**2 + 92725658626192207630248243764*w*x - 122932868165375534027002721012*w*y + 12822388449947325405612968896*w*z + 445459828423416043216518162260*w - 14623940635959359966494840755*x**2 - 56349792091692210927352563932*x*y + 14312628499988295885356663490*x*z - 43596043779268139941506966271*x + 109710384189135503978412172648*y**2 + 36042893902786501202368615510*y*z - 234595396859380362627576864914*y + 23867936171362541063045174785*z**2 + 59351854049774725766243283840*z - 505322447493592555820326109936
['12517848816148975773899272766*v**2 - 67015002491113173433322725073*v*w + 36579752240592407717851429932*v*x + 70168000285042439290204476522*v*y - 28082997376206319155199639750*v*z - 291595642390032192139737011458*v - 20194784979541444224328185764*w**2 + 92725658626192207630248243764*w*x - 122932868165375534027002721012*w*y + 12822388449947325405612968896*w*z + 445459828423416043216518162260*w - 14623940635959359966494840755*x**2 - 56349792091692210927352563932*x*y + 14312628499988295885356663490*x*z - 43596043779268139941506966271*x + 109710384189135503978412172648*y**2 + 36042893902786501202368615510*y*z - 234595396859380362627576864914*y + 23867936171362541063045174785*z**2 + 59351854049774725766243283840*z - 505322447493592555820326109936']
  is_equivalent = False
  total_successes = 0, success_rate = 0.0
DEGREE = 3:
METHOD = 'diofantos':


Whole evaluation from the beginning of the script took:
 5.2 seconds, i.e. 0.09 minutes or 0.001 hours.

Current time: 2026-03-28 11:19:44.457504
Sat Mar 28 11:19:45 AM CET 2026
this is oei.sh 1 poltrd-dp-loop3 0 999    doing   doones job_id 485320 task_id 1 * 1000 + 838 --exper_id poltrd-dp-loop3
