==============================================
Starting time (of array_subjob 485320_863):
Sat Mar 28 11:19:35 AM CET 2026
(True, True)
(True, False)
(True, False)
Current time: 2026-03-28 11:19:39.568993 

True
METHOD = 'diofantos'
DEGREE = 3
SCALE = 3000
  all_datasets = 2257
pds1863.csv:
  gt_rhs = '10*v**2 - 8*x**2 + 1'
d_max = 1
d_max = 2
   target = 10*v**2 - 8*x**2 + 1
['10*v**2 - 8*x**2 + 1']
  is_equivalent = True
  total_successes = 1, success_rate = 1.0
DEGREE = 3:
METHOD = 'diofantos':


Whole evaluation from the beginning of the script took:
 5.1 seconds, i.e. 0.08 minutes or 0.001 hours.

Current time: 2026-03-28 11:19:44.640311
Sat Mar 28 11:19:45 AM CET 2026
this is oei.sh 1 poltrd-dp-loop3 0 999    doing   doones job_id 485320 task_id 1 * 1000 + 863 --exper_id poltrd-dp-loop3
