==============================================
Starting time (of array_subjob 485320_864):
Sat Mar 28 11:19:35 AM CET 2026
(True, True)
(True, False)
(True, False)
Current time: 2026-03-28 11:19:39.537397 

True
METHOD = 'diofantos'
DEGREE = 3
SCALE = 3000
  all_datasets = 2257
pds1864.csv:
  gt_rhs = '-10*v*x*y**2 + 4*v + 9'
d_max = 1
d_max = 2
   target = -9904777730021089835394802501440*v**2 - 17990978904669967529859400233055*v*w + 5508155656316590725233115565185*v*x + 25185075136158676387648229695360*v*y + 5636328231191297260942625738525*v*z + 101230713767312612203246638997334*v + 14757334359016184184089126248810*w**2 + 676286818654744201545777657790*w*x - 24915765626480513262066054687265*w*y - 7695911797516666390138825519080*w*z - 77202747477091958541538525959085*w - 11592049468965563301786551021490*x**2 - 1837246137621432110111068358975*x*y - 13296389192162402371811221680620*x*z - 68338452287372510616018904469395*x + 12654219919735642773181215925715*y**2 - 17029264326423571004390941215815*y*z + 13842905281841012909791431759405*y - 22263519536712387520756417056350*z**2 - 100383569328461400869433775245905*z + 818279481981799608592841159588269
['-9904777730021089835394802501440*v**2 - 17990978904669967529859400233055*v*w + 5508155656316590725233115565185*v*x + 25185075136158676387648229695360*v*y + 5636328231191297260942625738525*v*z + 101230713767312612203246638997334*v + 14757334359016184184089126248810*w**2 + 676286818654744201545777657790*w*x - 24915765626480513262066054687265*w*y - 7695911797516666390138825519080*w*z - 77202747477091958541538525959085*w - 11592049468965563301786551021490*x**2 - 1837246137621432110111068358975*x*y - 13296389192162402371811221680620*x*z - 68338452287372510616018904469395*x + 12654219919735642773181215925715*y**2 - 17029264326423571004390941215815*y*z + 13842905281841012909791431759405*y - 22263519536712387520756417056350*z**2 - 100383569328461400869433775245905*z + 818279481981799608592841159588269']
  is_equivalent = False
  total_successes = 0, success_rate = 0.0
DEGREE = 3:
METHOD = 'diofantos':


Whole evaluation from the beginning of the script took:
 5.5 seconds, i.e. 0.09 minutes or 0.002 hours.

Current time: 2026-03-28 11:19:45.034959
Sat Mar 28 11:19:45 AM CET 2026
this is oei.sh 1 poltrd-dp-loop3 0 999    doing   doones job_id 485320 task_id 1 * 1000 + 864 --exper_id poltrd-dp-loop3
