==============================================
Starting time (of array_subjob 485320_902):
Sat Mar 28 11:19:45 AM CET 2026
(True, True)
(True, False)
(True, False)
Current time: 2026-03-28 11:19:48.743181 

True
METHOD = 'diofantos'
DEGREE = 3
SCALE = 3000
  all_datasets = 2257
pds1902.csv:
  gt_rhs = '-8*x*z + 8*z + 1'
d_max = 1
d_max = 2
   target = -8*x*z + 8*z + 1
['-8*x*z + 8*z + 1']
  is_equivalent = True
  total_successes = 1, success_rate = 1.0
DEGREE = 3:
METHOD = 'diofantos':


Whole evaluation from the beginning of the script took:
 4.4 seconds, i.e. 0.07 minutes or 0.001 hours.

Current time: 2026-03-28 11:19:53.112199
Sat Mar 28 11:19:53 AM CET 2026
this is oei.sh 1 poltrd-dp-loop3 0 999    doing   doones job_id 485320 task_id 1 * 1000 + 902 --exper_id poltrd-dp-loop3
