==============================================
Starting time (of array_subjob 485320_925):
Sat Mar 28 11:19:50 AM CET 2026
(True, True)
(True, False)
(True, False)
Current time: 2026-03-28 11:19:54.167921 

True
METHOD = 'diofantos'
DEGREE = 3
SCALE = 3000
  all_datasets = 2257
pds1925.csv:
  gt_rhs = '9*v*w*z - 4*v*y + 3*x - 10'
d_max = 1
d_max = 2
d_max = 3
   target = 9*v*w*z - 4*v*y + 3*x - 10
['9*v*w*z - 4*v*y + 3*x - 10']
  is_equivalent = True
  total_successes = 1, success_rate = 1.0
DEGREE = 3:
METHOD = 'diofantos':


Whole evaluation from the beginning of the script took:
 146.3 seconds, i.e. 2.44 minutes or 0.041 hours.

Current time: 2026-03-28 11:22:20.467078
Sat Mar 28 11:22:20 AM CET 2026
this is oei.sh 1 poltrd-dp-loop3 0 999    doing   doones job_id 485320 task_id 1 * 1000 + 925 --exper_id poltrd-dp-loop3
