==============================================
Starting time (of array_subjob 485320_936):
Sat Mar 28 11:19:55 AM CET 2026
(True, True)
(True, False)
(True, False)
Current time: 2026-03-28 11:19:58.894123 

True
METHOD = 'diofantos'
DEGREE = 3
SCALE = 3000
  all_datasets = 2257
pds1936.csv:
  gt_rhs = '8*v*x - 10*w**2*y + 5'
d_max = 1
d_max = 2
   target = -1331583835184271019897004717524*v**2 + 4056429936358144026987150510824*v*w - 5020761581923624177050335397320*v*x - 9145684336957287964682027339108*v*y - 3152306759057897311137750760412*v*z + 39773688253676690106234873028452*v + 6346939077564192708847365036384*w**2 + 3456645469239021505587828485508*w*x + 7537438201853055576513202755078*w*y + 5304919609288125219242451371020*w*z + 23466403968302337100168546551684*w - 2365483825722524222157944953960*x**2 - 3946342501131069468941208381948*x*y + 2895960189049332651759731641264*x*z + 57641047440445549295148426769060*x - 4818025217943529209477836036828*y**2 - 7047130065639268008812696053888*y*z + 70376038231893681325612314345388*y + 6078742726118559690229054513576*z**2 + 30486734554754339963951225488720*z - 171567035321955897324532655083255
['-1331583835184271019897004717524*v**2 + 4056429936358144026987150510824*v*w - 5020761581923624177050335397320*v*x - 9145684336957287964682027339108*v*y - 3152306759057897311137750760412*v*z + 39773688253676690106234873028452*v + 6346939077564192708847365036384*w**2 + 3456645469239021505587828485508*w*x + 7537438201853055576513202755078*w*y + 5304919609288125219242451371020*w*z + 23466403968302337100168546551684*w - 2365483825722524222157944953960*x**2 - 3946342501131069468941208381948*x*y + 2895960189049332651759731641264*x*z + 57641047440445549295148426769060*x - 4818025217943529209477836036828*y**2 - 7047130065639268008812696053888*y*z + 70376038231893681325612314345388*y + 6078742726118559690229054513576*z**2 + 30486734554754339963951225488720*z - 171567035321955897324532655083255']
  is_equivalent = False
  total_successes = 0, success_rate = 0.0
DEGREE = 3:
METHOD = 'diofantos':


Whole evaluation from the beginning of the script took:
 5.3 seconds, i.e. 0.09 minutes or 0.001 hours.

Current time: 2026-03-28 11:20:04.215387
Sat Mar 28 11:20:04 AM CET 2026
this is oei.sh 1 poltrd-dp-loop3 0 999    doing   doones job_id 485320 task_id 1 * 1000 + 936 --exper_id poltrd-dp-loop3
