==============================================
Starting time (of array_subjob 485320_943):
Sat Mar 28 11:19:55 AM CET 2026
(True, True)
(True, False)
(True, False)
Current time: 2026-03-28 11:19:59.220943 

True
METHOD = 'diofantos'
DEGREE = 3
SCALE = 3000
  all_datasets = 2257
pds1943.csv:
  gt_rhs = '8*v**2*w*y**2*z + 7'
d_max = 1
d_max = 2
   target = 962695499029669422985940780991*v**2 - 46423012911109769491265749672*v*w + 293209596593537738839684105198*v*x + 212493707498341027314260382850*v*y - 328819081197347808657651148818*v*z - 3581360588978638911494693797503*v + 757263620252669945461424683072*w**2 - 238470704316845101454891375794*w*x + 370300087724855385276063543892*w*y + 352990834805639276259450391302*w*z + 1745693512068248637559847770736*w - 724495663566620808794384446478*x**2 + 999330157831991158988906601012*x*y - 760607205124323397730867469650*x*z + 1566790665629419702731872081780*x + 1220780728678404695628269139093*y**2 - 702106792058549531226284978858*y*z - 290344070993884080374324378573*y + 728514317246912479227300894042*z**2 - 640839311140322033957626408008*z - 48647110675455836532666103773971
['962695499029669422985940780991*v**2 - 46423012911109769491265749672*v*w + 293209596593537738839684105198*v*x + 212493707498341027314260382850*v*y - 328819081197347808657651148818*v*z - 3581360588978638911494693797503*v + 757263620252669945461424683072*w**2 - 238470704316845101454891375794*w*x + 370300087724855385276063543892*w*y + 352990834805639276259450391302*w*z + 1745693512068248637559847770736*w - 724495663566620808794384446478*x**2 + 999330157831991158988906601012*x*y - 760607205124323397730867469650*x*z + 1566790665629419702731872081780*x + 1220780728678404695628269139093*y**2 - 702106792058549531226284978858*y*z - 290344070993884080374324378573*y + 728514317246912479227300894042*z**2 - 640839311140322033957626408008*z - 48647110675455836532666103773971']
  is_equivalent = False
  total_successes = 0, success_rate = 0.0
DEGREE = 3:
METHOD = 'diofantos':


Whole evaluation from the beginning of the script took:
 5.5 seconds, i.e. 0.09 minutes or 0.002 hours.

Current time: 2026-03-28 11:20:04.754378
Sat Mar 28 11:20:05 AM CET 2026
this is oei.sh 1 poltrd-dp-loop3 0 999    doing   doones job_id 485320 task_id 1 * 1000 + 943 --exper_id poltrd-dp-loop3
