==============================================
Starting time (of array_subjob 485320_945):
Sat Mar 28 11:19:55 AM CET 2026
(True, True)
(True, False)
(True, False)
Current time: 2026-03-28 11:19:59.271561 

True
METHOD = 'diofantos'
DEGREE = 3
SCALE = 3000
  all_datasets = 2257
pds1945.csv:
  gt_rhs = '-6*x**2*y + 2*x + 8'
d_max = 1
d_max = 2
   target = 948009330328946958461521217235*v**2 + 2302886594176758879224963157870*v*w + 1724305729322599469931471720702*v*x - 1165222682924800842130666503632*v*y - 385788537195388689127640016040*v*z + 7009827042322154600883660964753*v - 1591590682325963373570402120147*w**2 - 1061974942467081030999485666452*w*x + 631153231081660471528109031926*w*y - 1166934580487112399148604911342*w*z + 547641492303790069488681770563*w - 872001822984533111314732195684*x**2 + 1312452004284486444682560511028*x*y + 807381973478387552219994372396*x*z - 1464398347971026593963518364446*x + 1020421544978877919778880905440*y**2 + 1911580396077691165863342578574*y*z - 389992086154449273979608913546*y + 1013677816953000008569976115335*z**2 - 6583426118590820927490235349259*z - 4087482759269911637083671881058
['948009330328946958461521217235*v**2 + 2302886594176758879224963157870*v*w + 1724305729322599469931471720702*v*x - 1165222682924800842130666503632*v*y - 385788537195388689127640016040*v*z + 7009827042322154600883660964753*v - 1591590682325963373570402120147*w**2 - 1061974942467081030999485666452*w*x + 631153231081660471528109031926*w*y - 1166934580487112399148604911342*w*z + 547641492303790069488681770563*w - 872001822984533111314732195684*x**2 + 1312452004284486444682560511028*x*y + 807381973478387552219994372396*x*z - 1464398347971026593963518364446*x + 1020421544978877919778880905440*y**2 + 1911580396077691165863342578574*y*z - 389992086154449273979608913546*y + 1013677816953000008569976115335*z**2 - 6583426118590820927490235349259*z - 4087482759269911637083671881058']
  is_equivalent = False
  total_successes = 0, success_rate = 0.0
DEGREE = 3:
METHOD = 'diofantos':


Whole evaluation from the beginning of the script took:
 5.0 seconds, i.e. 0.08 minutes or 0.001 hours.

Current time: 2026-03-28 11:20:04.301146
Sat Mar 28 11:20:04 AM CET 2026
this is oei.sh 1 poltrd-dp-loop3 0 999    doing   doones job_id 485320 task_id 1 * 1000 + 945 --exper_id poltrd-dp-loop3
