==============================================
Starting time (of array_subjob 485320_985):
Sat Mar 28 11:20:04 AM CET 2026
(True, True)
(True, False)
(True, False)
Current time: 2026-03-28 11:20:08.450541 

True
METHOD = 'diofantos'
DEGREE = 3
SCALE = 3000
  all_datasets = 2257
pds1985.csv:
  gt_rhs = '-9*v - 8*x - 9*y**2*z + 10'
d_max = 1
d_max = 2
   target = 4491671131268364505030575126699*v**2 - 3470525890197735067569873952564*v*w - 798866937811561274636472762880*v*x + 3407515650073445948235515137234*v*y - 2023206240575796696558629626378*v*z + 6847711452470174171786971541762*v + 3879278158347325172061735803639*w**2 - 1077893663713301676113683179722*w*x + 3312543537031100337467250872908*w*y - 2971800896137991476606669724*w*z - 3485828915571182417876486045549*w + 2238922939002570099739534516874*x**2 - 3825077691227935819187439720644*x*y + 2777912333506956196645433760064*x*z + 8637747424330478726294349182136*x + 1911092589992143922548285684427*y**2 + 436249792746812625687844209585*y*z + 11485314351096750176669260575731*y - 3231340677457861878907647436497*z**2 + 5111273480755433447623866642389*z - 171103476960114645106886723652300
['4491671131268364505030575126699*v**2 - 3470525890197735067569873952564*v*w - 798866937811561274636472762880*v*x + 3407515650073445948235515137234*v*y - 2023206240575796696558629626378*v*z + 6847711452470174171786971541762*v + 3879278158347325172061735803639*w**2 - 1077893663713301676113683179722*w*x + 3312543537031100337467250872908*w*y - 2971800896137991476606669724*w*z - 3485828915571182417876486045549*w + 2238922939002570099739534516874*x**2 - 3825077691227935819187439720644*x*y + 2777912333506956196645433760064*x*z + 8637747424330478726294349182136*x + 1911092589992143922548285684427*y**2 + 436249792746812625687844209585*y*z + 11485314351096750176669260575731*y - 3231340677457861878907647436497*z**2 + 5111273480755433447623866642389*z - 171103476960114645106886723652300']
  is_equivalent = False
  total_successes = 0, success_rate = 0.0
DEGREE = 3:
METHOD = 'diofantos':


Whole evaluation from the beginning of the script took:
 5.6 seconds, i.e. 0.09 minutes or 0.002 hours.

Current time: 2026-03-28 11:20:14.080635
Sat Mar 28 11:20:14 AM CET 2026
this is oei.sh 1 poltrd-dp-loop3 0 999    doing   doones job_id 485320 task_id 1 * 1000 + 985 --exper_id poltrd-dp-loop3
