==============================================
Starting time (of array_subjob 485320_982):
Sat Mar 28 11:20:04 AM CET 2026
(True, True)
(True, False)
(True, False)
Current time: 2026-03-28 11:20:08.431185 

True
METHOD = 'diofantos'
DEGREE = 3
SCALE = 3000
  all_datasets = 2257
pds1982.csv:
  gt_rhs = '7*v*x**2*y**3 - 4'
d_max = 1
d_max = 2
   target = -71968047726689951636507367142*v**2 + 22034369265818568669714634284*v*w - 74515609737807991318254259356*v*x + 335361467470523910605309731935*v*y + 108845021302821885420704591260*v*z - 871889138679014702811594473278*v - 323791522538951981283306806333*w**2 - 485450794807313037369205345030*w*x - 277518394663691060596095673410*w*y + 94951574933607923148483776596*w*z + 220985900236723099338483943951*w - 23780156113481617396187597004*x**2 - 291882543588369636165156772094*x*y - 444202639424128631437061196747*x*z - 2722209054140894438648881779432*x + 220270641937716155391036221502*y**2 - 258001706331343645807242863810*y*z - 1521748087534383261832406914926*y - 138825089877568490468143841324*z**2 + 993919577566432052623154233247*z + 14814284375982053249487581030292
['-71968047726689951636507367142*v**2 + 22034369265818568669714634284*v*w - 74515609737807991318254259356*v*x + 335361467470523910605309731935*v*y + 108845021302821885420704591260*v*z - 871889138679014702811594473278*v - 323791522538951981283306806333*w**2 - 485450794807313037369205345030*w*x - 277518394663691060596095673410*w*y + 94951574933607923148483776596*w*z + 220985900236723099338483943951*w - 23780156113481617396187597004*x**2 - 291882543588369636165156772094*x*y - 444202639424128631437061196747*x*z - 2722209054140894438648881779432*x + 220270641937716155391036221502*y**2 - 258001706331343645807242863810*y*z - 1521748087534383261832406914926*y - 138825089877568490468143841324*z**2 + 993919577566432052623154233247*z + 14814284375982053249487581030292']
  is_equivalent = False
  total_successes = 0, success_rate = 0.0
DEGREE = 3:
METHOD = 'diofantos':


Whole evaluation from the beginning of the script took:
 5.5 seconds, i.e. 0.09 minutes or 0.002 hours.

Current time: 2026-03-28 11:20:13.951871
Sat Mar 28 11:20:14 AM CET 2026
this is oei.sh 1 poltrd-dp-loop3 0 999    doing   doones job_id 485320 task_id 1 * 1000 + 982 --exper_id poltrd-dp-loop3
