==============================================
Starting time (of array_subjob 485320_994):
Sat Mar 28 11:20:05 AM CET 2026
(True, True)
(True, False)
(True, False)
Current time: 2026-03-28 11:20:09.389999 

True
METHOD = 'diofantos'
DEGREE = 3
SCALE = 3000
  all_datasets = 2257
pds1994.csv:
  gt_rhs = '-4*v*w*x + 6*x*y*z - 7'
d_max = 1
d_max = 2
   target = -237417460401137203862795532*v**2 + 397949214360835280307192361*v*w + 33959762559689758785527758*v*x - 474082086172107897010342584*v*y + 69327920401616898426076506*v*z - 1009637453811650176990250496*v + 122404369055306544071995506*w**2 + 156434681055158341769927964*w*x - 96806649890658521859135040*w*y + 278762539493407827635759859*w*z + 943832220909577393283917211*w - 231394737438162300639765305*x**2 + 15027217471943734556431168*x*y - 54772902895496761947673277*x*z + 477366873313526054875787548*x + 74443782565412702392068254*y**2 - 259018188313668945015140117*y*z - 684110864326841983667905219*y + 126555904625745208914724306*z**2 + 82000901519696277196338266*z + 1272543252686982756151673387
['-237417460401137203862795532*v**2 + 397949214360835280307192361*v*w + 33959762559689758785527758*v*x - 474082086172107897010342584*v*y + 69327920401616898426076506*v*z - 1009637453811650176990250496*v + 122404369055306544071995506*w**2 + 156434681055158341769927964*w*x - 96806649890658521859135040*w*y + 278762539493407827635759859*w*z + 943832220909577393283917211*w - 231394737438162300639765305*x**2 + 15027217471943734556431168*x*y - 54772902895496761947673277*x*z + 477366873313526054875787548*x + 74443782565412702392068254*y**2 - 259018188313668945015140117*y*z - 684110864326841983667905219*y + 126555904625745208914724306*z**2 + 82000901519696277196338266*z + 1272543252686982756151673387']
  is_equivalent = False
  total_successes = 0, success_rate = 0.0
DEGREE = 3:
METHOD = 'diofantos':


Whole evaluation from the beginning of the script took:
 5.1 seconds, i.e. 0.08 minutes or 0.001 hours.

Current time: 2026-03-28 11:20:14.450954
Sat Mar 28 11:20:14 AM CET 2026
this is oei.sh 1 poltrd-dp-loop3 0 999    doing   doones job_id 485320 task_id 1 * 1000 + 994 --exper_id poltrd-dp-loop3
