==============================================
Starting time (of array_subjob 64686437_44):
Mon Mar  2 11:39:53 AM CET 2026
(True, True)
(True, False)
(True, False)
Current time: 2026-03-02 11:39:55.698545 

True
METHOD = 'diofantos'
DEGREE = 3
SCALE = 3
  all_datasets = 2257
start = 44, end = 45
task_id = 44
pds0044.csv:
  gt_rhs = '2*w*x*y'
   target = 2*w*x*y
['2*w*x*y']
  is_equivalent = True
  total_successes = 1, success_rate = 1.0


Whole evaluation from the beginning of the script took:
 49.4 seconds, i.e. 0.82 minutes or 0.014 hours.

Current time: 2026-03-02 11:40:45.117090
Mon Mar  2 11:40:45 AM CET 2026
this is oei.sh 0 dopa-deg3 0 999    doing   doones job_id 64686437 task_id 0 * 1000 + 44 --exper_id dopa-deg3
