==============================================
Starting time (of array_subjob 64686437_108):
Mon Mar  2 11:39:54 AM CET 2026
(True, True)
(True, False)
(True, False)
Current time: 2026-03-02 11:39:56.483836 

True
METHOD = 'diofantos'
DEGREE = 3
SCALE = 3
  all_datasets = 2257
start = 108, end = 109
task_id = 108
pds0108.csv:
  gt_rhs = '7*x*y*z'
   target = 7*x*y*z
['7*x*y*z']
  is_equivalent = True
  total_successes = 1, success_rate = 1.0


Whole evaluation from the beginning of the script took:
 63.3 seconds, i.e. 1.05 minutes or 0.018 hours.

Current time: 2026-03-02 11:40:59.744231
Mon Mar  2 11:41:00 AM CET 2026
this is oei.sh 0 dopa-deg3 0 999    doing   doones job_id 64686437 task_id 0 * 1000 + 108 --exper_id dopa-deg3
