==============================================
Starting time (of array_subjob 64686437_116):
Mon Mar  2 11:39:54 AM CET 2026
(True, True)
(True, False)
(True, False)
Current time: 2026-03-02 11:39:56.488168 

True
METHOD = 'diofantos'
DEGREE = 3
SCALE = 3
  all_datasets = 2257
start = 116, end = 117
task_id = 116
pds0116.csv:
  gt_rhs = '2*v**2 + 3*w*y**2 + 10*w - 8*x**2 - 10'
   target = 2*v**2 + 3*w*y**2 + 10*w - 8*x**2 - 10
['2*v**2 + 3*w*y**2 + 10*w - 8*x**2 - 10']
  is_equivalent = True
  total_successes = 1, success_rate = 1.0


Whole evaluation from the beginning of the script took:
 58.1 seconds, i.e. 0.97 minutes or 0.016 hours.

Current time: 2026-03-02 11:40:54.546016
Mon Mar  2 11:40:54 AM CET 2026
this is oei.sh 0 dopa-deg3 0 999    doing   doones job_id 64686437 task_id 0 * 1000 + 116 --exper_id dopa-deg3
