==============================================
Starting time (of array_subjob 64686437_128):
Mon Mar  2 11:39:54 AM CET 2026
(True, True)
(True, False)
(True, False)
Current time: 2026-03-02 11:39:56.366660 

True
METHOD = 'diofantos'
DEGREE = 3
SCALE = 3
  all_datasets = 2257
start = 128, end = 129
task_id = 128
pds0128.csv:
  gt_rhs = '-v*x + 4*v'
   target = -v*x + 4*v
['-v*x + 4*v']
  is_equivalent = True
  total_successes = 1, success_rate = 1.0


Whole evaluation from the beginning of the script took:
 57.8 seconds, i.e. 0.96 minutes or 0.016 hours.

Current time: 2026-03-02 11:40:54.183441
Mon Mar  2 11:40:54 AM CET 2026
this is oei.sh 0 dopa-deg3 0 999    doing   doones job_id 64686437 task_id 0 * 1000 + 128 --exper_id dopa-deg3
