==============================================
Starting time (of array_subjob 64686437_168):
Mon Mar  2 11:39:53 AM CET 2026
(True, True)
(True, False)
(True, False)
Current time: 2026-03-02 11:39:55.957857 

True
METHOD = 'diofantos'
DEGREE = 3
SCALE = 3
  all_datasets = 2257
start = 168, end = 169
task_id = 168
pds0168.csv:
  gt_rhs = '-y + 2*z'
   target = -y + 2*z
['-y + 2*z']
  is_equivalent = True
  total_successes = 1, success_rate = 1.0


Whole evaluation from the beginning of the script took:
 57.1 seconds, i.e. 0.95 minutes or 0.016 hours.

Current time: 2026-03-02 11:40:53.073210
Mon Mar  2 11:40:53 AM CET 2026
this is oei.sh 0 dopa-deg3 0 999    doing   doones job_id 64686437 task_id 0 * 1000 + 168 --exper_id dopa-deg3
