==============================================
Starting time (of array_subjob 64686437_174):
Mon Mar  2 11:39:54 AM CET 2026
(True, True)
(True, False)
(True, False)
Current time: 2026-03-02 11:39:56.424430 

True
METHOD = 'diofantos'
DEGREE = 3
SCALE = 3
  all_datasets = 2257
start = 174, end = 175
task_id = 174
pds0174.csv:
  gt_rhs = '-7*w*z'
   target = -7*w*z
['-7*w*z']
  is_equivalent = True
  total_successes = 1, success_rate = 1.0


Whole evaluation from the beginning of the script took:
 60.2 seconds, i.e. 1.0 minutes or 0.017 hours.

Current time: 2026-03-02 11:40:56.580297
Mon Mar  2 11:40:56 AM CET 2026
this is oei.sh 0 dopa-deg3 0 999    doing   doones job_id 64686437 task_id 0 * 1000 + 174 --exper_id dopa-deg3
