==============================================
Starting time (of array_subjob 64686437_182):
Mon Mar  2 11:39:54 AM CET 2026
(True, True)
(True, False)
(True, False)
Current time: 2026-03-02 11:39:56.426608 

True
METHOD = 'diofantos'
DEGREE = 3
SCALE = 3
  all_datasets = 2257
start = 182, end = 183
task_id = 182
pds0182.csv:
  gt_rhs = '10*v**2 - 8*v*w - 8*v'
   target = 10*v**2 - 8*v*w - 8*v
['10*v**2 - 8*v*w - 8*v']
  is_equivalent = True
  total_successes = 1, success_rate = 1.0


Whole evaluation from the beginning of the script took:
 61.7 seconds, i.e. 1.03 minutes or 0.017 hours.

Current time: 2026-03-02 11:40:58.167706
Mon Mar  2 11:40:58 AM CET 2026
this is oei.sh 0 dopa-deg3 0 999    doing   doones job_id 64686437 task_id 0 * 1000 + 182 --exper_id dopa-deg3
