==============================================
Starting time (of array_subjob 64686437_208):
Mon Mar  2 11:39:54 AM CET 2026
(True, True)
(True, False)
(True, False)
Current time: 2026-03-02 11:39:56.638336 

True
METHOD = 'diofantos'
DEGREE = 3
SCALE = 3
  all_datasets = 2257
start = 208, end = 209
task_id = 208
pds0208.csv:
  gt_rhs = '5*x + 5'
   target = 5*x + 5
['5*x + 5']
  is_equivalent = True
  total_successes = 1, success_rate = 1.0


Whole evaluation from the beginning of the script took:
 61.0 seconds, i.e. 1.02 minutes or 0.017 hours.

Current time: 2026-03-02 11:40:57.644709
Mon Mar  2 11:40:57 AM CET 2026
this is oei.sh 0 dopa-deg3 0 999    doing   doones job_id 64686437 task_id 0 * 1000 + 208 --exper_id dopa-deg3
