==============================================
Starting time (of array_subjob 64686437_261):
Mon Mar  2 11:39:54 AM CET 2026
(True, True)
(True, False)
(True, False)
Current time: 2026-03-02 11:39:56.532323 

True
METHOD = 'diofantos'
DEGREE = 3
SCALE = 3
  all_datasets = 2257
start = 261, end = 262
task_id = 261
pds0261.csv:
  gt_rhs = '-6*y**2 + 2*y - 1'
   target = -6*y**2 + 2*y - 1
['-6*y**2 + 2*y - 1']
  is_equivalent = True
  total_successes = 1, success_rate = 1.0


Whole evaluation from the beginning of the script took:
 57.6 seconds, i.e. 0.96 minutes or 0.016 hours.

Current time: 2026-03-02 11:40:54.105791
Mon Mar  2 11:40:54 AM CET 2026
this is oei.sh 0 dopa-deg3 0 999    doing   doones job_id 64686437 task_id 0 * 1000 + 261 --exper_id dopa-deg3
