==============================================
Starting time (of array_subjob 64686437_308):
Mon Mar  2 11:39:54 AM CET 2026
(True, True)
(True, False)
(True, False)
Current time: 2026-03-02 11:39:57.518835 

True
METHOD = 'diofantos'
DEGREE = 3
SCALE = 3
  all_datasets = 2257
start = 308, end = 309
task_id = 308
pds0308.csv:
  gt_rhs = '7*x**2 + 3*x - 6*y + 8'
   target = 7*x**2 + 3*x - 6*y + 8
['7*x**2 + 3*x - 6*y + 8']
  is_equivalent = True
  total_successes = 1, success_rate = 1.0


Whole evaluation from the beginning of the script took:
 55.4 seconds, i.e. 0.92 minutes or 0.015 hours.

Current time: 2026-03-02 11:40:52.951089
Mon Mar  2 11:40:53 AM CET 2026
this is oei.sh 0 dopa-deg3 0 999    doing   doones job_id 64686437 task_id 0 * 1000 + 308 --exper_id dopa-deg3
