==============================================
Starting time (of array_subjob 64686437_363):
Mon Mar  2 11:39:55 AM CET 2026
(True, True)
(True, False)
(True, False)
Current time: 2026-03-02 11:39:58.183422 

True
METHOD = 'diofantos'
DEGREE = 3
SCALE = 3
  all_datasets = 2257
start = 363, end = 364
task_id = 363
pds0363.csv:
  gt_rhs = '4*w - 6*x + 7*y - 1'
   target = 4*w - 6*x + 7*y - 1
['4*w - 6*x + 7*y - 1']
  is_equivalent = True
  total_successes = 1, success_rate = 1.0


Whole evaluation from the beginning of the script took:
 58.8 seconds, i.e. 0.98 minutes or 0.016 hours.

Current time: 2026-03-02 11:40:56.943339
Mon Mar  2 11:40:57 AM CET 2026
this is oei.sh 0 dopa-deg3 0 999    doing   doones job_id 64686437 task_id 0 * 1000 + 363 --exper_id dopa-deg3
