==============================================
Starting time (of array_subjob 64686437_503):
Mon Mar  2 11:39:56 AM CET 2026
(True, True)
(True, False)
(True, False)
Current time: 2026-03-02 11:39:58.292673 

True
METHOD = 'diofantos'
DEGREE = 3
SCALE = 3
  all_datasets = 2257
start = 503, end = 504
task_id = 503
pds0503.csv:
  gt_rhs = '7*w**2 + 4*y - 9'
   target = 7*w**2 + 4*y - 9
['7*w**2 + 4*y - 9']
  is_equivalent = True
  total_successes = 1, success_rate = 1.0


Whole evaluation from the beginning of the script took:
 62.4 seconds, i.e. 1.04 minutes or 0.017 hours.

Current time: 2026-03-02 11:41:00.732519
Mon Mar  2 11:41:01 AM CET 2026
this is oei.sh 0 dopa-deg3 0 999    doing   doones job_id 64686437 task_id 0 * 1000 + 503 --exper_id dopa-deg3
