==============================================
Starting time (of array_subjob 64686437_521):
Mon Mar  2 11:39:55 AM CET 2026
(True, True)
(True, False)
(True, False)
Current time: 2026-03-02 11:39:58.143706 

True
METHOD = 'diofantos'
DEGREE = 3
SCALE = 3
  all_datasets = 2257
start = 521, end = 522
task_id = 521
pds0521.csv:
  gt_rhs = '-2*x + 5*y*z + 2*z - 10'
   target = -2*x + 5*y*z + 2*z - 10
['-2*x + 5*y*z + 2*z - 10']
  is_equivalent = True
  total_successes = 1, success_rate = 1.0


Whole evaluation from the beginning of the script took:
 55.5 seconds, i.e. 0.92 minutes or 0.015 hours.

Current time: 2026-03-02 11:40:53.609842
Mon Mar  2 11:40:54 AM CET 2026
this is oei.sh 0 dopa-deg3 0 999    doing   doones job_id 64686437 task_id 0 * 1000 + 521 --exper_id dopa-deg3
