==============================================
Starting time (of array_subjob 64686437_536):
Mon Mar  2 11:39:57 AM CET 2026
(True, True)
(True, False)
(True, False)
Current time: 2026-03-02 11:40:00.086953 

True
METHOD = 'diofantos'
DEGREE = 3
SCALE = 3
  all_datasets = 2257
start = 536, end = 537
task_id = 536
pds0536.csv:
  gt_rhs = 'x - y**2*z'
   target = x - y**2*z
['x - y**2*z']
  is_equivalent = True
  total_successes = 1, success_rate = 1.0


Whole evaluation from the beginning of the script took:
 59.5 seconds, i.e. 0.99 minutes or 0.017 hours.

Current time: 2026-03-02 11:40:59.619749
Mon Mar  2 11:40:59 AM CET 2026
this is oei.sh 0 dopa-deg3 0 999    doing   doones job_id 64686437 task_id 0 * 1000 + 536 --exper_id dopa-deg3
