==============================================
Starting time (of array_subjob 64686437_565):
Mon Mar  2 11:39:57 AM CET 2026
(True, True)
(True, False)
(True, False)
Current time: 2026-03-02 11:39:59.922688 

True
METHOD = 'diofantos'
DEGREE = 3
SCALE = 3
  all_datasets = 2257
start = 565, end = 566
task_id = 565
pds0565.csv:
  gt_rhs = '-5*v + 3*x**2 - 8'
   target = -5*v + 3*x**2 - 8
['-5*v + 3*x**2 - 8']
  is_equivalent = True
  total_successes = 1, success_rate = 1.0


Whole evaluation from the beginning of the script took:
 61.6 seconds, i.e. 1.03 minutes or 0.017 hours.

Current time: 2026-03-02 11:41:01.486895
Mon Mar  2 11:41:01 AM CET 2026
this is oei.sh 0 dopa-deg3 0 999    doing   doones job_id 64686437 task_id 0 * 1000 + 565 --exper_id dopa-deg3
