==============================================
Starting time (of array_subjob 64686437_577):
Mon Mar  2 11:39:57 AM CET 2026
(True, True)
(True, False)
(True, False)
Current time: 2026-03-02 11:39:59.954976 

True
METHOD = 'diofantos'
DEGREE = 3
SCALE = 3
  all_datasets = 2257
start = 577, end = 578
task_id = 577
pds0577.csv:
  gt_rhs = '2*v*x - 9*w*y + 8*z'
   target = 2*v*x - 9*w*y + 8*z
['2*v*x - 9*w*y + 8*z']
  is_equivalent = True
  total_successes = 1, success_rate = 1.0


Whole evaluation from the beginning of the script took:
 59.1 seconds, i.e. 0.98 minutes or 0.016 hours.

Current time: 2026-03-02 11:40:59.010347
Mon Mar  2 11:40:59 AM CET 2026
this is oei.sh 0 dopa-deg3 0 999    doing   doones job_id 64686437 task_id 0 * 1000 + 577 --exper_id dopa-deg3
