==============================================
Starting time (of array_subjob 64686437_582):
Mon Mar  2 11:39:57 AM CET 2026
(True, True)
(True, False)
(True, False)
Current time: 2026-03-02 11:40:00.069492 

True
METHOD = 'diofantos'
DEGREE = 3
SCALE = 3
  all_datasets = 2257
start = 582, end = 583
task_id = 582
pds0582.csv:
  gt_rhs = '-9*v**2*y - 8*y'
   target = -9*v**2*y - 8*y
['-9*v**2*y - 8*y']
  is_equivalent = True
  total_successes = 1, success_rate = 1.0


Whole evaluation from the beginning of the script took:
 60.7 seconds, i.e. 1.01 minutes or 0.017 hours.

Current time: 2026-03-02 11:41:00.756558
Mon Mar  2 11:41:01 AM CET 2026
this is oei.sh 0 dopa-deg3 0 999    doing   doones job_id 64686437 task_id 0 * 1000 + 582 --exper_id dopa-deg3
