==============================================
Starting time (of array_subjob 64686437_625):
Mon Mar  2 11:39:57 AM CET 2026
(True, True)
(True, False)
(True, False)
Current time: 2026-03-02 11:39:59.973203 

True
METHOD = 'diofantos'
DEGREE = 3
SCALE = 3
  all_datasets = 2257
start = 625, end = 626
task_id = 625
pds0625.csv:
  gt_rhs = '9*w*x*z - 4*y - 9'
   target = 9*w*x*z - 4*y - 9
['9*w*x*z - 4*y - 9']
  is_equivalent = True
  total_successes = 1, success_rate = 1.0


Whole evaluation from the beginning of the script took:
 61.4 seconds, i.e. 1.02 minutes or 0.017 hours.

Current time: 2026-03-02 11:41:01.401409
Mon Mar  2 11:41:01 AM CET 2026
this is oei.sh 0 dopa-deg3 0 999    doing   doones job_id 64686437 task_id 0 * 1000 + 625 --exper_id dopa-deg3
