==============================================
Starting time (of array_subjob 64686437_641):
Mon Mar  2 11:39:57 AM CET 2026
(True, True)
(True, False)
(True, False)
Current time: 2026-03-02 11:39:59.950163 

True
METHOD = 'diofantos'
DEGREE = 3
SCALE = 3
  all_datasets = 2257
start = 641, end = 642
task_id = 641
pds0641.csv:
  gt_rhs = '4*w*y + 7*x'
   target = 4*w*y + 7*x
['4*w*y + 7*x']
  is_equivalent = True
  total_successes = 1, success_rate = 1.0


Whole evaluation from the beginning of the script took:
 63.3 seconds, i.e. 1.06 minutes or 0.018 hours.

Current time: 2026-03-02 11:41:03.288370
Mon Mar  2 11:41:03 AM CET 2026
this is oei.sh 0 dopa-deg3 0 999    doing   doones job_id 64686437 task_id 0 * 1000 + 641 --exper_id dopa-deg3
