==============================================
Starting time (of array_subjob 64686437_714):
Mon Mar  2 11:39:57 AM CET 2026
(True, True)
(True, False)
(True, False)
Current time: 2026-03-02 11:39:59.883470 

True
METHOD = 'diofantos'
DEGREE = 3
SCALE = 3
  all_datasets = 2257
start = 714, end = 715
task_id = 714
pds0714.csv:
  gt_rhs = '9*w**2 - w*y*z'
   target = 9*w**2 - w*y*z
['9*w**2 - w*y*z']
  is_equivalent = True
  total_successes = 1, success_rate = 1.0


Whole evaluation from the beginning of the script took:
 60.9 seconds, i.e. 1.01 minutes or 0.017 hours.

Current time: 2026-03-02 11:41:00.765145
Mon Mar  2 11:41:01 AM CET 2026
this is oei.sh 0 dopa-deg3 0 999    doing   doones job_id 64686437 task_id 0 * 1000 + 714 --exper_id dopa-deg3
