==============================================
Starting time (of array_subjob 64686437_732):
Mon Mar  2 11:39:57 AM CET 2026
(True, True)
(True, False)
(True, False)
Current time: 2026-03-02 11:40:00.092665 

True
METHOD = 'diofantos'
DEGREE = 3
SCALE = 3
  all_datasets = 2257
start = 732, end = 733
task_id = 732
pds0732.csv:
  gt_rhs = 'v**2 + 5*y'
   target = v**2 + 5*y
['v**2 + 5*y']
  is_equivalent = True
  total_successes = 1, success_rate = 1.0


Whole evaluation from the beginning of the script took:
 58.1 seconds, i.e. 0.97 minutes or 0.016 hours.

Current time: 2026-03-02 11:40:58.164882
Mon Mar  2 11:40:58 AM CET 2026
this is oei.sh 0 dopa-deg3 0 999    doing   doones job_id 64686437 task_id 0 * 1000 + 732 --exper_id dopa-deg3
