==============================================
Starting time (of array_subjob 64686437_769):
Mon Mar  2 11:39:57 AM CET 2026
(True, True)
(True, False)
(True, False)
Current time: 2026-03-02 11:39:59.900434 

True
METHOD = 'diofantos'
DEGREE = 3
SCALE = 3
  all_datasets = 2257
start = 769, end = 770
task_id = 769
pds0769.csv:
  gt_rhs = 'v*w - 7*x - 10'
   target = v*w - 7*x - 10
['v*w - 7*x - 10']
  is_equivalent = True
  total_successes = 1, success_rate = 1.0


Whole evaluation from the beginning of the script took:
 59.7 seconds, i.e. 1.0 minutes or 0.017 hours.

Current time: 2026-03-02 11:40:59.648994
Mon Mar  2 11:40:59 AM CET 2026
this is oei.sh 0 dopa-deg3 0 999    doing   doones job_id 64686437 task_id 0 * 1000 + 769 --exper_id dopa-deg3
