==============================================
Starting time (of array_subjob 64686437_799):
Mon Mar  2 11:39:56 AM CET 2026
(True, True)
(True, False)
(True, False)
Current time: 2026-03-02 11:39:59.908378 

True
METHOD = 'diofantos'
DEGREE = 3
SCALE = 3
  all_datasets = 2257
start = 799, end = 800
task_id = 799
pds0799.csv:
  gt_rhs = '-9*v*w*y + 3*v*w - 8*z - 2'
   target = -9*v*w*y + 3*v*w - 8*z - 2
['-9*v*w*y + 3*v*w - 8*z - 2']
  is_equivalent = True
  total_successes = 1, success_rate = 1.0


Whole evaluation from the beginning of the script took:
 65.0 seconds, i.e. 1.08 minutes or 0.018 hours.

Current time: 2026-03-02 11:41:04.955221
Mon Mar  2 11:41:05 AM CET 2026
this is oei.sh 0 dopa-deg3 0 999    doing   doones job_id 64686437 task_id 0 * 1000 + 799 --exper_id dopa-deg3
