==============================================
Starting time (of array_subjob 64686437_830):
Mon Mar  2 11:39:57 AM CET 2026
(True, True)
(True, False)
(True, False)
Current time: 2026-03-02 11:39:59.899992 

True
METHOD = 'diofantos'
DEGREE = 3
SCALE = 3
  all_datasets = 2257
start = 830, end = 831
task_id = 830
pds0830.csv:
  gt_rhs = '6*w*z**2 - 3*x*z'
   target = 6*w*z**2 - 3*x*z
['6*w*z**2 - 3*x*z']
  is_equivalent = True
  total_successes = 1, success_rate = 1.0


Whole evaluation from the beginning of the script took:
 63.0 seconds, i.e. 1.05 minutes or 0.017 hours.

Current time: 2026-03-02 11:41:02.864806
Mon Mar  2 11:41:03 AM CET 2026
this is oei.sh 0 dopa-deg3 0 999    doing   doones job_id 64686437 task_id 0 * 1000 + 830 --exper_id dopa-deg3
