==============================================
Starting time (of array_subjob 64686437_844):
Mon Mar  2 11:39:57 AM CET 2026
(True, True)
(True, False)
(True, False)
Current time: 2026-03-02 11:39:59.975976 

True
METHOD = 'diofantos'
DEGREE = 3
SCALE = 3
  all_datasets = 2257
start = 844, end = 845
task_id = 844
pds0844.csv:
  gt_rhs = '-9*w*x + 9*z**3 - 5'
   target = -9*w*x + 9*z**3 - 5
['-9*w*x + 9*z**3 - 5']
  is_equivalent = True
  total_successes = 1, success_rate = 1.0


Whole evaluation from the beginning of the script took:
 67.0 seconds, i.e. 1.12 minutes or 0.019 hours.

Current time: 2026-03-02 11:41:07.020985
Mon Mar  2 11:41:07 AM CET 2026
this is oei.sh 0 dopa-deg3 0 999    doing   doones job_id 64686437 task_id 0 * 1000 + 844 --exper_id dopa-deg3
