==============================================
Starting time (of array_subjob 64686437_845):
Mon Mar  2 11:39:57 AM CET 2026
(True, True)
(True, False)
(True, False)
Current time: 2026-03-02 11:40:00.058254 

True
METHOD = 'diofantos'
DEGREE = 3
SCALE = 3
  all_datasets = 2257
start = 845, end = 846
task_id = 845
pds0845.csv:
  gt_rhs = '4*v*w + 2*w'
   target = 4*v*w + 2*w
['4*v*w + 2*w']
  is_equivalent = True
  total_successes = 1, success_rate = 1.0


Whole evaluation from the beginning of the script took:
 60.5 seconds, i.e. 1.01 minutes or 0.017 hours.

Current time: 2026-03-02 11:41:00.563644
Mon Mar  2 11:41:00 AM CET 2026
this is oei.sh 0 dopa-deg3 0 999    doing   doones job_id 64686437 task_id 0 * 1000 + 845 --exper_id dopa-deg3
