==============================================
Starting time (of array_subjob 64686437_939):
Mon Mar  2 11:39:57 AM CET 2026
(True, True)
(True, False)
(True, False)
Current time: 2026-03-02 11:39:59.925335 

True
METHOD = 'diofantos'
DEGREE = 3
SCALE = 3
  all_datasets = 2257
start = 939, end = 940
task_id = 939
pds0939.csv:
  gt_rhs = '-9*w**2*x - 3*y + 6'
   target = -9*w**2*x - 3*y + 6
['-9*w**2*x - 3*y + 6']
  is_equivalent = True
  total_successes = 1, success_rate = 1.0


Whole evaluation from the beginning of the script took:
 67.5 seconds, i.e. 1.12 minutes or 0.019 hours.

Current time: 2026-03-02 11:41:07.392837
Mon Mar  2 11:41:07 AM CET 2026
this is oei.sh 0 dopa-deg3 0 999    doing   doones job_id 64686437 task_id 0 * 1000 + 939 --exper_id dopa-deg3
