==============================================
Starting time (of array_subjob 64686437_973):
Mon Mar  2 11:39:57 AM CET 2026
(True, True)
(True, False)
(True, False)
Current time: 2026-03-02 11:40:00.634168 

True
METHOD = 'diofantos'
DEGREE = 3
SCALE = 3
  all_datasets = 2257
start = 973, end = 974
task_id = 973
pds0973.csv:
  gt_rhs = '6*v**2*y + 5*v*w*x - 7'
   target = 6*v**2*y + 5*v*w*x - 7
['6*v**2*y + 5*v*w*x - 7']
  is_equivalent = True
  total_successes = 1, success_rate = 1.0


Whole evaluation from the beginning of the script took:
 51.9 seconds, i.e. 0.86 minutes or 0.014 hours.

Current time: 2026-03-02 11:40:52.529237
Mon Mar  2 11:40:52 AM CET 2026
this is oei.sh 0 dopa-deg3 0 999    doing   doones job_id 64686437 task_id 0 * 1000 + 973 --exper_id dopa-deg3
