==============================================
Starting time (of array_subjob 64686437_976):
Mon Mar  2 11:39:57 AM CET 2026
(True, True)
(True, False)
(True, False)
Current time: 2026-03-02 11:40:00.634342 

True
METHOD = 'diofantos'
DEGREE = 3
SCALE = 3
  all_datasets = 2257
start = 976, end = 977
task_id = 976
pds0976.csv:
  gt_rhs = '-3*v + 2*w + 4*y - 2'
   target = -3*v + 2*w + 4*y - 2
['-3*v + 2*w + 4*y - 2']
  is_equivalent = True
  total_successes = 1, success_rate = 1.0


Whole evaluation from the beginning of the script took:
 53.2 seconds, i.e. 0.89 minutes or 0.015 hours.

Current time: 2026-03-02 11:40:53.842728
Mon Mar  2 11:40:54 AM CET 2026
this is oei.sh 0 dopa-deg3 0 999    doing   doones job_id 64686437 task_id 0 * 1000 + 976 --exper_id dopa-deg3
