==============================================
Starting time (of array_subjob 64686437_992):
Mon Mar  2 11:39:57 AM CET 2026
(True, True)
(True, False)
(True, False)
Current time: 2026-03-02 11:40:00.658497 

True
METHOD = 'diofantos'
DEGREE = 3
SCALE = 3
  all_datasets = 2257
start = 992, end = 993
task_id = 992
pds0992.csv:
  gt_rhs = '4*v - 6*y**2 + 5*y*z - 1'
   target = 4*v - 6*y**2 + 5*y*z - 1
['4*v - 6*y**2 + 5*y*z - 1']
  is_equivalent = True
  total_successes = 1, success_rate = 1.0


Whole evaluation from the beginning of the script took:
 54.8 seconds, i.e. 0.91 minutes or 0.015 hours.

Current time: 2026-03-02 11:40:55.449255
Mon Mar  2 11:40:55 AM CET 2026
this is oei.sh 0 dopa-deg3 0 999    doing   doones job_id 64686437 task_id 0 * 1000 + 992 --exper_id dopa-deg3
