==============================================
Starting time (of array_subjob 65474259_8):
Tue Mar 24 02:07:46 PM CET 2026
(True, True)
(True, False)
(True, False)
Current time: 2026-03-24 14:07:50.245275 

True
METHOD = 'diofantos'
DEGREE = 4
SCALE = 3000
  all_datasets = 2257
pds1008.csv:
  gt_rhs = '9*v*y**2 - 7*w - 2'
d_max = 1
d_max = 2
d_max = 3
   target = 9*v*y**2 - 7*w - 2
['9*v*y**2 - 7*w - 2']
  is_equivalent = True
  total_successes = 1, success_rate = 1.0
DEGREE = 4:
METHOD = 'diofantos':


Whole evaluation from the beginning of the script took:
 86.1 seconds, i.e. 1.44 minutes or 0.024 hours.

Current time: 2026-03-24 14:09:16.372003
Tue Mar 24 02:09:17 PM CET 2026
this is oei.sh 1 sth-dp4-1h 0 999    doing   doones job_id 65474259 task_id 1 * 1000 + 8 --exper_id sth-dp4-1h
