==============================================
Starting time (of array_subjob 65474259_28):
Tue Mar 24 02:08:59 PM CET 2026
(True, True)
(True, False)
(True, False)
Current time: 2026-03-24 14:09:02.205693 

True
METHOD = 'diofantos'
DEGREE = 4
SCALE = 3000
  all_datasets = 2257
pds1028.csv:
  gt_rhs = '3*w**2*y**2'
d_max = 1
d_max = 2
   target = -1734338088916206638329289905*v**2 - 1675767895226867552817258891*v*w + 4344530962877911694290642627*v*x + 10694102333076164082897824724*v*y - 3308854225189159167156414307*v*z + 50720164163105084574136842913*v - 7252605668111825275202625006*w**2 - 10711965285120770779493994826*w*x - 6338386655361338652206934190*w*y + 5445563541165106238522273013*w*z - 21074684002966330875483994739*w + 6127763248420222411460057155*x**2 + 10295770728352118125369728919*x*y - 1641847226130382716371379537*x*z - 34839126362594587251847882734*x + 5773831891515787783634209815*y**2 - 6946682527415076449484052283*y*z - 27100211695700779798856611149*y + 1463229164116415385890675231*z**2 - 23712062831992957530351851885*z - 112037021677380440009606894668
['-1734338088916206638329289905*v**2 - 1675767895226867552817258891*v*w + 4344530962877911694290642627*v*x + 10694102333076164082897824724*v*y - 3308854225189159167156414307*v*z + 50720164163105084574136842913*v - 7252605668111825275202625006*w**2 - 10711965285120770779493994826*w*x - 6338386655361338652206934190*w*y + 5445563541165106238522273013*w*z - 21074684002966330875483994739*w + 6127763248420222411460057155*x**2 + 10295770728352118125369728919*x*y - 1641847226130382716371379537*x*z - 34839126362594587251847882734*x + 5773831891515787783634209815*y**2 - 6946682527415076449484052283*y*z - 27100211695700779798856611149*y + 1463229164116415385890675231*z**2 - 23712062831992957530351851885*z - 112037021677380440009606894668']
  is_equivalent = False
  total_successes = 0, success_rate = 0.0
DEGREE = 4:
METHOD = 'diofantos':


Whole evaluation from the beginning of the script took:
 2.0 seconds, i.e. 0.03 minutes or 0.001 hours.

Current time: 2026-03-24 14:09:04.175143
Tue Mar 24 02:09:05 PM CET 2026
this is oei.sh 1 sth-dp4-1h 0 999    doing   doones job_id 65474259 task_id 1 * 1000 + 28 --exper_id sth-dp4-1h
