==============================================
Starting time (of array_subjob 65474259_22):
Tue Mar 24 02:08:23 PM CET 2026
(True, True)
(True, False)
(True, False)
Current time: 2026-03-24 14:08:25.228796 

True
METHOD = 'diofantos'
DEGREE = 4
SCALE = 3000
  all_datasets = 2257
pds1022.csv:
  gt_rhs = '2*v*y*z - 4*x*z'
d_max = 1
d_max = 2
   target = 5533330900879054050576703882*v**2 + 69556127150027103589087331750*v*w - 29509336265686574638915129094*v*x - 14168701463002930589915024932*v*y - 86794217520565721842741527216*v*z + 258927530129021689986923179094*v + 67569684812892522285582868248*w**2 - 51358996281278451194934451836*w*x - 17042589003498586402651850676*w*y - 177908055694798985655881920744*w*z + 587760588283016476451942377308*w + 27852395657740148457786654752*x**2 + 12160324926256947524470630292*x*y + 25613204077879361196498709872*x*z - 15749738926100891544417411612*x - 11320311086148423856811620360*y**2 - 63716004230734617574759289196*y*z + 286737419798066530643591375276*y - 15671168686622511567460096160*z**2 + 282332005709064550058214677212*z - 830107241551272418999712929724
['5533330900879054050576703882*v**2 + 69556127150027103589087331750*v*w - 29509336265686574638915129094*v*x - 14168701463002930589915024932*v*y - 86794217520565721842741527216*v*z + 258927530129021689986923179094*v + 67569684812892522285582868248*w**2 - 51358996281278451194934451836*w*x - 17042589003498586402651850676*w*y - 177908055694798985655881920744*w*z + 587760588283016476451942377308*w + 27852395657740148457786654752*x**2 + 12160324926256947524470630292*x*y + 25613204077879361196498709872*x*z - 15749738926100891544417411612*x - 11320311086148423856811620360*y**2 - 63716004230734617574759289196*y*z + 286737419798066530643591375276*y - 15671168686622511567460096160*z**2 + 282332005709064550058214677212*z - 830107241551272418999712929724']
  is_equivalent = False
  total_successes = 0, success_rate = 0.0
DEGREE = 4:
METHOD = 'diofantos':


Whole evaluation from the beginning of the script took:
 1.9 seconds, i.e. 0.03 minutes or 0.001 hours.

Current time: 2026-03-24 14:08:27.102034
Tue Mar 24 02:08:27 PM CET 2026
this is oei.sh 1 sth-dp4-1h 0 999    doing   doones job_id 65474259 task_id 1 * 1000 + 22 --exper_id sth-dp4-1h
