==============================================
Starting time (of array_subjob 65474259_54):
Tue Mar 24 02:10:46 PM CET 2026
(True, True)
(True, False)
(True, False)
Current time: 2026-03-24 14:10:49.719731 

True
METHOD = 'diofantos'
DEGREE = 4
SCALE = 3000
  all_datasets = 2257
pds1054.csv:
  gt_rhs = '2*v*w**4*x*y*z'
d_max = 1
d_max = 2
   target = 4845630021561070238484809973*v**2 - 11718241884639900389839400964*v*w + 21227140116442463002582198420*v*x + 27863307293095964066978494317*v*y + 37440612579491966106578957034*v*z + 131339632443906906039660094964*v - 16324817641191360459811501428*w**2 + 13023886614195070528328920034*w*x + 24926676848586856241618557408*w*y + 14632473537194259230552268622*w*z - 100493990839309926423690636122*w + 10280813945581945811596822533*x**2 + 40721797025200109848295456228*x*y + 42116571874410079713502974306*x*z + 86294192016727809632270348327*x + 9109392307828685715296575471*y**2 + 40966944592677643049041085009*y*z + 222497830529087657387082799179*y + 22647133946659791546927138639*z**2 + 58438712909551259645103415094*z - 501147846716851251339501313226
['4845630021561070238484809973*v**2 - 11718241884639900389839400964*v*w + 21227140116442463002582198420*v*x + 27863307293095964066978494317*v*y + 37440612579491966106578957034*v*z + 131339632443906906039660094964*v - 16324817641191360459811501428*w**2 + 13023886614195070528328920034*w*x + 24926676848586856241618557408*w*y + 14632473537194259230552268622*w*z - 100493990839309926423690636122*w + 10280813945581945811596822533*x**2 + 40721797025200109848295456228*x*y + 42116571874410079713502974306*x*z + 86294192016727809632270348327*x + 9109392307828685715296575471*y**2 + 40966944592677643049041085009*y*z + 222497830529087657387082799179*y + 22647133946659791546927138639*z**2 + 58438712909551259645103415094*z - 501147846716851251339501313226']
  is_equivalent = False
  total_successes = 0, success_rate = 0.0
DEGREE = 4:
METHOD = 'diofantos':


Whole evaluation from the beginning of the script took:
 2.0 seconds, i.e. 0.03 minutes or 0.001 hours.

Current time: 2026-03-24 14:10:51.684464
Tue Mar 24 02:10:52 PM CET 2026
this is oei.sh 1 sth-dp4-1h 0 999    doing   doones job_id 65474259 task_id 1 * 1000 + 54 --exper_id sth-dp4-1h
