==============================================
Starting time (of array_subjob 65474259_55):
Tue Mar 24 02:10:46 PM CET 2026
(True, True)
(True, False)
(True, False)
Current time: 2026-03-24 14:10:49.671766 

True
METHOD = 'diofantos'
DEGREE = 4
SCALE = 3000
  all_datasets = 2257
pds1055.csv:
  gt_rhs = '10*v*y**2*z**2 + 8'
d_max = 1
d_max = 2
   target = 5168381630602645011517639956149*v**2 + 3382093488173395125206430481880*v*w + 2374003246718873886090621558797*v*x + 3098643390736729322017790378717*v*y + 495852847483123374883512814704*v*z - 9841225811705505491123499616250*v - 2022363543703893166728748210806*w**2 - 2341233846031319091315084973121*w*x + 3299233300740363615811043717045*w*y - 4111537055055741034518535273110*w*z - 12581677693918434905259827506943*w - 3011782083299289124312762214757*x**2 + 6401869247362462885801785442164*x*y - 3248298806111563402137226677948*x*z + 24053848042681368535307231577211*x + 2496423083095045199653859181386*y**2 + 2052940972283939808804182608442*y*z - 23870671209989328066775683199546*y - 4961659572793432552714732163479*z**2 + 11306411408480408244271273594817*z + 32572549513884622370364903673988
['5168381630602645011517639956149*v**2 + 3382093488173395125206430481880*v*w + 2374003246718873886090621558797*v*x + 3098643390736729322017790378717*v*y + 495852847483123374883512814704*v*z - 9841225811705505491123499616250*v - 2022363543703893166728748210806*w**2 - 2341233846031319091315084973121*w*x + 3299233300740363615811043717045*w*y - 4111537055055741034518535273110*w*z - 12581677693918434905259827506943*w - 3011782083299289124312762214757*x**2 + 6401869247362462885801785442164*x*y - 3248298806111563402137226677948*x*z + 24053848042681368535307231577211*x + 2496423083095045199653859181386*y**2 + 2052940972283939808804182608442*y*z - 23870671209989328066775683199546*y - 4961659572793432552714732163479*z**2 + 11306411408480408244271273594817*z + 32572549513884622370364903673988']
  is_equivalent = False
  total_successes = 0, success_rate = 0.0
DEGREE = 4:
METHOD = 'diofantos':


Whole evaluation from the beginning of the script took:
 2.0 seconds, i.e. 0.03 minutes or 0.001 hours.

Current time: 2026-03-24 14:10:51.712570
Tue Mar 24 02:10:52 PM CET 2026
this is oei.sh 1 sth-dp4-1h 0 999    doing   doones job_id 65474259 task_id 1 * 1000 + 55 --exper_id sth-dp4-1h
