==============================================
Starting time (of array_subjob 65474259_66):
Tue Mar 24 02:11:57 PM CET 2026
(True, True)
(True, False)
(True, False)
Current time: 2026-03-24 14:12:00.894837 

True
METHOD = 'diofantos'
DEGREE = 4
SCALE = 3000
  all_datasets = 2257
pds1066.csv:
  gt_rhs = '8*v**2*x + 5*v*x - y - 2*z - 2'
d_max = 1
d_max = 2
   target = 7373382400959238080941452*v**2 + 27103261487806058053630952*v*w - 8546714949466113025706639*v*x + 25851211046642264828764344*v*y - 20659429696995176797963940*v*z + 12207047043864855954942444*v - 1301950307738062401143420*w**2 - 39484734780445024933467368*w*x - 1863298100841238918053868*w*y + 11114617933249043892344020*w*z - 15418318964044155874611196*w - 16467219202656007862905996*x**2 + 17731763986360369058065212*x*y + 20696748054142328567360052*x*z - 49017659484084650426712696*x + 28243804017402479278433508*y**2 - 11840865936596701243176216*y*z - 57611167120889628937061429*y - 696044419020354201712718*z**2 + 200651654230192200268024744*z - 2352724400277053859008578
['7373382400959238080941452*v**2 + 27103261487806058053630952*v*w - 8546714949466113025706639*v*x + 25851211046642264828764344*v*y - 20659429696995176797963940*v*z + 12207047043864855954942444*v - 1301950307738062401143420*w**2 - 39484734780445024933467368*w*x - 1863298100841238918053868*w*y + 11114617933249043892344020*w*z - 15418318964044155874611196*w - 16467219202656007862905996*x**2 + 17731763986360369058065212*x*y + 20696748054142328567360052*x*z - 49017659484084650426712696*x + 28243804017402479278433508*y**2 - 11840865936596701243176216*y*z - 57611167120889628937061429*y - 696044419020354201712718*z**2 + 200651654230192200268024744*z - 2352724400277053859008578']
  is_equivalent = False
  total_successes = 0, success_rate = 0.0
DEGREE = 4:
METHOD = 'diofantos':


Whole evaluation from the beginning of the script took:
 2.1 seconds, i.e. 0.04 minutes or 0.001 hours.

Current time: 2026-03-24 14:12:02.999142
Tue Mar 24 02:12:04 PM CET 2026
this is oei.sh 1 sth-dp4-1h 0 999    doing   doones job_id 65474259 task_id 1 * 1000 + 66 --exper_id sth-dp4-1h
