==============================================
Starting time (of array_subjob 65474259_73):
Tue Mar 24 02:13:16 PM CET 2026
(True, True)
(True, False)
(True, False)
Current time: 2026-03-24 14:13:21.733686 

True
METHOD = 'diofantos'
DEGREE = 4
SCALE = 3000
  all_datasets = 2257
pds1073.csv:
  gt_rhs = '-6*v*x*z + 8*z'
d_max = 1
d_max = 2
   target = 3370677545620249526915542487920*v**2 - 3747897792775070635337848359694*v*w + 2893874376910352329648422852740*v*x + 1294837032804164765414727829610*v*y + 1186913392715125724419336245546*v*z - 7947228624921759231068736716206*v - 130158162123123832523190787976*w**2 + 341871684237219404858783133318*w*x + 506959363919356921615851013704*w*y + 1789391902814135127710743361240*w*z + 7698784106891812800111668236618*w + 2075008418241649789941205922923*x**2 + 1284378978132416057734641159636*x*y + 545231136208474803374533923948*x*z + 3699953027538210482007639281763*x - 129013555610737519704685125206*y**2 + 250483203154776232738872882272*y*z - 9503769957975932219517052738764*y - 1424626840443319534160454792934*z**2 - 774629599666922218704957888334*z - 4894287588432869018812806231760
['3370677545620249526915542487920*v**2 - 3747897792775070635337848359694*v*w + 2893874376910352329648422852740*v*x + 1294837032804164765414727829610*v*y + 1186913392715125724419336245546*v*z - 7947228624921759231068736716206*v - 130158162123123832523190787976*w**2 + 341871684237219404858783133318*w*x + 506959363919356921615851013704*w*y + 1789391902814135127710743361240*w*z + 7698784106891812800111668236618*w + 2075008418241649789941205922923*x**2 + 1284378978132416057734641159636*x*y + 545231136208474803374533923948*x*z + 3699953027538210482007639281763*x - 129013555610737519704685125206*y**2 + 250483203154776232738872882272*y*z - 9503769957975932219517052738764*y - 1424626840443319534160454792934*z**2 - 774629599666922218704957888334*z - 4894287588432869018812806231760']
  is_equivalent = False
  total_successes = 0, success_rate = 0.0
DEGREE = 4:
METHOD = 'diofantos':


Whole evaluation from the beginning of the script took:
 3.3 seconds, i.e. 0.06 minutes or 0.001 hours.

Current time: 2026-03-24 14:13:25.072615
Tue Mar 24 02:13:25 PM CET 2026
this is oei.sh 1 sth-dp4-1h 0 999    doing   doones job_id 65474259 task_id 1 * 1000 + 73 --exper_id sth-dp4-1h
