==============================================
Starting time (of array_subjob 65474259_82):
Tue Mar 24 02:13:54 PM CET 2026
(True, True)
(True, False)
(True, False)
Current time: 2026-03-24 14:13:58.828864 

True
METHOD = 'diofantos'
DEGREE = 4
SCALE = 3000
  all_datasets = 2257
pds1082.csv:
  gt_rhs = '-3*v - 6*x*y'
d_max = 1
d_max = 2
   target = -3*v - 6*x*y
['-3*v - 6*x*y']
  is_equivalent = True
  total_successes = 1, success_rate = 1.0
DEGREE = 4:
METHOD = 'diofantos':


Whole evaluation from the beginning of the script took:
 3.4 seconds, i.e. 0.06 minutes or 0.001 hours.

Current time: 2026-03-24 14:14:02.223020
Tue Mar 24 02:14:03 PM CET 2026
this is oei.sh 1 sth-dp4-1h 0 999    doing   doones job_id 65474259 task_id 1 * 1000 + 82 --exper_id sth-dp4-1h
