==============================================
Starting time (of array_subjob 65474259_174):
Tue Mar 24 02:20:30 PM CET 2026
(True, True)
(True, False)
(True, False)
Current time: 2026-03-24 14:20:34.388009 

True
METHOD = 'diofantos'
DEGREE = 4
SCALE = 3000
  all_datasets = 2257
pds1174.csv:
  gt_rhs = '7*v**2*z + 2*v*x - 8'
d_max = 1
d_max = 2
   target = 8538646061583825223016778858835*v**2 + 35561200791019746579869640455426*v*w - 22966286294864510363578336851050*v*x + 44782819298424271891499708520040*v*y + 19814710835565730522087420454189*v*z - 175601300358027411501040855140805*v - 1543818079962337308560457508193*w**2 + 1204543208399848144530458433922*w*x - 32681049857750713184481286376440*w*y - 60170789220873051305320844694804*w*z + 114390935513069965655531486093287*w + 83507837965380797196942674766412*x**2 - 6008216682641032931424737648416*x*y - 28204996018253904279188696232474*x*z + 110562915328086405514604162775524*x - 4576594539840338747705179922199*y**2 - 28958859139803791716863484101166*y*z + 10054756410069684573957790017617*y + 39194240003833028520438235745856*z**2 + 278518491929150370388513094576332*z - 4527223599918533588927991516169016
['8538646061583825223016778858835*v**2 + 35561200791019746579869640455426*v*w - 22966286294864510363578336851050*v*x + 44782819298424271891499708520040*v*y + 19814710835565730522087420454189*v*z - 175601300358027411501040855140805*v - 1543818079962337308560457508193*w**2 + 1204543208399848144530458433922*w*x - 32681049857750713184481286376440*w*y - 60170789220873051305320844694804*w*z + 114390935513069965655531486093287*w + 83507837965380797196942674766412*x**2 - 6008216682641032931424737648416*x*y - 28204996018253904279188696232474*x*z + 110562915328086405514604162775524*x - 4576594539840338747705179922199*y**2 - 28958859139803791716863484101166*y*z + 10054756410069684573957790017617*y + 39194240003833028520438235745856*z**2 + 278518491929150370388513094576332*z - 4527223599918533588927991516169016']
  is_equivalent = False
  total_successes = 0, success_rate = 0.0
DEGREE = 4:
METHOD = 'diofantos':


Whole evaluation from the beginning of the script took:
 3.5 seconds, i.e. 0.06 minutes or 0.001 hours.

Current time: 2026-03-24 14:20:37.910574
Tue Mar 24 02:20:38 PM CET 2026
this is oei.sh 1 sth-dp4-1h 0 999    doing   doones job_id 65474259 task_id 1 * 1000 + 174 --exper_id sth-dp4-1h
