==============================================
Starting time (of array_subjob 65474259_192):
Tue Mar 24 02:21:55 PM CET 2026
(True, True)
(True, False)
(True, False)
Current time: 2026-03-24 14:21:58.086756 

True
METHOD = 'diofantos'
DEGREE = 4
SCALE = 3000
  all_datasets = 2257
pds1192.csv:
  gt_rhs = '-4*v*w*y - 3*z'
d_max = 1
d_max = 2
d_max = 3
   target = -4*v*w*y - 3*z
['-4*v*w*y - 3*z']
  is_equivalent = True
  total_successes = 1, success_rate = 1.0
DEGREE = 4:
METHOD = 'diofantos':


Whole evaluation from the beginning of the script took:
 51.2 seconds, i.e. 0.85 minutes or 0.014 hours.

Current time: 2026-03-24 14:22:49.258573
Tue Mar 24 02:22:49 PM CET 2026
this is oei.sh 1 sth-dp4-1h 0 999    doing   doones job_id 65474259 task_id 1 * 1000 + 192 --exper_id sth-dp4-1h
