==============================================
Starting time (of array_subjob 65474259_203):
Tue Mar 24 02:22:37 PM CET 2026
(True, True)
(True, False)
(True, False)
Current time: 2026-03-24 14:22:40.591652 

True
METHOD = 'diofantos'
DEGREE = 4
SCALE = 3000
  all_datasets = 2257
pds1203.csv:
  gt_rhs = 'v*w*x + x*y'
d_max = 1
d_max = 2
   target = 323198648490351706635854210298*v**2 + 498025784608210240536940802799*v*w - 1767732224991903973604713515436*v*x + 2016777088982546692619949418917*v*y + 502036547140581803603973243759*v*z + 1195303956910050850460609959473*v + 250803225577439138140228405350*w**2 - 15618835539303886087197069407*w*x - 1098303980566872988961787530409*w*y - 1256560310150327555927646858873*w*z + 11136587078292329956060286220744*w + 478114423204269546381460336867*x**2 - 1254748018051981448711038889957*x*y - 2752130504567003865365637847300*x*z + 24515580314619260619575282559*x + 2008936971776926285560070445295*y**2 + 2391492849443617174280345043528*y*z + 1156849244573621077373590276359*y - 1494382752448027861972581787734*z**2 - 8295007858345968896961031728*z + 2985280943593062813257847016104
['323198648490351706635854210298*v**2 + 498025784608210240536940802799*v*w - 1767732224991903973604713515436*v*x + 2016777088982546692619949418917*v*y + 502036547140581803603973243759*v*z + 1195303956910050850460609959473*v + 250803225577439138140228405350*w**2 - 15618835539303886087197069407*w*x - 1098303980566872988961787530409*w*y - 1256560310150327555927646858873*w*z + 11136587078292329956060286220744*w + 478114423204269546381460336867*x**2 - 1254748018051981448711038889957*x*y - 2752130504567003865365637847300*x*z + 24515580314619260619575282559*x + 2008936971776926285560070445295*y**2 + 2391492849443617174280345043528*y*z + 1156849244573621077373590276359*y - 1494382752448027861972581787734*z**2 - 8295007858345968896961031728*z + 2985280943593062813257847016104']
  is_equivalent = False
  total_successes = 0, success_rate = 0.0
DEGREE = 4:
METHOD = 'diofantos':


Whole evaluation from the beginning of the script took:
 2.1 seconds, i.e. 0.04 minutes or 0.001 hours.

Current time: 2026-03-24 14:22:42.718835
Tue Mar 24 02:22:43 PM CET 2026
this is oei.sh 1 sth-dp4-1h 0 999    doing   doones job_id 65474259 task_id 1 * 1000 + 203 --exper_id sth-dp4-1h
