==============================================
Starting time (of array_subjob 65474259_217):
Tue Mar 24 02:23:21 PM CET 2026
(True, True)
(True, False)
(True, False)
Current time: 2026-03-24 14:23:24.434580 

True
METHOD = 'diofantos'
DEGREE = 4
SCALE = 3000
  all_datasets = 2257
pds1217.csv:
  gt_rhs = '-6*v*w*y*z**2 + 3'
d_max = 1
d_max = 2
   target = -7438068462264325894297852272*v**2 + 3239581078380429663845236158*v*w + 6966040618288160421846490230*v*x - 20690213509160848493373590064*v*y + 8151308757057639375061621575*v*z - 46100494288644332305360861224*v - 3149309135812643712521857851*w**2 - 8532913885481754813621071742*w*x + 9518865810209015993512820124*w*y - 3476471959203654078178985073*w*z + 18689311119222368372948948787*w + 4831710045562412863108021896*x**2 + 193295235551901055133257068*x*y + 5598083735391905864006330442*x*z - 36947643494892601237437359904*x - 10672604977405648542189162168*y**2 + 2690182469180267721183611529*y*z - 9943198135941711193448675460*y + 2503970393652556898652623805*z**2 + 1608975690161711198038950330*z + 71068465240961459343179865357
['-7438068462264325894297852272*v**2 + 3239581078380429663845236158*v*w + 6966040618288160421846490230*v*x - 20690213509160848493373590064*v*y + 8151308757057639375061621575*v*z - 46100494288644332305360861224*v - 3149309135812643712521857851*w**2 - 8532913885481754813621071742*w*x + 9518865810209015993512820124*w*y - 3476471959203654078178985073*w*z + 18689311119222368372948948787*w + 4831710045562412863108021896*x**2 + 193295235551901055133257068*x*y + 5598083735391905864006330442*x*z - 36947643494892601237437359904*x - 10672604977405648542189162168*y**2 + 2690182469180267721183611529*y*z - 9943198135941711193448675460*y + 2503970393652556898652623805*z**2 + 1608975690161711198038950330*z + 71068465240961459343179865357']
  is_equivalent = False
  total_successes = 0, success_rate = 0.0
DEGREE = 4:
METHOD = 'diofantos':


Whole evaluation from the beginning of the script took:
 2.0 seconds, i.e. 0.03 minutes or 0.001 hours.

Current time: 2026-03-24 14:23:26.447269
Tue Mar 24 02:23:27 PM CET 2026
this is oei.sh 1 sth-dp4-1h 0 999    doing   doones job_id 65474259 task_id 1 * 1000 + 217 --exper_id sth-dp4-1h
