==============================================
Starting time (of array_subjob 65474259_225):
Tue Mar 24 02:23:21 PM CET 2026
(True, True)
(True, False)
(True, False)
Current time: 2026-03-24 14:23:24.301126 

True
METHOD = 'diofantos'
DEGREE = 4
SCALE = 3000
  all_datasets = 2257
pds1225.csv:
  gt_rhs = '-4*v*w*z - x**2 + 6*z'
d_max = 1
d_max = 2
   target = -20204357063029830392163832262*v**2 - 22252792984674190934070511370*v*w + 219039837540923797403492009*v*x - 26768679672621496681214947972*v*y - 12471751402823110286949660441*v*z + 38983862358275978442100409718*v + 3313236002006455995661345336*w**2 - 7577857210843010695326761416*w*x + 4040258294800486007473148726*w*y - 12934843434950122102573774892*w*z - 15895791510571759981000629604*w + 31434724717882903456149836833*x**2 - 19068413183747145796429729990*x*y + 23666594735422821341148321242*x*z + 192132229099394851473931924836*x + 20004925401486663565467169077*y**2 - 3011512363384355690719256574*y*z - 17930148345189433312648515673*y + 726821638924761056789204634*z**2 + 258561711780829389300688395400*z - 662785573536951160907701840550
['-20204357063029830392163832262*v**2 - 22252792984674190934070511370*v*w + 219039837540923797403492009*v*x - 26768679672621496681214947972*v*y - 12471751402823110286949660441*v*z + 38983862358275978442100409718*v + 3313236002006455995661345336*w**2 - 7577857210843010695326761416*w*x + 4040258294800486007473148726*w*y - 12934843434950122102573774892*w*z - 15895791510571759981000629604*w + 31434724717882903456149836833*x**2 - 19068413183747145796429729990*x*y + 23666594735422821341148321242*x*z + 192132229099394851473931924836*x + 20004925401486663565467169077*y**2 - 3011512363384355690719256574*y*z - 17930148345189433312648515673*y + 726821638924761056789204634*z**2 + 258561711780829389300688395400*z - 662785573536951160907701840550']
  is_equivalent = False
  total_successes = 0, success_rate = 0.0
DEGREE = 4:
METHOD = 'diofantos':


Whole evaluation from the beginning of the script took:
 2.0 seconds, i.e. 0.03 minutes or 0.001 hours.

Current time: 2026-03-24 14:23:26.347293
Tue Mar 24 02:23:27 PM CET 2026
this is oei.sh 1 sth-dp4-1h 0 999    doing   doones job_id 65474259 task_id 1 * 1000 + 225 --exper_id sth-dp4-1h
