==============================================
Starting time (of array_subjob 65474259_243):
Tue Mar 24 02:24:04 PM CET 2026
(True, True)
(True, False)
(True, False)
Current time: 2026-03-24 14:24:06.991052 

True
METHOD = 'diofantos'
DEGREE = 4
SCALE = 3000
  all_datasets = 2257
pds1243.csv:
  gt_rhs = '8*x*y - 2*y + 7*z'
d_max = 1
d_max = 2
   target = 8*x*y - 2*y + 7*z
['8*x*y - 2*y + 7*z']
  is_equivalent = True
  total_successes = 1, success_rate = 1.0
DEGREE = 4:
METHOD = 'diofantos':


Whole evaluation from the beginning of the script took:
 2.0 seconds, i.e. 0.03 minutes or 0.001 hours.

Current time: 2026-03-24 14:24:08.963479
Tue Mar 24 02:24:09 PM CET 2026
this is oei.sh 1 sth-dp4-1h 0 999    doing   doones job_id 65474259 task_id 1 * 1000 + 243 --exper_id sth-dp4-1h
