==============================================
Starting time (of array_subjob 65474259_264):
Tue Mar 24 02:25:28 PM CET 2026
(True, True)
(True, False)
(True, False)
Current time: 2026-03-24 14:25:31.482636 

True
METHOD = 'diofantos'
DEGREE = 4
SCALE = 3000
  all_datasets = 2257
pds1264.csv:
  gt_rhs = '-6*v*w**3*x**2*z - 3'
d_max = 1
d_max = 2
   target = 82807848558474093713776161876*v**2 - 27250202544843705901352377494*v*w + 19687664238752128579443760014*v*x - 36380691598742556813140913882*v*y - 65181857714472270817579766272*v*z - 215519242819416053910406429786*v - 23855069697581884286441817695*w**2 + 28192852744282215817074030209*w*x + 92830649527056884282293323707*w*y - 66766947153564363219744189821*w*z + 375343818988622983132230555341*w - 36615451516999415600178642858*x**2 - 51249699082222512577922190690*x*y - 22997494822698892687286951819*x*z - 422299944727790807081952351578*x + 18529192544425334407362919944*y**2 + 86577987091608776161911470137*y*z + 394298529024815312381420742094*y - 58276224755403173763917417261*z**2 - 113787511704939825613354116974*z + 2503661562297507173159698177827
['82807848558474093713776161876*v**2 - 27250202544843705901352377494*v*w + 19687664238752128579443760014*v*x - 36380691598742556813140913882*v*y - 65181857714472270817579766272*v*z - 215519242819416053910406429786*v - 23855069697581884286441817695*w**2 + 28192852744282215817074030209*w*x + 92830649527056884282293323707*w*y - 66766947153564363219744189821*w*z + 375343818988622983132230555341*w - 36615451516999415600178642858*x**2 - 51249699082222512577922190690*x*y - 22997494822698892687286951819*x*z - 422299944727790807081952351578*x + 18529192544425334407362919944*y**2 + 86577987091608776161911470137*y*z + 394298529024815312381420742094*y - 58276224755403173763917417261*z**2 - 113787511704939825613354116974*z + 2503661562297507173159698177827']
  is_equivalent = False
  total_successes = 0, success_rate = 0.0
DEGREE = 4:
METHOD = 'diofantos':


Whole evaluation from the beginning of the script took:
 2.0 seconds, i.e. 0.03 minutes or 0.001 hours.

Current time: 2026-03-24 14:25:33.480061
Tue Mar 24 02:25:34 PM CET 2026
this is oei.sh 1 sth-dp4-1h 0 999    doing   doones job_id 65474259 task_id 1 * 1000 + 264 --exper_id sth-dp4-1h
