==============================================
Starting time (of array_subjob 65474259_328):
Tue Mar 24 02:29:50 PM CET 2026
(True, True)
(True, False)
(True, False)
Current time: 2026-03-24 14:29:52.602652 

True
METHOD = 'diofantos'
DEGREE = 4
SCALE = 3000
  all_datasets = 2257
pds1328.csv:
  gt_rhs = '-v**2*w**3'
d_max = 1
d_max = 2
   target = -999432983689299036747995985541*v**2 + 861693917443836128546812017063*v*w + 2316372569648955554311384665564*v*x - 3038211715397614320328437543070*v*y + 603063012119606313241459877870*v*z - 6504674290889349001808694961467*v + 2584197450008396608155281987564*w**2 - 5319455756285257432572827465264*w*x + 4625082348112684202260623171466*w*y - 3606561413272028831771018594938*w*z - 6898006419525069321181639858126*w - 757424535540845065495909243356*x**2 + 3467701012899615150204756648150*x*y + 266490335419307418256581380882*x*z + 1475135294112567778139451641534*x - 2801521159268186274407754219231*y**2 + 1242819142254433938702564661266*y*z + 6674210659045828356932677615455*y + 1750296800143312129035524903967*z**2 + 3145669788608656700925519165717*z - 81188820742871481075932017169766
['-999432983689299036747995985541*v**2 + 861693917443836128546812017063*v*w + 2316372569648955554311384665564*v*x - 3038211715397614320328437543070*v*y + 603063012119606313241459877870*v*z - 6504674290889349001808694961467*v + 2584197450008396608155281987564*w**2 - 5319455756285257432572827465264*w*x + 4625082348112684202260623171466*w*y - 3606561413272028831771018594938*w*z - 6898006419525069321181639858126*w - 757424535540845065495909243356*x**2 + 3467701012899615150204756648150*x*y + 266490335419307418256581380882*x*z + 1475135294112567778139451641534*x - 2801521159268186274407754219231*y**2 + 1242819142254433938702564661266*y*z + 6674210659045828356932677615455*y + 1750296800143312129035524903967*z**2 + 3145669788608656700925519165717*z - 81188820742871481075932017169766']
  is_equivalent = False
  total_successes = 0, success_rate = 0.0
DEGREE = 4:
METHOD = 'diofantos':


Whole evaluation from the beginning of the script took:
 1.9 seconds, i.e. 0.03 minutes or 0.001 hours.

Current time: 2026-03-24 14:29:54.500401
Tue Mar 24 02:29:54 PM CET 2026
this is oei.sh 1 sth-dp4-1h 0 999    doing   doones job_id 65474259 task_id 1 * 1000 + 328 --exper_id sth-dp4-1h
