==============================================
Starting time (of array_subjob 65474259_417):
Tue Mar 24 02:38:20 PM CET 2026
(True, True)
(True, False)
(True, False)
Current time: 2026-03-24 14:38:22.401468 

True
METHOD = 'diofantos'
DEGREE = 4
SCALE = 3000
  all_datasets = 2257
pds1417.csv:
  gt_rhs = '-8*v - 6*w**2*x + 9*w*x + 2*x*y*z + x*y - x + y + 6'
d_max = 1
d_max = 2
   target = -50286314276759028024734711010*v**2 - 29323495984940821659374581582*v*w - 12380506385001723345180266870*v*x - 6864398138865979256671733111*v*y - 22645418269067992440888668966*v*z + 111927080603349410912265998973*v - 29888348080948786823745092114*w**2 - 23062810416099773051021581021*w*x - 14647977752492258462308455715*w*y + 5938728566011805566099525282*w*z - 61295375610691017777393979059*w - 48281958436786876045032847104*x**2 + 35430090850680110730137968280*x*y - 17837956488992004541958506388*x*z - 194384420100767970355802308944*x + 19841824374801884173213815384*y**2 - 52096997290351557229967415018*y*z - 228978411183912224663442930656*y + 18854358044926928148073475620*z**2 + 232480622158918509027113804172*z + 3843389198398525730442980071091
['-50286314276759028024734711010*v**2 - 29323495984940821659374581582*v*w - 12380506385001723345180266870*v*x - 6864398138865979256671733111*v*y - 22645418269067992440888668966*v*z + 111927080603349410912265998973*v - 29888348080948786823745092114*w**2 - 23062810416099773051021581021*w*x - 14647977752492258462308455715*w*y + 5938728566011805566099525282*w*z - 61295375610691017777393979059*w - 48281958436786876045032847104*x**2 + 35430090850680110730137968280*x*y - 17837956488992004541958506388*x*z - 194384420100767970355802308944*x + 19841824374801884173213815384*y**2 - 52096997290351557229967415018*y*z - 228978411183912224663442930656*y + 18854358044926928148073475620*z**2 + 232480622158918509027113804172*z + 3843389198398525730442980071091']
  is_equivalent = False
  total_successes = 0, success_rate = 0.0
DEGREE = 4:
METHOD = 'diofantos':


Whole evaluation from the beginning of the script took:
 1.9 seconds, i.e. 0.03 minutes or 0.001 hours.

Current time: 2026-03-24 14:38:24.318029
Tue Mar 24 02:38:24 PM CET 2026
this is oei.sh 1 sth-dp4-1h 0 999    doing   doones job_id 65474259 task_id 1 * 1000 + 417 --exper_id sth-dp4-1h
