==============================================
Starting time (of array_subjob 65474259_430):
Tue Mar 24 02:39:00 PM CET 2026
(True, True)
(True, False)
(True, False)
Current time: 2026-03-24 14:39:02.788980 

True
METHOD = 'diofantos'
DEGREE = 4
SCALE = 3000
  all_datasets = 2257
pds1430.csv:
  gt_rhs = '-4*v*x*y + 10*v - 7*x + 9'
d_max = 1
d_max = 2
d_max = 3
   target = -4*v*x*y + 10*v - 7*x + 9
['-4*v*x*y + 10*v - 7*x + 9']
  is_equivalent = True
  total_successes = 1, success_rate = 1.0
DEGREE = 4:
METHOD = 'diofantos':


Whole evaluation from the beginning of the script took:
 51.6 seconds, i.e. 0.86 minutes or 0.014 hours.

Current time: 2026-03-24 14:39:54.430687
Tue Mar 24 02:39:54 PM CET 2026
this is oei.sh 1 sth-dp4-1h 0 999    doing   doones job_id 65474259 task_id 1 * 1000 + 430 --exper_id sth-dp4-1h
