==============================================
Starting time (of array_subjob 65474259_434):
Tue Mar 24 02:39:43 PM CET 2026
(True, True)
(True, False)
(True, False)
Current time: 2026-03-24 14:39:46.010805 

True
METHOD = 'diofantos'
DEGREE = 4
SCALE = 3000
  all_datasets = 2257
pds1434.csv:
  gt_rhs = '-9*v**3*z + 3*v + 7'
d_max = 1
d_max = 2
   target = -35456158846221982876400317230805*v**2 + 34991095168346554598789415030902*v*w - 588782346787235582484601003316*v*x - 15450168208251286816260475379680*v*y + 11462961644089070985761508974121*v*z + 201912413597379722259447828570014*v + 32390080466613690240580037886175*w**2 + 46987584374996301157532082957026*w*x + 23160787965983278516848072054024*w*y - 2543046865757751244065215839162*w*z + 88616995766363351945391894165427*w + 24714311822019121443141864777330*x**2 + 8908926630882104359677346487118*x*y + 9762037006429930536765393554798*x*z + 199841789829680178119556194735910*x + 3718114614413704693798360215410*y**2 + 23586069548553976592341810782158*y*z + 122722503795399448661973363989376*y - 12805710925078441346361974195733*z**2 - 65354788142665142170592598847547*z - 481264986241859993239286013054091
['-35456158846221982876400317230805*v**2 + 34991095168346554598789415030902*v*w - 588782346787235582484601003316*v*x - 15450168208251286816260475379680*v*y + 11462961644089070985761508974121*v*z + 201912413597379722259447828570014*v + 32390080466613690240580037886175*w**2 + 46987584374996301157532082957026*w*x + 23160787965983278516848072054024*w*y - 2543046865757751244065215839162*w*z + 88616995766363351945391894165427*w + 24714311822019121443141864777330*x**2 + 8908926630882104359677346487118*x*y + 9762037006429930536765393554798*x*z + 199841789829680178119556194735910*x + 3718114614413704693798360215410*y**2 + 23586069548553976592341810782158*y*z + 122722503795399448661973363989376*y - 12805710925078441346361974195733*z**2 - 65354788142665142170592598847547*z - 481264986241859993239286013054091']
  is_equivalent = False
  total_successes = 0, success_rate = 0.0
DEGREE = 4:
METHOD = 'diofantos':


Whole evaluation from the beginning of the script took:
 2.0 seconds, i.e. 0.03 minutes or 0.001 hours.

Current time: 2026-03-24 14:39:48.039842
Tue Mar 24 02:39:48 PM CET 2026
this is oei.sh 1 sth-dp4-1h 0 999    doing   doones job_id 65474259 task_id 1 * 1000 + 434 --exper_id sth-dp4-1h
