==============================================
Starting time (of array_subjob 65474259_465):
Tue Mar 24 02:42:34 PM CET 2026
(True, True)
(True, False)
(True, False)
Current time: 2026-03-24 14:42:36.881476 

True
METHOD = 'diofantos'
DEGREE = 4
SCALE = 3000
  all_datasets = 2257
pds1465.csv:
  gt_rhs = '6*w**4*y'
d_max = 1
d_max = 2
   target = 86698071847031860509991881510*v**2 - 93912139816541840366116788702*v*w - 101878817224749671748182230330*v*x - 55968516030597357603915796250*v*y + 16639476954660791397313899432*v*z + 882617381861185350063036526712*v - 84885086625758899902364724436*w**2 - 57965590236087538178963757330*w*x + 115347985622918381876247636612*w*y + 83485461169504013128805674992*w*z - 889599733640131530049468318968*w + 140412182530979629218685834459*x**2 - 98106832626246327027345563270*x*y - 23190618620260412704824315914*x*z + 939163556811192442754295946709*x + 183925029094809366009817517734*y**2 + 78461055253973462870199258806*y*z - 387850581090420858610657486424*y + 191827864637986372731867500739*z**2 - 136378220447512805860344268241*z - 14495822077043207329552146187874
['86698071847031860509991881510*v**2 - 93912139816541840366116788702*v*w - 101878817224749671748182230330*v*x - 55968516030597357603915796250*v*y + 16639476954660791397313899432*v*z + 882617381861185350063036526712*v - 84885086625758899902364724436*w**2 - 57965590236087538178963757330*w*x + 115347985622918381876247636612*w*y + 83485461169504013128805674992*w*z - 889599733640131530049468318968*w + 140412182530979629218685834459*x**2 - 98106832626246327027345563270*x*y - 23190618620260412704824315914*x*z + 939163556811192442754295946709*x + 183925029094809366009817517734*y**2 + 78461055253973462870199258806*y*z - 387850581090420858610657486424*y + 191827864637986372731867500739*z**2 - 136378220447512805860344268241*z - 14495822077043207329552146187874']
  is_equivalent = False
  total_successes = 0, success_rate = 0.0
DEGREE = 4:
METHOD = 'diofantos':


Whole evaluation from the beginning of the script took:
 1.8 seconds, i.e. 0.03 minutes or 0.001 hours.

Current time: 2026-03-24 14:42:38.718904
Tue Mar 24 02:42:39 PM CET 2026
this is oei.sh 1 sth-dp4-1h 0 999    doing   doones job_id 65474259 task_id 1 * 1000 + 465 --exper_id sth-dp4-1h
