==============================================
Starting time (of array_subjob 65474259_475):
Tue Mar 24 02:43:17 PM CET 2026
(True, True)
(True, False)
(True, False)
Current time: 2026-03-24 14:43:19.896389 

True
METHOD = 'diofantos'
DEGREE = 4
SCALE = 3000
  all_datasets = 2257
pds1475.csv:
  gt_rhs = '-4*v*w*x**2*z + 3*w - 2'
d_max = 1
d_max = 2
   target = -174091925777494903670867006196276*v**2 - 52618947076623107860149302064280*v*w - 61164102243080340419485928293064*v*x - 10370307893411867390218113934160*v*y + 117882754253354152189537268538368*v*z - 504207150024159113953918564200036*v - 35443935627537781131476533703544*w**2 - 45585554964669101379351730872108*w*x + 19488738948355306250513619257124*w*y - 65427071569613204367844502975904*w*z - 461989870104666847412768249503605*w - 72175738313239376456792112091132*x**2 + 16594572859910542364461780593312*x*y + 62541452860896381091792705743748*x*z - 227644774330077010040520790385544*x + 38487289258525928090856994715840*y**2 - 81130619343219234459538974334672*y*z + 339525372337733620771623487250716*y + 17426880254574209097817712372792*z**2 + 1088483600194422536130700272346056*z + 9528783886699712810741787769495982
['-174091925777494903670867006196276*v**2 - 52618947076623107860149302064280*v*w - 61164102243080340419485928293064*v*x - 10370307893411867390218113934160*v*y + 117882754253354152189537268538368*v*z - 504207150024159113953918564200036*v - 35443935627537781131476533703544*w**2 - 45585554964669101379351730872108*w*x + 19488738948355306250513619257124*w*y - 65427071569613204367844502975904*w*z - 461989870104666847412768249503605*w - 72175738313239376456792112091132*x**2 + 16594572859910542364461780593312*x*y + 62541452860896381091792705743748*x*z - 227644774330077010040520790385544*x + 38487289258525928090856994715840*y**2 - 81130619343219234459538974334672*y*z + 339525372337733620771623487250716*y + 17426880254574209097817712372792*z**2 + 1088483600194422536130700272346056*z + 9528783886699712810741787769495982']
  is_equivalent = False
  total_successes = 0, success_rate = 0.0
DEGREE = 4:
METHOD = 'diofantos':


Whole evaluation from the beginning of the script took:
 1.9 seconds, i.e. 0.03 minutes or 0.001 hours.

Current time: 2026-03-24 14:43:21.838429
Tue Mar 24 02:43:22 PM CET 2026
this is oei.sh 1 sth-dp4-1h 0 999    doing   doones job_id 65474259 task_id 1 * 1000 + 475 --exper_id sth-dp4-1h
