==============================================
Starting time (of array_subjob 65474259_498):
Tue Mar 24 02:44:43 PM CET 2026
(True, True)
(True, False)
(True, False)
Current time: 2026-03-24 14:44:46.514601 

True
METHOD = 'diofantos'
DEGREE = 4
SCALE = 3000
  all_datasets = 2257
pds1498.csv:
  gt_rhs = '-8*v**2*x**2*y*z**4 + 8'
d_max = 1
d_max = 2
   target = -1326769402825347914928443733600*v**2 - 311529520374553363787235191768*v*w - 1498939983778347170242578878300*v*x - 1932998706307347545250227134340*v*y + 16797396050141379417986650392*v*z - 800488117868149902295296412228*v + 792353258920624139209882145266*w**2 - 319838014844820480116816717292*w*x + 772696032414861180855826016632*w*y + 439077076511696527212196783984*w*z - 4809588639932947023858858665562*w - 1921727469771805625516984436740*x**2 - 4158610750311269567478524030120*x*y - 1319267308700383628220724877172*x*z - 6713566788645004549983134893332*x - 1269469974622482013311359691970*y**2 - 122992214953015272169361857052*y*z - 11210587154263993520994128813062*y - 96026173216275573525274378086*z**2 - 6217376896042460309711669737598*z + 43648350719967740444520919827276
['-1326769402825347914928443733600*v**2 - 311529520374553363787235191768*v*w - 1498939983778347170242578878300*v*x - 1932998706307347545250227134340*v*y + 16797396050141379417986650392*v*z - 800488117868149902295296412228*v + 792353258920624139209882145266*w**2 - 319838014844820480116816717292*w*x + 772696032414861180855826016632*w*y + 439077076511696527212196783984*w*z - 4809588639932947023858858665562*w - 1921727469771805625516984436740*x**2 - 4158610750311269567478524030120*x*y - 1319267308700383628220724877172*x*z - 6713566788645004549983134893332*x - 1269469974622482013311359691970*y**2 - 122992214953015272169361857052*y*z - 11210587154263993520994128813062*y - 96026173216275573525274378086*z**2 - 6217376896042460309711669737598*z + 43648350719967740444520919827276']
  is_equivalent = False
  total_successes = 0, success_rate = 0.0
DEGREE = 4:
METHOD = 'diofantos':


Whole evaluation from the beginning of the script took:
 2.1 seconds, i.e. 0.03 minutes or 0.001 hours.

Current time: 2026-03-24 14:44:48.601311
Tue Mar 24 02:44:49 PM CET 2026
this is oei.sh 1 sth-dp4-1h 0 999    doing   doones job_id 65474259 task_id 1 * 1000 + 498 --exper_id sth-dp4-1h
