==============================================
Starting time (of array_subjob 65474259_552):
Tue Mar 24 02:47:33 PM CET 2026
(True, True)
(True, False)
(True, False)
Current time: 2026-03-24 14:47:37.018902 

True
METHOD = 'diofantos'
DEGREE = 4
SCALE = 3000
  all_datasets = 2257
pds1552.csv:
  gt_rhs = 'w**2*x - 5*w + 5*z - 3'
d_max = 1
d_max = 2
   target = -3410626788874209820019852445*v**2 - 39143918576584350624439191755*v*w - 40403473732350241475750818020*v*x - 5005534232703677056431143645*v*y - 83317479047068008951196603191*v*z + 312777649427928408980388422861*v - 29571787227301744036988894822*w**2 - 42022568429770577925127895651*w*x - 24604786152126913866527228139*w*y + 27993415619975725216363705069*w*z - 133827213099175201535574934098*w - 27106357472213549944687241851*x**2 - 46503630730654540849024052759*x*y + 22305939024008980606479468201*x*z - 179273979853695192735655635291*x + 12530184686245075001696359369*y**2 - 45436106137894223664551399956*y*z + 70519950880337812633715246718*y + 72077723467001486439956999928*z**2 - 247145100228845051154191195536*z - 166129050976450227930987469991
['-3410626788874209820019852445*v**2 - 39143918576584350624439191755*v*w - 40403473732350241475750818020*v*x - 5005534232703677056431143645*v*y - 83317479047068008951196603191*v*z + 312777649427928408980388422861*v - 29571787227301744036988894822*w**2 - 42022568429770577925127895651*w*x - 24604786152126913866527228139*w*y + 27993415619975725216363705069*w*z - 133827213099175201535574934098*w - 27106357472213549944687241851*x**2 - 46503630730654540849024052759*x*y + 22305939024008980606479468201*x*z - 179273979853695192735655635291*x + 12530184686245075001696359369*y**2 - 45436106137894223664551399956*y*z + 70519950880337812633715246718*y + 72077723467001486439956999928*z**2 - 247145100228845051154191195536*z - 166129050976450227930987469991']
  is_equivalent = False
  total_successes = 0, success_rate = 0.0
DEGREE = 4:
METHOD = 'diofantos':


Whole evaluation from the beginning of the script took:
 2.1 seconds, i.e. 0.03 minutes or 0.001 hours.

Current time: 2026-03-24 14:47:39.094936
Tue Mar 24 02:47:40 PM CET 2026
this is oei.sh 1 sth-dp4-1h 0 999    doing   doones job_id 65474259 task_id 1 * 1000 + 552 --exper_id sth-dp4-1h
