==============================================
Starting time (of array_subjob 65474259_573):
Tue Mar 24 02:48:15 PM CET 2026
(True, True)
(True, False)
(True, False)
Current time: 2026-03-24 14:48:17.832418 

True
METHOD = 'diofantos'
DEGREE = 4
SCALE = 3000
  all_datasets = 2257
pds1573.csv:
  gt_rhs = '-y'
d_max = 1
   target = -y
['-y']
  is_equivalent = True
  total_successes = 1, success_rate = 1.0
DEGREE = 4:
METHOD = 'diofantos':


Whole evaluation from the beginning of the script took:
 0.4 seconds, i.e. 0.01 minutes or 0.0 hours.

Current time: 2026-03-24 14:48:18.241292
Tue Mar 24 02:48:18 PM CET 2026
this is oei.sh 1 sth-dp4-1h 0 999    doing   doones job_id 65474259 task_id 1 * 1000 + 573 --exper_id sth-dp4-1h
