==============================================
Starting time (of array_subjob 65474259_595):
Tue Mar 24 02:49:41 PM CET 2026
(True, True)
(True, False)
(True, False)
Current time: 2026-03-24 14:49:44.312229 

True
METHOD = 'diofantos'
DEGREE = 4
SCALE = 3000
  all_datasets = 2257
pds1595.csv:
  gt_rhs = '-4*x*y*z - 8*y - 2*z + 6'
d_max = 1
d_max = 2
d_max = 3
   target = -4*x*y*z - 8*y - 2*z + 6
['-4*x*y*z - 8*y - 2*z + 6']
  is_equivalent = True
  total_successes = 1, success_rate = 1.0
DEGREE = 4:
METHOD = 'diofantos':


Whole evaluation from the beginning of the script took:
 53.0 seconds, i.e. 0.88 minutes or 0.015 hours.

Current time: 2026-03-24 14:50:37.337754
Tue Mar 24 02:50:38 PM CET 2026
this is oei.sh 1 sth-dp4-1h 0 999    doing   doones job_id 65474259 task_id 1 * 1000 + 595 --exper_id sth-dp4-1h
