==============================================
Starting time (of array_subjob 65474259_661):
Tue Mar 24 02:53:26 PM CET 2026
(True, True)
(True, False)
(True, False)
Current time: 2026-03-24 14:53:28.926210 

True
METHOD = 'diofantos'
DEGREE = 4
SCALE = 3000
  all_datasets = 2257
pds1661.csv:
  gt_rhs = '-5*v**2*y + 2*y - 10'
d_max = 1
d_max = 2
d_max = 3
   target = -5*v**2*y + 2*y - 10
['-5*v**2*y + 2*y - 10']
  is_equivalent = True
  total_successes = 1, success_rate = 1.0
DEGREE = 4:
METHOD = 'diofantos':


Whole evaluation from the beginning of the script took:
 55.1 seconds, i.e. 0.92 minutes or 0.015 hours.

Current time: 2026-03-24 14:54:24.014399
Tue Mar 24 02:54:24 PM CET 2026
this is oei.sh 1 sth-dp4-1h 0 999    doing   doones job_id 65474259 task_id 1 * 1000 + 661 --exper_id sth-dp4-1h
