==============================================
Starting time (of array_subjob 65474259_670):
Tue Mar 24 02:54:21 PM CET 2026
(True, True)
(True, False)
(True, False)
Current time: 2026-03-24 14:54:24.246541 

True
METHOD = 'diofantos'
DEGREE = 4
SCALE = 3000
  all_datasets = 2257
pds1670.csv:
  gt_rhs = '9*v*w**2*y*z - 9*v + 4*w - 2*y - 4'
d_max = 1
d_max = 2
   target = -2577831662293455508217791164812*v**2 - 3073793122406557437830876661372*v*w + 4465387322258204827357395977504*v*x - 9343761733554642201907133016100*v*y - 3725355877503832226423440613753*v*z + 38141618180852772096692598341587*v - 5086484538184886065781712148195*w**2 + 3921880284717647031428518919714*w*x - 932669735993264224695664833695*w*y - 2116332716656626393325880538741*w*z + 58247758823749813405577883987386*w - 2739925742620481227238255724431*x**2 + 682082766640974156568454662857*x*y + 6266042816755983292738673618974*x*z - 17555778286833464139069728709246*x + 12355132392615045812651371064479*y**2 - 14970556121257642990341212556629*y*z - 19481793117551920467675204381111*y + 6222949889775937655914647800050*z**2 + 76960160758408321632734686543784*z - 161959931212639144777732779277124
['-2577831662293455508217791164812*v**2 - 3073793122406557437830876661372*v*w + 4465387322258204827357395977504*v*x - 9343761733554642201907133016100*v*y - 3725355877503832226423440613753*v*z + 38141618180852772096692598341587*v - 5086484538184886065781712148195*w**2 + 3921880284717647031428518919714*w*x - 932669735993264224695664833695*w*y - 2116332716656626393325880538741*w*z + 58247758823749813405577883987386*w - 2739925742620481227238255724431*x**2 + 682082766640974156568454662857*x*y + 6266042816755983292738673618974*x*z - 17555778286833464139069728709246*x + 12355132392615045812651371064479*y**2 - 14970556121257642990341212556629*y*z - 19481793117551920467675204381111*y + 6222949889775937655914647800050*z**2 + 76960160758408321632734686543784*z - 161959931212639144777732779277124']
  is_equivalent = False
  total_successes = 0, success_rate = 0.0
DEGREE = 4:
METHOD = 'diofantos':


Whole evaluation from the beginning of the script took:
 3.4 seconds, i.e. 0.06 minutes or 0.001 hours.

Current time: 2026-03-24 14:54:27.615178
Tue Mar 24 02:54:28 PM CET 2026
this is oei.sh 1 sth-dp4-1h 0 999    doing   doones job_id 65474259 task_id 1 * 1000 + 670 --exper_id sth-dp4-1h
