==============================================
Starting time (of array_subjob 65474259_732):
Tue Mar 24 02:58:54 PM CET 2026
(True, True)
(True, False)
(True, False)
Current time: 2026-03-24 14:58:56.716250 

True
METHOD = 'diofantos'
DEGREE = 4
SCALE = 3000
  all_datasets = 2257
pds1732.csv:
  gt_rhs = '-10*w**3*y*z**2 + 1'
d_max = 1
d_max = 2
   target = -1286382580352204506999261126041*v**2 + 2040944040296791204218333300354*v*w + 355858953337191596841360386254*v*x + 757662052662808343124628847856*v*y - 877314713872454943271858144521*v*z - 10727233933246056034061319419336*v - 110996935292073539698712166771*w**2 + 740197690987776690794162282289*w*x - 796031779097273666275836043269*w*y + 745688842091608925997285730476*w*z + 2182223493194778497317721362314*w - 95863939093662491407789368975*x**2 - 532254484005312244837174065401*x*y + 266065216150010322838310567089*x*z - 2440113265663604419838774513568*x - 238764319436034568464433999791*y**2 - 161181370224302824741815417621*y*z + 3744559744809635940675613361428*y + 500452056997113141704350121118*z**2 + 3782792511257930984885620227361*z + 16650649669703330998941451362310
['-1286382580352204506999261126041*v**2 + 2040944040296791204218333300354*v*w + 355858953337191596841360386254*v*x + 757662052662808343124628847856*v*y - 877314713872454943271858144521*v*z - 10727233933246056034061319419336*v - 110996935292073539698712166771*w**2 + 740197690987776690794162282289*w*x - 796031779097273666275836043269*w*y + 745688842091608925997285730476*w*z + 2182223493194778497317721362314*w - 95863939093662491407789368975*x**2 - 532254484005312244837174065401*x*y + 266065216150010322838310567089*x*z - 2440113265663604419838774513568*x - 238764319436034568464433999791*y**2 - 161181370224302824741815417621*y*z + 3744559744809635940675613361428*y + 500452056997113141704350121118*z**2 + 3782792511257930984885620227361*z + 16650649669703330998941451362310']
  is_equivalent = False
  total_successes = 0, success_rate = 0.0
DEGREE = 4:
METHOD = 'diofantos':


Whole evaluation from the beginning of the script took:
 1.9 seconds, i.e. 0.03 minutes or 0.001 hours.

Current time: 2026-03-24 14:58:58.625427
Tue Mar 24 02:58:59 PM CET 2026
this is oei.sh 1 sth-dp4-1h 0 999    doing   doones job_id 65474259 task_id 1 * 1000 + 732 --exper_id sth-dp4-1h
