==============================================
Starting time (of array_subjob 65474259_730):
Tue Mar 24 02:58:01 PM CET 2026
(True, True)
(True, False)
(True, False)
Current time: 2026-03-24 14:58:04.818713 

True
METHOD = 'diofantos'
DEGREE = 4
SCALE = 3000
  all_datasets = 2257
pds1730.csv:
  gt_rhs = '9*x*y**3*z**2'
d_max = 1
d_max = 2
   target = 6696589351109561833365812357224*v**2 + 5464373709429734545802611768368*v*w + 27974618881307257659465143166872*v*x - 11513112900537477377728875098936*v*y - 24816990161991399215909500113372*v*z + 99464284472990265810565713762236*v - 4669693809101776949790621694992*w**2 - 2774830508903286171630869287318*w*x - 7138401261217353096341544047158*w*y + 2376726804981088696805888657632*w*z - 45449987953556392773620698277772*w - 40974856031564537344662829803958*x**2 + 2293047659959809816135531635320*x*y + 25489257635942908737162854095242*x*z + 88957436231601365772974984033650*x - 24290099875132176756045533353942*y**2 - 27903028365824288081601369946795*y*z - 348992615271227684531618246320650*y - 41686206944124600593588236409312*z**2 - 314479412975638416112942786279110*z + 2591332937515612196579137599963340
['6696589351109561833365812357224*v**2 + 5464373709429734545802611768368*v*w + 27974618881307257659465143166872*v*x - 11513112900537477377728875098936*v*y - 24816990161991399215909500113372*v*z + 99464284472990265810565713762236*v - 4669693809101776949790621694992*w**2 - 2774830508903286171630869287318*w*x - 7138401261217353096341544047158*w*y + 2376726804981088696805888657632*w*z - 45449987953556392773620698277772*w - 40974856031564537344662829803958*x**2 + 2293047659959809816135531635320*x*y + 25489257635942908737162854095242*x*z + 88957436231601365772974984033650*x - 24290099875132176756045533353942*y**2 - 27903028365824288081601369946795*y*z - 348992615271227684531618246320650*y - 41686206944124600593588236409312*z**2 - 314479412975638416112942786279110*z + 2591332937515612196579137599963340']
  is_equivalent = False
  total_successes = 0, success_rate = 0.0
DEGREE = 4:
METHOD = 'diofantos':


Whole evaluation from the beginning of the script took:
 2.3 seconds, i.e. 0.04 minutes or 0.001 hours.

Current time: 2026-03-24 14:58:07.134209
Tue Mar 24 02:58:08 PM CET 2026
this is oei.sh 1 sth-dp4-1h 0 999    doing   doones job_id 65474259 task_id 1 * 1000 + 730 --exper_id sth-dp4-1h
