==============================================
Starting time (of array_subjob 65474259_756):
Tue Mar 24 02:59:47 PM CET 2026
(True, True)
(True, False)
(True, False)
Current time: 2026-03-24 14:59:50.317944 

True
METHOD = 'diofantos'
DEGREE = 4
SCALE = 3000
  all_datasets = 2257
pds1756.csv:
  gt_rhs = '3*w*x**2 - 2*z'
d_max = 1
d_max = 2
   target = -1332594494568902045244667363873*v**2 - 326266484434239099934974820166*v*w + 1223169597919198570612651371324*v*x + 463503209156406140762571421902*v*y + 2718796664965615290137928629854*v*z + 11184268931798087948377794153037*v + 718634141800994162607019381193*w**2 + 480911927557967595385685722929*w*x + 537259848757607146741382964830*w*y + 181202095372350971958006743904*w*z - 2828347196205752662422361135133*w - 997188396991940150669095159580*x**2 - 399537511773058549438707370238*x*y - 2745575879395289583201815745274*x*z - 8877174569261700394796634245034*x - 1434658862965056705900702997529*y**2 - 839476876396639278024060419544*y*z - 205442838905587765598639361931*y + 1567967012307119635100383809759*z**2 + 12140020822077980505692771451207*z + 71504160394143980989737024266774
['-1332594494568902045244667363873*v**2 - 326266484434239099934974820166*v*w + 1223169597919198570612651371324*v*x + 463503209156406140762571421902*v*y + 2718796664965615290137928629854*v*z + 11184268931798087948377794153037*v + 718634141800994162607019381193*w**2 + 480911927557967595385685722929*w*x + 537259848757607146741382964830*w*y + 181202095372350971958006743904*w*z - 2828347196205752662422361135133*w - 997188396991940150669095159580*x**2 - 399537511773058549438707370238*x*y - 2745575879395289583201815745274*x*z - 8877174569261700394796634245034*x - 1434658862965056705900702997529*y**2 - 839476876396639278024060419544*y*z - 205442838905587765598639361931*y + 1567967012307119635100383809759*z**2 + 12140020822077980505692771451207*z + 71504160394143980989737024266774']
  is_equivalent = False
  total_successes = 0, success_rate = 0.0
DEGREE = 4:
METHOD = 'diofantos':


Whole evaluation from the beginning of the script took:
 2.2 seconds, i.e. 0.04 minutes or 0.001 hours.

Current time: 2026-03-24 14:59:52.537811
Tue Mar 24 02:59:53 PM CET 2026
this is oei.sh 1 sth-dp4-1h 0 999    doing   doones job_id 65474259 task_id 1 * 1000 + 756 --exper_id sth-dp4-1h
