==============================================
Starting time (of array_subjob 65474259_767):
Tue Mar 24 03:00:42 PM CET 2026
(True, True)
(True, False)
(True, False)
Current time: 2026-03-24 15:00:45.489185 

True
METHOD = 'diofantos'
DEGREE = 4
SCALE = 3000
  all_datasets = 2257
pds1767.csv:
  gt_rhs = '-v*y + 10*x*y'
d_max = 1
d_max = 2
   target = -v*y + 10*x*y
['-v*y + 10*x*y']
  is_equivalent = True
  total_successes = 1, success_rate = 1.0
DEGREE = 4:
METHOD = 'diofantos':


Whole evaluation from the beginning of the script took:
 3.5 seconds, i.e. 0.06 minutes or 0.001 hours.

Current time: 2026-03-24 15:00:49.012504
Tue Mar 24 03:00:49 PM CET 2026
this is oei.sh 1 sth-dp4-1h 0 999    doing   doones job_id 65474259 task_id 1 * 1000 + 767 --exper_id sth-dp4-1h
