==============================================
Starting time (of array_subjob 65474259_772):
Tue Mar 24 03:01:35 PM CET 2026
(True, True)
(True, False)
(True, False)
Current time: 2026-03-24 15:01:37.927112 

True
METHOD = 'diofantos'
DEGREE = 4
SCALE = 3000
  all_datasets = 2257
pds1772.csv:
  gt_rhs = 'v*w*x - 3*v*z - 3'
d_max = 1
d_max = 2
   target = -117318853760997923987476525091223*v**2 - 30842660519550435540685255182740*v*w - 74411868361528478405230418248358*v*x - 97561689475241339382895092287538*v*y - 38892939224832579029368618365638*v*z + 435551049148135364591967877418558*v - 31829110874380815701069642046197*w**2 + 336598106176467095600339023236315*w*x + 99194684902878195475887968054458*w*y + 467238131838747335975587056220320*w*z - 15426987922901448922732370339423*w + 372165375581067814771574012084285*x**2 - 187281715421052336890871156981790*x*y - 36878894892937979496923108402797*x*z + 1148196556436360213269558098628824*x + 233163110189464055499747477732099*y**2 - 130828878722580355124660830368502*y*z - 447484188150627099883807422472891*y - 111803688510804440724376782798006*z**2 + 355437930719315283163042112644642*z - 14604267074424721363391502399782543
['-117318853760997923987476525091223*v**2 - 30842660519550435540685255182740*v*w - 74411868361528478405230418248358*v*x - 97561689475241339382895092287538*v*y - 38892939224832579029368618365638*v*z + 435551049148135364591967877418558*v - 31829110874380815701069642046197*w**2 + 336598106176467095600339023236315*w*x + 99194684902878195475887968054458*w*y + 467238131838747335975587056220320*w*z - 15426987922901448922732370339423*w + 372165375581067814771574012084285*x**2 - 187281715421052336890871156981790*x*y - 36878894892937979496923108402797*x*z + 1148196556436360213269558098628824*x + 233163110189464055499747477732099*y**2 - 130828878722580355124660830368502*y*z - 447484188150627099883807422472891*y - 111803688510804440724376782798006*z**2 + 355437930719315283163042112644642*z - 14604267074424721363391502399782543']
  is_equivalent = False
  total_successes = 0, success_rate = 0.0
DEGREE = 4:
METHOD = 'diofantos':


Whole evaluation from the beginning of the script took:
 1.9 seconds, i.e. 0.03 minutes or 0.001 hours.

Current time: 2026-03-24 15:01:39.847511
Tue Mar 24 03:01:40 PM CET 2026
this is oei.sh 1 sth-dp4-1h 0 999    doing   doones job_id 65474259 task_id 1 * 1000 + 772 --exper_id sth-dp4-1h
