==============================================
Starting time (of array_subjob 65474259_805):
Tue Mar 24 03:02:30 PM CET 2026
(True, True)
(True, False)
(True, False)
Current time: 2026-03-24 15:02:32.741104 

True
METHOD = 'diofantos'
DEGREE = 4
SCALE = 3000
  all_datasets = 2257
pds1805.csv:
  gt_rhs = '-w - 10*x*y*z**2'
d_max = 1
d_max = 2
   target = -540849422492264788593941341311*v**2 + 2391373546988642090559501967914*v*w - 1582537408022258056756948233790*v*x - 685138240408565639459151520024*v*y + 1193667488410089771041970351672*v*z + 14746473874614596432491012515973*v - 3566965190546573541467351003942*w**2 - 863490653455626882382268605652*w*x + 2647403129882309752264665021675*w*y - 2072991113629435326659109291560*w*z + 2166717556626952443398864061533*w - 214488800964787308560299231095*x**2 - 2073336344089697002162637358750*x*y + 1877279069112661229993569449860*x*z - 29280465812073706039087392213675*x - 845308971512303870641656864764*y**2 - 3381765146732928776746409293915*y*z + 11063880821855049899583480917260*y - 82109546501485123243276656488*z**2 - 39666526117621497853235928435528*z + 240355880362152787579699000176786
['-540849422492264788593941341311*v**2 + 2391373546988642090559501967914*v*w - 1582537408022258056756948233790*v*x - 685138240408565639459151520024*v*y + 1193667488410089771041970351672*v*z + 14746473874614596432491012515973*v - 3566965190546573541467351003942*w**2 - 863490653455626882382268605652*w*x + 2647403129882309752264665021675*w*y - 2072991113629435326659109291560*w*z + 2166717556626952443398864061533*w - 214488800964787308560299231095*x**2 - 2073336344089697002162637358750*x*y + 1877279069112661229993569449860*x*z - 29280465812073706039087392213675*x - 845308971512303870641656864764*y**2 - 3381765146732928776746409293915*y*z + 11063880821855049899583480917260*y - 82109546501485123243276656488*z**2 - 39666526117621497853235928435528*z + 240355880362152787579699000176786']
  is_equivalent = False
  total_successes = 0, success_rate = 0.0
DEGREE = 4:
METHOD = 'diofantos':


Whole evaluation from the beginning of the script took:
 1.9 seconds, i.e. 0.03 minutes or 0.001 hours.

Current time: 2026-03-24 15:02:34.601219
Tue Mar 24 03:02:34 PM CET 2026
this is oei.sh 1 sth-dp4-1h 0 999    doing   doones job_id 65474259 task_id 1 * 1000 + 805 --exper_id sth-dp4-1h
