==============================================
Starting time (of array_subjob 65474259_878):
Tue Mar 24 03:06:10 PM CET 2026
(True, True)
(True, False)
(True, False)
Current time: 2026-03-24 15:06:12.316370 

True
METHOD = 'diofantos'
DEGREE = 4
SCALE = 3000
  all_datasets = 2257
pds1878.csv:
  gt_rhs = '5*v + 8*w*z**2 - 2'
d_max = 1
d_max = 2
   target = -87783645859855039871708375192*v**2 - 54538077468884985914831046948*v*w - 6491936732189609501465030218656*v*x - 1857124707239100886664163679300*v*y - 4425019927968156512105255687476*v*z + 5921812464736645263233535075873*v + 6730242743752099729146831272960*w**2 - 2072798215322114250470540390060*w*x + 1475899394424569530386065874512*w*y - 5414514912138220036266076328276*w*z - 37309572430519743693884387554888*w + 4239040476592908728193459970032*x**2 - 3287779382175628818381520899716*x*y - 3893795035567823314824278923924*x*z + 27576201119225123871802018590012*x - 1492805313028852023452525623920*y**2 - 7074376041966558537288173179972*y*z - 13819524862044166002388687619272*y - 2619425131183867976307617838644*z**2 + 32474473181136028212989330786068*z - 74690840343409952196594721100666
['-87783645859855039871708375192*v**2 - 54538077468884985914831046948*v*w - 6491936732189609501465030218656*v*x - 1857124707239100886664163679300*v*y - 4425019927968156512105255687476*v*z + 5921812464736645263233535075873*v + 6730242743752099729146831272960*w**2 - 2072798215322114250470540390060*w*x + 1475899394424569530386065874512*w*y - 5414514912138220036266076328276*w*z - 37309572430519743693884387554888*w + 4239040476592908728193459970032*x**2 - 3287779382175628818381520899716*x*y - 3893795035567823314824278923924*x*z + 27576201119225123871802018590012*x - 1492805313028852023452525623920*y**2 - 7074376041966558537288173179972*y*z - 13819524862044166002388687619272*y - 2619425131183867976307617838644*z**2 + 32474473181136028212989330786068*z - 74690840343409952196594721100666']
  is_equivalent = False
  total_successes = 0, success_rate = 0.0
DEGREE = 4:
METHOD = 'diofantos':


Whole evaluation from the beginning of the script took:
 1.9 seconds, i.e. 0.03 minutes or 0.001 hours.

Current time: 2026-03-24 15:06:14.185313
Tue Mar 24 03:06:14 PM CET 2026
this is oei.sh 1 sth-dp4-1h 0 999    doing   doones job_id 65474259 task_id 1 * 1000 + 878 --exper_id sth-dp4-1h
