==============================================
Starting time (of array_subjob 65474259_876):
Tue Mar 24 03:06:10 PM CET 2026
(True, True)
(True, False)
(True, False)
Current time: 2026-03-24 15:06:12.283342 

True
METHOD = 'diofantos'
DEGREE = 4
SCALE = 3000
  all_datasets = 2257
pds1876.csv:
  gt_rhs = '-2*v*w**2*y*z**2 + 3*v*z + 6*y + 8'
d_max = 1
d_max = 2
   target = 8574910254143261318285949979*v**2 - 43421414935374494201753875922*v*w - 27845572626274330242668282708*v*x + 78839996562102638546858640196*v*y + 23954455880486076516930931223*v*z + 50975867185332807314126859513*v + 30544493071981233815479695583*w**2 - 30665829421417586686198434404*w*x - 100334739280869012142636933516*w*y + 44677409898405484661802199714*w*z - 139875844826352939204664434963*w + 68724617944224992028405619141*x**2 - 28471529823211814595992930784*x*y - 44044535486421273070208638860*x*z + 293532539707775943162294943655*x - 109281010783398160884416094287*y**2 + 75435193240501233070765624106*y*z - 345915152380387424286882872853*y + 42590639260749087041292700719*z**2 - 51288613547490476560418508307*z - 2390794929070123023314449067000
['8574910254143261318285949979*v**2 - 43421414935374494201753875922*v*w - 27845572626274330242668282708*v*x + 78839996562102638546858640196*v*y + 23954455880486076516930931223*v*z + 50975867185332807314126859513*v + 30544493071981233815479695583*w**2 - 30665829421417586686198434404*w*x - 100334739280869012142636933516*w*y + 44677409898405484661802199714*w*z - 139875844826352939204664434963*w + 68724617944224992028405619141*x**2 - 28471529823211814595992930784*x*y - 44044535486421273070208638860*x*z + 293532539707775943162294943655*x - 109281010783398160884416094287*y**2 + 75435193240501233070765624106*y*z - 345915152380387424286882872853*y + 42590639260749087041292700719*z**2 - 51288613547490476560418508307*z - 2390794929070123023314449067000']
  is_equivalent = False
  total_successes = 0, success_rate = 0.0
DEGREE = 4:
METHOD = 'diofantos':


Whole evaluation from the beginning of the script took:
 1.9 seconds, i.e. 0.03 minutes or 0.001 hours.

Current time: 2026-03-24 15:06:14.173456
Tue Mar 24 03:06:14 PM CET 2026
this is oei.sh 1 sth-dp4-1h 0 999    doing   doones job_id 65474259 task_id 1 * 1000 + 876 --exper_id sth-dp4-1h
