==============================================
Starting time (of array_subjob 65474259_871):
Tue Mar 24 03:06:10 PM CET 2026
(True, True)
(True, False)
(True, False)
Current time: 2026-03-24 15:06:12.183558 

True
METHOD = 'diofantos'
DEGREE = 4
SCALE = 3000
  all_datasets = 2257
pds1871.csv:
  gt_rhs = '-9*v - 10*w*z - 10*z + 4'
d_max = 1
d_max = 2
   target = -9*v - 10*w*z - 10*z + 4
['-9*v - 10*w*z - 10*z + 4']
  is_equivalent = True
  total_successes = 1, success_rate = 1.0
DEGREE = 4:
METHOD = 'diofantos':


Whole evaluation from the beginning of the script took:
 1.9 seconds, i.e. 0.03 minutes or 0.001 hours.

Current time: 2026-03-24 15:06:14.099689
Tue Mar 24 03:06:14 PM CET 2026
this is oei.sh 1 sth-dp4-1h 0 999    doing   doones job_id 65474259 task_id 1 * 1000 + 871 --exper_id sth-dp4-1h
