==============================================
Starting time (of array_subjob 65474259_914):
Tue Mar 24 03:07:57 PM CET 2026
(True, True)
(True, False)
(True, False)
Current time: 2026-03-24 15:07:59.803395 

True
METHOD = 'diofantos'
DEGREE = 4
SCALE = 3000
  all_datasets = 2257
pds1914.csv:
  gt_rhs = '-6*w*x*z - 2*y**2*z - 5'
d_max = 1
d_max = 2
   target = 8143533607912584943515439936*v**2 - 29655049708233787424379427933*v*w - 53617911520188802405402174636*v*x + 61678894684544926047547069459*v*y + 98474633627640409919371351005*v*z + 788120291285291867883934119619*v + 8751111709689907804073440097*w**2 - 44107808712157969992218206634*w*x + 10577205538112672955447970911*w*y - 5366673573218897090759340928*w*z + 200054950104245064110446758018*w - 59272530609017094916334218298*x**2 - 18435457999752905812201980156*x*y + 76821296153088616098189660602*x*z + 397389501654119583692906432620*x + 36287663209372901855277282906*y**2 - 41733325811865706345164889646*y*z + 334548595155646353720583484797*y + 57586537034248403991478269807*z**2 - 259468052512906992113027234696*z - 674552838057176213447394049184
['8143533607912584943515439936*v**2 - 29655049708233787424379427933*v*w - 53617911520188802405402174636*v*x + 61678894684544926047547069459*v*y + 98474633627640409919371351005*v*z + 788120291285291867883934119619*v + 8751111709689907804073440097*w**2 - 44107808712157969992218206634*w*x + 10577205538112672955447970911*w*y - 5366673573218897090759340928*w*z + 200054950104245064110446758018*w - 59272530609017094916334218298*x**2 - 18435457999752905812201980156*x*y + 76821296153088616098189660602*x*z + 397389501654119583692906432620*x + 36287663209372901855277282906*y**2 - 41733325811865706345164889646*y*z + 334548595155646353720583484797*y + 57586537034248403991478269807*z**2 - 259468052512906992113027234696*z - 674552838057176213447394049184']
  is_equivalent = False
  total_successes = 0, success_rate = 0.0
DEGREE = 4:
METHOD = 'diofantos':


Whole evaluation from the beginning of the script took:
 1.9 seconds, i.e. 0.03 minutes or 0.001 hours.

Current time: 2026-03-24 15:08:01.671709
Tue Mar 24 03:08:02 PM CET 2026
this is oei.sh 1 sth-dp4-1h 0 999    doing   doones job_id 65474259 task_id 1 * 1000 + 914 --exper_id sth-dp4-1h
