==============================================
Starting time (of array_subjob 474707_7):
Wed Mar 25 11:29:51 AM CET 2026
(True, True)
(True, False)
(True, False)
Current time: 2026-03-25 11:30:02.012589 

True
METHOD = 'diofantos'
DEGREE = 3
SCALE = 3000
  all_datasets = 129
rds007.csv:
  gt_rhs = '9 - 7*y'
d_max = 3
   target = 9 - 7*y
['9 - 7*y']
  is_equivalent = True
  total_successes = 1, success_rate = 1.0
DEGREE = 3:
METHOD = 'diofantos':


Whole evaluation from the beginning of the script took:
 153.2 seconds, i.e. 2.55 minutes or 0.043 hours.

Current time: 2026-03-25 11:32:35.172809
Wed Mar 25 11:32:35 AM CET 2026
this is oei.sh 0 ratiost-dp3- 0 99    doing   doones job_id 474707 task_id 0 * 1000 + 7 --exper_id ratiost-dp3-
