==============================================
Starting time (of array_subjob 474707_15):
Wed Mar 25 11:29:51 AM CET 2026
(True, True)
(True, False)
(True, False)
Current time: 2026-03-25 11:30:01.905306 

True
METHOD = 'diofantos'
DEGREE = 3
SCALE = 3000
  all_datasets = 129
rds015.csv:
  gt_rhs = '7*x'
d_max = 3
   target = 7*x
['7*x']
  is_equivalent = True
  total_successes = 1, success_rate = 1.0
DEGREE = 3:
METHOD = 'diofantos':


Whole evaluation from the beginning of the script took:
 151.8 seconds, i.e. 2.53 minutes or 0.042 hours.

Current time: 2026-03-25 11:32:33.672714
Wed Mar 25 11:32:34 AM CET 2026
this is oei.sh 0 ratiost-dp3- 0 99    doing   doones job_id 474707 task_id 0 * 1000 + 15 --exper_id ratiost-dp3-
