==============================================
Starting time (of array_subjob 474707_10):
Wed Mar 25 11:29:51 AM CET 2026
(True, True)
(True, False)
(True, False)
Current time: 2026-03-25 11:30:02.014589 

True
METHOD = 'diofantos'
DEGREE = 3
SCALE = 3000
  all_datasets = 129
rds010.csv:
  gt_rhs = '-6*v*z - y - 7'
d_max = 3
   target = -6*v*z - y - 7
['-6*v*z - y - 7']
  is_equivalent = True
  total_successes = 1, success_rate = 1.0
DEGREE = 3:
METHOD = 'diofantos':


Whole evaluation from the beginning of the script took:
 145.9 seconds, i.e. 2.43 minutes or 0.041 hours.

Current time: 2026-03-25 11:32:27.920564
Wed Mar 25 11:32:28 AM CET 2026
this is oei.sh 0 ratiost-dp3- 0 99    doing   doones job_id 474707 task_id 0 * 1000 + 10 --exper_id ratiost-dp3-
