==============================================
Starting time (of array_subjob 474707_26):
Wed Mar 25 11:29:51 AM CET 2026
(True, True)
(True, False)
(True, False)
Current time: 2026-03-25 11:30:01.894255 

True
METHOD = 'diofantos'
DEGREE = 3
SCALE = 3000
  all_datasets = 129
rds026.csv:
  gt_rhs = '4*v - 8*z - 8'
d_max = 3
   target = 4*v - 8*z - 8
['4*v - 8*z - 8']
  is_equivalent = True
  total_successes = 1, success_rate = 1.0
DEGREE = 3:
METHOD = 'diofantos':


Whole evaluation from the beginning of the script took:
 149.5 seconds, i.e. 2.49 minutes or 0.042 hours.

Current time: 2026-03-25 11:32:31.421868
Wed Mar 25 11:32:31 AM CET 2026
this is oei.sh 0 ratiost-dp3- 0 99    doing   doones job_id 474707 task_id 0 * 1000 + 26 --exper_id ratiost-dp3-
