==============================================
Starting time (of array_subjob 474707_28):
Wed Mar 25 11:29:52 AM CET 2026
(True, True)
(True, False)
(True, False)
Current time: 2026-03-25 11:30:02.126126 

True
METHOD = 'diofantos'
DEGREE = 3
SCALE = 3000
  all_datasets = 129
rds028.csv:
  gt_rhs = '6*v*x*y'
d_max = 3
   target = 6*v*x*y
['6*v*x*y']
  is_equivalent = True
  total_successes = 1, success_rate = 1.0
DEGREE = 3:
METHOD = 'diofantos':


Whole evaluation from the beginning of the script took:
 133.4 seconds, i.e. 2.22 minutes or 0.037 hours.

Current time: 2026-03-25 11:32:15.511987
Wed Mar 25 11:32:16 AM CET 2026
this is oei.sh 0 ratiost-dp3- 0 99    doing   doones job_id 474707 task_id 0 * 1000 + 28 --exper_id ratiost-dp3-
