==============================================
Starting time (of array_subjob 474707_32):
Wed Mar 25 11:29:52 AM CET 2026
(True, True)
(True, False)
(True, False)
Current time: 2026-03-25 11:30:02.186876 

True
METHOD = 'diofantos'
DEGREE = 3
SCALE = 3000
  all_datasets = 129
rds032.csv:
  gt_rhs = '(7*x)/(-7)'
d_max = 3
   target = -x
['-x']
  is_equivalent = True
  total_successes = 1, success_rate = 1.0
DEGREE = 3:
METHOD = 'diofantos':


Whole evaluation from the beginning of the script took:
 131.6 seconds, i.e. 2.19 minutes or 0.037 hours.

Current time: 2026-03-25 11:32:13.805318
Wed Mar 25 11:32:14 AM CET 2026
this is oei.sh 0 ratiost-dp3- 0 99    doing   doones job_id 474707 task_id 0 * 1000 + 32 --exper_id ratiost-dp3-
