==============================================
Starting time (of array_subjob 474707_49):
Wed Mar 25 11:29:52 AM CET 2026
(True, True)
(True, False)
(True, False)
Current time: 2026-03-25 11:30:00.567953 

True
METHOD = 'diofantos'
DEGREE = 3
SCALE = 3000
  all_datasets = 129
rds049.csv:
  gt_rhs = '-2*x + 4*z + 5'
d_max = 3
   target = -2*x + 4*z + 5
['-2*x + 4*z + 5']
  is_equivalent = True
  total_successes = 1, success_rate = 1.0
DEGREE = 3:
METHOD = 'diofantos':


Whole evaluation from the beginning of the script took:
 120.2 seconds, i.e. 2.0 minutes or 0.033 hours.

Current time: 2026-03-25 11:32:00.765737
Wed Mar 25 11:32:01 AM CET 2026
this is oei.sh 0 ratiost-dp3- 0 99    doing   doones job_id 474707 task_id 0 * 1000 + 49 --exper_id ratiost-dp3-
