==============================================
Starting time (of array_subjob 474707_42):
Wed Mar 25 11:29:52 AM CET 2026
(True, True)
(True, False)
(True, False)
Current time: 2026-03-25 11:30:02.457272 

True
METHOD = 'diofantos'
DEGREE = 3
SCALE = 3000
  all_datasets = 129
rds042.csv:
  gt_rhs = '(-6)/(-8*y*z**2 - 8*y - 6)'
d_max = 3
   target = NOT RECONSTRUCTED :-(
[]
  is_equivalent = False
  total_successes = 0, success_rate = 0.0
DEGREE = 3:
METHOD = 'diofantos':


Whole evaluation from the beginning of the script took:
 153.7 seconds, i.e. 2.56 minutes or 0.043 hours.

Current time: 2026-03-25 11:32:36.186257
Wed Mar 25 11:32:36 AM CET 2026
this is oei.sh 0 ratiost-dp3- 0 99    doing   doones job_id 474707 task_id 0 * 1000 + 42 --exper_id ratiost-dp3-
