==============================================
Starting time (of array_subjob 474707_62):
Wed Mar 25 11:29:51 AM CET 2026
(True, True)
(True, False)
(True, False)
Current time: 2026-03-25 11:30:00.868056 

True
METHOD = 'diofantos'
DEGREE = 3
SCALE = 3000
  all_datasets = 129
rds062.csv:
  gt_rhs = '(10)/(-7*w**2*x*z)'
d_max = 3
   target = NOT RECONSTRUCTED :-(
[]
  is_equivalent = False
  total_successes = 0, success_rate = 0.0
DEGREE = 3:
METHOD = 'diofantos':


Whole evaluation from the beginning of the script took:
 164.2 seconds, i.e. 2.74 minutes or 0.046 hours.

Current time: 2026-03-25 11:32:45.052442
Wed Mar 25 11:32:45 AM CET 2026
this is oei.sh 0 ratiost-dp3- 0 99    doing   doones job_id 474707 task_id 0 * 1000 + 62 --exper_id ratiost-dp3-
