==============================================
Starting time (of array_subjob 474707_83):
Wed Mar 25 11:29:52 AM CET 2026
(True, True)
(True, False)
(True, False)
Current time: 2026-03-25 11:30:01.994462 

True
METHOD = 'diofantos'
DEGREE = 3
SCALE = 3000
  all_datasets = 129
rds083.csv:
  gt_rhs = '(9*z + 4)/(-7*y)'
d_max = 3
   target = NOT RECONSTRUCTED :-(
[]
  is_equivalent = False
  total_successes = 0, success_rate = 0.0
DEGREE = 3:
METHOD = 'diofantos':


Whole evaluation from the beginning of the script took:
 152.5 seconds, i.e. 2.54 minutes or 0.042 hours.

Current time: 2026-03-25 11:32:34.471762
Wed Mar 25 11:32:34 AM CET 2026
this is oei.sh 0 ratiost-dp3- 0 99    doing   doones job_id 474707 task_id 0 * 1000 + 83 --exper_id ratiost-dp3-
