==============================================
Starting time (of array_subjob 474707_96):
Wed Mar 25 11:29:52 AM CET 2026
(True, True)
(True, False)
(True, False)
Current time: 2026-03-25 11:30:02.072661 

True
METHOD = 'diofantos'
DEGREE = 3
SCALE = 3000
  all_datasets = 129
rds096.csv:
  gt_rhs = '10*w*x'
d_max = 3
   target = 10*w*x
['10*w*x']
  is_equivalent = True
  total_successes = 1, success_rate = 1.0
DEGREE = 3:
METHOD = 'diofantos':


Whole evaluation from the beginning of the script took:
 142.9 seconds, i.e. 2.38 minutes or 0.04 hours.

Current time: 2026-03-25 11:32:24.946591
Wed Mar 25 11:32:25 AM CET 2026
this is oei.sh 0 ratiost-dp3- 0 99    doing   doones job_id 474707 task_id 0 * 1000 + 96 --exper_id ratiost-dp3-
