==============================================
Starting time (of array_subjob 65439139_4):
Mon Mar 23 03:48:36 PM CET 2026
(True, True)
(True, False)
(True, False)
Current time: 2026-03-23 15:48:39.641955 

True
METHOD = 'diofantos'
DEGREE = 4
SCALE = 3000
  all_datasets = 2257
pds0004.csv:
  gt_rhs = 'w'
d_max = 1
   target = w
['w']
  is_equivalent = True
  total_successes = 1, success_rate = 1.0
DEGREE = 4:
METHOD = 'diofantos':


Whole evaluation from the beginning of the script took:
 0.5 seconds, i.e. 0.01 minutes or 0.0 hours.

Current time: 2026-03-23 15:48:40.118819
Mon Mar 23 03:48:40 PM CET 2026
this is oei.sh 0 sth-dp-d4 0 10    doing   doones job_id 65439139 task_id 0 * 1000 + 4 --exper_id sth-dp-d4
