==============================================
Starting time (of array_subjob 487326_1):
Sat Mar 28 11:30:57 AM CET 2026
(True, True)
(True, False)
(True, False)
Current time: 2026-03-28 11:31:01.440081 

True
METHOD = 'diofantos'
DEGREE = 4
SCALE = 3000
  all_datasets = 2257
pds1001.csv:
  gt_rhs = '10*w*x + 5*y*z'
d_max = 1
d_max = 2
   target = 10*w*x + 5*y*z
['10*w*x + 5*y*z']
  is_equivalent = True
  total_successes = 1, success_rate = 1.0
DEGREE = 4:
METHOD = 'diofantos':


Whole evaluation from the beginning of the script took:
 4.8 seconds, i.e. 0.08 minutes or 0.001 hours.

Current time: 2026-03-28 11:31:06.251941
Sat Mar 28 11:31:06 AM CET 2026
this is oei.sh 1 poltrd-dp-loop4 0 999    doing   doones job_id 487326 task_id 1 * 1000 + 1 --exper_id poltrd-dp-loop4
