==============================================
Starting time (of array_subjob 487326_20):
Sat Mar 28 11:31:06 AM CET 2026
(True, True)
(True, False)
(True, False)
Current time: 2026-03-28 11:31:09.774713 

True
METHOD = 'diofantos'
DEGREE = 4
SCALE = 3000
  all_datasets = 2257
pds1020.csv:
  gt_rhs = '7*v*y**2 - 2*w**2 + 1'
d_max = 1
d_max = 2
d_max = 3
   target = 7*v*y**2 - 2*w**2 + 1
['7*v*y**2 - 2*w**2 + 1']
  is_equivalent = True
  total_successes = 1, success_rate = 1.0
DEGREE = 4:
METHOD = 'diofantos':


Whole evaluation from the beginning of the script took:
 152.6 seconds, i.e. 2.54 minutes or 0.042 hours.

Current time: 2026-03-28 11:33:42.405084
Sat Mar 28 11:33:42 AM CET 2026
this is oei.sh 1 poltrd-dp-loop4 0 999    doing   doones job_id 487326 task_id 1 * 1000 + 20 --exper_id poltrd-dp-loop4
