==============================================
Starting time (of array_subjob 487326_36):
Sat Mar 28 11:31:12 AM CET 2026
(True, True)
(True, False)
(True, False)
Current time: 2026-03-28 11:31:16.605878 

True
METHOD = 'diofantos'
DEGREE = 4
SCALE = 3000
  all_datasets = 2257
pds1036.csv:
  gt_rhs = '10*w**2*x*y - 8'
d_max = 1
d_max = 2
   target = 339250820486314493356324153479*v**2 - 27421225111396420790491003261*v*w + 364627593659548714457022217116*v*x + 203131285032833345209435127094*v*y + 325374958668146250250206595605*v*z + 1860480545097093324798558613780*v + 425064839405721863952577070373*w**2 - 253986566773384074350084598350*w*x - 240107276325372949777934340301*w*y + 51363261096237671103623708635*w*z + 648838322069403639063470084763*w + 659214136904813339432335128958*x**2 - 19586257820668682038146480145*x*y + 177649252938649499753468277875*x*z + 1120930979394715047740109916786*x + 54167113467129849047128318742*y**2 - 13969443791639247352932581698*y*z + 1190520465743302265930541865621*y + 106517484264907795238963390230*z**2 + 1940250298954606317409642753025*z - 29343938171760361233821371893814
['339250820486314493356324153479*v**2 - 27421225111396420790491003261*v*w + 364627593659548714457022217116*v*x + 203131285032833345209435127094*v*y + 325374958668146250250206595605*v*z + 1860480545097093324798558613780*v + 425064839405721863952577070373*w**2 - 253986566773384074350084598350*w*x - 240107276325372949777934340301*w*y + 51363261096237671103623708635*w*z + 648838322069403639063470084763*w + 659214136904813339432335128958*x**2 - 19586257820668682038146480145*x*y + 177649252938649499753468277875*x*z + 1120930979394715047740109916786*x + 54167113467129849047128318742*y**2 - 13969443791639247352932581698*y*z + 1190520465743302265930541865621*y + 106517484264907795238963390230*z**2 + 1940250298954606317409642753025*z - 29343938171760361233821371893814']
  is_equivalent = False
  total_successes = 0, success_rate = 0.0
DEGREE = 4:
METHOD = 'diofantos':


Whole evaluation from the beginning of the script took:
 5.6 seconds, i.e. 0.09 minutes or 0.002 hours.

Current time: 2026-03-28 11:31:22.196798
Sat Mar 28 11:31:22 AM CET 2026
this is oei.sh 1 poltrd-dp-loop4 0 999    doing   doones job_id 487326 task_id 1 * 1000 + 36 --exper_id poltrd-dp-loop4
