==============================================
Starting time (of array_subjob 487326_39):
Sat Mar 28 11:31:14 AM CET 2026
(True, True)
(True, False)
(True, False)
Current time: 2026-03-28 11:31:18.053066 

True
METHOD = 'diofantos'
DEGREE = 4
SCALE = 3000
  all_datasets = 2257
pds1039.csv:
  gt_rhs = '6*w*x*y*z - 2*x*y + 7*y*z**2 + 2'
d_max = 1
d_max = 2
   target = -10980823931803242265206451154*v**2 + 10826405868367745035583533344*v*w + 8436476109888868253103645848*v*x - 8138705107647272687478430902*v*y - 3107938387315461617317633082*v*z - 1857922707543706933291809894*v - 2108769198339921482905103128*w**2 + 8023746355990028164286689360*w*x - 7191436261301096088811848496*w*y + 21514729906095446295910845302*w*z + 106051480756063124663953829818*w + 2359310387680568278653567960*x**2 - 2791947996680994516755362640*x*y + 24720632419088938774787474074*x*z + 157241346684094971259911361418*x + 2943635596600910613238826042*y**2 - 7428800255134735592860619607*y*z - 56938902835614595039722534306*y + 1225893596837086600900053583*z**2 + 38728255418365791471287902075*z + 625668844751669615132032695086
['-10980823931803242265206451154*v**2 + 10826405868367745035583533344*v*w + 8436476109888868253103645848*v*x - 8138705107647272687478430902*v*y - 3107938387315461617317633082*v*z - 1857922707543706933291809894*v - 2108769198339921482905103128*w**2 + 8023746355990028164286689360*w*x - 7191436261301096088811848496*w*y + 21514729906095446295910845302*w*z + 106051480756063124663953829818*w + 2359310387680568278653567960*x**2 - 2791947996680994516755362640*x*y + 24720632419088938774787474074*x*z + 157241346684094971259911361418*x + 2943635596600910613238826042*y**2 - 7428800255134735592860619607*y*z - 56938902835614595039722534306*y + 1225893596837086600900053583*z**2 + 38728255418365791471287902075*z + 625668844751669615132032695086']
  is_equivalent = False
  total_successes = 0, success_rate = 0.0
DEGREE = 4:
METHOD = 'diofantos':


Whole evaluation from the beginning of the script took:
 5.4 seconds, i.e. 0.09 minutes or 0.002 hours.

Current time: 2026-03-28 11:31:23.501049
Sat Mar 28 11:31:23 AM CET 2026
this is oei.sh 1 poltrd-dp-loop4 0 999    doing   doones job_id 487326 task_id 1 * 1000 + 39 --exper_id poltrd-dp-loop4
