==============================================
Starting time (of array_subjob 487326_43):
Sat Mar 28 11:31:15 AM CET 2026
(True, True)
(True, False)
(True, False)
Current time: 2026-03-28 11:31:19.298173 

True
METHOD = 'diofantos'
DEGREE = 4
SCALE = 3000
  all_datasets = 2257
pds1043.csv:
  gt_rhs = '9*w*x + 3*x*y - 6*z - 7'
d_max = 1
d_max = 2
   target = 9*w*x + 3*x*y - 6*z - 7
['9*w*x + 3*x*y - 6*z - 7']
  is_equivalent = True
  total_successes = 1, success_rate = 1.0
DEGREE = 4:
METHOD = 'diofantos':


Whole evaluation from the beginning of the script took:
 5.2 seconds, i.e. 0.09 minutes or 0.001 hours.

Current time: 2026-03-28 11:31:24.502640
Sat Mar 28 11:31:25 AM CET 2026
this is oei.sh 1 poltrd-dp-loop4 0 999    doing   doones job_id 487326 task_id 1 * 1000 + 43 --exper_id poltrd-dp-loop4
