==============================================
Starting time (of array_subjob 487326_40):
Sat Mar 28 11:31:14 AM CET 2026
(True, True)
(True, False)
(True, False)
Current time: 2026-03-28 11:31:18.231496 

True
METHOD = 'diofantos'
DEGREE = 4
SCALE = 3000
  all_datasets = 2257
pds1040.csv:
  gt_rhs = '9*w**3*y*z'
d_max = 1
d_max = 2
   target = -3170239169593321675964115200094*v**2 + 2542172973823295524171767136074*v*w + 2855857197884287304018725516902*v*x - 2341313180863748024102884083750*v*y + 3948812017876459017269132787216*v*z - 11344232735827882956657770067534*v - 1205549352876613064727935903925*w**2 + 3475285564793971450225432636458*w*x - 4149619971211809191247840460002*w*y - 2431357457678052449199858559437*w*z + 122800341400275779333315284665*w - 2627331253278908170858847385210*x**2 - 456027638355650282664492944634*x*y + 3912582647886130093081366201566*x*z + 18754693736588677222945677233298*x - 2719948595704527828428642417160*y**2 - 4146559712156164276227886682727*y*z - 28537392628918998437799464975286*y - 150551174274320780300782041471*z**2 - 1680353925374395951067262242778*z + 368741717146061383181757961553550
['-3170239169593321675964115200094*v**2 + 2542172973823295524171767136074*v*w + 2855857197884287304018725516902*v*x - 2341313180863748024102884083750*v*y + 3948812017876459017269132787216*v*z - 11344232735827882956657770067534*v - 1205549352876613064727935903925*w**2 + 3475285564793971450225432636458*w*x - 4149619971211809191247840460002*w*y - 2431357457678052449199858559437*w*z + 122800341400275779333315284665*w - 2627331253278908170858847385210*x**2 - 456027638355650282664492944634*x*y + 3912582647886130093081366201566*x*z + 18754693736588677222945677233298*x - 2719948595704527828428642417160*y**2 - 4146559712156164276227886682727*y*z - 28537392628918998437799464975286*y - 150551174274320780300782041471*z**2 - 1680353925374395951067262242778*z + 368741717146061383181757961553550']
  is_equivalent = False
  total_successes = 0, success_rate = 0.0
DEGREE = 4:
METHOD = 'diofantos':


Whole evaluation from the beginning of the script took:
 5.6 seconds, i.e. 0.09 minutes or 0.002 hours.

Current time: 2026-03-28 11:31:23.781847
Sat Mar 28 11:31:24 AM CET 2026
this is oei.sh 1 poltrd-dp-loop4 0 999    doing   doones job_id 487326 task_id 1 * 1000 + 40 --exper_id poltrd-dp-loop4
