==============================================
Starting time (of array_subjob 487326_59):
Sat Mar 28 11:31:21 AM CET 2026
(True, True)
(True, False)
(True, False)
Current time: 2026-03-28 11:31:25.101160 

True
METHOD = 'diofantos'
DEGREE = 4
SCALE = 3000
  all_datasets = 2257
pds1059.csv:
  gt_rhs = '9*v**2 + 2*x - 6'
d_max = 1
d_max = 2
   target = 9*v**2 + 2*x - 6
['9*v**2 + 2*x - 6']
  is_equivalent = True
  total_successes = 1, success_rate = 1.0
DEGREE = 4:
METHOD = 'diofantos':


Whole evaluation from the beginning of the script took:
 5.4 seconds, i.e. 0.09 minutes or 0.002 hours.

Current time: 2026-03-28 11:31:30.541662
Sat Mar 28 11:31:31 AM CET 2026
this is oei.sh 1 poltrd-dp-loop4 0 999    doing   doones job_id 487326 task_id 1 * 1000 + 59 --exper_id poltrd-dp-loop4
