==============================================
Starting time (of array_subjob 487326_68):
Sat Mar 28 11:31:25 AM CET 2026
(True, True)
(True, False)
(True, False)
Current time: 2026-03-28 11:31:28.802025 

True
METHOD = 'diofantos'
DEGREE = 4
SCALE = 3000
  all_datasets = 2257
pds1068.csv:
  gt_rhs = '10*w**2*x**2 - 9*w*x*y + 6'
d_max = 1
d_max = 2
   target = 5710076527790909749011633849*v**2 - 1623580924407270527071427974*v*w + 1515006694489735440391895677*v*x - 3895390978137301483608787666*v*y + 3845590944982069945583680848*v*z + 9873613914533156694946195547*v + 4776207374908478169147960716*w**2 - 35579590592119722206054583*w*x - 4692984270167071961660094174*w*y - 2228331353680255704969042118*w*z - 5404464732702975517527726800*w + 2830107589664184148666849002*x**2 + 3630653429209355368865314308*x*y - 7191544774895471193141243692*x*z + 21456506756121358850615500741*x + 7777382520969971846397600858*y**2 + 1304035521535877856783113038*y*z - 12259392392521694351800207210*y - 2952072090724242559912267557*z**2 - 39069635483834522094191129293*z - 580886885902344940937986145518
['5710076527790909749011633849*v**2 - 1623580924407270527071427974*v*w + 1515006694489735440391895677*v*x - 3895390978137301483608787666*v*y + 3845590944982069945583680848*v*z + 9873613914533156694946195547*v + 4776207374908478169147960716*w**2 - 35579590592119722206054583*w*x - 4692984270167071961660094174*w*y - 2228331353680255704969042118*w*z - 5404464732702975517527726800*w + 2830107589664184148666849002*x**2 + 3630653429209355368865314308*x*y - 7191544774895471193141243692*x*z + 21456506756121358850615500741*x + 7777382520969971846397600858*y**2 + 1304035521535877856783113038*y*z - 12259392392521694351800207210*y - 2952072090724242559912267557*z**2 - 39069635483834522094191129293*z - 580886885902344940937986145518']
  is_equivalent = False
  total_successes = 0, success_rate = 0.0
DEGREE = 4:
METHOD = 'diofantos':


Whole evaluation from the beginning of the script took:
 5.1 seconds, i.e. 0.08 minutes or 0.001 hours.

Current time: 2026-03-28 11:31:33.871731
Sat Mar 28 11:31:34 AM CET 2026
this is oei.sh 1 poltrd-dp-loop4 0 999    doing   doones job_id 487326 task_id 1 * 1000 + 68 --exper_id poltrd-dp-loop4
