==============================================
Starting time (of array_subjob 487326_79):
Sat Mar 28 11:31:31 AM CET 2026
(True, True)
(True, False)
(True, False)
Current time: 2026-03-28 11:31:34.945660 

True
METHOD = 'diofantos'
DEGREE = 4
SCALE = 3000
  all_datasets = 2257
pds1079.csv:
  gt_rhs = '4*x*y**2 + 2*y + 2'
d_max = 1
d_max = 2
d_max = 3
   target = 4*x*y**2 + 2*y + 2
['4*x*y**2 + 2*y + 2']
  is_equivalent = True
  total_successes = 1, success_rate = 1.0
DEGREE = 4:
METHOD = 'diofantos':


Whole evaluation from the beginning of the script took:
 162.2 seconds, i.e. 2.7 minutes or 0.045 hours.

Current time: 2026-03-28 11:34:17.098881
Sat Mar 28 11:34:17 AM CET 2026
this is oei.sh 1 poltrd-dp-loop4 0 999    doing   doones job_id 487326 task_id 1 * 1000 + 79 --exper_id poltrd-dp-loop4
