==============================================
Starting time (of array_subjob 487326_78):
Sat Mar 28 11:31:30 AM CET 2026
(True, True)
(True, False)
(True, False)
Current time: 2026-03-28 11:31:34.635362 

True
METHOD = 'diofantos'
DEGREE = 4
SCALE = 3000
  all_datasets = 2257
pds1078.csv:
  gt_rhs = '-8*v*w*x**2*y*z**2'
d_max = 1
d_max = 2
   target = -848279024656689177325352594*v**2 + 3298824534362651884052448664*v*w + 3466198855483245323501184784*v*x - 2251504940439214958190041112*v*y + 1379783834511232313246287946*v*z + 5504207067186800791710473606*v - 4500931717144050117567143*w**2 - 625548935098129982960658178*w*x + 3269660676974144789006945810*w*y + 539000820727855754881295874*w*z - 1038146432354290033734230773*w + 370210978656942697978382109*x**2 + 4006405193294517039810138850*x*y + 1508230533997118223548477642*x*z - 180162117813911332210507233*x - 1365708102646656989820581275*y**2 + 1371203616974284245281712940*y*z + 4759427239415796993436586533*y + 918680567515499682046148928*z**2 - 443877633128596986444942*z - 36980173928469220254188251586
['-848279024656689177325352594*v**2 + 3298824534362651884052448664*v*w + 3466198855483245323501184784*v*x - 2251504940439214958190041112*v*y + 1379783834511232313246287946*v*z + 5504207067186800791710473606*v - 4500931717144050117567143*w**2 - 625548935098129982960658178*w*x + 3269660676974144789006945810*w*y + 539000820727855754881295874*w*z - 1038146432354290033734230773*w + 370210978656942697978382109*x**2 + 4006405193294517039810138850*x*y + 1508230533997118223548477642*x*z - 180162117813911332210507233*x - 1365708102646656989820581275*y**2 + 1371203616974284245281712940*y*z + 4759427239415796993436586533*y + 918680567515499682046148928*z**2 - 443877633128596986444942*z - 36980173928469220254188251586']
  is_equivalent = False
  total_successes = 0, success_rate = 0.0
DEGREE = 4:
METHOD = 'diofantos':


Whole evaluation from the beginning of the script took:
 5.5 seconds, i.e. 0.09 minutes or 0.002 hours.

Current time: 2026-03-28 11:31:40.137474
Sat Mar 28 11:31:40 AM CET 2026
this is oei.sh 1 poltrd-dp-loop4 0 999    doing   doones job_id 487326 task_id 1 * 1000 + 78 --exper_id poltrd-dp-loop4
