==============================================
Starting time (of array_subjob 487326_77):
Sat Mar 28 11:31:30 AM CET 2026
(True, True)
(True, False)
(True, False)
Current time: 2026-03-28 11:31:34.106160 

True
METHOD = 'diofantos'
DEGREE = 4
SCALE = 3000
  all_datasets = 2257
pds1077.csv:
  gt_rhs = '7*x**2 + 6*y - 8'
d_max = 1
d_max = 2
   target = 7*x**2 + 6*y - 8
['7*x**2 + 6*y - 8']
  is_equivalent = True
  total_successes = 1, success_rate = 1.0
DEGREE = 4:
METHOD = 'diofantos':


Whole evaluation from the beginning of the script took:
 5.3 seconds, i.e. 0.09 minutes or 0.001 hours.

Current time: 2026-03-28 11:31:39.418333
Sat Mar 28 11:31:39 AM CET 2026
this is oei.sh 1 poltrd-dp-loop4 0 999    doing   doones job_id 487326 task_id 1 * 1000 + 77 --exper_id poltrd-dp-loop4
