==============================================
Starting time (of array_subjob 487326_91):
Sat Mar 28 11:31:35 AM CET 2026
(True, True)
(True, False)
(True, False)
Current time: 2026-03-28 11:31:39.275888 

True
METHOD = 'diofantos'
DEGREE = 4
SCALE = 3000
  all_datasets = 2257
pds1091.csv:
  gt_rhs = '-v + w*x*y + 5'
d_max = 1
d_max = 2
d_max = 3
   target = -v + w*x*y + 5
['-v + w*x*y + 5']
  is_equivalent = True
  total_successes = 1, success_rate = 1.0
DEGREE = 4:
METHOD = 'diofantos':


Whole evaluation from the beginning of the script took:
 155.1 seconds, i.e. 2.59 minutes or 0.043 hours.

Current time: 2026-03-28 11:34:14.409322
Sat Mar 28 11:34:14 AM CET 2026
this is oei.sh 1 poltrd-dp-loop4 0 999    doing   doones job_id 487326 task_id 1 * 1000 + 91 --exper_id poltrd-dp-loop4
