==============================================
Starting time (of array_subjob 487326_107):
Sat Mar 28 11:31:45 AM CET 2026
(True, True)
(True, False)
(True, False)
Current time: 2026-03-28 11:31:49.473655 

True
METHOD = 'diofantos'
DEGREE = 4
SCALE = 3000
  all_datasets = 2257
pds1107.csv:
  gt_rhs = '10*v*x**2 - 3*v*y'
d_max = 1
d_max = 2
   target = -8111303597337601985689046338*v**2 - 21354032105498122198314595900*v*w + 29233878431565667978536850943*v*x + 33919909198332374172148032082*v*y + 13103839977038199170635487187*v*z + 221150922971218951931003370384*v + 7439854090216707005164538382*w**2 - 20254755758475602626103817554*w*x - 20217950377098441162104103261*w*y + 13735277853660001982437044735*w*z - 40254049711629154354840760576*w + 11051895713035473291319024841*x**2 + 40784346339600037426897274172*x*y + 9974946667820284621860688785*x*z + 177813113802565282855487170673*x + 11121628237063998852055939994*y**2 + 7755162183088608329013333131*y*z + 133282814869426451089202501608*y - 11624033731170502164852881459*z**2 - 21158796921527856112050781122*z + 951337557962590829238617663328
['-8111303597337601985689046338*v**2 - 21354032105498122198314595900*v*w + 29233878431565667978536850943*v*x + 33919909198332374172148032082*v*y + 13103839977038199170635487187*v*z + 221150922971218951931003370384*v + 7439854090216707005164538382*w**2 - 20254755758475602626103817554*w*x - 20217950377098441162104103261*w*y + 13735277853660001982437044735*w*z - 40254049711629154354840760576*w + 11051895713035473291319024841*x**2 + 40784346339600037426897274172*x*y + 9974946667820284621860688785*x*z + 177813113802565282855487170673*x + 11121628237063998852055939994*y**2 + 7755162183088608329013333131*y*z + 133282814869426451089202501608*y - 11624033731170502164852881459*z**2 - 21158796921527856112050781122*z + 951337557962590829238617663328']
  is_equivalent = False
  total_successes = 0, success_rate = 0.0
DEGREE = 4:
METHOD = 'diofantos':


Whole evaluation from the beginning of the script took:
 5.2 seconds, i.e. 0.09 minutes or 0.001 hours.

Current time: 2026-03-28 11:31:54.706509
Sat Mar 28 11:31:55 AM CET 2026
this is oei.sh 1 poltrd-dp-loop4 0 999    doing   doones job_id 487326 task_id 1 * 1000 + 107 --exper_id poltrd-dp-loop4
