==============================================
Starting time (of array_subjob 487326_101):
Sat Mar 28 11:31:43 AM CET 2026
(True, True)
(True, False)
(True, False)
Current time: 2026-03-28 11:31:47.266820 

True
METHOD = 'diofantos'
DEGREE = 4
SCALE = 3000
  all_datasets = 2257
pds1101.csv:
  gt_rhs = '6*v*w + 6*z**2'
d_max = 1
d_max = 2
   target = 6*v*w + 6*z**2
['6*v*w + 6*z**2']
  is_equivalent = True
  total_successes = 1, success_rate = 1.0
DEGREE = 4:
METHOD = 'diofantos':


Whole evaluation from the beginning of the script took:
 5.6 seconds, i.e. 0.09 minutes or 0.002 hours.

Current time: 2026-03-28 11:31:52.876163
Sat Mar 28 11:31:53 AM CET 2026
this is oei.sh 1 poltrd-dp-loop4 0 999    doing   doones job_id 487326 task_id 1 * 1000 + 101 --exper_id poltrd-dp-loop4
