==============================================
Starting time (of array_subjob 487326_111):
Sat Mar 28 11:31:50 AM CET 2026
(True, True)
(True, False)
(True, False)
Current time: 2026-03-28 11:31:54.175540 

True
METHOD = 'diofantos'
DEGREE = 4
SCALE = 3000
  all_datasets = 2257
pds1111.csv:
  gt_rhs = '-5*x**2*y + 2*y'
d_max = 1
d_max = 2
   target = -137363116451441397919551839205*v**2 - 8236795473961890539514293040*v*w + 3033521383275930900510527460*v*x + 271331741891082372552855264915*v*y + 261593503600837191597828842235*v*z + 1400650859264573960677296727125*v + 101830827443732172888263840115*w**2 + 36736132277854560777121912260*w*x - 123729906867579146553449024220*w*y + 192983952177178930528057968135*w*z + 323256795512552895374062781565*w + 174711450789703454370834140480*x**2 + 214480511312490291968970998060*x*y + 241138588257719932685998296885*x*z + 980988277266571724624490532760*x - 281485279206386167745778020925*y**2 - 220322015914601954327136706155*y*z + 975699104130433280200236986132*y - 134248305879066231947357094090*z**2 - 195126825818124138953449593930*z + 5292526846855291113105329958480
['-137363116451441397919551839205*v**2 - 8236795473961890539514293040*v*w + 3033521383275930900510527460*v*x + 271331741891082372552855264915*v*y + 261593503600837191597828842235*v*z + 1400650859264573960677296727125*v + 101830827443732172888263840115*w**2 + 36736132277854560777121912260*w*x - 123729906867579146553449024220*w*y + 192983952177178930528057968135*w*z + 323256795512552895374062781565*w + 174711450789703454370834140480*x**2 + 214480511312490291968970998060*x*y + 241138588257719932685998296885*x*z + 980988277266571724624490532760*x - 281485279206386167745778020925*y**2 - 220322015914601954327136706155*y*z + 975699104130433280200236986132*y - 134248305879066231947357094090*z**2 - 195126825818124138953449593930*z + 5292526846855291113105329958480']
  is_equivalent = False
  total_successes = 0, success_rate = 0.0
DEGREE = 4:
METHOD = 'diofantos':


Whole evaluation from the beginning of the script took:
 5.4 seconds, i.e. 0.09 minutes or 0.001 hours.

Current time: 2026-03-28 11:31:59.545712
Sat Mar 28 11:32:00 AM CET 2026
this is oei.sh 1 poltrd-dp-loop4 0 999    doing   doones job_id 487326 task_id 1 * 1000 + 111 --exper_id poltrd-dp-loop4
