==============================================
Starting time (of array_subjob 487326_161):
Sat Mar 28 11:32:52 AM CET 2026
(True, True)
(True, False)
(True, False)
Current time: 2026-03-28 11:32:55.698564 

True
METHOD = 'diofantos'
DEGREE = 4
SCALE = 3000
  all_datasets = 2257
pds1161.csv:
  gt_rhs = '8*x*y - 10*z**2 + z + 7'
d_max = 1
d_max = 2
   target = 8*x*y - 10*z**2 + z + 7
['8*x*y - 10*z**2 + z + 7']
  is_equivalent = True
  total_successes = 1, success_rate = 1.0
DEGREE = 4:
METHOD = 'diofantos':


Whole evaluation from the beginning of the script took:
 5.4 seconds, i.e. 0.09 minutes or 0.002 hours.

Current time: 2026-03-28 11:33:01.108396
Sat Mar 28 11:33:01 AM CET 2026
this is oei.sh 1 poltrd-dp-loop4 0 999    doing   doones job_id 487326 task_id 1 * 1000 + 161 --exper_id poltrd-dp-loop4
