==============================================
Starting time (of array_subjob 487326_177):
Sat Mar 28 11:33:20 AM CET 2026
(True, True)
(True, False)
(True, False)
Current time: 2026-03-28 11:33:24.117804 

True
METHOD = 'diofantos'
DEGREE = 4
SCALE = 3000
  all_datasets = 2257
pds1177.csv:
  gt_rhs = '10*v*w**2 - 7*v*z + 6'
d_max = 1
d_max = 2
   target = 191482137489267940399284798076*v**2 - 15942052442275590818159857681*v*w + 32646162936833221968381514272*v*x + 120766913381409210273950958780*v*y + 26239335509888558524282937645*v*z + 993082965212827232527078996426*v - 97527574347239074445434250176*w**2 - 38121288112294247196557873881*w*x + 8939399719723197053669637901*w*y + 35524644719070936299393410041*w*z + 314331881390770577440860261082*w - 95234431679561546555811976804*x**2 - 15557073830643747048721342628*x*y - 86369455201023387447196831880*x*z + 3313455532965549715020142310*x - 14809336254458148097658249736*y**2 - 59194742068402869261804868854*y*z + 142788102116952082325941581426*y - 111678877757522334572075055902*z**2 - 257929226877059746739004784806*z + 6206862941991952523393509832394
['191482137489267940399284798076*v**2 - 15942052442275590818159857681*v*w + 32646162936833221968381514272*v*x + 120766913381409210273950958780*v*y + 26239335509888558524282937645*v*z + 993082965212827232527078996426*v - 97527574347239074445434250176*w**2 - 38121288112294247196557873881*w*x + 8939399719723197053669637901*w*y + 35524644719070936299393410041*w*z + 314331881390770577440860261082*w - 95234431679561546555811976804*x**2 - 15557073830643747048721342628*x*y - 86369455201023387447196831880*x*z + 3313455532965549715020142310*x - 14809336254458148097658249736*y**2 - 59194742068402869261804868854*y*z + 142788102116952082325941581426*y - 111678877757522334572075055902*z**2 - 257929226877059746739004784806*z + 6206862941991952523393509832394']
  is_equivalent = False
  total_successes = 0, success_rate = 0.0
DEGREE = 4:
METHOD = 'diofantos':


Whole evaluation from the beginning of the script took:
 5.3 seconds, i.e. 0.09 minutes or 0.001 hours.

Current time: 2026-03-28 11:33:29.433458
Sat Mar 28 11:33:29 AM CET 2026
this is oei.sh 1 poltrd-dp-loop4 0 999    doing   doones job_id 487326 task_id 1 * 1000 + 177 --exper_id poltrd-dp-loop4
