==============================================
Starting time (of array_subjob 487326_188):
Sat Mar 28 11:33:29 AM CET 2026
(True, True)
(True, False)
(True, False)
Current time: 2026-03-28 11:33:32.846072 

True
METHOD = 'diofantos'
DEGREE = 4
SCALE = 3000
  all_datasets = 2257
pds1188.csv:
  gt_rhs = '3*v*x - 4*w + 4*y*z'
d_max = 1
d_max = 2
   target = 3*v*x - 4*w + 4*y*z
['3*v*x - 4*w + 4*y*z']
  is_equivalent = True
  total_successes = 1, success_rate = 1.0
DEGREE = 4:
METHOD = 'diofantos':


Whole evaluation from the beginning of the script took:
 5.1 seconds, i.e. 0.08 minutes or 0.001 hours.

Current time: 2026-03-28 11:33:37.905719
Sat Mar 28 11:33:38 AM CET 2026
this is oei.sh 1 poltrd-dp-loop4 0 999    doing   doones job_id 487326 task_id 1 * 1000 + 188 --exper_id poltrd-dp-loop4
