==============================================
Starting time (of array_subjob 487326_192):
Sat Mar 28 11:33:30 AM CET 2026
(True, True)
(True, False)
(True, False)
Current time: 2026-03-28 11:33:34.528883 

True
METHOD = 'diofantos'
DEGREE = 4
SCALE = 3000
  all_datasets = 2257
pds1192.csv:
  gt_rhs = '-4*v*w*y - 3*z'
d_max = 1
d_max = 2
d_max = 3
   target = -4*v*w*y - 3*z
['-4*v*w*y - 3*z']
  is_equivalent = True
  total_successes = 1, success_rate = 1.0
DEGREE = 4:
METHOD = 'diofantos':


Whole evaluation from the beginning of the script took:
 150.9 seconds, i.e. 2.52 minutes or 0.042 hours.

Current time: 2026-03-28 11:36:05.467558
Sat Mar 28 11:36:05 AM CET 2026
this is oei.sh 1 poltrd-dp-loop4 0 999    doing   doones job_id 487326 task_id 1 * 1000 + 192 --exper_id poltrd-dp-loop4
