==============================================
Starting time (of array_subjob 487326_239):
Sat Mar 28 11:34:09 AM CET 2026
(True, True)
(True, False)
(True, False)
Current time: 2026-03-28 11:34:12.901564 

True
METHOD = 'diofantos'
DEGREE = 4
SCALE = 3000
  all_datasets = 2257
pds1239.csv:
  gt_rhs = 'y**2 + 10*y - 7*z - 7'
d_max = 1
d_max = 2
   target = y**2 + 10*y - 7*z - 7
['y**2 + 10*y - 7*z - 7']
  is_equivalent = True
  total_successes = 1, success_rate = 1.0
DEGREE = 4:
METHOD = 'diofantos':


Whole evaluation from the beginning of the script took:
 5.1 seconds, i.e. 0.09 minutes or 0.001 hours.

Current time: 2026-03-28 11:34:18.022531
Sat Mar 28 11:34:18 AM CET 2026
this is oei.sh 1 poltrd-dp-loop4 0 999    doing   doones job_id 487326 task_id 1 * 1000 + 239 --exper_id poltrd-dp-loop4
