==============================================
Starting time (of array_subjob 487326_261):
Sat Mar 28 11:34:28 AM CET 2026
(True, True)
(True, False)
(True, False)
Current time: 2026-03-28 11:34:32.432974 

True
METHOD = 'diofantos'
DEGREE = 4
SCALE = 3000
  all_datasets = 2257
pds1261.csv:
  gt_rhs = '-2*v*w*x + 10*w*x + 3*x + 2*y'
d_max = 1
d_max = 2
d_max = 3
   target = -2*v*w*x + 10*w*x + 3*x + 2*y
['-2*v*w*x + 10*w*x + 3*x + 2*y']
  is_equivalent = True
  total_successes = 1, success_rate = 1.0
DEGREE = 4:
METHOD = 'diofantos':


Whole evaluation from the beginning of the script took:
 162.0 seconds, i.e. 2.7 minutes or 0.045 hours.

Current time: 2026-03-28 11:37:14.412301
Sat Mar 28 11:37:14 AM CET 2026
this is oei.sh 1 poltrd-dp-loop4 0 999    doing   doones job_id 487326 task_id 1 * 1000 + 261 --exper_id poltrd-dp-loop4
