==============================================
Starting time (of array_subjob 487326_301):
Sat Mar 28 11:35:14 AM CET 2026
(True, True)
(True, False)
(True, False)
Current time: 2026-03-28 11:35:17.041025 

True
METHOD = 'diofantos'
DEGREE = 4
SCALE = 3000
  all_datasets = 2257
pds1301.csv:
  gt_rhs = '-6*w*z - 7*x - 10'
d_max = 1
d_max = 2
   target = -6*w*z - 7*x - 10
['-6*w*z - 7*x - 10']
  is_equivalent = True
  total_successes = 1, success_rate = 1.0
DEGREE = 4:
METHOD = 'diofantos':


Whole evaluation from the beginning of the script took:
 4.2 seconds, i.e. 0.07 minutes or 0.001 hours.

Current time: 2026-03-28 11:35:21.220496
Sat Mar 28 11:35:21 AM CET 2026
this is oei.sh 1 poltrd-dp-loop4 0 999    doing   doones job_id 487326 task_id 1 * 1000 + 301 --exper_id poltrd-dp-loop4
