==============================================
Starting time (of array_subjob 487326_369):
Sat Mar 28 11:37:25 AM CET 2026
(True, True)
(True, False)
(True, False)
Current time: 2026-03-28 11:37:28.669430 

True
METHOD = 'diofantos'
DEGREE = 4
SCALE = 3000
  all_datasets = 2257
pds1369.csv:
  gt_rhs = '5*v*x*z - 6*x**2 + 2'
d_max = 1
d_max = 2
d_max = 3
   target = 5*v*x*z - 6*x**2 + 2
['5*v*x*z - 6*x**2 + 2']
  is_equivalent = True
  total_successes = 1, success_rate = 1.0
DEGREE = 4:
METHOD = 'diofantos':


Whole evaluation from the beginning of the script took:
 154.4 seconds, i.e. 2.57 minutes or 0.043 hours.

Current time: 2026-03-28 11:40:03.106370
Sat Mar 28 11:40:03 AM CET 2026
this is oei.sh 1 poltrd-dp-loop4 0 999    doing   doones job_id 487326 task_id 1 * 1000 + 369 --exper_id poltrd-dp-loop4
