==============================================
Starting time (of array_subjob 487326_366):
Sat Mar 28 11:37:18 AM CET 2026
(True, True)
(True, False)
(True, False)
Current time: 2026-03-28 11:37:22.199383 

True
METHOD = 'diofantos'
DEGREE = 4
SCALE = 3000
  all_datasets = 2257
pds1366.csv:
  gt_rhs = '2*v**2*w**2*x**2*y + 7'
d_max = 1
d_max = 2
   target = 1338037766247402361747045767910*v**2 - 2008146686076275074896049729956*v*w - 1285719056642703564138279229016*v*x - 1334189228206642491152771941382*v*y - 2144026290972194561994998489500*v*z + 2574169515555555297369664166526*v + 329917457417500954615154909957*w**2 - 270911952182453716793239459078*w*x + 632879658981296974617967092544*w*y + 997985374168607395683545223390*w*z + 664042055165852907570717813383*w + 682834381596998420840987018919*x**2 + 54147432203277926896541974036*x*y + 588650884341506612890069677898*x*z - 3680224532840084003243750148311*x + 687020907923911775809237631385*y**2 + 512970262591920111549540240374*y*z - 866007171345495308613440085877*y + 1196682273330757071908818664917*z**2 - 1397461710835660192505976171903*z - 84662694375939694574826100249977
['1338037766247402361747045767910*v**2 - 2008146686076275074896049729956*v*w - 1285719056642703564138279229016*v*x - 1334189228206642491152771941382*v*y - 2144026290972194561994998489500*v*z + 2574169515555555297369664166526*v + 329917457417500954615154909957*w**2 - 270911952182453716793239459078*w*x + 632879658981296974617967092544*w*y + 997985374168607395683545223390*w*z + 664042055165852907570717813383*w + 682834381596998420840987018919*x**2 + 54147432203277926896541974036*x*y + 588650884341506612890069677898*x*z - 3680224532840084003243750148311*x + 687020907923911775809237631385*y**2 + 512970262591920111549540240374*y*z - 866007171345495308613440085877*y + 1196682273330757071908818664917*z**2 - 1397461710835660192505976171903*z - 84662694375939694574826100249977']
  is_equivalent = False
  total_successes = 0, success_rate = 0.0
DEGREE = 4:
METHOD = 'diofantos':


Whole evaluation from the beginning of the script took:
 5.4 seconds, i.e. 0.09 minutes or 0.001 hours.

Current time: 2026-03-28 11:37:27.592588
Sat Mar 28 11:37:28 AM CET 2026
this is oei.sh 1 poltrd-dp-loop4 0 999    doing   doones job_id 487326 task_id 1 * 1000 + 366 --exper_id poltrd-dp-loop4
