==============================================
Starting time (of array_subjob 487326_398):
Sat Mar 28 11:41:24 AM CET 2026
(True, True)
(True, False)
(True, False)
Current time: 2026-03-28 11:41:27.953442 

True
METHOD = 'diofantos'
DEGREE = 4
SCALE = 3000
  all_datasets = 2257
pds1398.csv:
  gt_rhs = '-v*w**2 + 7*v - 4*y + 2'
d_max = 1
d_max = 2
   target = 207036829325599932738765581130*v**2 - 255468300919716871381829228801*v*w - 243924660849799841928992915172*v*x - 219610965017108619923780955010*v*y + 276248277441380487937765654546*v*z + 353726899204112044081743655871*v + 176906384753123981308783638593*w**2 + 200252421808686972981031197372*w*x + 184769374423135698651301264572*w*y - 533527104091392689775140983148*w*z - 2061065555618604101383915752421*w + 341901017343654992858804989480*x**2 + 236893723378612982036832899470*x*y - 404900327733911038464668526690*x*z - 1368334650065418441945034999376*x + 240708374845692096268486379034*y**2 - 491015395321576663851493516698*y*z - 2784886586357072195946435572598*y + 133909860563183938316960894896*z**2 + 432248083458762987716417358070*z - 22255857646488074277521340008492
['207036829325599932738765581130*v**2 - 255468300919716871381829228801*v*w - 243924660849799841928992915172*v*x - 219610965017108619923780955010*v*y + 276248277441380487937765654546*v*z + 353726899204112044081743655871*v + 176906384753123981308783638593*w**2 + 200252421808686972981031197372*w*x + 184769374423135698651301264572*w*y - 533527104091392689775140983148*w*z - 2061065555618604101383915752421*w + 341901017343654992858804989480*x**2 + 236893723378612982036832899470*x*y - 404900327733911038464668526690*x*z - 1368334650065418441945034999376*x + 240708374845692096268486379034*y**2 - 491015395321576663851493516698*y*z - 2784886586357072195946435572598*y + 133909860563183938316960894896*z**2 + 432248083458762987716417358070*z - 22255857646488074277521340008492']
  is_equivalent = False
  total_successes = 0, success_rate = 0.0
DEGREE = 4:
METHOD = 'diofantos':


Whole evaluation from the beginning of the script took:
 5.4 seconds, i.e. 0.09 minutes or 0.002 hours.

Current time: 2026-03-28 11:41:33.365146
Sat Mar 28 11:41:33 AM CET 2026
this is oei.sh 1 poltrd-dp-loop4 0 999    doing   doones job_id 487326 task_id 1 * 1000 + 398 --exper_id poltrd-dp-loop4
