==============================================
Starting time (of array_subjob 487326_401):
Sat Mar 28 11:41:53 AM CET 2026
(True, True)
(True, False)
(True, False)
Current time: 2026-03-28 11:41:57.346881 

True
METHOD = 'diofantos'
DEGREE = 4
SCALE = 3000
  all_datasets = 2257
pds1401.csv:
  gt_rhs = '-10*w**2*x - z - 1'
d_max = 1
d_max = 2
d_max = 3
   target = -10*w**2*x - z - 1
['-10*w**2*x - z - 1']
  is_equivalent = True
  total_successes = 1, success_rate = 1.0
DEGREE = 4:
METHOD = 'diofantos':


Whole evaluation from the beginning of the script took:
 171.1 seconds, i.e. 2.85 minutes or 0.048 hours.

Current time: 2026-03-28 11:44:48.434175
Sat Mar 28 11:44:48 AM CET 2026
this is oei.sh 1 poltrd-dp-loop4 0 999    doing   doones job_id 487326 task_id 1 * 1000 + 401 --exper_id poltrd-dp-loop4
