==============================================
Starting time (of array_subjob 487326_404):
Sat Mar 28 11:44:59 AM CET 2026
(True, True)
(True, False)
(True, False)
Current time: 2026-03-28 11:45:02.717552 

True
METHOD = 'diofantos'
DEGREE = 4
SCALE = 3000
  all_datasets = 2257
pds1404.csv:
  gt_rhs = '8*v*w - 6*w - 10*x**2*z**2 + 7'
d_max = 1
d_max = 2
   target = -915419425719316540502173840*v**2 + 1346856044561403700717130576*v*w - 1396394939586600826581056812*v*x + 1049642098629646375889635064*v*y + 2465810585495680403863989016*v*z - 2809042908066479529330299972*v + 1502043954552146709145846120*w**2 - 4791498220652066226003698300*w*x - 3200926857845663203335456088*w*y + 1407504926404530106510872810*w*z + 21050528833541520646898239694*w - 4075989121279635685927074300*x**2 - 1802923690910298266068577608*x*y + 3518913761581709026723984030*x*z + 1035427825727632644676246440*x + 1399108035611033478997407416*y**2 + 1794264600120273016212333414*y*z + 1311122555955182616860941272*y - 974575763416583432488697930*z**2 - 9991679055460445360403910050*z + 61014599511649514681590833187
['-915419425719316540502173840*v**2 + 1346856044561403700717130576*v*w - 1396394939586600826581056812*v*x + 1049642098629646375889635064*v*y + 2465810585495680403863989016*v*z - 2809042908066479529330299972*v + 1502043954552146709145846120*w**2 - 4791498220652066226003698300*w*x - 3200926857845663203335456088*w*y + 1407504926404530106510872810*w*z + 21050528833541520646898239694*w - 4075989121279635685927074300*x**2 - 1802923690910298266068577608*x*y + 3518913761581709026723984030*x*z + 1035427825727632644676246440*x + 1399108035611033478997407416*y**2 + 1794264600120273016212333414*y*z + 1311122555955182616860941272*y - 974575763416583432488697930*z**2 - 9991679055460445360403910050*z + 61014599511649514681590833187']
  is_equivalent = False
  total_successes = 0, success_rate = 0.0
DEGREE = 4:
METHOD = 'diofantos':


Whole evaluation from the beginning of the script took:
 5.1 seconds, i.e. 0.09 minutes or 0.001 hours.

Current time: 2026-03-28 11:45:07.865091
Sat Mar 28 11:45:08 AM CET 2026
this is oei.sh 1 poltrd-dp-loop4 0 999    doing   doones job_id 487326 task_id 1 * 1000 + 404 --exper_id poltrd-dp-loop4
