==============================================
Starting time (of array_subjob 487326_422):
Sat Mar 28 11:54:18 AM CET 2026
(True, True)
(True, False)
(True, False)
Current time: 2026-03-28 11:54:22.180721 

True
METHOD = 'diofantos'
DEGREE = 4
SCALE = 3000
  all_datasets = 2257
pds1422.csv:
  gt_rhs = '-7*v*w**2 + 5*v*y + 5'
d_max = 1
d_max = 2
   target = -112108934884044298984732805398*v**2 + 181501354856917852567299566529*v*w - 130350596447607364461995171310*v*x - 96389299622415631664550281225*v*y + 175764106959429888872573767946*v*z - 124904149761852739805652803618*v + 484428165560263893862946053658*w**2 + 327414198288998286657979773428*w*x + 245451767851089009320352633194*w*y - 155167707508382915583526955460*w*z - 691964988036552237904981136656*w + 131820779553372747452824167425*x**2 - 492075311591443565163539492776*x*y + 97593208404664841129496825428*x*z + 153936641776221615251675661689*x - 781539720337668267839771640255*y**2 - 130104015543260862734452556762*y*z - 1493228944180211107932275085033*y - 342366754237077156055680529861*z**2 - 291278234878949526872096424795*z + 28779257100484993548330826452645
['-112108934884044298984732805398*v**2 + 181501354856917852567299566529*v*w - 130350596447607364461995171310*v*x - 96389299622415631664550281225*v*y + 175764106959429888872573767946*v*z - 124904149761852739805652803618*v + 484428165560263893862946053658*w**2 + 327414198288998286657979773428*w*x + 245451767851089009320352633194*w*y - 155167707508382915583526955460*w*z - 691964988036552237904981136656*w + 131820779553372747452824167425*x**2 - 492075311591443565163539492776*x*y + 97593208404664841129496825428*x*z + 153936641776221615251675661689*x - 781539720337668267839771640255*y**2 - 130104015543260862734452556762*y*z - 1493228944180211107932275085033*y - 342366754237077156055680529861*z**2 - 291278234878949526872096424795*z + 28779257100484993548330826452645']
  is_equivalent = False
  total_successes = 0, success_rate = 0.0
DEGREE = 4:
METHOD = 'diofantos':


Whole evaluation from the beginning of the script took:
 5.1 seconds, i.e. 0.08 minutes or 0.001 hours.

Current time: 2026-03-28 11:54:27.248457
Sat Mar 28 11:54:27 AM CET 2026
this is oei.sh 1 poltrd-dp-loop4 0 999    doing   doones job_id 487326 task_id 1 * 1000 + 422 --exper_id poltrd-dp-loop4
