==============================================
Starting time (of array_subjob 487326_439):
Sat Mar 28 11:54:38 AM CET 2026
(True, True)
(True, False)
(True, False)
Current time: 2026-03-28 11:54:41.890095 

True
METHOD = 'diofantos'
DEGREE = 4
SCALE = 3000
  all_datasets = 2257
pds1439.csv:
  gt_rhs = '-3*w*x*y**2*z**2'
d_max = 1
d_max = 2
   target = -994186639464285015698704991840*v**2 - 374451889730435427452040925551*v*w + 365947942516519889549545140328*v*x - 22666085646872226480913534014*v*y + 869017518612363656322201914675*v*z - 2911547470959546181102420189534*v + 240405440658095438990344231416*w**2 + 338442302285049932319164557899*w*x - 314655240147592159721770167951*w*y + 106497141240249336240486427590*w*z - 2120929065158467905759487082244*w + 100867156610510832058069567216*x**2 - 95292760432918651581033328785*x*y - 292321624532124445138563603041*x*z - 1488618758764884772240164734264*x - 282244667327198340069154340943*y**2 - 405939373002124621821506174346*y*z - 1919561291899836308722188252111*y - 365501032154197695505503538592*z**2 - 1201285293749081312969152229884*z + 1039143341402335459767073077210
['-994186639464285015698704991840*v**2 - 374451889730435427452040925551*v*w + 365947942516519889549545140328*v*x - 22666085646872226480913534014*v*y + 869017518612363656322201914675*v*z - 2911547470959546181102420189534*v + 240405440658095438990344231416*w**2 + 338442302285049932319164557899*w*x - 314655240147592159721770167951*w*y + 106497141240249336240486427590*w*z - 2120929065158467905759487082244*w + 100867156610510832058069567216*x**2 - 95292760432918651581033328785*x*y - 292321624532124445138563603041*x*z - 1488618758764884772240164734264*x - 282244667327198340069154340943*y**2 - 405939373002124621821506174346*y*z - 1919561291899836308722188252111*y - 365501032154197695505503538592*z**2 - 1201285293749081312969152229884*z + 1039143341402335459767073077210']
  is_equivalent = False
  total_successes = 0, success_rate = 0.0
DEGREE = 4:
METHOD = 'diofantos':


Whole evaluation from the beginning of the script took:
 5.5 seconds, i.e. 0.09 minutes or 0.002 hours.

Current time: 2026-03-28 11:54:47.349632
Sat Mar 28 11:54:47 AM CET 2026
this is oei.sh 1 poltrd-dp-loop4 0 999    doing   doones job_id 487326 task_id 1 * 1000 + 439 --exper_id poltrd-dp-loop4
