==============================================
Starting time (of array_subjob 487326_446):
Sat Mar 28 11:54:38 AM CET 2026
(True, True)
(True, False)
(True, False)
Current time: 2026-03-28 11:54:42.167753 

True
METHOD = 'diofantos'
DEGREE = 4
SCALE = 3000
  all_datasets = 2257
pds1446.csv:
  gt_rhs = '-9*v - 2*w*x**2*y - 10'
d_max = 1
d_max = 2
   target = -30648309297486504587460804599*v**2 + 7710170683002213285170613785*v*w - 33119178081884105792977134812*v*x + 37022634833277594487388969536*v*y - 14294685637508345229635704457*v*z - 209093961660101685803034720677*v - 3887734850241691772317059158*w**2 - 32103013200269807380822768092*w*x - 35411033648488286079359285460*w*y - 65925919038178132679001358117*w*z - 95087762762695276582043008185*w + 74560655317263768346391931558*x**2 + 86411044964015518618688661708*x*y + 52958630584869819912537871868*x*z + 154669129905361315582013734908*x + 32617260839098983853188557802*y**2 + 49423134470756596082058979212*y*z + 305269348815553130400581584248*y - 12785208802992944067217862526*z**2 - 39971017018285443743718378951*z - 809368673801768889298782954739
['-30648309297486504587460804599*v**2 + 7710170683002213285170613785*v*w - 33119178081884105792977134812*v*x + 37022634833277594487388969536*v*y - 14294685637508345229635704457*v*z - 209093961660101685803034720677*v - 3887734850241691772317059158*w**2 - 32103013200269807380822768092*w*x - 35411033648488286079359285460*w*y - 65925919038178132679001358117*w*z - 95087762762695276582043008185*w + 74560655317263768346391931558*x**2 + 86411044964015518618688661708*x*y + 52958630584869819912537871868*x*z + 154669129905361315582013734908*x + 32617260839098983853188557802*y**2 + 49423134470756596082058979212*y*z + 305269348815553130400581584248*y - 12785208802992944067217862526*z**2 - 39971017018285443743718378951*z - 809368673801768889298782954739']
  is_equivalent = False
  total_successes = 0, success_rate = 0.0
DEGREE = 4:
METHOD = 'diofantos':


Whole evaluation from the beginning of the script took:
 5.1 seconds, i.e. 0.08 minutes or 0.001 hours.

Current time: 2026-03-28 11:54:47.263166
Sat Mar 28 11:54:47 AM CET 2026
this is oei.sh 1 poltrd-dp-loop4 0 999    doing   doones job_id 487326 task_id 1 * 1000 + 446 --exper_id poltrd-dp-loop4
