==============================================
Starting time (of array_subjob 487326_453):
Sat Mar 28 11:54:47 AM CET 2026
(True, True)
(True, False)
(True, False)
Current time: 2026-03-28 11:54:51.403709 

True
METHOD = 'diofantos'
DEGREE = 4
SCALE = 3000
  all_datasets = 2257
pds1453.csv:
  gt_rhs = '3*v*x + v*z - 5'
d_max = 1
d_max = 2
   target = 3*v*x + v*z - 5
['3*v*x + v*z - 5']
  is_equivalent = True
  total_successes = 1, success_rate = 1.0
DEGREE = 4:
METHOD = 'diofantos':


Whole evaluation from the beginning of the script took:
 5.4 seconds, i.e. 0.09 minutes or 0.002 hours.

Current time: 2026-03-28 11:54:56.846885
Sat Mar 28 11:54:57 AM CET 2026
this is oei.sh 1 poltrd-dp-loop4 0 999    doing   doones job_id 487326 task_id 1 * 1000 + 453 --exper_id poltrd-dp-loop4
