==============================================
Starting time (of array_subjob 487326_476):
Sat Mar 28 11:54:58 AM CET 2026
(True, True)
(True, False)
(True, False)
Current time: 2026-03-28 11:55:02.275250 

True
METHOD = 'diofantos'
DEGREE = 4
SCALE = 3000
  all_datasets = 2257
pds1476.csv:
  gt_rhs = '10*w**2*x + 3*w - 9*y**2*z - 10'
d_max = 1
d_max = 2
   target = 5307519157899058397078354938*v**2 + 10309471870335356802769625730*v*w - 16431185268028187675223431601*v*x + 28242335706709790987707468159*v*y + 23056416322430172452896218873*v*z + 169632643574655960290311096729*v + 21485203701583830945691244243*w**2 - 5987490177327007481751839551*w*x + 3155004342778014060958797947*w*y + 79268639558662554269909530515*w*z + 172383718455734567375152514907*w + 10090702455125260200960755754*x**2 + 19943919830848404637148275256*x*y - 11331824935633689258043709586*x*z - 99615389477576007336085228323*x + 14364601124633043898472376089*y**2 + 119991007467216119588996330417*y*z + 465294876732688507661374007470*y + 172097542679641851173905072852*z**2 + 1395813410514672156009096997953*z - 410422569986588462075278002901
['5307519157899058397078354938*v**2 + 10309471870335356802769625730*v*w - 16431185268028187675223431601*v*x + 28242335706709790987707468159*v*y + 23056416322430172452896218873*v*z + 169632643574655960290311096729*v + 21485203701583830945691244243*w**2 - 5987490177327007481751839551*w*x + 3155004342778014060958797947*w*y + 79268639558662554269909530515*w*z + 172383718455734567375152514907*w + 10090702455125260200960755754*x**2 + 19943919830848404637148275256*x*y - 11331824935633689258043709586*x*z - 99615389477576007336085228323*x + 14364601124633043898472376089*y**2 + 119991007467216119588996330417*y*z + 465294876732688507661374007470*y + 172097542679641851173905072852*z**2 + 1395813410514672156009096997953*z - 410422569986588462075278002901']
  is_equivalent = False
  total_successes = 0, success_rate = 0.0
DEGREE = 4:
METHOD = 'diofantos':


Whole evaluation from the beginning of the script took:
 5.2 seconds, i.e. 0.09 minutes or 0.001 hours.

Current time: 2026-03-28 11:55:07.479140
Sat Mar 28 11:55:07 AM CET 2026
this is oei.sh 1 poltrd-dp-loop4 0 999    doing   doones job_id 487326 task_id 1 * 1000 + 476 --exper_id poltrd-dp-loop4
