==============================================
Starting time (of array_subjob 487326_503):
Sat Mar 28 11:55:09 AM CET 2026
(True, True)
(True, False)
(True, False)
Current time: 2026-03-28 11:55:13.124337 

True
METHOD = 'diofantos'
DEGREE = 4
SCALE = 3000
  all_datasets = 2257
pds1503.csv:
  gt_rhs = '-8*w**3'
d_max = 1
d_max = 2
   target = -3000815497019994043010651234035*v**2 + 2093248474191226044130510083087*v*w - 674427878962279149910425671632*v*x + 990434648786987657342281621159*v*y - 1357262440864754961896104918127*v*z - 7612857379187670321995649234827*v - 517108759976257320872786662300*w**2 + 331067103760777162004884077477*w*x - 3303990076357586557761091074396*w*y + 124043374872746077950892218295*w*z + 7854387811496274441424317761829*w - 1020177070167889969621498119481*x**2 + 1692399405803293319198175569181*x*y + 1636691308297050836392203951131*x*z + 1753384977485187209364231509405*x + 1710405389556986194728945587915*y**2 + 166182794624213608691326201553*y*z + 2538524234877365170028872692626*y - 2543628344008111486672037237777*z**2 - 7695631726833369839927484986877*z + 142198209866348564246346916680830
['-3000815497019994043010651234035*v**2 + 2093248474191226044130510083087*v*w - 674427878962279149910425671632*v*x + 990434648786987657342281621159*v*y - 1357262440864754961896104918127*v*z - 7612857379187670321995649234827*v - 517108759976257320872786662300*w**2 + 331067103760777162004884077477*w*x - 3303990076357586557761091074396*w*y + 124043374872746077950892218295*w*z + 7854387811496274441424317761829*w - 1020177070167889969621498119481*x**2 + 1692399405803293319198175569181*x*y + 1636691308297050836392203951131*x*z + 1753384977485187209364231509405*x + 1710405389556986194728945587915*y**2 + 166182794624213608691326201553*y*z + 2538524234877365170028872692626*y - 2543628344008111486672037237777*z**2 - 7695631726833369839927484986877*z + 142198209866348564246346916680830']
  is_equivalent = False
  total_successes = 0, success_rate = 0.0
DEGREE = 4:
METHOD = 'diofantos':


Whole evaluation from the beginning of the script took:
 5.5 seconds, i.e. 0.09 minutes or 0.002 hours.

Current time: 2026-03-28 11:55:18.582363
Sat Mar 28 11:55:19 AM CET 2026
this is oei.sh 1 poltrd-dp-loop4 0 999    doing   doones job_id 487326 task_id 1 * 1000 + 503 --exper_id poltrd-dp-loop4
