==============================================
Starting time (of array_subjob 487326_534):
Sat Mar 28 11:55:20 AM CET 2026
(True, True)
(True, False)
(True, False)
Current time: 2026-03-28 11:55:23.870031 

True
METHOD = 'diofantos'
DEGREE = 4
SCALE = 3000
  all_datasets = 2257
pds1534.csv:
  gt_rhs = '-8*v*w**2*x*z'
d_max = 1
d_max = 2
   target = 32275272041733679166536221691170*v**2 + 21554543797509574805058471485196*v*w + 6963323695661414454300406683140*v*x - 15983231165783634915106599954364*v*y - 47318374415955647268503448718464*v*z + 198409606667096570068099150620398*v + 1897858109625450796641277705674*w**2 + 644233847741370932966434645752*w*x + 12697303860756332655055398000576*w*y - 16475761067335407276323782787692*w*z + 158727913797928564268817480637786*w - 3768597255663086136524946167414*x**2 + 64007107991049877422737906337856*x*y - 17737955575301468884956211866404*x*z + 257307018389545905122173114160070*x - 65760190158912664023674819604384*y**2 + 38401407456753016584634904560704*y*z - 354459994232860621789257233544224*y + 14421454112819299895359199955642*z**2 - 70181395289204208485373295586694*z - 271881115154678301353920452844976
['32275272041733679166536221691170*v**2 + 21554543797509574805058471485196*v*w + 6963323695661414454300406683140*v*x - 15983231165783634915106599954364*v*y - 47318374415955647268503448718464*v*z + 198409606667096570068099150620398*v + 1897858109625450796641277705674*w**2 + 644233847741370932966434645752*w*x + 12697303860756332655055398000576*w*y - 16475761067335407276323782787692*w*z + 158727913797928564268817480637786*w - 3768597255663086136524946167414*x**2 + 64007107991049877422737906337856*x*y - 17737955575301468884956211866404*x*z + 257307018389545905122173114160070*x - 65760190158912664023674819604384*y**2 + 38401407456753016584634904560704*y*z - 354459994232860621789257233544224*y + 14421454112819299895359199955642*z**2 - 70181395289204208485373295586694*z - 271881115154678301353920452844976']
  is_equivalent = False
  total_successes = 0, success_rate = 0.0
DEGREE = 4:
METHOD = 'diofantos':


Whole evaluation from the beginning of the script took:
 5.7 seconds, i.e. 0.09 minutes or 0.002 hours.

Current time: 2026-03-28 11:55:29.538101
Sat Mar 28 11:55:30 AM CET 2026
this is oei.sh 1 poltrd-dp-loop4 0 999    doing   doones job_id 487326 task_id 1 * 1000 + 534 --exper_id poltrd-dp-loop4
