==============================================
Starting time (of array_subjob 487326_569):
Sat Mar 28 11:55:38 AM CET 2026
(True, True)
(True, False)
(True, False)
Current time: 2026-03-28 11:55:42.425744 

True
METHOD = 'diofantos'
DEGREE = 4
SCALE = 3000
  all_datasets = 2257
pds1569.csv:
  gt_rhs = '-3*w'
d_max = 1
   target = -3*w
['-3*w']
  is_equivalent = True
  total_successes = 1, success_rate = 1.0
DEGREE = 4:
METHOD = 'diofantos':


Whole evaluation from the beginning of the script took:
 0.6 seconds, i.e. 0.01 minutes or 0.0 hours.

Current time: 2026-03-28 11:55:43.000351
Sat Mar 28 11:55:43 AM CET 2026
this is oei.sh 1 poltrd-dp-loop4 0 999    doing   doones job_id 487326 task_id 1 * 1000 + 569 --exper_id poltrd-dp-loop4
