==============================================
Starting time (of array_subjob 487326_565):
Sat Mar 28 11:55:37 AM CET 2026
(True, True)
(True, False)
(True, False)
Current time: 2026-03-28 11:55:40.989122 

True
METHOD = 'diofantos'
DEGREE = 4
SCALE = 3000
  all_datasets = 2257
pds1565.csv:
  gt_rhs = '-7*v*x - 9*w**2 + 4*x + 6*y + 6*z + 7'
d_max = 1
d_max = 2
   target = -7*v*x - 9*w**2 + 4*x + 6*y + 6*z + 7
['-7*v*x - 9*w**2 + 4*x + 6*y + 6*z + 7']
  is_equivalent = True
  total_successes = 1, success_rate = 1.0
DEGREE = 4:
METHOD = 'diofantos':


Whole evaluation from the beginning of the script took:
 4.9 seconds, i.e. 0.08 minutes or 0.001 hours.

Current time: 2026-03-28 11:55:45.861909
Sat Mar 28 11:55:46 AM CET 2026
this is oei.sh 1 poltrd-dp-loop4 0 999    doing   doones job_id 487326 task_id 1 * 1000 + 565 --exper_id poltrd-dp-loop4
