==============================================
Starting time (of array_subjob 487326_625):
Sat Mar 28 11:56:51 AM CET 2026
(True, True)
(True, False)
(True, False)
Current time: 2026-03-28 11:56:54.718584 

True
METHOD = 'diofantos'
DEGREE = 4
SCALE = 3000
  all_datasets = 2257
pds1625.csv:
  gt_rhs = '4*v*w - 10*v + 9*w**2*y + 10*x*y**2*z**2'
d_max = 1
d_max = 2
   target = 40406273997090431705810056238178*v**2 - 9149792425716070836768305495073*v*w - 49742830206918792068208073501907*v*x - 11484699130129443778190445617596*v*y - 27121858008958011710413216220174*v*z + 250717524858768786805992116907530*v - 2491742253788878201326491577981*w**2 - 11232472433927968973199813214503*w*x + 16550456154037223993829725514962*w*y - 8216698943569233417546431534235*w*z + 102919908752773365299352118429567*w + 50567706216377503971481251767741*x**2 + 50743052750838901514433508994507*x*y - 35202138919416592279897492795903*x*z - 517965676942630582449347952807898*x + 10901619578901073707217464718126*y**2 + 2846021555620486228260101365858*y*z - 327545454620444077502019687815830*y - 46436657264541920965857007203422*z**2 + 175911994384891807037027930140048*z - 236503996208787145091551178309298
['40406273997090431705810056238178*v**2 - 9149792425716070836768305495073*v*w - 49742830206918792068208073501907*v*x - 11484699130129443778190445617596*v*y - 27121858008958011710413216220174*v*z + 250717524858768786805992116907530*v - 2491742253788878201326491577981*w**2 - 11232472433927968973199813214503*w*x + 16550456154037223993829725514962*w*y - 8216698943569233417546431534235*w*z + 102919908752773365299352118429567*w + 50567706216377503971481251767741*x**2 + 50743052750838901514433508994507*x*y - 35202138919416592279897492795903*x*z - 517965676942630582449347952807898*x + 10901619578901073707217464718126*y**2 + 2846021555620486228260101365858*y*z - 327545454620444077502019687815830*y - 46436657264541920965857007203422*z**2 + 175911994384891807037027930140048*z - 236503996208787145091551178309298']
  is_equivalent = False
  total_successes = 0, success_rate = 0.0
DEGREE = 4:
METHOD = 'diofantos':


Whole evaluation from the beginning of the script took:
 5.4 seconds, i.e. 0.09 minutes or 0.002 hours.

Current time: 2026-03-28 11:57:00.152962
Sat Mar 28 11:57:00 AM CET 2026
this is oei.sh 1 poltrd-dp-loop4 0 999    doing   doones job_id 487326 task_id 1 * 1000 + 625 --exper_id poltrd-dp-loop4
