==============================================
Starting time (of array_subjob 487326_647):
Sat Mar 28 11:57:44 AM CET 2026
(True, True)
(True, False)
(True, False)
Current time: 2026-03-28 11:57:48.122970 

True
METHOD = 'diofantos'
DEGREE = 4
SCALE = 3000
  all_datasets = 2257
pds1647.csv:
  gt_rhs = '-4*w*x*z**2 - 10'
d_max = 1
d_max = 2
   target = 4364085908293903858275568*v**2 + 296572429616542206196674080*v*w + 192132122705149541500226656*v*x - 733241671192894566657674672*v*y - 38862173721567826584076296*v*z - 202789659835155021074214744*v + 602053488326660471432412916*w**2 + 731973869198960021551701068*w*x - 741710340054246833622140520*w*y - 301296935195985309101921512*w*z - 2266992397605676715777453732*w + 257544210367570519706844356*x**2 + 197515166834268228699944664*x*y - 668365138059935922027359464*x*z - 3954721812436301950242426708*x - 403882882492671108364662680*y**2 + 623124041294241542578070392*y*z + 6727684330890585901250601928*y - 168652828650670496064636156*z**2 - 29375864594199666364439940*z - 7413753068608198918696921178
['4364085908293903858275568*v**2 + 296572429616542206196674080*v*w + 192132122705149541500226656*v*x - 733241671192894566657674672*v*y - 38862173721567826584076296*v*z - 202789659835155021074214744*v + 602053488326660471432412916*w**2 + 731973869198960021551701068*w*x - 741710340054246833622140520*w*y - 301296935195985309101921512*w*z - 2266992397605676715777453732*w + 257544210367570519706844356*x**2 + 197515166834268228699944664*x*y - 668365138059935922027359464*x*z - 3954721812436301950242426708*x - 403882882492671108364662680*y**2 + 623124041294241542578070392*y*z + 6727684330890585901250601928*y - 168652828650670496064636156*z**2 - 29375864594199666364439940*z - 7413753068608198918696921178']
  is_equivalent = False
  total_successes = 0, success_rate = 0.0
DEGREE = 4:
METHOD = 'diofantos':


Whole evaluation from the beginning of the script took:
 5.0 seconds, i.e. 0.08 minutes or 0.001 hours.

Current time: 2026-03-28 11:57:53.115942
Sat Mar 28 11:57:53 AM CET 2026
this is oei.sh 1 poltrd-dp-loop4 0 999    doing   doones job_id 487326 task_id 1 * 1000 + 647 --exper_id poltrd-dp-loop4
