==============================================
Starting time (of array_subjob 487326_655):
Sat Mar 28 11:58:10 AM CET 2026
(True, True)
(True, False)
(True, False)
Current time: 2026-03-28 11:58:14.169866 

True
METHOD = 'diofantos'
DEGREE = 4
SCALE = 3000
  all_datasets = 2257
pds1655.csv:
  gt_rhs = '-4*w**2 + 8*x + 1'
d_max = 1
d_max = 2
   target = -4*w**2 + 8*x + 1
['-4*w**2 + 8*x + 1']
  is_equivalent = True
  total_successes = 1, success_rate = 1.0
DEGREE = 4:
METHOD = 'diofantos':


Whole evaluation from the beginning of the script took:
 5.3 seconds, i.e. 0.09 minutes or 0.001 hours.

Current time: 2026-03-28 11:58:19.460009
Sat Mar 28 11:58:19 AM CET 2026
this is oei.sh 1 poltrd-dp-loop4 0 999    doing   doones job_id 487326 task_id 1 * 1000 + 655 --exper_id poltrd-dp-loop4
