==============================================
Starting time (of array_subjob 487326_658):
Sat Mar 28 11:58:20 AM CET 2026
(True, True)
(True, False)
(True, False)
Current time: 2026-03-28 11:58:23.999761 

True
METHOD = 'diofantos'
DEGREE = 4
SCALE = 3000
  all_datasets = 2257
pds1658.csv:
  gt_rhs = '-7*w**2*x**2*y**2*z'
d_max = 1
d_max = 2
   target = -372413967639545801899906428866*v**2 - 96512180136982232593266225632*v*w - 802882399958577716180506049834*v*x + 533007354410166525445226341600*v*y + 308840722097570670728468761234*v*z + 2728930159324793265565607456048*v + 385205574215989524138192191606*w**2 + 356817220383411698769564446394*w*x - 775062495587242251379389535544*w*y - 213542536567271416627348341274*w*z - 3255046926625559238491097382212*w - 141736884896074466941327015260*x**2 - 298574013701225838303326023104*x*y + 658165127053554864653122302272*x*z + 1175741720474525446514925326336*x + 78874438396678738355457053758*y**2 - 432795358260819354000527186410*y*z + 125831712570375569096192499996*y - 222041772816966785065364110772*z**2 - 661579190709242876128949805696*z + 20319465596824608015804029192392
['-372413967639545801899906428866*v**2 - 96512180136982232593266225632*v*w - 802882399958577716180506049834*v*x + 533007354410166525445226341600*v*y + 308840722097570670728468761234*v*z + 2728930159324793265565607456048*v + 385205574215989524138192191606*w**2 + 356817220383411698769564446394*w*x - 775062495587242251379389535544*w*y - 213542536567271416627348341274*w*z - 3255046926625559238491097382212*w - 141736884896074466941327015260*x**2 - 298574013701225838303326023104*x*y + 658165127053554864653122302272*x*z + 1175741720474525446514925326336*x + 78874438396678738355457053758*y**2 - 432795358260819354000527186410*y*z + 125831712570375569096192499996*y - 222041772816966785065364110772*z**2 - 661579190709242876128949805696*z + 20319465596824608015804029192392']
  is_equivalent = False
  total_successes = 0, success_rate = 0.0
DEGREE = 4:
METHOD = 'diofantos':


Whole evaluation from the beginning of the script took:
 5.2 seconds, i.e. 0.09 minutes or 0.001 hours.

Current time: 2026-03-28 11:58:29.161145
Sat Mar 28 11:58:29 AM CET 2026
this is oei.sh 1 poltrd-dp-loop4 0 999    doing   doones job_id 487326 task_id 1 * 1000 + 658 --exper_id poltrd-dp-loop4
