==============================================
Starting time (of array_subjob 487326_661):
Sat Mar 28 11:58:23 AM CET 2026
(True, True)
(True, False)
(True, False)
Current time: 2026-03-28 11:58:26.689264 

True
METHOD = 'diofantos'
DEGREE = 4
SCALE = 3000
  all_datasets = 2257
pds1661.csv:
  gt_rhs = '-5*v**2*y + 2*y - 10'
d_max = 1
d_max = 2
d_max = 3
   target = -5*v**2*y + 2*y - 10
['-5*v**2*y + 2*y - 10']
  is_equivalent = True
  total_successes = 1, success_rate = 1.0
DEGREE = 4:
METHOD = 'diofantos':


Whole evaluation from the beginning of the script took:
 159.7 seconds, i.e. 2.66 minutes or 0.044 hours.

Current time: 2026-03-28 12:01:06.351954
Sat Mar 28 12:01:06 PM CET 2026
this is oei.sh 1 poltrd-dp-loop4 0 999    doing   doones job_id 487326 task_id 1 * 1000 + 661 --exper_id poltrd-dp-loop4
