==============================================
Starting time (of array_subjob 487326_679):
Sat Mar 28 11:58:53 AM CET 2026
(True, True)
(True, False)
(True, False)
Current time: 2026-03-28 11:58:56.920580 

True
METHOD = 'diofantos'
DEGREE = 4
SCALE = 3000
  all_datasets = 2257
pds1679.csv:
  gt_rhs = '-w**3*x*z'
d_max = 1
d_max = 2
   target = -3436871297295152069787730414778*v**2 + 3859121981123396957201235800575*v*w - 219541676385787626294456484072*v*x + 1477714165363111781485054264166*v*y - 4611452724438314619284872529123*v*z - 18480187362188490795091877995702*v - 1163561183011063227097557298170*w**2 - 2150832528825394420288112158274*w*x + 4806358905462619395603872773788*w*y - 3633210350341829424013401202621*w*z + 29522013578062857925009964356351*w - 564701995292087840421840792709*x**2 + 9077893433215622462344762923103*x*y - 13488841715505416832845353879750*x*z + 17740308029555120350435601273953*x + 5738573915988739052985234999437*y**2 + 5992902892570843916234161699421*y*z + 8307452129841526825941385850839*y - 3858661533593048452725738851758*z**2 - 61189720776888327401044403207719*z - 17694162984727961709647353453340
['-3436871297295152069787730414778*v**2 + 3859121981123396957201235800575*v*w - 219541676385787626294456484072*v*x + 1477714165363111781485054264166*v*y - 4611452724438314619284872529123*v*z - 18480187362188490795091877995702*v - 1163561183011063227097557298170*w**2 - 2150832528825394420288112158274*w*x + 4806358905462619395603872773788*w*y - 3633210350341829424013401202621*w*z + 29522013578062857925009964356351*w - 564701995292087840421840792709*x**2 + 9077893433215622462344762923103*x*y - 13488841715505416832845353879750*x*z + 17740308029555120350435601273953*x + 5738573915988739052985234999437*y**2 + 5992902892570843916234161699421*y*z + 8307452129841526825941385850839*y - 3858661533593048452725738851758*z**2 - 61189720776888327401044403207719*z - 17694162984727961709647353453340']
  is_equivalent = False
  total_successes = 0, success_rate = 0.0
DEGREE = 4:
METHOD = 'diofantos':


Whole evaluation from the beginning of the script took:
 5.2 seconds, i.e. 0.09 minutes or 0.001 hours.

Current time: 2026-03-28 11:59:02.134347
Sat Mar 28 11:59:02 AM CET 2026
this is oei.sh 1 poltrd-dp-loop4 0 999    doing   doones job_id 487326 task_id 1 * 1000 + 679 --exper_id poltrd-dp-loop4
