==============================================
Starting time (of array_subjob 487326_688):
Sat Mar 28 11:59:10 AM CET 2026
(True, True)
(True, False)
(True, False)
Current time: 2026-03-28 11:59:14.106715 

True
METHOD = 'diofantos'
DEGREE = 4
SCALE = 3000
  all_datasets = 2257
pds1688.csv:
  gt_rhs = '10*x + 9*y + 2*z'
d_max = 1
   target = 10*x + 9*y + 2*z
['10*x + 9*y + 2*z']
  is_equivalent = True
  total_successes = 1, success_rate = 1.0
DEGREE = 4:
METHOD = 'diofantos':


Whole evaluation from the beginning of the script took:
 0.6 seconds, i.e. 0.01 minutes or 0.0 hours.

Current time: 2026-03-28 11:59:14.721967
Sat Mar 28 11:59:15 AM CET 2026
this is oei.sh 1 poltrd-dp-loop4 0 999    doing   doones job_id 487326 task_id 1 * 1000 + 688 --exper_id poltrd-dp-loop4
