==============================================
Starting time (of array_subjob 487326_695):
Sat Mar 28 11:59:25 AM CET 2026
(True, True)
(True, False)
(True, False)
Current time: 2026-03-28 11:59:28.943737 

True
METHOD = 'diofantos'
DEGREE = 4
SCALE = 3000
  all_datasets = 2257
pds1695.csv:
  gt_rhs = '2*v*y*z + 2*z'
d_max = 1
d_max = 2
   target = 148509706305665987157547969250*v**2 + 1156338328105059308457186436138*v*w - 451096825831710871246249043552*v*x + 1112538111726610410187043761580*v*y - 368353161404156193115705321224*v*z + 3844985400761910730910961361948*v - 808607943310757994679390701604*w**2 + 1455449428972851180684814880962*w*x - 2703573359981644601645839271672*w*y + 985480594668724558318510688338*w*z + 3884338692827459866029674999952*w - 720363218257163448270901824106*x**2 + 1086238332774334015570895920686*x*y - 950809200978506572860775705678*x*z - 1182082783013429983581083652886*x - 1455586143682867551546029372552*y**2 + 320003606953470831733888728516*y*z - 3337836062646982654315242014270*y + 453169834306514123810073182148*z**2 - 3579185876677003017722867209534*z + 24502135356873736530898601863806
['148509706305665987157547969250*v**2 + 1156338328105059308457186436138*v*w - 451096825831710871246249043552*v*x + 1112538111726610410187043761580*v*y - 368353161404156193115705321224*v*z + 3844985400761910730910961361948*v - 808607943310757994679390701604*w**2 + 1455449428972851180684814880962*w*x - 2703573359981644601645839271672*w*y + 985480594668724558318510688338*w*z + 3884338692827459866029674999952*w - 720363218257163448270901824106*x**2 + 1086238332774334015570895920686*x*y - 950809200978506572860775705678*x*z - 1182082783013429983581083652886*x - 1455586143682867551546029372552*y**2 + 320003606953470831733888728516*y*z - 3337836062646982654315242014270*y + 453169834306514123810073182148*z**2 - 3579185876677003017722867209534*z + 24502135356873736530898601863806']
  is_equivalent = False
  total_successes = 0, success_rate = 0.0
DEGREE = 4:
METHOD = 'diofantos':


Whole evaluation from the beginning of the script took:
 5.5 seconds, i.e. 0.09 minutes or 0.002 hours.

Current time: 2026-03-28 11:59:34.426661
Sat Mar 28 11:59:34 AM CET 2026
this is oei.sh 1 poltrd-dp-loop4 0 999    doing   doones job_id 487326 task_id 1 * 1000 + 695 --exper_id poltrd-dp-loop4
