==============================================
Starting time (of array_subjob 487326_692):
Sat Mar 28 11:59:20 AM CET 2026
(True, True)
(True, False)
(True, False)
Current time: 2026-03-28 11:59:23.864534 

True
METHOD = 'diofantos'
DEGREE = 4
SCALE = 3000
  all_datasets = 2257
pds1692.csv:
  gt_rhs = '4*w**3 + 7*y*z'
d_max = 1
d_max = 2
d_max = 3
   target = 4*w**3 + 7*y*z
['4*w**3 + 7*y*z']
  is_equivalent = True
  total_successes = 1, success_rate = 1.0
DEGREE = 4:
METHOD = 'diofantos':


Whole evaluation from the beginning of the script took:
 169.0 seconds, i.e. 2.82 minutes or 0.047 hours.

Current time: 2026-03-28 12:02:12.863547
Sat Mar 28 12:02:13 PM CET 2026
this is oei.sh 1 poltrd-dp-loop4 0 999    doing   doones job_id 487326 task_id 1 * 1000 + 692 --exper_id poltrd-dp-loop4
