==============================================
Starting time (of array_subjob 487326_698):
Sat Mar 28 11:59:44 AM CET 2026
(True, True)
(True, False)
(True, False)
Current time: 2026-03-28 11:59:48.411341 

True
METHOD = 'diofantos'
DEGREE = 4
SCALE = 3000
  all_datasets = 2257
pds1698.csv:
  gt_rhs = '-9*v + 2*x*y**2'
d_max = 1
d_max = 2
   target = 9165335844696967844700445677310*v**2 + 2075253698268900099309980833306*v*w + 1769578934951715730118074284994*v*x - 308774922454871150881615114106*v*y + 6565141507130108775657199272536*v*z - 26643418467028186405178411950473*v - 4027935686073252007793805129409*w**2 + 403885423628796721609057540322*w*x + 390911862340771873534242014612*w*y + 6263245035996009078674349280849*w*z - 31557536874119639739214493204491*w - 5749238886969307457000371504864*x**2 - 1547908729231508803185699080146*x*y + 7946779661964192480694840766350*x*z - 40826292240861900721376241407228*x - 3306439192383723232531258969513*y**2 + 9632635667163774720251085404016*y*z - 20205831271608068681730610844877*y + 1662729003021718458341235998139*z**2 - 31798104727509237198386203449322*z + 239287834437311292198545871740282
['9165335844696967844700445677310*v**2 + 2075253698268900099309980833306*v*w + 1769578934951715730118074284994*v*x - 308774922454871150881615114106*v*y + 6565141507130108775657199272536*v*z - 26643418467028186405178411950473*v - 4027935686073252007793805129409*w**2 + 403885423628796721609057540322*w*x + 390911862340771873534242014612*w*y + 6263245035996009078674349280849*w*z - 31557536874119639739214493204491*w - 5749238886969307457000371504864*x**2 - 1547908729231508803185699080146*x*y + 7946779661964192480694840766350*x*z - 40826292240861900721376241407228*x - 3306439192383723232531258969513*y**2 + 9632635667163774720251085404016*y*z - 20205831271608068681730610844877*y + 1662729003021718458341235998139*z**2 - 31798104727509237198386203449322*z + 239287834437311292198545871740282']
  is_equivalent = False
  total_successes = 0, success_rate = 0.0
DEGREE = 4:
METHOD = 'diofantos':


Whole evaluation from the beginning of the script took:
 5.5 seconds, i.e. 0.09 minutes or 0.002 hours.

Current time: 2026-03-28 11:59:53.910061
Sat Mar 28 11:59:54 AM CET 2026
this is oei.sh 1 poltrd-dp-loop4 0 999    doing   doones job_id 487326 task_id 1 * 1000 + 698 --exper_id poltrd-dp-loop4
