==============================================
Starting time (of array_subjob 487326_725):
Sat Mar 28 12:27:42 PM CET 2026
(True, True)
(True, False)
(True, False)
Current time: 2026-03-28 12:27:47.972798 

True
METHOD = 'diofantos'
DEGREE = 4
SCALE = 3000
  all_datasets = 2257
pds1725.csv:
  gt_rhs = '-3*v*y*z + 8*y'
d_max = 1
d_max = 2
d_max = 3
   target = -3*v*y*z + 8*y
['-3*v*y*z + 8*y']
  is_equivalent = True
  total_successes = 1, success_rate = 1.0
DEGREE = 4:
METHOD = 'diofantos':


Whole evaluation from the beginning of the script took:
 159.9 seconds, i.e. 2.66 minutes or 0.044 hours.

Current time: 2026-03-28 12:30:27.862981
Sat Mar 28 12:30:28 PM CET 2026
this is oei.sh 1 poltrd-dp-loop4 0 999    doing   doones job_id 487326 task_id 1 * 1000 + 725 --exper_id poltrd-dp-loop4
