==============================================
Starting time (of array_subjob 487326_745):
Sat Mar 28 12:27:42 PM CET 2026
(True, True)
(True, False)
(True, False)
Current time: 2026-03-28 12:27:48.209811 

True
METHOD = 'diofantos'
DEGREE = 4
SCALE = 3000
  all_datasets = 2257
pds1745.csv:
  gt_rhs = '-5*v*y + w + 2*z - 10'
d_max = 1
d_max = 2
   target = -5*v*y + w + 2*z - 10
['-5*v*y + w + 2*z - 10']
  is_equivalent = True
  total_successes = 1, success_rate = 1.0
DEGREE = 4:
METHOD = 'diofantos':


Whole evaluation from the beginning of the script took:
 5.1 seconds, i.e. 0.09 minutes or 0.001 hours.

Current time: 2026-03-28 12:27:53.312612
Sat Mar 28 12:27:53 PM CET 2026
this is oei.sh 1 poltrd-dp-loop4 0 999    doing   doones job_id 487326 task_id 1 * 1000 + 745 --exper_id poltrd-dp-loop4
