==============================================
Starting time (of array_subjob 487326_765):
Sat Mar 28 12:27:54 PM CET 2026
(True, True)
(True, False)
(True, False)
Current time: 2026-03-28 12:27:58.347112 

True
METHOD = 'diofantos'
DEGREE = 4
SCALE = 3000
  all_datasets = 2257
pds1765.csv:
  gt_rhs = '-5*w*x*y*z - 8*w'
d_max = 1
d_max = 2
   target = 188578187836517864190659865642*v**2 - 3618739869373279227537140019*v*w + 85299830877674869959671233922*v*x - 202540123092771851257796674675*v*y + 47996613389962547979974078105*v*z + 1801088289896631643252475772882*v - 45812196800831198345694807202*w**2 + 126177736682803254129201459420*w*x + 18255035332257121577151414851*w*y + 64215998584243644735301129010*w*z - 363052515692996039562249764320*w - 49580141569373942960799229317*x**2 - 38447354649585021966680967868*x*y - 11539402397346970589236988498*x*z + 727684619913687888788695100201*x - 60084481484406519078487103517*y**2 + 86954106582746945044879463986*y*z - 1802055861877027574482696550004*y - 127496458295264192714880292516*z**2 + 1548466038297154161528918709755*z + 5794687761845119762503876870746
['188578187836517864190659865642*v**2 - 3618739869373279227537140019*v*w + 85299830877674869959671233922*v*x - 202540123092771851257796674675*v*y + 47996613389962547979974078105*v*z + 1801088289896631643252475772882*v - 45812196800831198345694807202*w**2 + 126177736682803254129201459420*w*x + 18255035332257121577151414851*w*y + 64215998584243644735301129010*w*z - 363052515692996039562249764320*w - 49580141569373942960799229317*x**2 - 38447354649585021966680967868*x*y - 11539402397346970589236988498*x*z + 727684619913687888788695100201*x - 60084481484406519078487103517*y**2 + 86954106582746945044879463986*y*z - 1802055861877027574482696550004*y - 127496458295264192714880292516*z**2 + 1548466038297154161528918709755*z + 5794687761845119762503876870746']
  is_equivalent = False
  total_successes = 0, success_rate = 0.0
DEGREE = 4:
METHOD = 'diofantos':


Whole evaluation from the beginning of the script took:
 5.3 seconds, i.e. 0.09 minutes or 0.001 hours.

Current time: 2026-03-28 12:28:03.640743
Sat Mar 28 12:28:04 PM CET 2026
this is oei.sh 1 poltrd-dp-loop4 0 999    doing   doones job_id 487326 task_id 1 * 1000 + 765 --exper_id poltrd-dp-loop4
