==============================================
Starting time (of array_subjob 487326_782):
Sat Mar 28 12:28:04 PM CET 2026
(True, True)
(True, False)
(True, False)
Current time: 2026-03-28 12:28:08.136455 

True
METHOD = 'diofantos'
DEGREE = 4
SCALE = 3000
  all_datasets = 2257
pds1782.csv:
  gt_rhs = '-7*w*x*y + 5*w + 6*x + 9'
d_max = 1
d_max = 2
d_max = 3
   target = -7*w*x*y + 5*w + 6*x + 9
['-7*w*x*y + 5*w + 6*x + 9']
  is_equivalent = True
  total_successes = 1, success_rate = 1.0
DEGREE = 4:
METHOD = 'diofantos':


Whole evaluation from the beginning of the script took:
 163.6 seconds, i.e. 2.73 minutes or 0.045 hours.

Current time: 2026-03-28 12:30:51.706914
Sat Mar 28 12:30:52 PM CET 2026
this is oei.sh 1 poltrd-dp-loop4 0 999    doing   doones job_id 487326 task_id 1 * 1000 + 782 --exper_id poltrd-dp-loop4
