==============================================
Starting time (of array_subjob 487326_786):
Sat Mar 28 12:28:04 PM CET 2026
(True, True)
(True, False)
(True, False)
Current time: 2026-03-28 12:28:08.427828 

True
METHOD = 'diofantos'
DEGREE = 4
SCALE = 3000
  all_datasets = 2257
pds1786.csv:
  gt_rhs = '2*v - 2*y*z + 6*y - 3'
d_max = 1
d_max = 2
   target = 2*v - 2*y*z + 6*y - 3
['2*v - 2*y*z + 6*y - 3']
  is_equivalent = True
  total_successes = 1, success_rate = 1.0
DEGREE = 4:
METHOD = 'diofantos':


Whole evaluation from the beginning of the script took:
 4.9 seconds, i.e. 0.08 minutes or 0.001 hours.

Current time: 2026-03-28 12:28:13.369367
Sat Mar 28 12:28:13 PM CET 2026
this is oei.sh 1 poltrd-dp-loop4 0 999    doing   doones job_id 487326 task_id 1 * 1000 + 786 --exper_id poltrd-dp-loop4
