==============================================
Starting time (of array_subjob 487326_797):
Sat Mar 28 12:28:10 PM CET 2026
(True, True)
(True, False)
(True, False)
Current time: 2026-03-28 12:28:13.803868 

True
METHOD = 'diofantos'
DEGREE = 4
SCALE = 3000
  all_datasets = 2257
pds1797.csv:
  gt_rhs = '-w*z + 2*w + 9*y - 10*z'
d_max = 1
d_max = 2
   target = -w*z + 2*w + 9*y - 10*z
['-w*z + 2*w + 9*y - 10*z']
  is_equivalent = True
  total_successes = 1, success_rate = 1.0
DEGREE = 4:
METHOD = 'diofantos':


Whole evaluation from the beginning of the script took:
 4.9 seconds, i.e. 0.08 minutes or 0.001 hours.

Current time: 2026-03-28 12:28:18.733314
Sat Mar 28 12:28:19 PM CET 2026
this is oei.sh 1 poltrd-dp-loop4 0 999    doing   doones job_id 487326 task_id 1 * 1000 + 797 --exper_id poltrd-dp-loop4
