==============================================
Starting time (of array_subjob 487326_816):
Sat Mar 28 12:28:12 PM CET 2026
(True, True)
(True, False)
(True, False)
Current time: 2026-03-28 12:28:16.007896 

True
METHOD = 'diofantos'
DEGREE = 4
SCALE = 3000
  all_datasets = 2257
pds1816.csv:
  gt_rhs = '-4*v*w**2*x**2*y*z'
d_max = 1
d_max = 2
   target = 190617341879754599514211295952*v**2 - 1995545744617999336703469846*v*w + 78887659426463660793246228796*v*x - 88895048837018207093655141276*v*y + 37474459967507182379317017572*v*z - 278379212657117187739963735428*v + 79123765923288420477415529665*w**2 + 27620165610845211100598364020*w*x - 20991581390025862669687841608*w*y - 27974622410921669944799616924*w*z + 667197743507858783963108847493*w - 85438163016723855486392894791*x**2 - 126936581005416974307334296388*x*y + 178076517188748181729883180832*x*z - 43479975971086131751670703881*x + 423885270639010902215324835*y**2 + 39690649938497141355766028118*y*z - 464599917489926361090136215761*y + 51848268987136950101801240672*z**2 + 340944083974940710089478051764*z - 5917335536116892707628494012838
['190617341879754599514211295952*v**2 - 1995545744617999336703469846*v*w + 78887659426463660793246228796*v*x - 88895048837018207093655141276*v*y + 37474459967507182379317017572*v*z - 278379212657117187739963735428*v + 79123765923288420477415529665*w**2 + 27620165610845211100598364020*w*x - 20991581390025862669687841608*w*y - 27974622410921669944799616924*w*z + 667197743507858783963108847493*w - 85438163016723855486392894791*x**2 - 126936581005416974307334296388*x*y + 178076517188748181729883180832*x*z - 43479975971086131751670703881*x + 423885270639010902215324835*y**2 + 39690649938497141355766028118*y*z - 464599917489926361090136215761*y + 51848268987136950101801240672*z**2 + 340944083974940710089478051764*z - 5917335536116892707628494012838']
  is_equivalent = False
  total_successes = 0, success_rate = 0.0
DEGREE = 4:
METHOD = 'diofantos':


Whole evaluation from the beginning of the script took:
 5.2 seconds, i.e. 0.09 minutes or 0.001 hours.

Current time: 2026-03-28 12:28:21.251591
Sat Mar 28 12:28:21 PM CET 2026
this is oei.sh 1 poltrd-dp-loop4 0 999    doing   doones job_id 487326 task_id 1 * 1000 + 816 --exper_id poltrd-dp-loop4
