==============================================
Starting time (of array_subjob 487326_810):
Sat Mar 28 12:28:12 PM CET 2026
(True, True)
(True, False)
(True, False)
Current time: 2026-03-28 12:28:16.340208 

True
METHOD = 'diofantos'
DEGREE = 4
SCALE = 3000
  all_datasets = 2257
pds1810.csv:
  gt_rhs = '-9*v - 8*w*z + y - 9'
d_max = 1
d_max = 2
   target = -9*v - 8*w*z + y - 9
['-9*v - 8*w*z + y - 9']
  is_equivalent = True
  total_successes = 1, success_rate = 1.0
DEGREE = 4:
METHOD = 'diofantos':


Whole evaluation from the beginning of the script took:
 5.2 seconds, i.e. 0.09 minutes or 0.001 hours.

Current time: 2026-03-28 12:28:21.582980
Sat Mar 28 12:28:22 PM CET 2026
this is oei.sh 1 poltrd-dp-loop4 0 999    doing   doones job_id 487326 task_id 1 * 1000 + 810 --exper_id poltrd-dp-loop4
