==============================================
Starting time (of array_subjob 487326_851):
Sat Mar 28 12:28:21 PM CET 2026
(True, True)
(True, False)
(True, False)
Current time: 2026-03-28 12:28:25.329768 

True
METHOD = 'diofantos'
DEGREE = 4
SCALE = 3000
  all_datasets = 2257
pds1851.csv:
  gt_rhs = '-2*w*x**3'
d_max = 1
d_max = 2
   target = 95676028846706076067714860564*v**2 + 32488155019446128982208327884*v*w + 23015703490214939933043373854*v*x - 67957137678047407671967944216*v*y + 78848265505720502269005296622*v*z - 95277692743858774747230123852*v - 2766903069378718668630899934*w**2 + 99991675807298060053631218852*w*x - 61144111046364212063415828354*w*y - 45288480081886952105619774012*w*z - 351519018547515737201066817240*w + 3492052799426589919546768794*x**2 - 26196237918779100591229040949*x*y + 59162276252822548833550759959*x*z + 473132422233348064561950512445*x - 10979507776512874941742373622*y**2 - 28261517235493275654089223489*y*z + 485419585261534680579893192448*y + 17618444761468554734154344181*z**2 - 312029286388043327665606140093*z - 3503413001515943133957888214278
['95676028846706076067714860564*v**2 + 32488155019446128982208327884*v*w + 23015703490214939933043373854*v*x - 67957137678047407671967944216*v*y + 78848265505720502269005296622*v*z - 95277692743858774747230123852*v - 2766903069378718668630899934*w**2 + 99991675807298060053631218852*w*x - 61144111046364212063415828354*w*y - 45288480081886952105619774012*w*z - 351519018547515737201066817240*w + 3492052799426589919546768794*x**2 - 26196237918779100591229040949*x*y + 59162276252822548833550759959*x*z + 473132422233348064561950512445*x - 10979507776512874941742373622*y**2 - 28261517235493275654089223489*y*z + 485419585261534680579893192448*y + 17618444761468554734154344181*z**2 - 312029286388043327665606140093*z - 3503413001515943133957888214278']
  is_equivalent = False
  total_successes = 0, success_rate = 0.0
DEGREE = 4:
METHOD = 'diofantos':


Whole evaluation from the beginning of the script took:
 5.1 seconds, i.e. 0.09 minutes or 0.001 hours.

Current time: 2026-03-28 12:28:30.446999
Sat Mar 28 12:28:30 PM CET 2026
this is oei.sh 1 poltrd-dp-loop4 0 999    doing   doones job_id 487326 task_id 1 * 1000 + 851 --exper_id poltrd-dp-loop4
