==============================================
Starting time (of array_subjob 487326_867):
Sat Mar 28 12:28:22 PM CET 2026
(True, True)
(True, False)
(True, False)
Current time: 2026-03-28 12:28:26.917879 

True
METHOD = 'diofantos'
DEGREE = 4
SCALE = 3000
  all_datasets = 2257
pds1867.csv:
  gt_rhs = '4*v - 5*x**2*z - 3*x*z**2 + 1'
d_max = 1
d_max = 2
d_max = 3
   target = 4*v - 5*x**2*z - 3*x*z**2 + 1
['4*v - 5*x**2*z - 3*x*z**2 + 1']
  is_equivalent = True
  total_successes = 1, success_rate = 1.0
DEGREE = 4:
METHOD = 'diofantos':


Whole evaluation from the beginning of the script took:
 155.6 seconds, i.e. 2.59 minutes or 0.043 hours.

Current time: 2026-03-28 12:31:02.531043
Sat Mar 28 12:31:03 PM CET 2026
this is oei.sh 1 poltrd-dp-loop4 0 999    doing   doones job_id 487326 task_id 1 * 1000 + 867 --exper_id poltrd-dp-loop4
