==============================================
Starting time (of array_subjob 487326_906):
Sat Mar 28 12:28:34 PM CET 2026
(True, True)
(True, False)
(True, False)
Current time: 2026-03-28 12:28:37.927105 

True
METHOD = 'diofantos'
DEGREE = 4
SCALE = 3000
  all_datasets = 2257
pds1906.csv:
  gt_rhs = '-6*v - 4*w*y**2*z**2 + 6*x**2 - 5*y + 9'
d_max = 1
d_max = 2
   target = -41265372356008244006136351772*v**2 - 56710204877907902386697685731*v*w - 176846522677962352146337763428*v*x - 210623721404251416616517987641*v*y + 116120446521601362878070723917*v*z - 671716762541425608367618950286*v - 64598116259077829736740906559*w**2 - 178852554556121260279223560844*w*x - 364476679178848132526455777789*w*y + 62523285129094893780914062249*w*z - 1344633536661006271388489656639*w - 69046075723380519031328094460*x**2 + 99002625369341651472312248955*x*y + 88570986496654744143156231302*x*z + 70367692506755290271186110146*x + 134772966248228168230209737581*y**2 + 126382210711293406347224563846*y*z + 1401940335648364339815677946909*y - 9456648394117183564859582948*z**2 + 211084200421602800892083239991*z + 2295309657532083775473220530809
['-41265372356008244006136351772*v**2 - 56710204877907902386697685731*v*w - 176846522677962352146337763428*v*x - 210623721404251416616517987641*v*y + 116120446521601362878070723917*v*z - 671716762541425608367618950286*v - 64598116259077829736740906559*w**2 - 178852554556121260279223560844*w*x - 364476679178848132526455777789*w*y + 62523285129094893780914062249*w*z - 1344633536661006271388489656639*w - 69046075723380519031328094460*x**2 + 99002625369341651472312248955*x*y + 88570986496654744143156231302*x*z + 70367692506755290271186110146*x + 134772966248228168230209737581*y**2 + 126382210711293406347224563846*y*z + 1401940335648364339815677946909*y - 9456648394117183564859582948*z**2 + 211084200421602800892083239991*z + 2295309657532083775473220530809']
  is_equivalent = False
  total_successes = 0, success_rate = 0.0
DEGREE = 4:
METHOD = 'diofantos':


Whole evaluation from the beginning of the script took:
 5.1 seconds, i.e. 0.09 minutes or 0.001 hours.

Current time: 2026-03-28 12:28:43.064361
Sat Mar 28 12:28:43 PM CET 2026
this is oei.sh 1 poltrd-dp-loop4 0 999    doing   doones job_id 487326 task_id 1 * 1000 + 906 --exper_id poltrd-dp-loop4
