==============================================
Starting time (of array_subjob 487326_915):
Sat Mar 28 12:28:39 PM CET 2026
(True, True)
(True, False)
(True, False)
Current time: 2026-03-28 12:28:43.008990 

True
METHOD = 'diofantos'
DEGREE = 4
SCALE = 3000
  all_datasets = 2257
pds1915.csv:
  gt_rhs = '4'
d_max = 1
   target = 4
['4']
  is_equivalent = True
  total_successes = 1, success_rate = 1.0
DEGREE = 4:
METHOD = 'diofantos':


Whole evaluation from the beginning of the script took:
 0.6 seconds, i.e. 0.01 minutes or 0.0 hours.

Current time: 2026-03-28 12:28:43.614745
Sat Mar 28 12:28:44 PM CET 2026
this is oei.sh 1 poltrd-dp-loop4 0 999    doing   doones job_id 487326 task_id 1 * 1000 + 915 --exper_id poltrd-dp-loop4
