==============================================
Starting time (of array_subjob 487326_918):
Sat Mar 28 12:28:41 PM CET 2026
(True, True)
(True, False)
(True, False)
Current time: 2026-03-28 12:28:44.834072 

True
METHOD = 'diofantos'
DEGREE = 4
SCALE = 3000
  all_datasets = 2257
pds1918.csv:
  gt_rhs = '-4*v*x - 5*w**2*x*y + 8*w + 4'
d_max = 1
d_max = 2
   target = 4188740395011564456309647345728002*v**2 + 1924718751724112748289056583978824*v*w - 1014775046760908506408986704279888*v*x + 2618949530932980688922613491223327*v*y + 1047159693337822931706837961941588*v*z - 11463357308023620919524662924482360*v - 404482831040655504974038496909694*w**2 - 567332560847417782701494572736222*w*x + 2628820244573568774684278105231272*w*y - 1732935854578147420545747349043214*w*z + 5711296133822577265156299682790106*w - 3298381320495932376712123972189476*x**2 + 1771289441705699644305402377587791*x*y - 2751398197102179344511594121764834*x*z - 10177096718180252233076424587661662*x - 598103563928172656516242231876875*y**2 + 4499198157442027549450239897240286*y*z - 11750748789476121883411954437158439*y - 3883540389694890199099077651756280*z**2 + 13664700237836006932809063047806572*z + 84594233470247968242627006153222554
['4188740395011564456309647345728002*v**2 + 1924718751724112748289056583978824*v*w - 1014775046760908506408986704279888*v*x + 2618949530932980688922613491223327*v*y + 1047159693337822931706837961941588*v*z - 11463357308023620919524662924482360*v - 404482831040655504974038496909694*w**2 - 567332560847417782701494572736222*w*x + 2628820244573568774684278105231272*w*y - 1732935854578147420545747349043214*w*z + 5711296133822577265156299682790106*w - 3298381320495932376712123972189476*x**2 + 1771289441705699644305402377587791*x*y - 2751398197102179344511594121764834*x*z - 10177096718180252233076424587661662*x - 598103563928172656516242231876875*y**2 + 4499198157442027549450239897240286*y*z - 11750748789476121883411954437158439*y - 3883540389694890199099077651756280*z**2 + 13664700237836006932809063047806572*z + 84594233470247968242627006153222554']
  is_equivalent = False
  total_successes = 0, success_rate = 0.0
DEGREE = 4:
METHOD = 'diofantos':


Whole evaluation from the beginning of the script took:
 5.6 seconds, i.e. 0.09 minutes or 0.002 hours.

Current time: 2026-03-28 12:28:50.473911
Sat Mar 28 12:28:50 PM CET 2026
this is oei.sh 1 poltrd-dp-loop4 0 999    doing   doones job_id 487326 task_id 1 * 1000 + 918 --exper_id poltrd-dp-loop4
