==============================================
Starting time (of array_subjob 487326_927):
Sat Mar 28 12:28:42 PM CET 2026
(True, True)
(True, False)
(True, False)
Current time: 2026-03-28 12:28:45.760658 

True
METHOD = 'diofantos'
DEGREE = 4
SCALE = 3000
  all_datasets = 2257
pds1927.csv:
  gt_rhs = '9*w**2 + 5*w + 5*y*z**2 + 9'
d_max = 1
d_max = 2
d_max = 3
   target = 9*w**2 + 5*w + 5*y*z**2 + 9
['9*w**2 + 5*w + 5*y*z**2 + 9']
  is_equivalent = True
  total_successes = 1, success_rate = 1.0
DEGREE = 4:
METHOD = 'diofantos':


Whole evaluation from the beginning of the script took:
 150.6 seconds, i.e. 2.51 minutes or 0.042 hours.

Current time: 2026-03-28 12:31:16.405969
Sat Mar 28 12:31:16 PM CET 2026
this is oei.sh 1 poltrd-dp-loop4 0 999    doing   doones job_id 487326 task_id 1 * 1000 + 927 --exper_id poltrd-dp-loop4
