==============================================
Starting time (of array_subjob 487326_925):
Sat Mar 28 12:28:41 PM CET 2026
(True, True)
(True, False)
(True, False)
Current time: 2026-03-28 12:28:44.742229 

True
METHOD = 'diofantos'
DEGREE = 4
SCALE = 3000
  all_datasets = 2257
pds1925.csv:
  gt_rhs = '9*v*w*z - 4*v*y + 3*x - 10'
d_max = 1
d_max = 2
d_max = 3
   target = 9*v*w*z - 4*v*y + 3*x - 10
['9*v*w*z - 4*v*y + 3*x - 10']
  is_equivalent = True
  total_successes = 1, success_rate = 1.0
DEGREE = 4:
METHOD = 'diofantos':


Whole evaluation from the beginning of the script took:
 149.7 seconds, i.e. 2.49 minutes or 0.042 hours.

Current time: 2026-03-28 12:31:14.411086
Sat Mar 28 12:31:14 PM CET 2026
this is oei.sh 1 poltrd-dp-loop4 0 999    doing   doones job_id 487326 task_id 1 * 1000 + 925 --exper_id poltrd-dp-loop4
