==============================================
Starting time (of array_subjob 487326_929):
Sat Mar 28 12:28:42 PM CET 2026
(True, True)
(True, False)
(True, False)
Current time: 2026-03-28 12:28:46.056942 

True
METHOD = 'diofantos'
DEGREE = 4
SCALE = 3000
  all_datasets = 2257
pds1929.csv:
  gt_rhs = '-5*v*w**2*z - 5*v - 7'
d_max = 1
d_max = 2
   target = 16769392231728930017293543949292*v**2 + 217492730181420818361014501052947*v*w + 56355020162604796265357145559414*v*x + 123121690561514849879339511198272*v*y - 191971810655855690390275737278272*v*z - 435528097670843222965990401602939*v - 67753249506380542756770176030079*w**2 - 33823199990759065857644237376470*w*x - 228421125041169617650365628505940*w*y - 12095409631485090265467076391147*w*z + 1637713359148308238001404597674024*w + 58674891816871332632847419729745*x**2 - 106150592597923129082764547550598*x*y + 123473249507852867413445360562190*x*z + 707425680868187637492879690687201*x + 171792024630147018225046571022822*y**2 + 32097297407237002699420975515698*y*z - 1533246797932841135998433314849584*y - 35158417131569642422861925501534*z**2 - 304739817089359589147363192896092*z - 4383695439012776985129496400191893
['16769392231728930017293543949292*v**2 + 217492730181420818361014501052947*v*w + 56355020162604796265357145559414*v*x + 123121690561514849879339511198272*v*y - 191971810655855690390275737278272*v*z - 435528097670843222965990401602939*v - 67753249506380542756770176030079*w**2 - 33823199990759065857644237376470*w*x - 228421125041169617650365628505940*w*y - 12095409631485090265467076391147*w*z + 1637713359148308238001404597674024*w + 58674891816871332632847419729745*x**2 - 106150592597923129082764547550598*x*y + 123473249507852867413445360562190*x*z + 707425680868187637492879690687201*x + 171792024630147018225046571022822*y**2 + 32097297407237002699420975515698*y*z - 1533246797932841135998433314849584*y - 35158417131569642422861925501534*z**2 - 304739817089359589147363192896092*z - 4383695439012776985129496400191893']
  is_equivalent = False
  total_successes = 0, success_rate = 0.0
DEGREE = 4:
METHOD = 'diofantos':


Whole evaluation from the beginning of the script took:
 5.6 seconds, i.e. 0.09 minutes or 0.002 hours.

Current time: 2026-03-28 12:28:51.642574
Sat Mar 28 12:28:52 PM CET 2026
this is oei.sh 1 poltrd-dp-loop4 0 999    doing   doones job_id 487326 task_id 1 * 1000 + 929 --exper_id poltrd-dp-loop4
