==============================================
Starting time (of array_subjob 487326_980):
Sat Mar 28 12:29:12 PM CET 2026
(True, True)
(True, False)
(True, False)
Current time: 2026-03-28 12:29:15.823782 

True
METHOD = 'diofantos'
DEGREE = 4
SCALE = 3000
  all_datasets = 2257
pds1980.csv:
  gt_rhs = '2*v*w*x + 7*z'
d_max = 1
d_max = 2
d_max = 3
   target = 2*v*w*x + 7*z
['2*v*w*x + 7*z']
  is_equivalent = True
  total_successes = 1, success_rate = 1.0
DEGREE = 4:
METHOD = 'diofantos':


Whole evaluation from the beginning of the script took:
 152.3 seconds, i.e. 2.54 minutes or 0.042 hours.

Current time: 2026-03-28 12:31:48.145797
Sat Mar 28 12:31:48 PM CET 2026
this is oei.sh 1 poltrd-dp-loop4 0 999    doing   doones job_id 487326 task_id 1 * 1000 + 980 --exper_id poltrd-dp-loop4
