==============================================
Starting time (of array_subjob 64684964_26):
Mon Mar  2 11:39:06 AM CET 2026
(True, True)
(True, False)
(True, False)
Current time: 2026-03-02 11:39:09.780571 

True
METHOD = 'diofantos'
DEGREE = 3
SCALE = 3
  all_datasets = 2257
start = 2026, end = 2027
task_id = 2026
pds2026.csv:
  gt_rhs = 'w*y**2*z - 9*x + 3*y - 10'
   target = -7*v**3 + 13*v**2*w - 6*v**2*x - 6*v**2*y - 5*v**2*z - 5*v**2 - 3*v*w**2 + 11*v*w*x + 10*v*w*y + 2*v*w*z - 6*v*w - 3*v*x**2 - 16*v*x*y - 2*v*x*z + 25*v*x + 3*v*y**2 + 3*v*y*z + 10*v*y + 8*v*z**2 + 21*v*z + 18*v - 4*w**3 + 4*w**2*x - 2*w**2*y - 3*w**2*z + 4*w**2 + 4*w*x**2 - 4*w*x*z + w*x + w*y**2 + 7*w*y*z - 25*w*y + w*z**2 + 24*w - 3*x**3 - 15*x**2*y - 6*x**2*z - x**2 + 13*x*y**2 + 8*x*y*z - 8*x*y + 2*x*z**2 - 9*x - 5*y**3 - 10*y**2*z - 3*y**2 + 2*y*z**2 - 15*y*z + 10*y + 6*z**3 + 22*z**2 - 2*z - 4
['-7*v**3 + 13*v**2*w - 6*v**2*x - 6*v**2*y - 5*v**2*z - 5*v**2 - 3*v*w**2 + 11*v*w*x + 10*v*w*y + 2*v*w*z - 6*v*w - 3*v*x**2 - 16*v*x*y - 2*v*x*z + 25*v*x + 3*v*y**2 + 3*v*y*z + 10*v*y + 8*v*z**2 + 21*v*z + 18*v - 4*w**3 + 4*w**2*x - 2*w**2*y - 3*w**2*z + 4*w**2 + 4*w*x**2 - 4*w*x*z + w*x + w*y**2 + 7*w*y*z - 25*w*y + w*z**2 + 24*w - 3*x**3 - 15*x**2*y - 6*x**2*z - x**2 + 13*x*y**2 + 8*x*y*z - 8*x*y + 2*x*z**2 - 9*x - 5*y**3 - 10*y**2*z - 3*y**2 + 2*y*z**2 - 15*y*z + 10*y + 6*z**3 + 22*z**2 - 2*z - 4']
  is_equivalent = False
  total_successes = 0, success_rate = 0.0


Whole evaluation from the beginning of the script took:
 171188.9 seconds, i.e. 2853.15 minutes or 47.552 hours.

Current time: 2026-03-04 11:12:18.727487
Wed Mar  4 11:12:19 AM CET 2026
this is oei.sh 2 dopa-deg3 0 260    doing   doones job_id 64684964 task_id 2 * 1000 + 26 --exper_id dopa-deg3
