==============================================
Starting time (of array_subjob 64684964_251):
Mon Mar  2 11:39:07 AM CET 2026
(True, True)
(True, False)
(True, False)
Current time: 2026-03-02 11:39:11.995209 

True
METHOD = 'diofantos'
DEGREE = 3
SCALE = 3
  all_datasets = 2257
start = 2251, end = 2252
task_id = 2251
pds2251.csv:
  gt_rhs = '2*v*y - 9*w*x*z + 10*x + 1'
   target = 2*v*y - 9*w*x*z + 10*x + 1
['2*v*y - 9*w*x*z + 10*x + 1']
  is_equivalent = True
  total_successes = 1, success_rate = 1.0


Whole evaluation from the beginning of the script took:
 83.5 seconds, i.e. 1.39 minutes or 0.023 hours.

Current time: 2026-03-02 11:40:35.479813
Mon Mar  2 11:40:36 AM CET 2026
this is oei.sh 2 dopa-deg3 0 260    doing   doones job_id 64684964 task_id 2 * 1000 + 251 --exper_id dopa-deg3
