==============================================
Starting time (of array_subjob 489567_6):
Wed Apr  1 01:01:13 PM CEST 2026
(True, True)
(True, False)
(True, False)
Current time: 2026-04-01 13:01:21.868813 

True
METHOD = 'diofantos'
DEGREE = 3
SCALE = 3000
  all_datasets = 1000
rds0006.csv:
  gt_rhs = '(-w*y - 6)/(-6)'
d_max = 3
   target = NOT RECONSTRUCTED :-(
[]
  is_equivalent = False
  total_successes = 0, success_rate = 0.0
DEGREE = 3:
METHOD = 'diofantos':


Whole evaluation from the beginning of the script took:
 162.2 seconds, i.e. 2.7 minutes or 0.045 hours.

Current time: 2026-04-01 13:04:04.081235
Wed Apr  1 01:04:04 PM CEST 2026
this is oei.sh 0 ratios1k-dp-nl4 0 999    doing   doones job_id 489567 task_id 0 * 1000 + 6 --exper_id ratios1k-dp-nl4
