==============================================
Starting time (of array_subjob 489567_9):
Wed Apr  1 01:01:13 PM CEST 2026
(True, True)
(True, False)
(True, False)
Current time: 2026-04-01 13:01:22.446317 

True
METHOD = 'diofantos'
DEGREE = 3
SCALE = 3000
  all_datasets = 1000
rds0009.csv:
  gt_rhs = '(9)/(7*w*x)'
d_max = 3
   target = NOT RECONSTRUCTED :-(
[]
  is_equivalent = False
  total_successes = 0, success_rate = 0.0
DEGREE = 3:
METHOD = 'diofantos':


Whole evaluation from the beginning of the script took:
 161.2 seconds, i.e. 2.69 minutes or 0.045 hours.

Current time: 2026-04-01 13:04:03.653135
Wed Apr  1 01:04:04 PM CEST 2026
this is oei.sh 0 ratios1k-dp-nl4 0 999    doing   doones job_id 489567 task_id 0 * 1000 + 9 --exper_id ratios1k-dp-nl4
