==============================================
Starting time (of array_subjob 489567_15):
Wed Apr  1 01:01:13 PM CEST 2026
(True, True)
(True, False)
(True, False)
Current time: 2026-04-01 13:01:22.346482 

True
METHOD = 'diofantos'
DEGREE = 3
SCALE = 3000
  all_datasets = 1000
rds0015.csv:
  gt_rhs = '7*x'
d_max = 3
   target = 7*x
['7*x']
  is_equivalent = True
  total_successes = 1, success_rate = 1.0
DEGREE = 3:
METHOD = 'diofantos':


Whole evaluation from the beginning of the script took:
 147.0 seconds, i.e. 2.45 minutes or 0.041 hours.

Current time: 2026-04-01 13:03:49.390769
Wed Apr  1 01:03:49 PM CEST 2026
this is oei.sh 0 ratios1k-dp-nl4 0 999    doing   doones job_id 489567 task_id 0 * 1000 + 15 --exper_id ratios1k-dp-nl4
