==============================================
Starting time (of array_subjob 489567_21):
Wed Apr  1 01:01:13 PM CEST 2026
(True, True)
(True, False)
(True, False)
Current time: 2026-04-01 13:01:22.502185 

True
METHOD = 'diofantos'
DEGREE = 3
SCALE = 3000
  all_datasets = 1000
rds0021.csv:
  gt_rhs = '10*v*y - 10'
d_max = 3
   target = 10*v*y - 10
['10*v*y - 10']
  is_equivalent = True
  total_successes = 1, success_rate = 1.0
DEGREE = 3:
METHOD = 'diofantos':


Whole evaluation from the beginning of the script took:
 160.3 seconds, i.e. 2.67 minutes or 0.045 hours.

Current time: 2026-04-01 13:04:02.754308
Wed Apr  1 01:04:03 PM CEST 2026
this is oei.sh 0 ratios1k-dp-nl4 0 999    doing   doones job_id 489567 task_id 0 * 1000 + 21 --exper_id ratios1k-dp-nl4
