==============================================
Starting time (of array_subjob 489567_36):
Wed Apr  1 01:01:14 PM CEST 2026
(True, True)
(True, False)
(True, False)
Current time: 2026-04-01 13:01:23.298730 

True
METHOD = 'diofantos'
DEGREE = 3
SCALE = 3000
  all_datasets = 1000
rds0036.csv:
  gt_rhs = '-8*v'
d_max = 3
   target = -8*v
['-8*v']
  is_equivalent = True
  total_successes = 1, success_rate = 1.0
DEGREE = 3:
METHOD = 'diofantos':


Whole evaluation from the beginning of the script took:
 146.8 seconds, i.e. 2.45 minutes or 0.041 hours.

Current time: 2026-04-01 13:03:50.064886
Wed Apr  1 01:03:50 PM CEST 2026
this is oei.sh 0 ratios1k-dp-nl4 0 999    doing   doones job_id 489567 task_id 0 * 1000 + 36 --exper_id ratios1k-dp-nl4
