==============================================
Starting time (of array_subjob 489567_51):
Wed Apr  1 01:01:13 PM CEST 2026
(True, True)
(True, False)
(True, False)
Current time: 2026-04-01 13:01:24.496959 

True
METHOD = 'diofantos'
DEGREE = 3
SCALE = 3000
  all_datasets = 1000
rds0051.csv:
  gt_rhs = '-8*v*x'
d_max = 3
   target = -8*v*x
['-8*v*x']
  is_equivalent = True
  total_successes = 1, success_rate = 1.0
DEGREE = 3:
METHOD = 'diofantos':


Whole evaluation from the beginning of the script took:
 156.7 seconds, i.e. 2.61 minutes or 0.044 hours.

Current time: 2026-04-01 13:04:01.234999
Wed Apr  1 01:04:01 PM CEST 2026
this is oei.sh 0 ratios1k-dp-nl4 0 999    doing   doones job_id 489567 task_id 0 * 1000 + 51 --exper_id ratios1k-dp-nl4
