==============================================
Starting time (of array_subjob 489567_71):
Wed Apr  1 01:01:13 PM CEST 2026
(True, True)
(True, False)
(True, False)
Current time: 2026-04-01 13:01:24.401828 

True
METHOD = 'diofantos'
DEGREE = 3
SCALE = 3000
  all_datasets = 1000
rds0071.csv:
  gt_rhs = '(9*w*x*z - 7*w*y - 2*w - 8)/(3*v*z)'
d_max = 3
   target = NOT RECONSTRUCTED :-(
[]
  is_equivalent = False
  total_successes = 0, success_rate = 0.0
DEGREE = 3:
METHOD = 'diofantos':


Whole evaluation from the beginning of the script took:
 158.8 seconds, i.e. 2.65 minutes or 0.044 hours.

Current time: 2026-04-01 13:04:03.236082
Wed Apr  1 01:04:03 PM CEST 2026
this is oei.sh 0 ratios1k-dp-nl4 0 999    doing   doones job_id 489567 task_id 0 * 1000 + 71 --exper_id ratios1k-dp-nl4
