==============================================
Starting time (of array_subjob 489567_94):
Wed Apr  1 01:01:14 PM CEST 2026
(True, True)
(True, False)
(True, False)
Current time: 2026-04-01 13:01:24.654160 

True
METHOD = 'diofantos'
DEGREE = 3
SCALE = 3000
  all_datasets = 1000
rds0094.csv:
  gt_rhs = '(-w)/(-3*x*y*z + 5*x + z + 9)'
d_max = 3
   target = NOT RECONSTRUCTED :-(
[]
  is_equivalent = False
  total_successes = 0, success_rate = 0.0
DEGREE = 3:
METHOD = 'diofantos':


Whole evaluation from the beginning of the script took:
 162.5 seconds, i.e. 2.71 minutes or 0.045 hours.

Current time: 2026-04-01 13:04:07.153761
Wed Apr  1 01:04:07 PM CEST 2026
this is oei.sh 0 ratios1k-dp-nl4 0 999    doing   doones job_id 489567 task_id 0 * 1000 + 94 --exper_id ratios1k-dp-nl4
