==============================================
Starting time (of array_subjob 489567_97):
Wed Apr  1 01:01:14 PM CEST 2026
(True, True)
(True, False)
(True, False)
Current time: 2026-04-01 13:01:22.270938 

True
METHOD = 'diofantos'
DEGREE = 3
SCALE = 3000
  all_datasets = 1000
rds0097.csv:
  gt_rhs = '(-w**2 + 2*y + 3)/(9*w*x - 6)'
d_max = 3
   target = NOT RECONSTRUCTED :-(
[]
  is_equivalent = False
  total_successes = 0, success_rate = 0.0
DEGREE = 3:
METHOD = 'diofantos':


Whole evaluation from the beginning of the script took:
 153.4 seconds, i.e. 2.56 minutes or 0.043 hours.

Current time: 2026-04-01 13:03:55.700272
Wed Apr  1 01:03:56 PM CEST 2026
this is oei.sh 0 ratios1k-dp-nl4 0 999    doing   doones job_id 489567 task_id 0 * 1000 + 97 --exper_id ratios1k-dp-nl4
