==============================================
Starting time (of array_subjob 489567_118):
Wed Apr  1 01:01:14 PM CEST 2026
(True, True)
(True, False)
(True, False)
Current time: 2026-04-01 13:01:25.773094 

True
METHOD = 'diofantos'
DEGREE = 3
SCALE = 3000
  all_datasets = 1000
rds0118.csv:
  gt_rhs = '-4*v - 7*w + 9*x*z'
d_max = 3
   target = -4*v - 7*w + 9*x*z
['-4*v - 7*w + 9*x*z']
  is_equivalent = True
  total_successes = 1, success_rate = 1.0
DEGREE = 3:
METHOD = 'diofantos':


Whole evaluation from the beginning of the script took:
 156.1 seconds, i.e. 2.6 minutes or 0.043 hours.

Current time: 2026-04-01 13:04:01.902271
Wed Apr  1 01:04:02 PM CEST 2026
this is oei.sh 0 ratios1k-dp-nl4 0 999    doing   doones job_id 489567 task_id 0 * 1000 + 118 --exper_id ratios1k-dp-nl4
