==============================================
Starting time (of array_subjob 489567_111):
Wed Apr  1 01:01:13 PM CEST 2026
(True, True)
(True, False)
(True, False)
Current time: 2026-04-01 13:01:25.873625 

True
METHOD = 'diofantos'
DEGREE = 3
SCALE = 3000
  all_datasets = 1000
rds0111.csv:
  gt_rhs = '(3)/(-9*v**2*w*x*y)'
d_max = 3
   target = NOT RECONSTRUCTED :-(
[]
  is_equivalent = False
  total_successes = 0, success_rate = 0.0
DEGREE = 3:
METHOD = 'diofantos':


Whole evaluation from the beginning of the script took:
 167.8 seconds, i.e. 2.8 minutes or 0.047 hours.

Current time: 2026-04-01 13:04:13.641164
Wed Apr  1 01:04:14 PM CEST 2026
this is oei.sh 0 ratios1k-dp-nl4 0 999    doing   doones job_id 489567 task_id 0 * 1000 + 111 --exper_id ratios1k-dp-nl4
