==============================================
Starting time (of array_subjob 489567_127):
Wed Apr  1 01:01:14 PM CEST 2026
(True, True)
(True, False)
(True, False)
Current time: 2026-04-01 13:01:25.498340 

True
METHOD = 'diofantos'
DEGREE = 3
SCALE = 3000
  all_datasets = 1000
rds0127.csv:
  gt_rhs = '-6*x*y'
d_max = 3
   target = -6*x*y
['-6*x*y']
  is_equivalent = True
  total_successes = 1, success_rate = 1.0
DEGREE = 3:
METHOD = 'diofantos':


Whole evaluation from the beginning of the script took:
 164.2 seconds, i.e. 2.74 minutes or 0.046 hours.

Current time: 2026-04-01 13:04:09.721503
Wed Apr  1 01:04:10 PM CEST 2026
this is oei.sh 0 ratios1k-dp-nl4 0 999    doing   doones job_id 489567 task_id 0 * 1000 + 127 --exper_id ratios1k-dp-nl4
