==============================================
Starting time (of array_subjob 489567_146):
Wed Apr  1 01:01:14 PM CEST 2026
(True, True)
(True, False)
(True, False)
Current time: 2026-04-01 13:01:26.500706 

True
METHOD = 'diofantos'
DEGREE = 3
SCALE = 3000
  all_datasets = 1000
rds0146.csv:
  gt_rhs = '(-5*y)/(-3*v*w*x**2*y - 9*v - 1)'
d_max = 3
   target = NOT RECONSTRUCTED :-(
[]
  is_equivalent = False
  total_successes = 0, success_rate = 0.0
DEGREE = 3:
METHOD = 'diofantos':


Whole evaluation from the beginning of the script took:
 172.0 seconds, i.e. 2.87 minutes or 0.048 hours.

Current time: 2026-04-01 13:04:18.532193
Wed Apr  1 01:04:19 PM CEST 2026
this is oei.sh 0 ratios1k-dp-nl4 0 999    doing   doones job_id 489567 task_id 0 * 1000 + 146 --exper_id ratios1k-dp-nl4
