==============================================
Starting time (of array_subjob 489567_163):
Wed Apr  1 01:01:14 PM CEST 2026
(True, True)
(True, False)
(True, False)
Current time: 2026-04-01 13:01:27.310478 

True
METHOD = 'diofantos'
DEGREE = 3
SCALE = 3000
  all_datasets = 1000
rds0163.csv:
  gt_rhs = '(3*w**2*z - 8*x + y**3 - 3*z - 2)/(-4)'
d_max = 3
   target = NOT RECONSTRUCTED :-(
[]
  is_equivalent = False
  total_successes = 0, success_rate = 0.0
DEGREE = 3:
METHOD = 'diofantos':


Whole evaluation from the beginning of the script took:
 163.2 seconds, i.e. 2.72 minutes or 0.045 hours.

Current time: 2026-04-01 13:04:10.497922
Wed Apr  1 01:04:10 PM CEST 2026
this is oei.sh 0 ratios1k-dp-nl4 0 999    doing   doones job_id 489567 task_id 0 * 1000 + 163 --exper_id ratios1k-dp-nl4
