==============================================
Starting time (of array_subjob 489567_176):
Wed Apr  1 01:01:14 PM CEST 2026
(True, True)
(True, False)
(True, False)
Current time: 2026-04-01 13:01:27.251257 

True
METHOD = 'diofantos'
DEGREE = 3
SCALE = 3000
  all_datasets = 1000
rds0176.csv:
  gt_rhs = 'v + 7*w*x*y - 6*x**3 - 7*z'
d_max = 3
   target = v + 7*w*x*y - 6*x**3 - 7*z
['v + 7*w*x*y - 6*x**3 - 7*z']
  is_equivalent = True
  total_successes = 1, success_rate = 1.0
DEGREE = 3:
METHOD = 'diofantos':


Whole evaluation from the beginning of the script took:
 150.8 seconds, i.e. 2.51 minutes or 0.042 hours.

Current time: 2026-04-01 13:03:58.007521
Wed Apr  1 01:03:58 PM CEST 2026
this is oei.sh 0 ratios1k-dp-nl4 0 999    doing   doones job_id 489567 task_id 0 * 1000 + 176 --exper_id ratios1k-dp-nl4
