==============================================
Starting time (of array_subjob 489567_179):
Wed Apr  1 01:01:14 PM CEST 2026
(True, True)
(True, False)
(True, False)
Current time: 2026-04-01 13:01:27.148356 

True
METHOD = 'diofantos'
DEGREE = 3
SCALE = 3000
  all_datasets = 1000
rds0179.csv:
  gt_rhs = '6*w*y*z + 5*y'
d_max = 3
   target = 6*w*y*z + 5*y
['6*w*y*z + 5*y']
  is_equivalent = True
  total_successes = 1, success_rate = 1.0
DEGREE = 3:
METHOD = 'diofantos':


Whole evaluation from the beginning of the script took:
 144.8 seconds, i.e. 2.41 minutes or 0.04 hours.

Current time: 2026-04-01 13:03:51.922530
Wed Apr  1 01:03:52 PM CEST 2026
this is oei.sh 0 ratios1k-dp-nl4 0 999    doing   doones job_id 489567 task_id 0 * 1000 + 179 --exper_id ratios1k-dp-nl4
