==============================================
Starting time (of array_subjob 489567_173):
Wed Apr  1 01:01:14 PM CEST 2026
(True, True)
(True, False)
(True, False)
Current time: 2026-04-01 13:01:27.286584 

True
METHOD = 'diofantos'
DEGREE = 3
SCALE = 3000
  all_datasets = 1000
rds0173.csv:
  gt_rhs = '-9*w*y - 4*x*y + 9*y*z - 6'
d_max = 3
   target = -9*w*y - 4*x*y + 9*y*z - 6
['-9*w*y - 4*x*y + 9*y*z - 6']
  is_equivalent = True
  total_successes = 1, success_rate = 1.0
DEGREE = 3:
METHOD = 'diofantos':


Whole evaluation from the beginning of the script took:
 158.7 seconds, i.e. 2.65 minutes or 0.044 hours.

Current time: 2026-04-01 13:04:06.010517
Wed Apr  1 01:04:06 PM CEST 2026
this is oei.sh 0 ratios1k-dp-nl4 0 999    doing   doones job_id 489567 task_id 0 * 1000 + 173 --exper_id ratios1k-dp-nl4
