==============================================
Starting time (of array_subjob 489567_219):
Wed Apr  1 01:01:15 PM CEST 2026
(True, True)
(True, False)
(True, False)
Current time: 2026-04-01 13:01:27.496496 

True
METHOD = 'diofantos'
DEGREE = 3
SCALE = 3000
  all_datasets = 1000
rds0219.csv:
  gt_rhs = '(9*w - 6*x + 10*z)/(-9*w*x + 9)'
d_max = 3
   target = NOT RECONSTRUCTED :-(
[]
  is_equivalent = False
  total_successes = 0, success_rate = 0.0
DEGREE = 3:
METHOD = 'diofantos':


Whole evaluation from the beginning of the script took:
 155.0 seconds, i.e. 2.58 minutes or 0.043 hours.

Current time: 2026-04-01 13:04:02.537005
Wed Apr  1 01:04:03 PM CEST 2026
this is oei.sh 0 ratios1k-dp-nl4 0 999    doing   doones job_id 489567 task_id 0 * 1000 + 219 --exper_id ratios1k-dp-nl4
