==============================================
Starting time (of array_subjob 489567_210):
Wed Apr  1 01:01:15 PM CEST 2026
(True, True)
(True, False)
(True, False)
Current time: 2026-04-01 13:01:27.399915 

True
METHOD = 'diofantos'
DEGREE = 3
SCALE = 3000
  all_datasets = 1000
rds0210.csv:
  gt_rhs = '(-9*x)/(-9*x)'
d_max = 3
   target = 1
['1']
  is_equivalent = True
  total_successes = 1, success_rate = 1.0
DEGREE = 3:
METHOD = 'diofantos':


Whole evaluation from the beginning of the script took:
 145.1 seconds, i.e. 2.42 minutes or 0.04 hours.

Current time: 2026-04-01 13:03:52.495031
Wed Apr  1 01:03:52 PM CEST 2026
this is oei.sh 0 ratios1k-dp-nl4 0 999    doing   doones job_id 489567 task_id 0 * 1000 + 210 --exper_id ratios1k-dp-nl4
