==============================================
Starting time (of array_subjob 489567_229):
Wed Apr  1 01:03:36 PM CEST 2026
(True, True)
(True, False)
(True, False)
Current time: 2026-04-01 13:03:39.646352 

True
METHOD = 'diofantos'
DEGREE = 3
SCALE = 3000
  all_datasets = 1000
rds0229.csv:
  gt_rhs = '(-4*y)/(6*v*y)'
d_max = 3
   target = NOT RECONSTRUCTED :-(
[]
  is_equivalent = False
  total_successes = 0, success_rate = 0.0
DEGREE = 3:
METHOD = 'diofantos':


Whole evaluation from the beginning of the script took:
 154.4 seconds, i.e. 2.57 minutes or 0.043 hours.

Current time: 2026-04-01 13:06:14.093519
Wed Apr  1 01:06:14 PM CEST 2026
this is oei.sh 0 ratios1k-dp-nl4 0 999    doing   doones job_id 489567 task_id 0 * 1000 + 229 --exper_id ratios1k-dp-nl4
