==============================================
Starting time (of array_subjob 489567_237):
Wed Apr  1 01:03:42 PM CEST 2026
(True, True)
(True, False)
(True, False)
Current time: 2026-04-01 13:03:46.511164 

True
METHOD = 'diofantos'
DEGREE = 3
SCALE = 3000
  all_datasets = 1000
rds0237.csv:
  gt_rhs = '(-1)/(3*v*w*y + 6)'
d_max = 3
   target = NOT RECONSTRUCTED :-(
[]
  is_equivalent = False
  total_successes = 0, success_rate = 0.0
DEGREE = 3:
METHOD = 'diofantos':


Whole evaluation from the beginning of the script took:
 155.7 seconds, i.e. 2.6 minutes or 0.043 hours.

Current time: 2026-04-01 13:06:22.250374
Wed Apr  1 01:06:22 PM CEST 2026
this is oei.sh 0 ratios1k-dp-nl4 0 999    doing   doones job_id 489567 task_id 0 * 1000 + 237 --exper_id ratios1k-dp-nl4
