==============================================
Starting time (of array_subjob 489567_234):
Wed Apr  1 01:03:42 PM CEST 2026
(True, True)
(True, False)
(True, False)
Current time: 2026-04-01 13:03:45.918899 

True
METHOD = 'diofantos'
DEGREE = 3
SCALE = 3000
  all_datasets = 1000
rds0234.csv:
  gt_rhs = '5*v - 2*x*y - 10*x*z + 6*x + 8*z + 8'
d_max = 3
   target = 5*v - 2*x*y - 10*x*z + 6*x + 8*z + 8
['5*v - 2*x*y - 10*x*z + 6*x + 8*z + 8']
  is_equivalent = True
  total_successes = 1, success_rate = 1.0
DEGREE = 3:
METHOD = 'diofantos':


Whole evaluation from the beginning of the script took:
 149.1 seconds, i.e. 2.48 minutes or 0.041 hours.

Current time: 2026-04-01 13:06:14.979655
Wed Apr  1 01:06:15 PM CEST 2026
this is oei.sh 0 ratios1k-dp-nl4 0 999    doing   doones job_id 489567 task_id 0 * 1000 + 234 --exper_id ratios1k-dp-nl4
