==============================================
Starting time (of array_subjob 489567_245):
Wed Apr  1 01:03:45 PM CEST 2026
(True, True)
(True, False)
(True, False)
Current time: 2026-04-01 13:03:49.363946 

True
METHOD = 'diofantos'
DEGREE = 3
SCALE = 3000
  all_datasets = 1000
rds0245.csv:
  gt_rhs = '(1)/(-10*w)'
d_max = 3
   target = NOT RECONSTRUCTED :-(
[]
  is_equivalent = False
  total_successes = 0, success_rate = 0.0
DEGREE = 3:
METHOD = 'diofantos':


Whole evaluation from the beginning of the script took:
 158.8 seconds, i.e. 2.65 minutes or 0.044 hours.

Current time: 2026-04-01 13:06:28.181275
Wed Apr  1 01:06:28 PM CEST 2026
this is oei.sh 0 ratios1k-dp-nl4 0 999    doing   doones job_id 489567 task_id 0 * 1000 + 245 --exper_id ratios1k-dp-nl4
