==============================================
Starting time (of array_subjob 489567_262):
Wed Apr  1 01:03:50 PM CEST 2026
(True, True)
(True, False)
(True, False)
Current time: 2026-04-01 13:03:54.501263 

True
METHOD = 'diofantos'
DEGREE = 3
SCALE = 3000
  all_datasets = 1000
rds0262.csv:
  gt_rhs = '2*v*y - 6*v - 6'
d_max = 3
   target = 2*v*y - 6*v - 6
['2*v*y - 6*v - 6']
  is_equivalent = True
  total_successes = 1, success_rate = 1.0
DEGREE = 3:
METHOD = 'diofantos':


Whole evaluation from the beginning of the script took:
 152.6 seconds, i.e. 2.54 minutes or 0.042 hours.

Current time: 2026-04-01 13:06:27.063009
Wed Apr  1 01:06:27 PM CEST 2026
this is oei.sh 0 ratios1k-dp-nl4 0 999    doing   doones job_id 489567 task_id 0 * 1000 + 262 --exper_id ratios1k-dp-nl4
