==============================================
Starting time (of array_subjob 489567_272):
Wed Apr  1 01:03:52 PM CEST 2026
(True, True)
(True, False)
(True, False)
Current time: 2026-04-01 13:03:56.184785 

True
METHOD = 'diofantos'
DEGREE = 3
SCALE = 3000
  all_datasets = 1000
rds0272.csv:
  gt_rhs = '6*v*w - 9*v + 2*w*z'
d_max = 3
   target = 6*v*w - 9*v + 2*w*z
['6*v*w - 9*v + 2*w*z']
  is_equivalent = True
  total_successes = 1, success_rate = 1.0
DEGREE = 3:
METHOD = 'diofantos':


Whole evaluation from the beginning of the script took:
 171.3 seconds, i.e. 2.85 minutes or 0.048 hours.

Current time: 2026-04-01 13:06:47.471307
Wed Apr  1 01:06:47 PM CEST 2026
this is oei.sh 0 ratios1k-dp-nl4 0 999    doing   doones job_id 489567 task_id 0 * 1000 + 272 --exper_id ratios1k-dp-nl4
