==============================================
Starting time (of array_subjob 489567_271):
Wed Apr  1 01:03:52 PM CEST 2026
(True, True)
(True, False)
(True, False)
Current time: 2026-04-01 13:03:56.056557 

True
METHOD = 'diofantos'
DEGREE = 3
SCALE = 3000
  all_datasets = 1000
rds0271.csv:
  gt_rhs = 'v*x + 10*w*z'
d_max = 3
   target = v*x + 10*w*z
['v*x + 10*w*z']
  is_equivalent = True
  total_successes = 1, success_rate = 1.0
DEGREE = 3:
METHOD = 'diofantos':


Whole evaluation from the beginning of the script took:
 141.3 seconds, i.e. 2.36 minutes or 0.039 hours.

Current time: 2026-04-01 13:06:17.375249
Wed Apr  1 01:06:17 PM CEST 2026
this is oei.sh 0 ratios1k-dp-nl4 0 999    doing   doones job_id 489567 task_id 0 * 1000 + 271 --exper_id ratios1k-dp-nl4
