==============================================
Starting time (of array_subjob 489567_284):
Wed Apr  1 01:03:53 PM CEST 2026
(True, True)
(True, False)
(True, False)
Current time: 2026-04-01 13:03:57.379604 

True
METHOD = 'diofantos'
DEGREE = 3
SCALE = 3000
  all_datasets = 1000
rds0284.csv:
  gt_rhs = '10*v*x'
d_max = 3
   target = 10*v*x
['10*v*x']
  is_equivalent = True
  total_successes = 1, success_rate = 1.0
DEGREE = 3:
METHOD = 'diofantos':


Whole evaluation from the beginning of the script took:
 141.5 seconds, i.e. 2.36 minutes or 0.039 hours.

Current time: 2026-04-01 13:06:18.878968
Wed Apr  1 01:06:19 PM CEST 2026
this is oei.sh 0 ratios1k-dp-nl4 0 999    doing   doones job_id 489567 task_id 0 * 1000 + 284 --exper_id ratios1k-dp-nl4
