==============================================
Starting time (of array_subjob 489567_320):
Wed Apr  1 01:03:58 PM CEST 2026
(True, True)
(True, False)
(True, False)
Current time: 2026-04-01 13:04:01.762716 

True
METHOD = 'diofantos'
DEGREE = 3
SCALE = 3000
  all_datasets = 1000
rds0320.csv:
  gt_rhs = '-w*y - 6*y + 5'
d_max = 3
   target = -w*y - 6*y + 5
['-w*y - 6*y + 5']
  is_equivalent = True
  total_successes = 1, success_rate = 1.0
DEGREE = 3:
METHOD = 'diofantos':


Whole evaluation from the beginning of the script took:
 143.9 seconds, i.e. 2.4 minutes or 0.04 hours.

Current time: 2026-04-01 13:06:25.687445
Wed Apr  1 01:06:26 PM CEST 2026
this is oei.sh 0 ratios1k-dp-nl4 0 999    doing   doones job_id 489567 task_id 0 * 1000 + 320 --exper_id ratios1k-dp-nl4
