==============================================
Starting time (of array_subjob 489567_336):
Wed Apr  1 01:03:59 PM CEST 2026
(True, True)
(True, False)
(True, False)
Current time: 2026-04-01 13:04:03.505674 

True
METHOD = 'diofantos'
DEGREE = 3
SCALE = 3000
  all_datasets = 1000
rds0336.csv:
  gt_rhs = '-4*x*y*z + 4*x - 4*y**2 + 8*y - 9'
d_max = 3
   target = -4*x*y*z + 4*x - 4*y**2 + 8*y - 9
['-4*x*y*z + 4*x - 4*y**2 + 8*y - 9']
  is_equivalent = True
  total_successes = 1, success_rate = 1.0
DEGREE = 3:
METHOD = 'diofantos':


Whole evaluation from the beginning of the script took:
 166.3 seconds, i.e. 2.77 minutes or 0.046 hours.

Current time: 2026-04-01 13:06:49.830242
Wed Apr  1 01:06:50 PM CEST 2026
this is oei.sh 0 ratios1k-dp-nl4 0 999    doing   doones job_id 489567 task_id 0 * 1000 + 336 --exper_id ratios1k-dp-nl4
