==============================================
Starting time (of array_subjob 489567_345):
Wed Apr  1 01:04:00 PM CEST 2026
(True, True)
(True, False)
(True, False)
Current time: 2026-04-01 13:04:04.164144 

True
METHOD = 'diofantos'
DEGREE = 3
SCALE = 3000
  all_datasets = 1000
rds0345.csv:
  gt_rhs = '10*w*x*z'
d_max = 3
   target = 10*w*x*z
['10*w*x*z']
  is_equivalent = True
  total_successes = 1, success_rate = 1.0
DEGREE = 3:
METHOD = 'diofantos':


Whole evaluation from the beginning of the script took:
 146.5 seconds, i.e. 2.44 minutes or 0.041 hours.

Current time: 2026-04-01 13:06:30.695421
Wed Apr  1 01:06:31 PM CEST 2026
this is oei.sh 0 ratios1k-dp-nl4 0 999    doing   doones job_id 489567 task_id 0 * 1000 + 345 --exper_id ratios1k-dp-nl4
