==============================================
Starting time (of array_subjob 489567_354):
Wed Apr  1 01:04:01 PM CEST 2026
(True, True)
(True, False)
(True, False)
Current time: 2026-04-01 13:04:05.484351 

True
METHOD = 'diofantos'
DEGREE = 3
SCALE = 3000
  all_datasets = 1000
rds0354.csv:
  gt_rhs = '10 - x**2'
d_max = 3
   target = 10 - x**2
['10 - x**2']
  is_equivalent = True
  total_successes = 1, success_rate = 1.0
DEGREE = 3:
METHOD = 'diofantos':


Whole evaluation from the beginning of the script took:
 149.8 seconds, i.e. 2.5 minutes or 0.042 hours.

Current time: 2026-04-01 13:06:35.300261
Wed Apr  1 01:06:35 PM CEST 2026
this is oei.sh 0 ratios1k-dp-nl4 0 999    doing   doones job_id 489567 task_id 0 * 1000 + 354 --exper_id ratios1k-dp-nl4
