==============================================
Starting time (of array_subjob 489567_381):
Wed Apr  1 01:04:04 PM CEST 2026
(True, True)
(True, False)
(True, False)
Current time: 2026-04-01 13:04:08.575995 

True
METHOD = 'diofantos'
DEGREE = 3
SCALE = 3000
  all_datasets = 1000
rds0381.csv:
  gt_rhs = '-7*v*x**2 + 7'
d_max = 3
   target = -7*v*x**2 + 7
['-7*v*x**2 + 7']
  is_equivalent = True
  total_successes = 1, success_rate = 1.0
DEGREE = 3:
METHOD = 'diofantos':


Whole evaluation from the beginning of the script took:
 143.6 seconds, i.e. 2.39 minutes or 0.04 hours.

Current time: 2026-04-01 13:06:32.168639
Wed Apr  1 01:06:32 PM CEST 2026
this is oei.sh 0 ratios1k-dp-nl4 0 999    doing   doones job_id 489567 task_id 0 * 1000 + 381 --exper_id ratios1k-dp-nl4
