==============================================
Starting time (of array_subjob 489567_410):
Wed Apr  1 01:04:10 PM CEST 2026
(True, True)
(True, False)
(True, False)
Current time: 2026-04-01 13:04:14.166156 

True
METHOD = 'diofantos'
DEGREE = 3
SCALE = 3000
  all_datasets = 1000
rds0410.csv:
  gt_rhs = 'w*y**2'
d_max = 3
   target = w*y**2
['w*y**2']
  is_equivalent = True
  total_successes = 1, success_rate = 1.0
DEGREE = 3:
METHOD = 'diofantos':


Whole evaluation from the beginning of the script took:
 152.4 seconds, i.e. 2.54 minutes or 0.042 hours.

Current time: 2026-04-01 13:06:46.600280
Wed Apr  1 01:06:47 PM CEST 2026
this is oei.sh 0 ratios1k-dp-nl4 0 999    doing   doones job_id 489567 task_id 0 * 1000 + 410 --exper_id ratios1k-dp-nl4
