==============================================
Starting time (of array_subjob 489567_420):
Wed Apr  1 01:04:19 PM CEST 2026
(True, True)
(True, False)
(True, False)
Current time: 2026-04-01 13:04:22.630473 

True
METHOD = 'diofantos'
DEGREE = 3
SCALE = 3000
  all_datasets = 1000
rds0420.csv:
  gt_rhs = '(7*v**2*x)/(5)'
d_max = 3
   target = NOT RECONSTRUCTED :-(
[]
  is_equivalent = False
  total_successes = 0, success_rate = 0.0
DEGREE = 3:
METHOD = 'diofantos':


Whole evaluation from the beginning of the script took:
 151.0 seconds, i.e. 2.52 minutes or 0.042 hours.

Current time: 2026-04-01 13:06:53.634320
Wed Apr  1 01:06:54 PM CEST 2026
this is oei.sh 0 ratios1k-dp-nl4 0 999    doing   doones job_id 489567 task_id 0 * 1000 + 420 --exper_id ratios1k-dp-nl4
