==============================================
Starting time (of array_subjob 489567_421):
Wed Apr  1 01:04:19 PM CEST 2026
(True, True)
(True, False)
(True, False)
Current time: 2026-04-01 13:04:23.001897 

True
METHOD = 'diofantos'
DEGREE = 3
SCALE = 3000
  all_datasets = 1000
rds0421.csv:
  gt_rhs = '-8*v - 2*w - 6*x'
d_max = 3
   target = -8*v - 2*w - 6*x
['-8*v - 2*w - 6*x']
  is_equivalent = True
  total_successes = 1, success_rate = 1.0
DEGREE = 3:
METHOD = 'diofantos':


Whole evaluation from the beginning of the script took:
 142.3 seconds, i.e. 2.37 minutes or 0.04 hours.

Current time: 2026-04-01 13:06:45.338167
Wed Apr  1 01:06:45 PM CEST 2026
this is oei.sh 0 ratios1k-dp-nl4 0 999    doing   doones job_id 489567 task_id 0 * 1000 + 421 --exper_id ratios1k-dp-nl4
