==============================================
Starting time (of array_subjob 489567_426):
Wed Apr  1 01:06:03 PM CEST 2026
(True, True)
(True, False)
(True, False)
Current time: 2026-04-01 13:06:06.784372 

True
METHOD = 'diofantos'
DEGREE = 3
SCALE = 3000
  all_datasets = 1000
rds0426.csv:
  gt_rhs = '(-2*y)/(-3*w*y)'
d_max = 3
   target = NOT RECONSTRUCTED :-(
[]
  is_equivalent = False
  total_successes = 0, success_rate = 0.0
DEGREE = 3:
METHOD = 'diofantos':


Whole evaluation from the beginning of the script took:
 129.7 seconds, i.e. 2.16 minutes or 0.036 hours.

Current time: 2026-04-01 13:08:16.439944
Wed Apr  1 01:08:16 PM CEST 2026
this is oei.sh 0 ratios1k-dp-nl4 0 999    doing   doones job_id 489567 task_id 0 * 1000 + 426 --exper_id ratios1k-dp-nl4
