==============================================
Starting time (of array_subjob 489567_425):
Wed Apr  1 01:05:33 PM CEST 2026
(True, True)
(True, False)
(True, False)
Current time: 2026-04-01 13:05:36.877784 

True
METHOD = 'diofantos'
DEGREE = 3
SCALE = 3000
  all_datasets = 1000
rds0425.csv:
  gt_rhs = '(4)/(-3*z)'
d_max = 3
   target = NOT RECONSTRUCTED :-(
[]
  is_equivalent = False
  total_successes = 0, success_rate = 0.0
DEGREE = 3:
METHOD = 'diofantos':


Whole evaluation from the beginning of the script took:
 133.1 seconds, i.e. 2.22 minutes or 0.037 hours.

Current time: 2026-04-01 13:07:50.001987
Wed Apr  1 01:07:50 PM CEST 2026
this is oei.sh 0 ratios1k-dp-nl4 0 999    doing   doones job_id 489567 task_id 0 * 1000 + 425 --exper_id ratios1k-dp-nl4
