==============================================
Starting time (of array_subjob 489567_433):
Wed Apr  1 01:06:16 PM CEST 2026
(True, True)
(True, False)
(True, False)
Current time: 2026-04-01 13:06:19.875638 

True
METHOD = 'diofantos'
DEGREE = 3
SCALE = 3000
  all_datasets = 1000
rds0433.csv:
  gt_rhs = '10*v - 8*z - 9'
d_max = 3
   target = 10*v - 8*z - 9
['10*v - 8*z - 9']
  is_equivalent = True
  total_successes = 1, success_rate = 1.0
DEGREE = 3:
METHOD = 'diofantos':


Whole evaluation from the beginning of the script took:
 161.8 seconds, i.e. 2.7 minutes or 0.045 hours.

Current time: 2026-04-01 13:09:01.658334
Wed Apr  1 01:09:02 PM CEST 2026
this is oei.sh 0 ratios1k-dp-nl4 0 999    doing   doones job_id 489567 task_id 0 * 1000 + 433 --exper_id ratios1k-dp-nl4
