==============================================
Starting time (of array_subjob 489567_461):
Wed Apr  1 01:06:28 PM CEST 2026
(True, True)
(True, False)
(True, False)
Current time: 2026-04-01 13:06:31.806244 

True
METHOD = 'diofantos'
DEGREE = 3
SCALE = 3000
  all_datasets = 1000
rds0461.csv:
  gt_rhs = '2*w - 2'
d_max = 3
   target = 2*w - 2
['2*w - 2']
  is_equivalent = True
  total_successes = 1, success_rate = 1.0
DEGREE = 3:
METHOD = 'diofantos':


Whole evaluation from the beginning of the script took:
 158.2 seconds, i.e. 2.64 minutes or 0.044 hours.

Current time: 2026-04-01 13:09:10.037891
Wed Apr  1 01:09:10 PM CEST 2026
this is oei.sh 0 ratios1k-dp-nl4 0 999    doing   doones job_id 489567 task_id 0 * 1000 + 461 --exper_id ratios1k-dp-nl4
