==============================================
Starting time (of array_subjob 489567_468):
Wed Apr  1 01:06:30 PM CEST 2026
(True, True)
(True, False)
(True, False)
Current time: 2026-04-01 13:06:34.159175 

True
METHOD = 'diofantos'
DEGREE = 3
SCALE = 3000
  all_datasets = 1000
rds0468.csv:
  gt_rhs = '(-9*y)/(-7*v + 2*w*x + w + 5)'
d_max = 3
   target = NOT RECONSTRUCTED :-(
[]
  is_equivalent = False
  total_successes = 0, success_rate = 0.0
DEGREE = 3:
METHOD = 'diofantos':


Whole evaluation from the beginning of the script took:
 161.2 seconds, i.e. 2.69 minutes or 0.045 hours.

Current time: 2026-04-01 13:09:15.390200
Wed Apr  1 01:09:15 PM CEST 2026
this is oei.sh 0 ratios1k-dp-nl4 0 999    doing   doones job_id 489567 task_id 0 * 1000 + 468 --exper_id ratios1k-dp-nl4
