==============================================
Starting time (of array_subjob 489567_484):
Wed Apr  1 01:06:33 PM CEST 2026
(True, True)
(True, False)
(True, False)
Current time: 2026-04-01 13:06:37.221545 

True
METHOD = 'diofantos'
DEGREE = 3
SCALE = 3000
  all_datasets = 1000
rds0484.csv:
  gt_rhs = '-8*v*w + 7*z'
d_max = 3
   target = -8*v*w + 7*z
['-8*v*w + 7*z']
  is_equivalent = True
  total_successes = 1, success_rate = 1.0
DEGREE = 3:
METHOD = 'diofantos':


Whole evaluation from the beginning of the script took:
 160.0 seconds, i.e. 2.67 minutes or 0.044 hours.

Current time: 2026-04-01 13:09:17.239993
Wed Apr  1 01:09:17 PM CEST 2026
this is oei.sh 0 ratios1k-dp-nl4 0 999    doing   doones job_id 489567 task_id 0 * 1000 + 484 --exper_id ratios1k-dp-nl4
