==============================================
Starting time (of array_subjob 489567_493):
Wed Apr  1 01:06:36 PM CEST 2026
(True, True)
(True, False)
(True, False)
Current time: 2026-04-01 13:06:39.971251 

True
METHOD = 'diofantos'
DEGREE = 3
SCALE = 3000
  all_datasets = 1000
rds0493.csv:
  gt_rhs = '(-2*v*x*y - 2)/(3*w**2*y)'
d_max = 3
   target = NOT RECONSTRUCTED :-(
[]
  is_equivalent = False
  total_successes = 0, success_rate = 0.0
DEGREE = 3:
METHOD = 'diofantos':


Whole evaluation from the beginning of the script took:
 152.8 seconds, i.e. 2.55 minutes or 0.042 hours.

Current time: 2026-04-01 13:09:12.747587
Wed Apr  1 01:09:13 PM CEST 2026
this is oei.sh 0 ratios1k-dp-nl4 0 999    doing   doones job_id 489567 task_id 0 * 1000 + 493 --exper_id ratios1k-dp-nl4
