==============================================
Starting time (of array_subjob 489567_502):
Wed Apr  1 01:06:37 PM CEST 2026
(True, True)
(True, False)
(True, False)
Current time: 2026-04-01 13:06:41.567021 

True
METHOD = 'diofantos'
DEGREE = 3
SCALE = 3000
  all_datasets = 1000
rds0502.csv:
  gt_rhs = '(5*y)/(10*y*z**2)'
d_max = 3
   target = NOT RECONSTRUCTED :-(
[]
  is_equivalent = False
  total_successes = 0, success_rate = 0.0
DEGREE = 3:
METHOD = 'diofantos':


Whole evaluation from the beginning of the script took:
 165.4 seconds, i.e. 2.76 minutes or 0.046 hours.

Current time: 2026-04-01 13:09:26.949886
Wed Apr  1 01:09:27 PM CEST 2026
this is oei.sh 0 ratios1k-dp-nl4 0 999    doing   doones job_id 489567 task_id 0 * 1000 + 502 --exper_id ratios1k-dp-nl4
