==============================================
Starting time (of array_subjob 489567_503):
Wed Apr  1 01:06:37 PM CEST 2026
(True, True)
(True, False)
(True, False)
Current time: 2026-04-01 13:06:41.651943 

True
METHOD = 'diofantos'
DEGREE = 3
SCALE = 3000
  all_datasets = 1000
rds0503.csv:
  gt_rhs = '-10*w*x*y - 3*x + 8'
d_max = 3
   target = -10*w*x*y - 3*x + 8
['-10*w*x*y - 3*x + 8']
  is_equivalent = True
  total_successes = 1, success_rate = 1.0
DEGREE = 3:
METHOD = 'diofantos':


Whole evaluation from the beginning of the script took:
 164.7 seconds, i.e. 2.74 minutes or 0.046 hours.

Current time: 2026-04-01 13:09:26.318551
Wed Apr  1 01:09:26 PM CEST 2026
this is oei.sh 0 ratios1k-dp-nl4 0 999    doing   doones job_id 489567 task_id 0 * 1000 + 503 --exper_id ratios1k-dp-nl4
