==============================================
Starting time (of array_subjob 489567_515):
Wed Apr  1 01:06:40 PM CEST 2026
(True, True)
(True, False)
(True, False)
Current time: 2026-04-01 13:06:44.605802 

True
METHOD = 'diofantos'
DEGREE = 3
SCALE = 3000
  all_datasets = 1000
rds0515.csv:
  gt_rhs = '(-2*v*w*x*y - 4*w*x + 2)/(-10)'
d_max = 3
   target = NOT RECONSTRUCTED :-(
[]
  is_equivalent = False
  total_successes = 0, success_rate = 0.0
DEGREE = 3:
METHOD = 'diofantos':


Whole evaluation from the beginning of the script took:
 147.1 seconds, i.e. 2.45 minutes or 0.041 hours.

Current time: 2026-04-01 13:09:11.743045
Wed Apr  1 01:09:12 PM CEST 2026
this is oei.sh 0 ratios1k-dp-nl4 0 999    doing   doones job_id 489567 task_id 0 * 1000 + 515 --exper_id ratios1k-dp-nl4
