==============================================
Starting time (of array_subjob 489567_524):
Wed Apr  1 01:06:42 PM CEST 2026
(True, True)
(True, False)
(True, False)
Current time: 2026-04-01 13:06:46.604440 

True
METHOD = 'diofantos'
DEGREE = 3
SCALE = 3000
  all_datasets = 1000
rds0524.csv:
  gt_rhs = '(v + z)/(8)'
d_max = 3
   target = NOT RECONSTRUCTED :-(
[]
  is_equivalent = False
  total_successes = 0, success_rate = 0.0
DEGREE = 3:
METHOD = 'diofantos':


Whole evaluation from the beginning of the script took:
 173.1 seconds, i.e. 2.88 minutes or 0.048 hours.

Current time: 2026-04-01 13:09:39.696959
Wed Apr  1 01:09:40 PM CEST 2026
this is oei.sh 0 ratios1k-dp-nl4 0 999    doing   doones job_id 489567 task_id 0 * 1000 + 524 --exper_id ratios1k-dp-nl4
