==============================================
Starting time (of array_subjob 489567_520):
Wed Apr  1 01:06:41 PM CEST 2026
(True, True)
(True, False)
(True, False)
Current time: 2026-04-01 13:06:45.598098 

True
METHOD = 'diofantos'
DEGREE = 3
SCALE = 3000
  all_datasets = 1000
rds0520.csv:
  gt_rhs = '-2*v*x**2 - 10*w'
d_max = 3
   target = -2*v*x**2 - 10*w
['-2*v*x**2 - 10*w']
  is_equivalent = True
  total_successes = 1, success_rate = 1.0
DEGREE = 3:
METHOD = 'diofantos':


Whole evaluation from the beginning of the script took:
 154.7 seconds, i.e. 2.58 minutes or 0.043 hours.

Current time: 2026-04-01 13:09:20.303788
Wed Apr  1 01:09:20 PM CEST 2026
this is oei.sh 0 ratios1k-dp-nl4 0 999    doing   doones job_id 489567 task_id 0 * 1000 + 520 --exper_id ratios1k-dp-nl4
