==============================================
Starting time (of array_subjob 489567_539):
Wed Apr  1 01:06:45 PM CEST 2026
(True, True)
(True, False)
(True, False)
Current time: 2026-04-01 13:06:49.500730 

True
METHOD = 'diofantos'
DEGREE = 3
SCALE = 3000
  all_datasets = 1000
rds0539.csv:
  gt_rhs = '(6*v**2*z)/(-2*v)'
d_max = 3
   target = -3*v*z
['-3*v*z']
  is_equivalent = True
  total_successes = 1, success_rate = 1.0
DEGREE = 3:
METHOD = 'diofantos':


Whole evaluation from the beginning of the script took:
 157.3 seconds, i.e. 2.62 minutes or 0.044 hours.

Current time: 2026-04-01 13:09:26.786749
Wed Apr  1 01:09:27 PM CEST 2026
this is oei.sh 0 ratios1k-dp-nl4 0 999    doing   doones job_id 489567 task_id 0 * 1000 + 539 --exper_id ratios1k-dp-nl4
