==============================================
Starting time (of array_subjob 489567_550):
Wed Apr  1 01:06:46 PM CEST 2026
(True, True)
(True, False)
(True, False)
Current time: 2026-04-01 13:06:50.476261 

True
METHOD = 'diofantos'
DEGREE = 3
SCALE = 3000
  all_datasets = 1000
rds0550.csv:
  gt_rhs = '3*v**2 + 9*v*x + v + 8*y + 4*z'
d_max = 3
   target = 3*v**2 + 9*v*x + v + 8*y + 4*z
['3*v**2 + 9*v*x + v + 8*y + 4*z']
  is_equivalent = True
  total_successes = 1, success_rate = 1.0
DEGREE = 3:
METHOD = 'diofantos':


Whole evaluation from the beginning of the script took:
 147.8 seconds, i.e. 2.46 minutes or 0.041 hours.

Current time: 2026-04-01 13:09:18.244450
Wed Apr  1 01:09:18 PM CEST 2026
this is oei.sh 0 ratios1k-dp-nl4 0 999    doing   doones job_id 489567 task_id 0 * 1000 + 550 --exper_id ratios1k-dp-nl4
