==============================================
Starting time (of array_subjob 489567_579):
Wed Apr  1 01:06:55 PM CEST 2026
(True, True)
(True, False)
(True, False)
Current time: 2026-04-01 13:06:59.498252 

True
METHOD = 'diofantos'
DEGREE = 3
SCALE = 3000
  all_datasets = 1000
rds0579.csv:
  gt_rhs = '-9*v*w - 6*y'
d_max = 3
   target = -9*v*w - 6*y
['-9*v*w - 6*y']
  is_equivalent = True
  total_successes = 1, success_rate = 1.0
DEGREE = 3:
METHOD = 'diofantos':


Whole evaluation from the beginning of the script took:
 173.9 seconds, i.e. 2.9 minutes or 0.048 hours.

Current time: 2026-04-01 13:09:53.390804
Wed Apr  1 01:09:53 PM CEST 2026
this is oei.sh 0 ratios1k-dp-nl4 0 999    doing   doones job_id 489567 task_id 0 * 1000 + 579 --exper_id ratios1k-dp-nl4
