==============================================
Starting time (of array_subjob 489567_585):
Wed Apr  1 01:07:01 PM CEST 2026
(True, True)
(True, False)
(True, False)
Current time: 2026-04-01 13:07:05.562740 

True
METHOD = 'diofantos'
DEGREE = 3
SCALE = 3000
  all_datasets = 1000
rds0585.csv:
  gt_rhs = '(-9)/(5*v + 10*w + 2*x)'
d_max = 3
   target = NOT RECONSTRUCTED :-(
[]
  is_equivalent = False
  total_successes = 0, success_rate = 0.0
DEGREE = 3:
METHOD = 'diofantos':


Whole evaluation from the beginning of the script took:
 150.5 seconds, i.e. 2.51 minutes or 0.042 hours.

Current time: 2026-04-01 13:09:36.088772
Wed Apr  1 01:09:36 PM CEST 2026
this is oei.sh 0 ratios1k-dp-nl4 0 999    doing   doones job_id 489567 task_id 0 * 1000 + 585 --exper_id ratios1k-dp-nl4
