==============================================
Starting time (of array_subjob 489567_589):
Wed Apr  1 01:07:10 PM CEST 2026
(True, True)
(True, False)
(True, False)
Current time: 2026-04-01 13:07:14.018112 

True
METHOD = 'diofantos'
DEGREE = 3
SCALE = 3000
  all_datasets = 1000
rds0589.csv:
  gt_rhs = '(-6)/(8*w*z**2)'
d_max = 3
   target = NOT RECONSTRUCTED :-(
[]
  is_equivalent = False
  total_successes = 0, success_rate = 0.0
DEGREE = 3:
METHOD = 'diofantos':


Whole evaluation from the beginning of the script took:
 168.2 seconds, i.e. 2.8 minutes or 0.047 hours.

Current time: 2026-04-01 13:10:02.266394
Wed Apr  1 01:10:02 PM CEST 2026
this is oei.sh 0 ratios1k-dp-nl4 0 999    doing   doones job_id 489567 task_id 0 * 1000 + 589 --exper_id ratios1k-dp-nl4
