==============================================
Starting time (of array_subjob 489567_599):
Wed Apr  1 01:08:50 PM CEST 2026
(True, True)
(True, False)
(True, False)
Current time: 2026-04-01 13:08:53.778409 

True
METHOD = 'diofantos'
DEGREE = 3
SCALE = 3000
  all_datasets = 1000
rds0599.csv:
  gt_rhs = '-3*y - 6'
d_max = 3
   target = -3*y - 6
['-3*y - 6']
  is_equivalent = True
  total_successes = 1, success_rate = 1.0
DEGREE = 3:
METHOD = 'diofantos':


Whole evaluation from the beginning of the script took:
 154.5 seconds, i.e. 2.57 minutes or 0.043 hours.

Current time: 2026-04-01 13:11:28.235679
Wed Apr  1 01:11:28 PM CEST 2026
this is oei.sh 0 ratios1k-dp-nl4 0 999    doing   doones job_id 489567 task_id 0 * 1000 + 599 --exper_id ratios1k-dp-nl4
