==============================================
Starting time (of array_subjob 489567_608):
Wed Apr  1 01:08:59 PM CEST 2026
(True, True)
(True, False)
(True, False)
Current time: 2026-04-01 13:09:03.405907 

True
METHOD = 'diofantos'
DEGREE = 3
SCALE = 3000
  all_datasets = 1000
rds0608.csv:
  gt_rhs = '(8*v*z - 8)/(2*v*w**2)'
d_max = 3
   target = NOT RECONSTRUCTED :-(
[]
  is_equivalent = False
  total_successes = 0, success_rate = 0.0
DEGREE = 3:
METHOD = 'diofantos':


Whole evaluation from the beginning of the script took:
 162.4 seconds, i.e. 2.71 minutes or 0.045 hours.

Current time: 2026-04-01 13:11:45.794491
Wed Apr  1 01:11:46 PM CEST 2026
this is oei.sh 0 ratios1k-dp-nl4 0 999    doing   doones job_id 489567 task_id 0 * 1000 + 608 --exper_id ratios1k-dp-nl4
