==============================================
Starting time (of array_subjob 489567_607):
Wed Apr  1 01:08:58 PM CEST 2026
(True, True)
(True, False)
(True, False)
Current time: 2026-04-01 13:09:02.323403 

True
METHOD = 'diofantos'
DEGREE = 3
SCALE = 3000
  all_datasets = 1000
rds0607.csv:
  gt_rhs = '-3*v**2 + 10*v*y + 5'
d_max = 3
   target = -3*v**2 + 10*v*y + 5
['-3*v**2 + 10*v*y + 5']
  is_equivalent = True
  total_successes = 1, success_rate = 1.0
DEGREE = 3:
METHOD = 'diofantos':


Whole evaluation from the beginning of the script took:
 163.7 seconds, i.e. 2.73 minutes or 0.045 hours.

Current time: 2026-04-01 13:11:46.039043
Wed Apr  1 01:11:46 PM CEST 2026
this is oei.sh 0 ratios1k-dp-nl4 0 999    doing   doones job_id 489567 task_id 0 * 1000 + 607 --exper_id ratios1k-dp-nl4
