==============================================
Starting time (of array_subjob 489567_618):
Wed Apr  1 01:09:07 PM CEST 2026
(True, True)
(True, False)
(True, False)
Current time: 2026-04-01 13:09:11.265851 

True
METHOD = 'diofantos'
DEGREE = 3
SCALE = 3000
  all_datasets = 1000
rds0618.csv:
  gt_rhs = '2*v*x - 10*v*z + 3*x + 2*y + 3'
d_max = 3
   target = 2*v*x - 10*v*z + 3*x + 2*y + 3
['2*v*x - 10*v*z + 3*x + 2*y + 3']
  is_equivalent = True
  total_successes = 1, success_rate = 1.0
DEGREE = 3:
METHOD = 'diofantos':


Whole evaluation from the beginning of the script took:
 147.7 seconds, i.e. 2.46 minutes or 0.041 hours.

Current time: 2026-04-01 13:11:39.014317
Wed Apr  1 01:11:39 PM CEST 2026
this is oei.sh 0 ratios1k-dp-nl4 0 999    doing   doones job_id 489567 task_id 0 * 1000 + 618 --exper_id ratios1k-dp-nl4
