==============================================
Starting time (of array_subjob 489567_624):
Wed Apr  1 01:09:09 PM CEST 2026
(True, True)
(True, False)
(True, False)
Current time: 2026-04-01 13:09:13.534766 

True
METHOD = 'diofantos'
DEGREE = 3
SCALE = 3000
  all_datasets = 1000
rds0624.csv:
  gt_rhs = '(-9*x*z)/(10*w**2*z**2 + 6*x)'
d_max = 3
   target = NOT RECONSTRUCTED :-(
[]
  is_equivalent = False
  total_successes = 0, success_rate = 0.0
DEGREE = 3:
METHOD = 'diofantos':


Whole evaluation from the beginning of the script took:
 163.8 seconds, i.e. 2.73 minutes or 0.046 hours.

Current time: 2026-04-01 13:11:57.357420
Wed Apr  1 01:11:57 PM CEST 2026
this is oei.sh 0 ratios1k-dp-nl4 0 999    doing   doones job_id 489567 task_id 0 * 1000 + 624 --exper_id ratios1k-dp-nl4
