==============================================
Starting time (of array_subjob 489567_625):
Wed Apr  1 01:09:10 PM CEST 2026
(True, True)
(True, False)
(True, False)
Current time: 2026-04-01 13:09:14.222318 

True
METHOD = 'diofantos'
DEGREE = 3
SCALE = 3000
  all_datasets = 1000
rds0625.csv:
  gt_rhs = '-4*w**2*z - 2'
d_max = 3
   target = -4*w**2*z - 2
['-4*w**2*z - 2']
  is_equivalent = True
  total_successes = 1, success_rate = 1.0
DEGREE = 3:
METHOD = 'diofantos':


Whole evaluation from the beginning of the script took:
 154.5 seconds, i.e. 2.58 minutes or 0.043 hours.

Current time: 2026-04-01 13:11:48.756189
Wed Apr  1 01:11:49 PM CEST 2026
this is oei.sh 0 ratios1k-dp-nl4 0 999    doing   doones job_id 489567 task_id 0 * 1000 + 625 --exper_id ratios1k-dp-nl4
