==============================================
Starting time (of array_subjob 489567_630):
Wed Apr  1 01:09:12 PM CEST 2026
(True, True)
(True, False)
(True, False)
Current time: 2026-04-01 13:09:16.464387 

True
METHOD = 'diofantos'
DEGREE = 3
SCALE = 3000
  all_datasets = 1000
rds0630.csv:
  gt_rhs = '-6*v*x*z - 6*x'
d_max = 3
   target = -6*v*x*z - 6*x
['-6*v*x*z - 6*x']
  is_equivalent = True
  total_successes = 1, success_rate = 1.0
DEGREE = 3:
METHOD = 'diofantos':


Whole evaluation from the beginning of the script took:
 156.3 seconds, i.e. 2.6 minutes or 0.043 hours.

Current time: 2026-04-01 13:11:52.763967
Wed Apr  1 01:11:53 PM CEST 2026
this is oei.sh 0 ratios1k-dp-nl4 0 999    doing   doones job_id 489567 task_id 0 * 1000 + 630 --exper_id ratios1k-dp-nl4
