==============================================
Starting time (of array_subjob 489567_635):
Wed Apr  1 01:09:14 PM CEST 2026
(True, True)
(True, False)
(True, False)
Current time: 2026-04-01 13:09:18.594651 

True
METHOD = 'diofantos'
DEGREE = 3
SCALE = 3000
  all_datasets = 1000
rds0635.csv:
  gt_rhs = '10*w*y - 8*x + 3'
d_max = 3
   target = 10*w*y - 8*x + 3
['10*w*y - 8*x + 3']
  is_equivalent = True
  total_successes = 1, success_rate = 1.0
DEGREE = 3:
METHOD = 'diofantos':


Whole evaluation from the beginning of the script took:
 170.3 seconds, i.e. 2.84 minutes or 0.047 hours.

Current time: 2026-04-01 13:12:08.870437
Wed Apr  1 01:12:09 PM CEST 2026
this is oei.sh 0 ratios1k-dp-nl4 0 999    doing   doones job_id 489567 task_id 0 * 1000 + 635 --exper_id ratios1k-dp-nl4
