==============================================
Starting time (of array_subjob 489567_649):
Wed Apr  1 01:09:18 PM CEST 2026
(True, True)
(True, False)
(True, False)
Current time: 2026-04-01 13:09:22.489002 

True
METHOD = 'diofantos'
DEGREE = 3
SCALE = 3000
  all_datasets = 1000
rds0649.csv:
  gt_rhs = '-6*v*x*y - 6*x - 10'
d_max = 3
   target = -6*v*x*y - 6*x - 10
['-6*v*x*y - 6*x - 10']
  is_equivalent = True
  total_successes = 1, success_rate = 1.0
DEGREE = 3:
METHOD = 'diofantos':


Whole evaluation from the beginning of the script took:
 163.6 seconds, i.e. 2.73 minutes or 0.045 hours.

Current time: 2026-04-01 13:12:06.052350
Wed Apr  1 01:12:06 PM CEST 2026
this is oei.sh 0 ratios1k-dp-nl4 0 999    doing   doones job_id 489567 task_id 0 * 1000 + 649 --exper_id ratios1k-dp-nl4
