==============================================
Starting time (of array_subjob 489567_647):
Wed Apr  1 01:09:18 PM CEST 2026
(True, True)
(True, False)
(True, False)
Current time: 2026-04-01 13:09:21.751277 

True
METHOD = 'diofantos'
DEGREE = 3
SCALE = 3000
  all_datasets = 1000
rds0647.csv:
  gt_rhs = '(2*x*y + 5)/(1)'
d_max = 3
   target = 2*x*y + 5
['2*x*y + 5']
  is_equivalent = True
  total_successes = 1, success_rate = 1.0
DEGREE = 3:
METHOD = 'diofantos':


Whole evaluation from the beginning of the script took:
 164.0 seconds, i.e. 2.73 minutes or 0.046 hours.

Current time: 2026-04-01 13:12:05.741535
Wed Apr  1 01:12:06 PM CEST 2026
this is oei.sh 0 ratios1k-dp-nl4 0 999    doing   doones job_id 489567 task_id 0 * 1000 + 647 --exper_id ratios1k-dp-nl4
