==============================================
Starting time (of array_subjob 489567_645):
Wed Apr  1 01:09:17 PM CEST 2026
(True, True)
(True, False)
(True, False)
Current time: 2026-04-01 13:09:20.896224 

True
METHOD = 'diofantos'
DEGREE = 3
SCALE = 3000
  all_datasets = 1000
rds0645.csv:
  gt_rhs = '2*w*y + 7*w - z - 3'
d_max = 3
   target = 2*w*y + 7*w - z - 3
['2*w*y + 7*w - z - 3']
  is_equivalent = True
  total_successes = 1, success_rate = 1.0
DEGREE = 3:
METHOD = 'diofantos':


Whole evaluation from the beginning of the script took:
 150.4 seconds, i.e. 2.51 minutes or 0.042 hours.

Current time: 2026-04-01 13:11:51.305114
Wed Apr  1 01:11:51 PM CEST 2026
this is oei.sh 0 ratios1k-dp-nl4 0 999    doing   doones job_id 489567 task_id 0 * 1000 + 645 --exper_id ratios1k-dp-nl4
