==============================================
Starting time (of array_subjob 489567_644):
Wed Apr  1 01:09:17 PM CEST 2026
(True, True)
(True, False)
(True, False)
Current time: 2026-04-01 13:09:20.969614 

True
METHOD = 'diofantos'
DEGREE = 3
SCALE = 3000
  all_datasets = 1000
rds0644.csv:
  gt_rhs = '7*w*y - 6*x'
d_max = 3
   target = 7*w*y - 6*x
['7*w*y - 6*x']
  is_equivalent = True
  total_successes = 1, success_rate = 1.0
DEGREE = 3:
METHOD = 'diofantos':


Whole evaluation from the beginning of the script took:
 148.0 seconds, i.e. 2.47 minutes or 0.041 hours.

Current time: 2026-04-01 13:11:48.932497
Wed Apr  1 01:11:49 PM CEST 2026
this is oei.sh 0 ratios1k-dp-nl4 0 999    doing   doones job_id 489567 task_id 0 * 1000 + 644 --exper_id ratios1k-dp-nl4
