==============================================
Starting time (of array_subjob 489567_688):
Wed Apr  1 01:09:30 PM CEST 2026
(True, True)
(True, False)
(True, False)
Current time: 2026-04-01 13:09:34.429190 

True
METHOD = 'diofantos'
DEGREE = 3
SCALE = 3000
  all_datasets = 1000
rds0688.csv:
  gt_rhs = '(-7*w*z)/(7*v*y + 1)'
d_max = 3
   target = NOT RECONSTRUCTED :-(
[]
  is_equivalent = False
  total_successes = 0, success_rate = 0.0
DEGREE = 3:
METHOD = 'diofantos':


Whole evaluation from the beginning of the script took:
 142.1 seconds, i.e. 2.37 minutes or 0.039 hours.

Current time: 2026-04-01 13:11:56.516864
Wed Apr  1 01:11:57 PM CEST 2026
this is oei.sh 0 ratios1k-dp-nl4 0 999    doing   doones job_id 489567 task_id 0 * 1000 + 688 --exper_id ratios1k-dp-nl4
