==============================================
Starting time (of array_subjob 489567_697):
Wed Apr  1 01:09:34 PM CEST 2026
(True, True)
(True, False)
(True, False)
Current time: 2026-04-01 13:09:38.538308 

True
METHOD = 'diofantos'
DEGREE = 3
SCALE = 3000
  all_datasets = 1000
rds0697.csv:
  gt_rhs = '(5)/(v**2*w*x**3 + 6)'
d_max = 3
   target = NOT RECONSTRUCTED :-(
[]
  is_equivalent = False
  total_successes = 0, success_rate = 0.0
DEGREE = 3:
METHOD = 'diofantos':


Whole evaluation from the beginning of the script took:
 176.1 seconds, i.e. 2.94 minutes or 0.049 hours.

Current time: 2026-04-01 13:12:34.659657
Wed Apr  1 01:12:35 PM CEST 2026
this is oei.sh 0 ratios1k-dp-nl4 0 999    doing   doones job_id 489567 task_id 0 * 1000 + 697 --exper_id ratios1k-dp-nl4
