==============================================
Starting time (of array_subjob 489567_702):
Wed Apr  1 01:09:36 PM CEST 2026
(True, True)
(True, False)
(True, False)
Current time: 2026-04-01 13:09:40.695586 

True
METHOD = 'diofantos'
DEGREE = 3
SCALE = 3000
  all_datasets = 1000
rds0702.csv:
  gt_rhs = '5*w*z**2 - w'
d_max = 3
   target = 5*w*z**2 - w
['5*w*z**2 - w']
  is_equivalent = True
  total_successes = 1, success_rate = 1.0
DEGREE = 3:
METHOD = 'diofantos':


Whole evaluation from the beginning of the script took:
 155.4 seconds, i.e. 2.59 minutes or 0.043 hours.

Current time: 2026-04-01 13:12:16.143912
Wed Apr  1 01:12:16 PM CEST 2026
this is oei.sh 0 ratios1k-dp-nl4 0 999    doing   doones job_id 489567 task_id 0 * 1000 + 702 --exper_id ratios1k-dp-nl4
