==============================================
Starting time (of array_subjob 489567_712):
Wed Apr  1 01:09:42 PM CEST 2026
(True, True)
(True, False)
(True, False)
Current time: 2026-04-01 13:09:46.282573 

True
METHOD = 'diofantos'
DEGREE = 3
SCALE = 3000
  all_datasets = 1000
rds0712.csv:
  gt_rhs = '2*v - 3*w*y + 3'
d_max = 3
   target = 2*v - 3*w*y + 3
['2*v - 3*w*y + 3']
  is_equivalent = True
  total_successes = 1, success_rate = 1.0
DEGREE = 3:
METHOD = 'diofantos':


Whole evaluation from the beginning of the script took:
 155.1 seconds, i.e. 2.58 minutes or 0.043 hours.

Current time: 2026-04-01 13:12:21.370604
Wed Apr  1 01:12:21 PM CEST 2026
this is oei.sh 0 ratios1k-dp-nl4 0 999    doing   doones job_id 489567 task_id 0 * 1000 + 712 --exper_id ratios1k-dp-nl4
