==============================================
Starting time (of array_subjob 489567_715):
Wed Apr  1 01:09:45 PM CEST 2026
(True, True)
(True, False)
(True, False)
Current time: 2026-04-01 13:09:49.489363 

True
METHOD = 'diofantos'
DEGREE = 3
SCALE = 3000
  all_datasets = 1000
rds0715.csv:
  gt_rhs = '-4*v*w**2'
d_max = 3
   target = -4*v*w**2
['-4*v*w**2']
  is_equivalent = True
  total_successes = 1, success_rate = 1.0
DEGREE = 3:
METHOD = 'diofantos':


Whole evaluation from the beginning of the script took:
 161.3 seconds, i.e. 2.69 minutes or 0.045 hours.

Current time: 2026-04-01 13:12:30.770088
Wed Apr  1 01:12:31 PM CEST 2026
this is oei.sh 0 ratios1k-dp-nl4 0 999    doing   doones job_id 489567 task_id 0 * 1000 + 715 --exper_id ratios1k-dp-nl4
