==============================================
Starting time (of array_subjob 489567_722):
Wed Apr  1 01:09:55 PM CEST 2026
(True, True)
(True, False)
(True, False)
Current time: 2026-04-01 13:09:59.344666 

True
METHOD = 'diofantos'
DEGREE = 3
SCALE = 3000
  all_datasets = 1000
rds0722.csv:
  gt_rhs = '(6 - 10*x)/(4*z - 4)'
d_max = 3
   target = NOT RECONSTRUCTED :-(
[]
  is_equivalent = False
  total_successes = 0, success_rate = 0.0
DEGREE = 3:
METHOD = 'diofantos':


Whole evaluation from the beginning of the script took:
 166.9 seconds, i.e. 2.78 minutes or 0.046 hours.

Current time: 2026-04-01 13:12:46.283624
Wed Apr  1 01:12:46 PM CEST 2026
this is oei.sh 0 ratios1k-dp-nl4 0 999    doing   doones job_id 489567 task_id 0 * 1000 + 722 --exper_id ratios1k-dp-nl4
