==============================================
Starting time (of array_subjob 489567_733):
Wed Apr  1 01:11:37 PM CEST 2026
(True, True)
(True, False)
(True, False)
Current time: 2026-04-01 13:11:41.012795 

True
METHOD = 'diofantos'
DEGREE = 3
SCALE = 3000
  all_datasets = 1000
rds0733.csv:
  gt_rhs = '2*w*x*z - 4*z'
d_max = 3
   target = 2*w*x*z - 4*z
['2*w*x*z - 4*z']
  is_equivalent = True
  total_successes = 1, success_rate = 1.0
DEGREE = 3:
METHOD = 'diofantos':


Whole evaluation from the beginning of the script took:
 158.5 seconds, i.e. 2.64 minutes or 0.044 hours.

Current time: 2026-04-01 13:14:19.514645
Wed Apr  1 01:14:20 PM CEST 2026
this is oei.sh 0 ratios1k-dp-nl4 0 999    doing   doones job_id 489567 task_id 0 * 1000 + 733 --exper_id ratios1k-dp-nl4
