==============================================
Starting time (of array_subjob 489567_732):
Wed Apr  1 01:11:31 PM CEST 2026
(True, True)
(True, False)
(True, False)
Current time: 2026-04-01 13:11:35.308893 

True
METHOD = 'diofantos'
DEGREE = 3
SCALE = 3000
  all_datasets = 1000
rds0732.csv:
  gt_rhs = '(9*y*z - 6*y)/(-10*v - 6)'
d_max = 3
   target = NOT RECONSTRUCTED :-(
[]
  is_equivalent = False
  total_successes = 0, success_rate = 0.0
DEGREE = 3:
METHOD = 'diofantos':


Whole evaluation from the beginning of the script took:
 157.3 seconds, i.e. 2.62 minutes or 0.044 hours.

Current time: 2026-04-01 13:14:12.577688
Wed Apr  1 01:14:13 PM CEST 2026
this is oei.sh 0 ratios1k-dp-nl4 0 999    doing   doones job_id 489567 task_id 0 * 1000 + 732 --exper_id ratios1k-dp-nl4
