==============================================
Starting time (of array_subjob 489567_752):
Wed Apr  1 01:11:49 PM CEST 2026
(True, True)
(True, False)
(True, False)
Current time: 2026-04-01 13:11:53.443162 

True
METHOD = 'diofantos'
DEGREE = 3
SCALE = 3000
  all_datasets = 1000
rds0752.csv:
  gt_rhs = '(-v*y*z + 6*x + 10)/(-8*y - 4)'
d_max = 3
   target = NOT RECONSTRUCTED :-(
[]
  is_equivalent = False
  total_successes = 0, success_rate = 0.0
DEGREE = 3:
METHOD = 'diofantos':


Whole evaluation from the beginning of the script took:
 174.2 seconds, i.e. 2.9 minutes or 0.048 hours.

Current time: 2026-04-01 13:14:47.679589
Wed Apr  1 01:14:48 PM CEST 2026
this is oei.sh 0 ratios1k-dp-nl4 0 999    doing   doones job_id 489567 task_id 0 * 1000 + 752 --exper_id ratios1k-dp-nl4
