==============================================
Starting time (of array_subjob 489567_767):
Wed Apr  1 01:11:58 PM CEST 2026
(True, True)
(True, False)
(True, False)
Current time: 2026-04-01 13:12:01.851105 

True
METHOD = 'diofantos'
DEGREE = 3
SCALE = 3000
  all_datasets = 1000
rds0767.csv:
  gt_rhs = '(-10)/(7*v - 4*w*x)'
d_max = 3
   target = NOT RECONSTRUCTED :-(
[]
  is_equivalent = False
  total_successes = 0, success_rate = 0.0
DEGREE = 3:
METHOD = 'diofantos':


Whole evaluation from the beginning of the script took:
 158.1 seconds, i.e. 2.63 minutes or 0.044 hours.

Current time: 2026-04-01 13:14:39.920127
Wed Apr  1 01:14:40 PM CEST 2026
this is oei.sh 0 ratios1k-dp-nl4 0 999    doing   doones job_id 489567 task_id 0 * 1000 + 767 --exper_id ratios1k-dp-nl4
