==============================================
Starting time (of array_subjob 489567_773):
Wed Apr  1 01:12:02 PM CEST 2026
(True, True)
(True, False)
(True, False)
Current time: 2026-04-01 13:12:06.610619 

True
METHOD = 'diofantos'
DEGREE = 3
SCALE = 3000
  all_datasets = 1000
rds0773.csv:
  gt_rhs = '(z)/(-4*w**3*x - 5)'
d_max = 3
   target = NOT RECONSTRUCTED :-(
[]
  is_equivalent = False
  total_successes = 0, success_rate = 0.0
DEGREE = 3:
METHOD = 'diofantos':


Whole evaluation from the beginning of the script took:
 171.7 seconds, i.e. 2.86 minutes or 0.048 hours.

Current time: 2026-04-01 13:14:58.337421
Wed Apr  1 01:14:58 PM CEST 2026
this is oei.sh 0 ratios1k-dp-nl4 0 999    doing   doones job_id 489567 task_id 0 * 1000 + 773 --exper_id ratios1k-dp-nl4
