==============================================
Starting time (of array_subjob 489567_772):
Wed Apr  1 01:12:02 PM CEST 2026
(True, True)
(True, False)
(True, False)
Current time: 2026-04-01 13:12:05.838472 

True
METHOD = 'diofantos'
DEGREE = 3
SCALE = 3000
  all_datasets = 1000
rds0772.csv:
  gt_rhs = '5*z'
d_max = 3
   target = 5*z
['5*z']
  is_equivalent = True
  total_successes = 1, success_rate = 1.0
DEGREE = 3:
METHOD = 'diofantos':


Whole evaluation from the beginning of the script took:
 154.8 seconds, i.e. 2.58 minutes or 0.043 hours.

Current time: 2026-04-01 13:14:40.610768
Wed Apr  1 01:14:41 PM CEST 2026
this is oei.sh 0 ratios1k-dp-nl4 0 999    doing   doones job_id 489567 task_id 0 * 1000 + 772 --exper_id ratios1k-dp-nl4
