==============================================
Starting time (of array_subjob 489567_774):
Wed Apr  1 01:12:02 PM CEST 2026
(True, True)
(True, False)
(True, False)
Current time: 2026-04-01 13:12:06.630175 

True
METHOD = 'diofantos'
DEGREE = 3
SCALE = 3000
  all_datasets = 1000
rds0774.csv:
  gt_rhs = '7*w*x + y'
d_max = 3
   target = 7*w*x + y
['7*w*x + y']
  is_equivalent = True
  total_successes = 1, success_rate = 1.0
DEGREE = 3:
METHOD = 'diofantos':


Whole evaluation from the beginning of the script took:
 152.7 seconds, i.e. 2.54 minutes or 0.042 hours.

Current time: 2026-04-01 13:14:39.300335
Wed Apr  1 01:14:39 PM CEST 2026
this is oei.sh 0 ratios1k-dp-nl4 0 999    doing   doones job_id 489567 task_id 0 * 1000 + 774 --exper_id ratios1k-dp-nl4
