==============================================
Starting time (of array_subjob 489567_784):
Wed Apr  1 01:12:06 PM CEST 2026
(True, True)
(True, False)
(True, False)
Current time: 2026-04-01 13:12:10.619081 

True
METHOD = 'diofantos'
DEGREE = 3
SCALE = 3000
  all_datasets = 1000
rds0784.csv:
  gt_rhs = '(-w*z)/(6*x**2*y*z**2 + 10*y + 5)'
d_max = 3
   target = NOT RECONSTRUCTED :-(
[]
  is_equivalent = False
  total_successes = 0, success_rate = 0.0
DEGREE = 3:
METHOD = 'diofantos':


Whole evaluation from the beginning of the script took:
 160.2 seconds, i.e. 2.67 minutes or 0.044 hours.

Current time: 2026-04-01 13:14:50.791094
Wed Apr  1 01:14:51 PM CEST 2026
this is oei.sh 0 ratios1k-dp-nl4 0 999    doing   doones job_id 489567 task_id 0 * 1000 + 784 --exper_id ratios1k-dp-nl4
