==============================================
Starting time (of array_subjob 489567_796):
Wed Apr  1 01:12:10 PM CEST 2026
(True, True)
(True, False)
(True, False)
Current time: 2026-04-01 13:12:14.673675 

True
METHOD = 'diofantos'
DEGREE = 3
SCALE = 3000
  all_datasets = 1000
rds0796.csv:
  gt_rhs = '-3*v*x + 2*w'
d_max = 3
   target = -3*v*x + 2*w
['-3*v*x + 2*w']
  is_equivalent = True
  total_successes = 1, success_rate = 1.0
DEGREE = 3:
METHOD = 'diofantos':


Whole evaluation from the beginning of the script took:
 140.2 seconds, i.e. 2.34 minutes or 0.039 hours.

Current time: 2026-04-01 13:14:34.878828
Wed Apr  1 01:14:35 PM CEST 2026
this is oei.sh 0 ratios1k-dp-nl4 0 999    doing   doones job_id 489567 task_id 0 * 1000 + 796 --exper_id ratios1k-dp-nl4
