==============================================
Starting time (of array_subjob 489567_799):
Wed Apr  1 01:12:12 PM CEST 2026
(True, True)
(True, False)
(True, False)
Current time: 2026-04-01 13:12:16.386052 

True
METHOD = 'diofantos'
DEGREE = 3
SCALE = 3000
  all_datasets = 1000
rds0799.csv:
  gt_rhs = '-2*y*z - 8*y - 9'
d_max = 3
   target = -2*y*z - 8*y - 9
['-2*y*z - 8*y - 9']
  is_equivalent = True
  total_successes = 1, success_rate = 1.0
DEGREE = 3:
METHOD = 'diofantos':


Whole evaluation from the beginning of the script took:
 156.6 seconds, i.e. 2.61 minutes or 0.044 hours.

Current time: 2026-04-01 13:14:53.028385
Wed Apr  1 01:14:53 PM CEST 2026
this is oei.sh 0 ratios1k-dp-nl4 0 999    doing   doones job_id 489567 task_id 0 * 1000 + 799 --exper_id ratios1k-dp-nl4
