==============================================
Starting time (of array_subjob 489567_805):
Wed Apr  1 01:12:15 PM CEST 2026
(True, True)
(True, False)
(True, False)
Current time: 2026-04-01 13:12:18.720551 

True
METHOD = 'diofantos'
DEGREE = 3
SCALE = 3000
  all_datasets = 1000
rds0805.csv:
  gt_rhs = '-7*v*x + 3*y - 3'
d_max = 3
   target = -7*v*x + 3*y - 3
['-7*v*x + 3*y - 3']
  is_equivalent = True
  total_successes = 1, success_rate = 1.0
DEGREE = 3:
METHOD = 'diofantos':


Whole evaluation from the beginning of the script took:
 152.2 seconds, i.e. 2.54 minutes or 0.042 hours.

Current time: 2026-04-01 13:14:50.894247
Wed Apr  1 01:14:51 PM CEST 2026
this is oei.sh 0 ratios1k-dp-nl4 0 999    doing   doones job_id 489567 task_id 0 * 1000 + 805 --exper_id ratios1k-dp-nl4
