==============================================
Starting time (of array_subjob 489567_808):
Wed Apr  1 01:12:16 PM CEST 2026
(True, True)
(True, False)
(True, False)
Current time: 2026-04-01 13:12:20.577389 

True
METHOD = 'diofantos'
DEGREE = 3
SCALE = 3000
  all_datasets = 1000
rds0808.csv:
  gt_rhs = 'y**2*z - 1'
d_max = 3
   target = y**2*z - 1
['y**2*z - 1']
  is_equivalent = True
  total_successes = 1, success_rate = 1.0
DEGREE = 3:
METHOD = 'diofantos':


Whole evaluation from the beginning of the script took:
 156.5 seconds, i.e. 2.61 minutes or 0.043 hours.

Current time: 2026-04-01 13:14:57.113922
Wed Apr  1 01:14:57 PM CEST 2026
this is oei.sh 0 ratios1k-dp-nl4 0 999    doing   doones job_id 489567 task_id 0 * 1000 + 808 --exper_id ratios1k-dp-nl4
