==============================================
Starting time (of array_subjob 489567_810):
Wed Apr  1 01:12:17 PM CEST 2026
(True, True)
(True, False)
(True, False)
Current time: 2026-04-01 13:12:21.574331 

True
METHOD = 'diofantos'
DEGREE = 3
SCALE = 3000
  all_datasets = 1000
rds0810.csv:
  gt_rhs = '(-9*z)/(-4*x*y + 7*z + 7)'
d_max = 3
   target = NOT RECONSTRUCTED :-(
[]
  is_equivalent = False
  total_successes = 0, success_rate = 0.0
DEGREE = 3:
METHOD = 'diofantos':


Whole evaluation from the beginning of the script took:
 166.8 seconds, i.e. 2.78 minutes or 0.046 hours.

Current time: 2026-04-01 13:15:08.342549
Wed Apr  1 01:15:08 PM CEST 2026
this is oei.sh 0 ratios1k-dp-nl4 0 999    doing   doones job_id 489567 task_id 0 * 1000 + 810 --exper_id ratios1k-dp-nl4
