==============================================
Starting time (of array_subjob 489567_823):
Wed Apr  1 01:12:32 PM CEST 2026
(True, True)
(True, False)
(True, False)
Current time: 2026-04-01 13:12:36.382478 

True
METHOD = 'diofantos'
DEGREE = 3
SCALE = 3000
  all_datasets = 1000
rds0823.csv:
  gt_rhs = '-4*w**2*z + 4*z'
d_max = 3
   target = -4*w**2*z + 4*z
['-4*w**2*z + 4*z']
  is_equivalent = True
  total_successes = 1, success_rate = 1.0
DEGREE = 3:
METHOD = 'diofantos':


Whole evaluation from the beginning of the script took:
 141.9 seconds, i.e. 2.37 minutes or 0.039 hours.

Current time: 2026-04-01 13:14:58.323649
Wed Apr  1 01:14:58 PM CEST 2026
this is oei.sh 0 ratios1k-dp-nl4 0 999    doing   doones job_id 489567 task_id 0 * 1000 + 823 --exper_id ratios1k-dp-nl4
