==============================================
Starting time (of array_subjob 489567_828):
Wed Apr  1 01:12:35 PM CEST 2026
(True, True)
(True, False)
(True, False)
Current time: 2026-04-01 13:12:39.208246 

True
METHOD = 'diofantos'
DEGREE = 3
SCALE = 3000
  all_datasets = 1000
rds0828.csv:
  gt_rhs = '(-2*v - 4)/(-5*x*y**2)'
d_max = 3
   target = NOT RECONSTRUCTED :-(
[]
  is_equivalent = False
  total_successes = 0, success_rate = 0.0
DEGREE = 3:
METHOD = 'diofantos':


Whole evaluation from the beginning of the script took:
 154.0 seconds, i.e. 2.57 minutes or 0.043 hours.

Current time: 2026-04-01 13:15:13.257454
Wed Apr  1 01:15:13 PM CEST 2026
this is oei.sh 0 ratios1k-dp-nl4 0 999    doing   doones job_id 489567 task_id 0 * 1000 + 828 --exper_id ratios1k-dp-nl4
