==============================================
Starting time (of array_subjob 489567_848):
Wed Apr  1 01:14:25 PM CEST 2026
(True, True)
(True, False)
(True, False)
Current time: 2026-04-01 13:14:29.359999 

True
METHOD = 'diofantos'
DEGREE = 3
SCALE = 3000
  all_datasets = 1000
rds0848.csv:
  gt_rhs = '-3*z**3 - 8'
d_max = 3
   target = -3*z**3 - 8
['-3*z**3 - 8']
  is_equivalent = True
  total_successes = 1, success_rate = 1.0
DEGREE = 3:
METHOD = 'diofantos':


Whole evaluation from the beginning of the script took:
 142.2 seconds, i.e. 2.37 minutes or 0.04 hours.

Current time: 2026-04-01 13:16:51.578489
Wed Apr  1 01:16:52 PM CEST 2026
this is oei.sh 0 ratios1k-dp-nl4 0 999    doing   doones job_id 489567 task_id 0 * 1000 + 848 --exper_id ratios1k-dp-nl4
