==============================================
Starting time (of array_subjob 489567_853):
Wed Apr  1 01:14:30 PM CEST 2026
(True, True)
(True, False)
(True, False)
Current time: 2026-04-01 13:14:34.121682 

True
METHOD = 'diofantos'
DEGREE = 3
SCALE = 3000
  all_datasets = 1000
rds0853.csv:
  gt_rhs = '-3*v*z + 5*v - x - 2'
d_max = 3
   target = -3*v*z + 5*v - x - 2
['-3*v*z + 5*v - x - 2']
  is_equivalent = True
  total_successes = 1, success_rate = 1.0
DEGREE = 3:
METHOD = 'diofantos':


Whole evaluation from the beginning of the script took:
 155.3 seconds, i.e. 2.59 minutes or 0.043 hours.

Current time: 2026-04-01 13:17:09.423206
Wed Apr  1 01:17:09 PM CEST 2026
this is oei.sh 0 ratios1k-dp-nl4 0 999    doing   doones job_id 489567 task_id 0 * 1000 + 853 --exper_id ratios1k-dp-nl4
