==============================================
Starting time (of array_subjob 489567_878):
Wed Apr  1 01:14:44 PM CEST 2026
(True, True)
(True, False)
(True, False)
Current time: 2026-04-01 13:14:48.551264 

True
METHOD = 'diofantos'
DEGREE = 3
SCALE = 3000
  all_datasets = 1000
rds0878.csv:
  gt_rhs = '(4 - 3*z)/(4 - 8*v)'
d_max = 3
   target = NOT RECONSTRUCTED :-(
[]
  is_equivalent = False
  total_successes = 0, success_rate = 0.0
DEGREE = 3:
METHOD = 'diofantos':


Whole evaluation from the beginning of the script took:
 160.8 seconds, i.e. 2.68 minutes or 0.045 hours.

Current time: 2026-04-01 13:17:29.308057
Wed Apr  1 01:17:29 PM CEST 2026
this is oei.sh 0 ratios1k-dp-nl4 0 999    doing   doones job_id 489567 task_id 0 * 1000 + 878 --exper_id ratios1k-dp-nl4
