==============================================
Starting time (of array_subjob 489567_875):
Wed Apr  1 01:14:43 PM CEST 2026
(True, True)
(True, False)
(True, False)
Current time: 2026-04-01 13:14:46.673852 

True
METHOD = 'diofantos'
DEGREE = 3
SCALE = 3000
  all_datasets = 1000
rds0875.csv:
  gt_rhs = '-8*v*y - 5*w'
d_max = 3
   target = -8*v*y - 5*w
['-8*v*y - 5*w']
  is_equivalent = True
  total_successes = 1, success_rate = 1.0
DEGREE = 3:
METHOD = 'diofantos':


Whole evaluation from the beginning of the script took:
 138.5 seconds, i.e. 2.31 minutes or 0.038 hours.

Current time: 2026-04-01 13:17:05.153171
Wed Apr  1 01:17:05 PM CEST 2026
this is oei.sh 0 ratios1k-dp-nl4 0 999    doing   doones job_id 489567 task_id 0 * 1000 + 875 --exper_id ratios1k-dp-nl4
