==============================================
Starting time (of array_subjob 489567_874):
Wed Apr  1 01:14:42 PM CEST 2026
(True, True)
(True, False)
(True, False)
Current time: 2026-04-01 13:14:45.987166 

True
METHOD = 'diofantos'
DEGREE = 3
SCALE = 3000
  all_datasets = 1000
rds0874.csv:
  gt_rhs = '3*w*x + x + 2*z - 2'
d_max = 3
   target = 3*w*x + x + 2*z - 2
['3*w*x + x + 2*z - 2']
  is_equivalent = True
  total_successes = 1, success_rate = 1.0
DEGREE = 3:
METHOD = 'diofantos':


Whole evaluation from the beginning of the script took:
 158.3 seconds, i.e. 2.64 minutes or 0.044 hours.

Current time: 2026-04-01 13:17:24.329656
Wed Apr  1 01:17:24 PM CEST 2026
this is oei.sh 0 ratios1k-dp-nl4 0 999    doing   doones job_id 489567 task_id 0 * 1000 + 874 --exper_id ratios1k-dp-nl4
