==============================================
Starting time (of array_subjob 489567_882):
Wed Apr  1 01:14:46 PM CEST 2026
(True, True)
(True, False)
(True, False)
Current time: 2026-04-01 13:14:50.465390 

True
METHOD = 'diofantos'
DEGREE = 3
SCALE = 3000
  all_datasets = 1000
rds0882.csv:
  gt_rhs = 'x*y + z - 1'
d_max = 3
   target = x*y + z - 1
['x*y + z - 1']
  is_equivalent = True
  total_successes = 1, success_rate = 1.0
DEGREE = 3:
METHOD = 'diofantos':


Whole evaluation from the beginning of the script took:
 155.6 seconds, i.e. 2.59 minutes or 0.043 hours.

Current time: 2026-04-01 13:17:26.040272
Wed Apr  1 01:17:26 PM CEST 2026
this is oei.sh 0 ratios1k-dp-nl4 0 999    doing   doones job_id 489567 task_id 0 * 1000 + 882 --exper_id ratios1k-dp-nl4
