==============================================
Starting time (of array_subjob 489567_912):
Wed Apr  1 01:15:10 PM CEST 2026
(True, True)
(True, False)
(True, False)
Current time: 2026-04-01 13:15:13.990593 

True
METHOD = 'diofantos'
DEGREE = 3
SCALE = 3000
  all_datasets = 1000
rds0912.csv:
  gt_rhs = '-4*x*y*z'
d_max = 3
   target = -4*x*y*z
['-4*x*y*z']
  is_equivalent = True
  total_successes = 1, success_rate = 1.0
DEGREE = 3:
METHOD = 'diofantos':


Whole evaluation from the beginning of the script took:
 154.5 seconds, i.e. 2.57 minutes or 0.043 hours.

Current time: 2026-04-01 13:17:48.457530
Wed Apr  1 01:17:48 PM CEST 2026
this is oei.sh 0 ratios1k-dp-nl4 0 999    doing   doones job_id 489567 task_id 0 * 1000 + 912 --exper_id ratios1k-dp-nl4
