==============================================
Starting time (of array_subjob 489567_935):
Wed Apr  1 01:17:05 PM CEST 2026
(True, True)
(True, False)
(True, False)
Current time: 2026-04-01 13:17:09.521806 

True
METHOD = 'diofantos'
DEGREE = 3
SCALE = 3000
  all_datasets = 1000
rds0935.csv:
  gt_rhs = '(3 - 7*y)/(-10*v*x*z - 6)'
d_max = 3
   target = NOT RECONSTRUCTED :-(
[]
  is_equivalent = False
  total_successes = 0, success_rate = 0.0
DEGREE = 3:
METHOD = 'diofantos':


Whole evaluation from the beginning of the script took:
 166.0 seconds, i.e. 2.77 minutes or 0.046 hours.

Current time: 2026-04-01 13:19:55.542228
Wed Apr  1 01:19:56 PM CEST 2026
this is oei.sh 0 ratios1k-dp-nl4 0 999    doing   doones job_id 489567 task_id 0 * 1000 + 935 --exper_id ratios1k-dp-nl4
