==============================================
Starting time (of array_subjob 489567_939):
Wed Apr  1 01:17:08 PM CEST 2026
(True, True)
(True, False)
(True, False)
Current time: 2026-04-01 13:17:12.317967 

True
METHOD = 'diofantos'
DEGREE = 3
SCALE = 3000
  all_datasets = 1000
rds0939.csv:
  gt_rhs = '(-3*z)/(8*x)'
d_max = 3
   target = NOT RECONSTRUCTED :-(
[]
  is_equivalent = False
  total_successes = 0, success_rate = 0.0
DEGREE = 3:
METHOD = 'diofantos':


Whole evaluation from the beginning of the script took:
 146.3 seconds, i.e. 2.44 minutes or 0.041 hours.

Current time: 2026-04-01 13:19:38.603448
Wed Apr  1 01:19:39 PM CEST 2026
this is oei.sh 0 ratios1k-dp-nl4 0 999    doing   doones job_id 489567 task_id 0 * 1000 + 939 --exper_id ratios1k-dp-nl4
