==============================================
Starting time (of array_subjob 489567_930):
Wed Apr  1 01:16:57 PM CEST 2026
(True, True)
(True, False)
(True, False)
Current time: 2026-04-01 13:17:01.508628 

True
METHOD = 'diofantos'
DEGREE = 3
SCALE = 3000
  all_datasets = 1000
rds0930.csv:
  gt_rhs = '(-1)/(5*v*w**2)'
d_max = 3
   target = NOT RECONSTRUCTED :-(
[]
  is_equivalent = False
  total_successes = 0, success_rate = 0.0
DEGREE = 3:
METHOD = 'diofantos':


Whole evaluation from the beginning of the script took:
 148.5 seconds, i.e. 2.48 minutes or 0.041 hours.

Current time: 2026-04-01 13:19:30.018800
Wed Apr  1 01:19:30 PM CEST 2026
this is oei.sh 0 ratios1k-dp-nl4 0 999    doing   doones job_id 489567 task_id 0 * 1000 + 930 --exper_id ratios1k-dp-nl4
