==============================================
Starting time (of array_subjob 489567_942):
Wed Apr  1 01:17:12 PM CEST 2026
(True, True)
(True, False)
(True, False)
Current time: 2026-04-01 13:17:15.934778 

True
METHOD = 'diofantos'
DEGREE = 3
SCALE = 3000
  all_datasets = 1000
rds0942.csv:
  gt_rhs = '7*w**2 - w*y*z'
d_max = 3
   target = 7*w**2 - w*y*z
['7*w**2 - w*y*z']
  is_equivalent = True
  total_successes = 1, success_rate = 1.0
DEGREE = 3:
METHOD = 'diofantos':


Whole evaluation from the beginning of the script took:
 165.6 seconds, i.e. 2.76 minutes or 0.046 hours.

Current time: 2026-04-01 13:20:01.488143
Wed Apr  1 01:20:01 PM CEST 2026
this is oei.sh 0 ratios1k-dp-nl4 0 999    doing   doones job_id 489567 task_id 0 * 1000 + 942 --exper_id ratios1k-dp-nl4
