==============================================
Starting time (of array_subjob 489567_950):
Wed Apr  1 01:17:19 PM CEST 2026
(True, True)
(True, False)
(True, False)
Current time: 2026-04-01 13:17:22.799640 

True
METHOD = 'diofantos'
DEGREE = 3
SCALE = 3000
  all_datasets = 1000
rds0950.csv:
  gt_rhs = '(6*z)/(-10*w*x**2 + 10*w - 9)'
d_max = 3
   target = NOT RECONSTRUCTED :-(
[]
  is_equivalent = False
  total_successes = 0, success_rate = 0.0
DEGREE = 3:
METHOD = 'diofantos':


Whole evaluation from the beginning of the script took:
 173.1 seconds, i.e. 2.89 minutes or 0.048 hours.

Current time: 2026-04-01 13:20:15.931682
Wed Apr  1 01:20:16 PM CEST 2026
this is oei.sh 0 ratios1k-dp-nl4 0 999    doing   doones job_id 489567 task_id 0 * 1000 + 950 --exper_id ratios1k-dp-nl4
