==============================================
Starting time (of array_subjob 489567_960):
Wed Apr  1 01:17:29 PM CEST 2026
(True, True)
(True, False)
(True, False)
Current time: 2026-04-01 13:17:32.819101 

True
METHOD = 'diofantos'
DEGREE = 3
SCALE = 3000
  all_datasets = 1000
rds0960.csv:
  gt_rhs = '(7*x**3*y + 3)/(2*v + 7*x + 5)'
d_max = 3
   target = NOT RECONSTRUCTED :-(
[]
  is_equivalent = False
  total_successes = 0, success_rate = 0.0
DEGREE = 3:
METHOD = 'diofantos':


Whole evaluation from the beginning of the script took:
 149.2 seconds, i.e. 2.49 minutes or 0.041 hours.

Current time: 2026-04-01 13:20:01.982221
Wed Apr  1 01:20:02 PM CEST 2026
this is oei.sh 0 ratios1k-dp-nl4 0 999    doing   doones job_id 489567 task_id 0 * 1000 + 960 --exper_id ratios1k-dp-nl4
