==============================================
Starting time (of array_subjob 489567_987):
Wed Apr  1 01:17:49 PM CEST 2026
(True, True)
(True, False)
(True, False)
Current time: 2026-04-01 13:17:52.963908 

True
METHOD = 'diofantos'
DEGREE = 3
SCALE = 3000
  all_datasets = 1000
rds0987.csv:
  gt_rhs = '9*x*y**2'
d_max = 3
   target = 9*x*y**2
['9*x*y**2']
  is_equivalent = True
  total_successes = 1, success_rate = 1.0
DEGREE = 3:
METHOD = 'diofantos':


Whole evaluation from the beginning of the script took:
 145.4 seconds, i.e. 2.42 minutes or 0.04 hours.

Current time: 2026-04-01 13:20:18.320339
Wed Apr  1 01:20:18 PM CEST 2026
this is oei.sh 0 ratios1k-dp-nl4 0 999    doing   doones job_id 489567 task_id 0 * 1000 + 987 --exper_id ratios1k-dp-nl4
