==============================================
Starting time (of array_subjob 489567_982):
Wed Apr  1 01:17:43 PM CEST 2026
(True, True)
(True, False)
(True, False)
Current time: 2026-04-01 13:17:47.050583 

True
METHOD = 'diofantos'
DEGREE = 3
SCALE = 3000
  all_datasets = 1000
rds0982.csv:
  gt_rhs = '(5*x*z + 1)/(10*w)'
d_max = 3
   target = NOT RECONSTRUCTED :-(
[]
  is_equivalent = False
  total_successes = 0, success_rate = 0.0
DEGREE = 3:
METHOD = 'diofantos':


Whole evaluation from the beginning of the script took:
 159.2 seconds, i.e. 2.65 minutes or 0.044 hours.

Current time: 2026-04-01 13:20:26.273028
Wed Apr  1 01:20:26 PM CEST 2026
this is oei.sh 0 ratios1k-dp-nl4 0 999    doing   doones job_id 489567 task_id 0 * 1000 + 982 --exper_id ratios1k-dp-nl4
