==============================================
Starting time (of array_subjob 489567_996):
Wed Apr  1 01:18:16 PM CEST 2026
(True, True)
(True, False)
(True, False)
Current time: 2026-04-01 13:18:20.097423 

True
METHOD = 'diofantos'
DEGREE = 3
SCALE = 3000
  all_datasets = 1000
rds0996.csv:
  gt_rhs = '9*x*z'
d_max = 3
   target = 9*x*z
['9*x*z']
  is_equivalent = True
  total_successes = 1, success_rate = 1.0
DEGREE = 3:
METHOD = 'diofantos':


Whole evaluation from the beginning of the script took:
 159.8 seconds, i.e. 2.66 minutes or 0.044 hours.

Current time: 2026-04-01 13:20:59.919782
Wed Apr  1 01:21:00 PM CEST 2026
this is oei.sh 0 ratios1k-dp-nl4 0 999    doing   doones job_id 489567 task_id 0 * 1000 + 996 --exper_id ratios1k-dp-nl4
