==============================================
Starting time (of array_subjob 64679952_8):
Mon Mar  2 10:29:21 AM CET 2026
(True, True)
(True, False)
(True, False)
Current time: 2026-03-02 10:29:23.498169 

True
METHOD = 'diofantos'
DEGREE = 1
SCALE = 3
  all_datasets = 2257
start = 8, end = 9
task_id = 8
pds0008.csv:
  gt_rhs = '-6*v - w'
   target = -6*v - w
['-6*v - w']
  is_equivalent = True
  total_successes = 1, success_rate = 1.0


Whole evaluation from the beginning of the script took:
 0.8 seconds, i.e. 0.01 minutes or 0.0 hours.

Current time: 2026-03-02 10:29:24.312698
Mon Mar  2 10:29:25 AM CET 2026
this is oei.sh 0 dopara-deg1 0 999    doing   doones job_id 64679952 task_id 0 * 1000 + 8 --exper_id dopara-deg1
