==============================================
Starting time (of array_subjob 64679952_12):
Mon Mar  2 10:29:21 AM CET 2026
(True, True)
(True, False)
(True, False)
Current time: 2026-03-02 10:29:23.301290 

True
METHOD = 'diofantos'
DEGREE = 1
SCALE = 3
  all_datasets = 2257
start = 12, end = 13
task_id = 12
pds0012.csv:
  gt_rhs = '7*v*x**2*y*z**2'
   target = NOT RECONSTRUCTED :-(
[]
  is_equivalent = False
  total_successes = 0, success_rate = 0.0


Whole evaluation from the beginning of the script took:
 1.0 seconds, i.e. 0.02 minutes or 0.0 hours.

Current time: 2026-03-02 10:29:24.324973
Mon Mar  2 10:29:25 AM CET 2026
this is oei.sh 0 dopara-deg1 0 999    doing   doones job_id 64679952 task_id 0 * 1000 + 12 --exper_id dopara-deg1
