==============================================
Starting time (of array_subjob 64679952_22):
Mon Mar  2 10:29:20 AM CET 2026
(True, True)
(True, False)
(True, False)
Current time: 2026-03-02 10:29:22.974192 

True
METHOD = 'diofantos'
DEGREE = 1
SCALE = 3
  all_datasets = 2257
start = 22, end = 23
task_id = 22
pds0022.csv:
  gt_rhs = '6*v*y - 2'
   target = NOT RECONSTRUCTED :-(
[]
  is_equivalent = False
  total_successes = 0, success_rate = 0.0


Whole evaluation from the beginning of the script took:
 1.3 seconds, i.e. 0.02 minutes or 0.0 hours.

Current time: 2026-03-02 10:29:24.247112
Mon Mar  2 10:29:24 AM CET 2026
this is oei.sh 0 dopara-deg1 0 999    doing   doones job_id 64679952 task_id 0 * 1000 + 22 --exper_id dopara-deg1
