==============================================
Starting time (of array_subjob 64679952_37):
Mon Mar  2 10:29:20 AM CET 2026
(True, True)
(True, False)
(True, False)
Current time: 2026-03-02 10:29:22.906603 

True
METHOD = 'diofantos'
DEGREE = 1
SCALE = 3
  all_datasets = 2257
start = 37, end = 38
task_id = 37
pds0037.csv:
  gt_rhs = '7*x*y**2 - x - 7*z + 7'
   target = NOT RECONSTRUCTED :-(
[]
  is_equivalent = False
  total_successes = 0, success_rate = 0.0


Whole evaluation from the beginning of the script took:
 0.4 seconds, i.e. 0.01 minutes or 0.0 hours.

Current time: 2026-03-02 10:29:23.279457
Mon Mar  2 10:29:23 AM CET 2026
this is oei.sh 0 dopara-deg1 0 999    doing   doones job_id 64679952 task_id 0 * 1000 + 37 --exper_id dopara-deg1
