==============================================
Starting time (of array_subjob 64679952_62):
Mon Mar  2 10:29:19 AM CET 2026
(True, True)
(True, False)
(True, False)
Current time: 2026-03-02 10:29:22.495055 

True
METHOD = 'diofantos'
DEGREE = 1
SCALE = 3
  all_datasets = 2257
start = 62, end = 63
task_id = 62
pds0062.csv:
  gt_rhs = '9'
   target = 9
['9']
  is_equivalent = True
  total_successes = 1, success_rate = 1.0


Whole evaluation from the beginning of the script took:
 0.4 seconds, i.e. 0.01 minutes or 0.0 hours.

Current time: 2026-03-02 10:29:22.896389
Mon Mar  2 10:29:23 AM CET 2026
this is oei.sh 0 dopara-deg1 0 999    doing   doones job_id 64679952 task_id 0 * 1000 + 62 --exper_id dopara-deg1
