==============================================
Starting time (of array_subjob 64679952_158):
Mon Mar  2 10:29:20 AM CET 2026
(True, True)
(True, False)
(True, False)
Current time: 2026-03-02 10:29:23.568977 

True
METHOD = 'diofantos'
DEGREE = 1
SCALE = 3
  all_datasets = 2257
start = 158, end = 159
task_id = 158
pds0158.csv:
  gt_rhs = 'y*z'
   target = NOT RECONSTRUCTED :-(
[]
  is_equivalent = False
  total_successes = 0, success_rate = 0.0


Whole evaluation from the beginning of the script took:
 7.4 seconds, i.e. 0.12 minutes or 0.002 hours.

Current time: 2026-03-02 10:29:30.968087
Mon Mar  2 10:29:31 AM CET 2026
this is oei.sh 0 dopara-deg1 0 999    doing   doones job_id 64679952 task_id 0 * 1000 + 158 --exper_id dopara-deg1
