==============================================
Starting time (of array_subjob 64679952_156):
Mon Mar  2 10:29:21 AM CET 2026
(True, True)
(True, False)
(True, False)
Current time: 2026-03-02 10:29:23.700001 

True
METHOD = 'diofantos'
DEGREE = 1
SCALE = 3
  all_datasets = 2257
start = 156, end = 157
task_id = 156
pds0156.csv:
  gt_rhs = '-x - 10*y'
   target = -x - 10*y
['-x - 10*y']
  is_equivalent = True
  total_successes = 1, success_rate = 1.0


Whole evaluation from the beginning of the script took:
 7.4 seconds, i.e. 0.12 minutes or 0.002 hours.

Current time: 2026-03-02 10:29:31.050129
Mon Mar  2 10:29:31 AM CET 2026
this is oei.sh 0 dopara-deg1 0 999    doing   doones job_id 64679952 task_id 0 * 1000 + 156 --exper_id dopara-deg1
