==============================================
Starting time (of array_subjob 64679952_177):
Mon Mar  2 10:29:21 AM CET 2026
(True, True)
(True, False)
(True, False)
Current time: 2026-03-02 10:29:23.856093 

True
METHOD = 'diofantos'
DEGREE = 1
SCALE = 3
  all_datasets = 2257
start = 177, end = 178
task_id = 177
pds0177.csv:
  gt_rhs = '3*w*x*z - 9*w*z'
   target = NOT RECONSTRUCTED :-(
[]
  is_equivalent = False
  total_successes = 0, success_rate = 0.0


Whole evaluation from the beginning of the script took:
 7.1 seconds, i.e. 0.12 minutes or 0.002 hours.

Current time: 2026-03-02 10:29:30.962043
Mon Mar  2 10:29:31 AM CET 2026
this is oei.sh 0 dopara-deg1 0 999    doing   doones job_id 64679952 task_id 0 * 1000 + 177 --exper_id dopara-deg1
