==============================================
Starting time (of array_subjob 64679952_224):
Mon Mar  2 10:29:21 AM CET 2026
(True, True)
(True, False)
(True, False)
Current time: 2026-03-02 10:29:23.628364 

True
METHOD = 'diofantos'
DEGREE = 1
SCALE = 3
  all_datasets = 2257
start = 224, end = 225
task_id = 224
pds0224.csv:
  gt_rhs = '6*v + 6*x*z - 9*x + 8'
   target = NOT RECONSTRUCTED :-(
[]
  is_equivalent = False
  total_successes = 0, success_rate = 0.0


Whole evaluation from the beginning of the script took:
 7.3 seconds, i.e. 0.12 minutes or 0.002 hours.

Current time: 2026-03-02 10:29:30.969264
Mon Mar  2 10:29:31 AM CET 2026
this is oei.sh 0 dopara-deg1 0 999    doing   doones job_id 64679952 task_id 0 * 1000 + 224 --exper_id dopara-deg1
