==============================================
Starting time (of array_subjob 64679952_357):
Mon Mar  2 10:29:21 AM CET 2026
(True, True)
(True, False)
(True, False)
Current time: 2026-03-02 10:29:23.476667 

True
METHOD = 'diofantos'
DEGREE = 1
SCALE = 3
  all_datasets = 2257
start = 357, end = 358
task_id = 357
pds0357.csv:
  gt_rhs = 'v*x + 8*v + 10'
   target = NOT RECONSTRUCTED :-(
[]
  is_equivalent = False
  total_successes = 0, success_rate = 0.0


Whole evaluation from the beginning of the script took:
 6.0 seconds, i.e. 0.1 minutes or 0.002 hours.

Current time: 2026-03-02 10:29:29.452239
Mon Mar  2 10:29:30 AM CET 2026
this is oei.sh 0 dopara-deg1 0 999    doing   doones job_id 64679952 task_id 0 * 1000 + 357 --exper_id dopara-deg1
