==============================================
Starting time (of array_subjob 64679952_384):
Mon Mar  2 10:29:21 AM CET 2026
(True, True)
(True, False)
(True, False)
Current time: 2026-03-02 10:29:23.748907 

True
METHOD = 'diofantos'
DEGREE = 1
SCALE = 3
  all_datasets = 2257
start = 384, end = 385
task_id = 384
pds0384.csv:
  gt_rhs = '6*v*w**2*x**2'
   target = NOT RECONSTRUCTED :-(
[]
  is_equivalent = False
  total_successes = 0, success_rate = 0.0


Whole evaluation from the beginning of the script took:
 5.3 seconds, i.e. 0.09 minutes or 0.001 hours.

Current time: 2026-03-02 10:29:29.027502
Mon Mar  2 10:29:29 AM CET 2026
this is oei.sh 0 dopara-deg1 0 999    doing   doones job_id 64679952 task_id 0 * 1000 + 384 --exper_id dopara-deg1
