==============================================
Starting time (of array_subjob 64679952_392):
Mon Mar  2 10:29:21 AM CET 2026
(True, True)
(True, False)
(True, False)
Current time: 2026-03-02 10:29:23.337725 

True
METHOD = 'diofantos'
DEGREE = 1
SCALE = 3
  all_datasets = 2257
start = 392, end = 393
task_id = 392
pds0392.csv:
  gt_rhs = '8*v*z - 9*w*x'
   target = NOT RECONSTRUCTED :-(
[]
  is_equivalent = False
  total_successes = 0, success_rate = 0.0


Whole evaluation from the beginning of the script took:
 5.7 seconds, i.e. 0.1 minutes or 0.002 hours.

Current time: 2026-03-02 10:29:29.046679
Mon Mar  2 10:29:29 AM CET 2026
this is oei.sh 0 dopara-deg1 0 999    doing   doones job_id 64679952 task_id 0 * 1000 + 392 --exper_id dopara-deg1
