==============================================
Starting time (of array_subjob 64679952_454):
Mon Mar  2 10:29:21 AM CET 2026
(True, True)
(True, False)
(True, False)
Current time: 2026-03-02 10:29:23.692824 

True
METHOD = 'diofantos'
DEGREE = 1
SCALE = 3
  all_datasets = 2257
start = 454, end = 455
task_id = 454
pds0454.csv:
  gt_rhs = '-3*w*y*z + 7*w'
   target = NOT RECONSTRUCTED :-(
[]
  is_equivalent = False
  total_successes = 0, success_rate = 0.0


Whole evaluation from the beginning of the script took:
 5.4 seconds, i.e. 0.09 minutes or 0.001 hours.

Current time: 2026-03-02 10:29:29.077583
Mon Mar  2 10:29:29 AM CET 2026
this is oei.sh 0 dopara-deg1 0 999    doing   doones job_id 64679952 task_id 0 * 1000 + 454 --exper_id dopara-deg1
