==============================================
Starting time (of array_subjob 64679952_459):
Mon Mar  2 10:29:21 AM CET 2026
(True, True)
(True, False)
(True, False)
Current time: 2026-03-02 10:29:23.604019 

True
METHOD = 'diofantos'
DEGREE = 1
SCALE = 3
  all_datasets = 2257
start = 459, end = 460
task_id = 459
pds0459.csv:
  gt_rhs = 'w*x*z**2 + 10*x + 5*y - 1'
   target = NOT RECONSTRUCTED :-(
[]
  is_equivalent = False
  total_successes = 0, success_rate = 0.0


Whole evaluation from the beginning of the script took:
 5.5 seconds, i.e. 0.09 minutes or 0.002 hours.

Current time: 2026-03-02 10:29:29.066326
Mon Mar  2 10:29:29 AM CET 2026
this is oei.sh 0 dopara-deg1 0 999    doing   doones job_id 64679952 task_id 0 * 1000 + 459 --exper_id dopara-deg1
