==============================================
Starting time (of array_subjob 64679952_512):
Mon Mar  2 10:29:20 AM CET 2026
(True, True)
(True, False)
(True, False)
Current time: 2026-03-02 10:29:23.244704 

True
METHOD = 'diofantos'
DEGREE = 1
SCALE = 3
  all_datasets = 2257
start = 512, end = 513
task_id = 512
pds0512.csv:
  gt_rhs = '-6*v*y**2'
   target = NOT RECONSTRUCTED :-(
[]
  is_equivalent = False
  total_successes = 0, success_rate = 0.0


Whole evaluation from the beginning of the script took:
 4.8 seconds, i.e. 0.08 minutes or 0.001 hours.

Current time: 2026-03-02 10:29:28.060969
Mon Mar  2 10:29:29 AM CET 2026
this is oei.sh 0 dopara-deg1 0 999    doing   doones job_id 64679952 task_id 0 * 1000 + 512 --exper_id dopara-deg1
