==============================================
Starting time (of array_subjob 64679952_534):
Mon Mar  2 10:29:20 AM CET 2026
(True, True)
(True, False)
(True, False)
Current time: 2026-03-02 10:29:23.080056 

True
METHOD = 'diofantos'
DEGREE = 1
SCALE = 3
  all_datasets = 2257
start = 534, end = 535
task_id = 534
pds0534.csv:
  gt_rhs = '-6*v - 10*z + 8'
   target = -6*v - 10*z + 8
['-6*v - 10*z + 8']
  is_equivalent = True
  total_successes = 1, success_rate = 1.0


Whole evaluation from the beginning of the script took:
 5.0 seconds, i.e. 0.08 minutes or 0.001 hours.

Current time: 2026-03-02 10:29:28.038596
Mon Mar  2 10:29:28 AM CET 2026
this is oei.sh 0 dopara-deg1 0 999    doing   doones job_id 64679952 task_id 0 * 1000 + 534 --exper_id dopara-deg1
