==============================================
Starting time (of array_subjob 64679952_576):
Mon Mar  2 10:29:20 AM CET 2026
(True, True)
(True, False)
(True, False)
Current time: 2026-03-02 10:29:23.097241 

True
METHOD = 'diofantos'
DEGREE = 1
SCALE = 3
  all_datasets = 2257
start = 576, end = 577
task_id = 576
pds0576.csv:
  gt_rhs = '3*w + 10*y + 10*z'
   target = 3*w + 10*y + 10*z
['3*w + 10*y + 10*z']
  is_equivalent = True
  total_successes = 1, success_rate = 1.0


Whole evaluation from the beginning of the script took:
 5.0 seconds, i.e. 0.08 minutes or 0.001 hours.

Current time: 2026-03-02 10:29:28.069585
Mon Mar  2 10:29:29 AM CET 2026
this is oei.sh 0 dopara-deg1 0 999    doing   doones job_id 64679952 task_id 0 * 1000 + 576 --exper_id dopara-deg1
