==============================================
Starting time (of array_subjob 64679952_693):
Mon Mar  2 10:29:21 AM CET 2026
(True, True)
(True, False)
(True, False)
Current time: 2026-03-02 10:29:23.271137 

True
METHOD = 'diofantos'
DEGREE = 1
SCALE = 3
  all_datasets = 2257
start = 693, end = 694
task_id = 693
pds0693.csv:
  gt_rhs = '5'
   target = 5
['5']
  is_equivalent = True
  total_successes = 1, success_rate = 1.0


Whole evaluation from the beginning of the script took:
 5.9 seconds, i.e. 0.1 minutes or 0.002 hours.

Current time: 2026-03-02 10:29:29.139563
Mon Mar  2 10:29:29 AM CET 2026
this is oei.sh 0 dopara-deg1 0 999    doing   doones job_id 64679952 task_id 0 * 1000 + 693 --exper_id dopara-deg1
