==============================================
Starting time (of array_subjob 64679952_754):
Mon Mar  2 10:29:21 AM CET 2026
(True, True)
(True, False)
(True, False)
Current time: 2026-03-02 10:29:25.159570 

True
METHOD = 'diofantos'
DEGREE = 1
SCALE = 3
  all_datasets = 2257
start = 754, end = 755
task_id = 754
pds0754.csv:
  gt_rhs = '-5*w - x*y**2 + 9'
   target = NOT RECONSTRUCTED :-(
[]
  is_equivalent = False
  total_successes = 0, success_rate = 0.0


Whole evaluation from the beginning of the script took:
 6.5 seconds, i.e. 0.11 minutes or 0.002 hours.

Current time: 2026-03-02 10:29:31.632979
Mon Mar  2 10:29:32 AM CET 2026
this is oei.sh 0 dopara-deg1 0 999    doing   doones job_id 64679952 task_id 0 * 1000 + 754 --exper_id dopara-deg1
