==============================================
Starting time (of array_subjob 64679952_787):
Mon Mar  2 10:29:22 AM CET 2026
(True, True)
(True, False)
(True, False)
Current time: 2026-03-02 10:29:25.163159 

True
METHOD = 'diofantos'
DEGREE = 1
SCALE = 3
  all_datasets = 2257
start = 787, end = 788
task_id = 787
pds0787.csv:
  gt_rhs = '4*v*w*z**2 - 6*v*x + y'
   target = NOT RECONSTRUCTED :-(
[]
  is_equivalent = False
  total_successes = 0, success_rate = 0.0


Whole evaluation from the beginning of the script took:
 6.5 seconds, i.e. 0.11 minutes or 0.002 hours.

Current time: 2026-03-02 10:29:31.616125
Mon Mar  2 10:29:32 AM CET 2026
this is oei.sh 0 dopara-deg1 0 999    doing   doones job_id 64679952 task_id 0 * 1000 + 787 --exper_id dopara-deg1
