==============================================
Starting time (of array_subjob 64679952_848):
Mon Mar  2 10:29:22 AM CET 2026
(True, True)
(True, False)
(True, False)
Current time: 2026-03-02 10:29:24.740236 

True
METHOD = 'diofantos'
DEGREE = 1
SCALE = 3
  all_datasets = 2257
start = 848, end = 849
task_id = 848
pds0848.csv:
  gt_rhs = '6*y'
   target = 6*y
['6*y']
  is_equivalent = True
  total_successes = 1, success_rate = 1.0


Whole evaluation from the beginning of the script took:
 6.9 seconds, i.e. 0.11 minutes or 0.002 hours.

Current time: 2026-03-02 10:29:31.602512
Mon Mar  2 10:29:32 AM CET 2026
this is oei.sh 0 dopara-deg1 0 999    doing   doones job_id 64679952 task_id 0 * 1000 + 848 --exper_id dopara-deg1
