==============================================
Starting time (of array_subjob 64679952_993):
Mon Mar  2 10:29:21 AM CET 2026
(True, True)
(True, False)
(True, False)
Current time: 2026-03-02 10:29:25.600129 

True
METHOD = 'diofantos'
DEGREE = 1
SCALE = 3
  all_datasets = 2257
start = 993, end = 994
task_id = 993
pds0993.csv:
  gt_rhs = 'v + 10'
   target = v + 10
['v + 10']
  is_equivalent = True
  total_successes = 1, success_rate = 1.0


Whole evaluation from the beginning of the script took:
 5.1 seconds, i.e. 0.08 minutes or 0.001 hours.

Current time: 2026-03-02 10:29:30.660256
Mon Mar  2 10:29:31 AM CET 2026
this is oei.sh 0 dopara-deg1 0 999    doing   doones job_id 64679952 task_id 0 * 1000 + 993 --exper_id dopara-deg1
