==============================================
Starting time (of array_subjob 64679951_9):
Mon Mar  2 10:29:15 AM CET 2026
(True, True)
(True, False)
(True, False)
Current time: 2026-03-02 10:29:17.869748 

True
METHOD = 'diofantos'
DEGREE = 1
SCALE = 3
  all_datasets = 2257
start = 1009, end = 1010
task_id = 1009
pds1009.csv:
  gt_rhs = '-10*w**2*y - 4*w**2'
   target = NOT RECONSTRUCTED :-(
[]
  is_equivalent = False
  total_successes = 0, success_rate = 0.0


Whole evaluation from the beginning of the script took:
 0.5 seconds, i.e. 0.01 minutes or 0.0 hours.

Current time: 2026-03-02 10:29:18.321986
Mon Mar  2 10:29:18 AM CET 2026
this is oei.sh 1 dopara-deg1 0 999    doing   doones job_id 64679951 task_id 1 * 1000 + 9 --exper_id dopara-deg1
