==============================================
Starting time (of array_subjob 64679951_2):
Mon Mar  2 10:29:14 AM CET 2026
(True, True)
(True, False)
(True, False)
Current time: 2026-03-02 10:29:17.676817 

True
METHOD = 'diofantos'
DEGREE = 1
SCALE = 3
  all_datasets = 2257
start = 1002, end = 1003
task_id = 1002
pds1002.csv:
  gt_rhs = '-2*w*x'
   target = NOT RECONSTRUCTED :-(
[]
  is_equivalent = False
  total_successes = 0, success_rate = 0.0


Whole evaluation from the beginning of the script took:
 0.4 seconds, i.e. 0.01 minutes or 0.0 hours.

Current time: 2026-03-02 10:29:18.113144
Mon Mar  2 10:29:18 AM CET 2026
this is oei.sh 1 dopara-deg1 0 999    doing   doones job_id 64679951 task_id 1 * 1000 + 2 --exper_id dopara-deg1
