==============================================
Starting time (of array_subjob 64679951_47):
Mon Mar  2 10:29:17 AM CET 2026
(True, True)
(True, False)
(True, False)
Current time: 2026-03-02 10:29:20.183172 

True
METHOD = 'diofantos'
DEGREE = 1
SCALE = 3
  all_datasets = 2257
start = 1047, end = 1048
task_id = 1047
pds1047.csv:
  gt_rhs = '-7*w*x*y + 10*z + 1'
   target = NOT RECONSTRUCTED :-(
[]
  is_equivalent = False
  total_successes = 0, success_rate = 0.0


Whole evaluation from the beginning of the script took:
 0.5 seconds, i.e. 0.01 minutes or 0.0 hours.

Current time: 2026-03-02 10:29:20.653878
Mon Mar  2 10:29:21 AM CET 2026
this is oei.sh 1 dopara-deg1 0 999    doing   doones job_id 64679951 task_id 1 * 1000 + 47 --exper_id dopara-deg1
