==============================================
Starting time (of array_subjob 64679951_68):
Mon Mar  2 10:29:17 AM CET 2026
(True, True)
(True, False)
(True, False)
Current time: 2026-03-02 10:29:22.410882 

True
METHOD = 'diofantos'
DEGREE = 1
SCALE = 3
  all_datasets = 2257
start = 1068, end = 1069
task_id = 1068
pds1068.csv:
  gt_rhs = '10*w**2*x**2 - 9*w*x*y + 6'
   target = NOT RECONSTRUCTED :-(
[]
  is_equivalent = False
  total_successes = 0, success_rate = 0.0


Whole evaluation from the beginning of the script took:
 2.1 seconds, i.e. 0.04 minutes or 0.001 hours.

Current time: 2026-03-02 10:29:24.551669
Mon Mar  2 10:29:25 AM CET 2026
this is oei.sh 1 dopara-deg1 0 999    doing   doones job_id 64679951 task_id 1 * 1000 + 68 --exper_id dopara-deg1
