==============================================
Starting time (of array_subjob 64679951_75):
Mon Mar  2 10:29:17 AM CET 2026
(True, True)
(True, False)
(True, False)
Current time: 2026-03-02 10:29:22.385226 

True
METHOD = 'diofantos'
DEGREE = 1
SCALE = 3
  all_datasets = 2257
start = 1075, end = 1076
task_id = 1075
pds1075.csv:
  gt_rhs = '-2*v*x*y + 4*y*z'
   target = NOT RECONSTRUCTED :-(
[]
  is_equivalent = False
  total_successes = 0, success_rate = 0.0


Whole evaluation from the beginning of the script took:
 2.2 seconds, i.e. 0.04 minutes or 0.001 hours.

Current time: 2026-03-02 10:29:24.580900
Mon Mar  2 10:29:25 AM CET 2026
this is oei.sh 1 dopara-deg1 0 999    doing   doones job_id 64679951 task_id 1 * 1000 + 75 --exper_id dopara-deg1
