==============================================
Starting time (of array_subjob 64679951_126):
Mon Mar  2 10:29:19 AM CET 2026
(True, True)
(True, False)
(True, False)
Current time: 2026-03-02 10:29:23.224854 

True
METHOD = 'diofantos'
DEGREE = 1
SCALE = 3
  all_datasets = 2257
start = 1126, end = 1127
task_id = 1126
pds1126.csv:
  gt_rhs = '-3*w*x - 6*w*z - 2*x + 7'
   target = NOT RECONSTRUCTED :-(
[]
  is_equivalent = False
  total_successes = 0, success_rate = 0.0


Whole evaluation from the beginning of the script took:
 3.3 seconds, i.e. 0.06 minutes or 0.001 hours.

Current time: 2026-03-02 10:29:26.548312
Mon Mar  2 10:29:27 AM CET 2026
this is oei.sh 1 dopara-deg1 0 999    doing   doones job_id 64679951 task_id 1 * 1000 + 126 --exper_id dopara-deg1
