==============================================
Starting time (of array_subjob 64679951_269):
Mon Mar  2 10:29:20 AM CET 2026
(True, True)
(True, False)
(True, False)
Current time: 2026-03-02 10:29:26.629295 

True
METHOD = 'diofantos'
DEGREE = 1
SCALE = 3
  all_datasets = 2257
start = 1269, end = 1270
task_id = 1269
pds1269.csv:
  gt_rhs = '8'
   target = 8
['8']
  is_equivalent = True
  total_successes = 1, success_rate = 1.0


Whole evaluation from the beginning of the script took:
 1.1 seconds, i.e. 0.02 minutes or 0.0 hours.

Current time: 2026-03-02 10:29:27.716023
Mon Mar  2 10:29:28 AM CET 2026
this is oei.sh 1 dopara-deg1 0 999    doing   doones job_id 64679951 task_id 1 * 1000 + 269 --exper_id dopara-deg1
