==============================================
Starting time (of array_subjob 64679951_292):
Mon Mar  2 10:29:20 AM CET 2026
(True, True)
(True, False)
(True, False)
Current time: 2026-03-02 10:29:27.676635 

True
METHOD = 'diofantos'
DEGREE = 1
SCALE = 3
  all_datasets = 2257
start = 1292, end = 1293
task_id = 1292
pds1292.csv:
  gt_rhs = '9*w'
   target = 9*w
['9*w']
  is_equivalent = True
  total_successes = 1, success_rate = 1.0


Whole evaluation from the beginning of the script took:
 2.6 seconds, i.e. 0.04 minutes or 0.001 hours.

Current time: 2026-03-02 10:29:30.265338
Mon Mar  2 10:29:31 AM CET 2026
this is oei.sh 1 dopara-deg1 0 999    doing   doones job_id 64679951 task_id 1 * 1000 + 292 --exper_id dopara-deg1
