==============================================
Starting time (of array_subjob 64679951_296):
Mon Mar  2 10:29:20 AM CET 2026
(True, True)
(True, False)
(True, False)
Current time: 2026-03-02 10:29:27.731860 

True
METHOD = 'diofantos'
DEGREE = 1
SCALE = 3
  all_datasets = 2257
start = 1296, end = 1297
task_id = 1296
pds1296.csv:
  gt_rhs = '4*w - 5*y*z'
   target = NOT RECONSTRUCTED :-(
[]
  is_equivalent = False
  total_successes = 0, success_rate = 0.0


Whole evaluation from the beginning of the script took:
 2.4 seconds, i.e. 0.04 minutes or 0.001 hours.

Current time: 2026-03-02 10:29:30.149536
Mon Mar  2 10:29:31 AM CET 2026
this is oei.sh 1 dopara-deg1 0 999    doing   doones job_id 64679951 task_id 1 * 1000 + 296 --exper_id dopara-deg1
