==============================================
Starting time (of array_subjob 64679951_320):
Mon Mar  2 10:29:19 AM CET 2026
(True, True)
(True, False)
(True, False)
Current time: 2026-03-02 10:29:22.620506 

True
METHOD = 'diofantos'
DEGREE = 1
SCALE = 3
  all_datasets = 2257
start = 1320, end = 1321
task_id = 1320
pds1320.csv:
  gt_rhs = '-7*v*x + 7*w*x + 9'
   target = NOT RECONSTRUCTED :-(
[]
  is_equivalent = False
  total_successes = 0, success_rate = 0.0


Whole evaluation from the beginning of the script took:
 5.0 seconds, i.e. 0.08 minutes or 0.001 hours.

Current time: 2026-03-02 10:29:27.595270
Mon Mar  2 10:29:28 AM CET 2026
this is oei.sh 1 dopara-deg1 0 999    doing   doones job_id 64679951 task_id 1 * 1000 + 320 --exper_id dopara-deg1
