==============================================
Starting time (of array_subjob 64679951_350):
Mon Mar  2 10:29:18 AM CET 2026
(True, True)
(True, False)
(True, False)
Current time: 2026-03-02 10:29:21.682350 

True
METHOD = 'diofantos'
DEGREE = 1
SCALE = 3
  all_datasets = 2257
start = 1350, end = 1351
task_id = 1350
pds1350.csv:
  gt_rhs = '7*z'
   target = 7*z
['7*z']
  is_equivalent = True
  total_successes = 1, success_rate = 1.0


Whole evaluation from the beginning of the script took:
 0.4 seconds, i.e. 0.01 minutes or 0.0 hours.

Current time: 2026-03-02 10:29:22.059137
Mon Mar  2 10:29:22 AM CET 2026
this is oei.sh 1 dopara-deg1 0 999    doing   doones job_id 64679951 task_id 1 * 1000 + 350 --exper_id dopara-deg1
