==============================================
Starting time (of array_subjob 64679951_480):
Mon Mar  2 10:29:19 AM CET 2026
(True, True)
(True, False)
(True, False)
Current time: 2026-03-02 10:29:21.924612 

True
METHOD = 'diofantos'
DEGREE = 1
SCALE = 3
  all_datasets = 2257
start = 1480, end = 1481
task_id = 1480
pds1480.csv:
  gt_rhs = '2*v*w**2*x*y + 7*v + 1'
   target = NOT RECONSTRUCTED :-(
[]
  is_equivalent = False
  total_successes = 0, success_rate = 0.0


Whole evaluation from the beginning of the script took:
 0.3 seconds, i.e. 0.01 minutes or 0.0 hours.

Current time: 2026-03-02 10:29:22.259859
Mon Mar  2 10:29:22 AM CET 2026
this is oei.sh 1 dopara-deg1 0 999    doing   doones job_id 64679951 task_id 1 * 1000 + 480 --exper_id dopara-deg1
