==============================================
Starting time (of array_subjob 64679951_522):
Mon Mar  2 10:29:19 AM CET 2026
(True, True)
(True, False)
(True, False)
Current time: 2026-03-02 10:29:22.484549 

True
METHOD = 'diofantos'
DEGREE = 1
SCALE = 3
  all_datasets = 2257
start = 1522, end = 1523
task_id = 1522
pds1522.csv:
  gt_rhs = '-7*v*w*x + 7*x + 8*z + 9'
   target = NOT RECONSTRUCTED :-(
[]
  is_equivalent = False
  total_successes = 0, success_rate = 0.0


Whole evaluation from the beginning of the script took:
 4.5 seconds, i.e. 0.07 minutes or 0.001 hours.

Current time: 2026-03-02 10:29:26.956733
Mon Mar  2 10:29:27 AM CET 2026
this is oei.sh 1 dopara-deg1 0 999    doing   doones job_id 64679951 task_id 1 * 1000 + 522 --exper_id dopara-deg1
