==============================================
Starting time (of array_subjob 64679951_521):
Mon Mar  2 10:29:19 AM CET 2026
(True, True)
(True, False)
(True, False)
Current time: 2026-03-02 10:29:22.466041 

True
METHOD = 'diofantos'
DEGREE = 1
SCALE = 3
  all_datasets = 2257
start = 1521, end = 1522
task_id = 1521
pds1521.csv:
  gt_rhs = '-3*x + 5*z - 6'
   target = -3*x + 5*z - 6
['-3*x + 5*z - 6']
  is_equivalent = True
  total_successes = 1, success_rate = 1.0


Whole evaluation from the beginning of the script took:
 4.6 seconds, i.e. 0.08 minutes or 0.001 hours.

Current time: 2026-03-02 10:29:27.030500
Mon Mar  2 10:29:27 AM CET 2026
this is oei.sh 1 dopara-deg1 0 999    doing   doones job_id 64679951 task_id 1 * 1000 + 521 --exper_id dopara-deg1
