==============================================
Starting time (of array_subjob 64679951_634):
Mon Mar  2 10:29:19 AM CET 2026
(True, True)
(True, False)
(True, False)
Current time: 2026-03-02 10:29:22.621113 

True
METHOD = 'diofantos'
DEGREE = 1
SCALE = 3
  all_datasets = 2257
start = 1634, end = 1635
task_id = 1634
pds1634.csv:
  gt_rhs = '-10*w*x + 9*w*z'
   target = NOT RECONSTRUCTED :-(
[]
  is_equivalent = False
  total_successes = 0, success_rate = 0.0


Whole evaluation from the beginning of the script took:
 5.0 seconds, i.e. 0.08 minutes or 0.001 hours.

Current time: 2026-03-02 10:29:27.617732
Mon Mar  2 10:29:28 AM CET 2026
this is oei.sh 1 dopara-deg1 0 999    doing   doones job_id 64679951 task_id 1 * 1000 + 634 --exper_id dopara-deg1
