==============================================
Starting time (of array_subjob 64679951_736):
Mon Mar  2 10:29:20 AM CET 2026
(True, True)
(True, False)
(True, False)
Current time: 2026-03-02 10:29:23.189853 

True
METHOD = 'diofantos'
DEGREE = 1
SCALE = 3
  all_datasets = 2257
start = 1736, end = 1737
task_id = 1736
pds1736.csv:
  gt_rhs = '-2*v**2*w*z - 4*w**2'
   target = NOT RECONSTRUCTED :-(
[]
  is_equivalent = False
  total_successes = 0, success_rate = 0.0


Whole evaluation from the beginning of the script took:
 0.3 seconds, i.e. 0.01 minutes or 0.0 hours.

Current time: 2026-03-02 10:29:23.526207
Mon Mar  2 10:29:24 AM CET 2026
this is oei.sh 1 dopara-deg1 0 999    doing   doones job_id 64679951 task_id 1 * 1000 + 736 --exper_id dopara-deg1
