==============================================
Starting time (of array_subjob 64679951_731):
Mon Mar  2 10:29:20 AM CET 2026
(True, True)
(True, False)
(True, False)
Current time: 2026-03-02 10:29:23.144559 

True
METHOD = 'diofantos'
DEGREE = 1
SCALE = 3
  all_datasets = 2257
start = 1731, end = 1732
task_id = 1731
pds1731.csv:
  gt_rhs = '-5*v*x + 7*w + 3*y*z - 2'
   target = NOT RECONSTRUCTED :-(
[]
  is_equivalent = False
  total_successes = 0, success_rate = 0.0


Whole evaluation from the beginning of the script took:
 0.3 seconds, i.e. 0.01 minutes or 0.0 hours.

Current time: 2026-03-02 10:29:23.467505
Mon Mar  2 10:29:24 AM CET 2026
this is oei.sh 1 dopara-deg1 0 999    doing   doones job_id 64679951 task_id 1 * 1000 + 731 --exper_id dopara-deg1
