==============================================
Starting time (of array_subjob 64679951_801):
Mon Mar  2 10:29:20 AM CET 2026
(True, True)
(True, False)
(True, False)
Current time: 2026-03-02 10:29:22.989462 

True
METHOD = 'diofantos'
DEGREE = 1
SCALE = 3
  all_datasets = 2257
start = 1801, end = 1802
task_id = 1801
pds1801.csv:
  gt_rhs = '-9*x + 7*y**2 - y - 4'
   target = NOT RECONSTRUCTED :-(
[]
  is_equivalent = False
  total_successes = 0, success_rate = 0.0


Whole evaluation from the beginning of the script took:
 0.3 seconds, i.e. 0.01 minutes or 0.0 hours.

Current time: 2026-03-02 10:29:23.317672
Mon Mar  2 10:29:24 AM CET 2026
this is oei.sh 1 dopara-deg1 0 999    doing   doones job_id 64679951 task_id 1 * 1000 + 801 --exper_id dopara-deg1
