==============================================
Starting time (of array_subjob 64679951_817):
Mon Mar  2 10:29:20 AM CET 2026
(True, True)
(True, False)
(True, False)
Current time: 2026-03-02 10:29:23.221892 

True
METHOD = 'diofantos'
DEGREE = 1
SCALE = 3
  all_datasets = 2257
start = 1817, end = 1818
task_id = 1817
pds1817.csv:
  gt_rhs = '-3*v**2 - 7*v*y - 6'
   target = NOT RECONSTRUCTED :-(
[]
  is_equivalent = False
  total_successes = 0, success_rate = 0.0


Whole evaluation from the beginning of the script took:
 6.5 seconds, i.e. 0.11 minutes or 0.002 hours.

Current time: 2026-03-02 10:29:29.746774
Mon Mar  2 10:29:30 AM CET 2026
this is oei.sh 1 dopara-deg1 0 999    doing   doones job_id 64679951 task_id 1 * 1000 + 817 --exper_id dopara-deg1
