==============================================
Starting time (of array_subjob 64679951_820):
Mon Mar  2 10:29:21 AM CET 2026
(True, True)
(True, False)
(True, False)
Current time: 2026-03-02 10:29:23.309963 

True
METHOD = 'diofantos'
DEGREE = 1
SCALE = 3
  all_datasets = 2257
start = 1820, end = 1821
task_id = 1820
pds1820.csv:
  gt_rhs = '8*v*w**2 + 9*v*w*x*y*z'
   target = NOT RECONSTRUCTED :-(
[]
  is_equivalent = False
  total_successes = 0, success_rate = 0.0


Whole evaluation from the beginning of the script took:
 6.5 seconds, i.e. 0.11 minutes or 0.002 hours.

Current time: 2026-03-02 10:29:29.762166
Mon Mar  2 10:29:30 AM CET 2026
this is oei.sh 1 dopara-deg1 0 999    doing   doones job_id 64679951 task_id 1 * 1000 + 820 --exper_id dopara-deg1
