==============================================
Starting time (of array_subjob 64679951_860):
Mon Mar  2 10:29:21 AM CET 2026
(True, True)
(True, False)
(True, False)
Current time: 2026-03-02 10:29:23.461872 

True
METHOD = 'diofantos'
DEGREE = 1
SCALE = 3
  all_datasets = 2257
start = 1860, end = 1861
task_id = 1860
pds1860.csv:
  gt_rhs = '5*w**3*x*y - 9'
   target = NOT RECONSTRUCTED :-(
[]
  is_equivalent = False
  total_successes = 0, success_rate = 0.0


Whole evaluation from the beginning of the script took:
 6.3 seconds, i.e. 0.1 minutes or 0.002 hours.

Current time: 2026-03-02 10:29:29.726740
Mon Mar  2 10:29:30 AM CET 2026
this is oei.sh 1 dopara-deg1 0 999    doing   doones job_id 64679951 task_id 1 * 1000 + 860 --exper_id dopara-deg1
