==============================================
Starting time (of array_subjob 64679951_885):
Mon Mar  2 10:29:21 AM CET 2026
(True, True)
(True, False)
(True, False)
Current time: 2026-03-02 10:29:23.460193 

True
METHOD = 'diofantos'
DEGREE = 1
SCALE = 3
  all_datasets = 2257
start = 1885, end = 1886
task_id = 1885
pds1885.csv:
  gt_rhs = '-6'
   target = -6
['-6']
  is_equivalent = True
  total_successes = 1, success_rate = 1.0


Whole evaluation from the beginning of the script took:
 6.3 seconds, i.e. 0.11 minutes or 0.002 hours.

Current time: 2026-03-02 10:29:29.810088
Mon Mar  2 10:29:30 AM CET 2026
this is oei.sh 1 dopara-deg1 0 999    doing   doones job_id 64679951 task_id 1 * 1000 + 885 --exper_id dopara-deg1
