==============================================
Starting time (of array_subjob 64679951_937):
Mon Mar  2 10:29:20 AM CET 2026
(True, True)
(True, False)
(True, False)
Current time: 2026-03-02 10:29:22.990776 

True
METHOD = 'diofantos'
DEGREE = 1
SCALE = 3
  all_datasets = 2257
start = 1937, end = 1938
task_id = 1937
pds1937.csv:
  gt_rhs = '-6*v*x**3*y*z'
   target = NOT RECONSTRUCTED :-(
[]
  is_equivalent = False
  total_successes = 0, success_rate = 0.0


Whole evaluation from the beginning of the script took:
 1.3 seconds, i.e. 0.02 minutes or 0.0 hours.

Current time: 2026-03-02 10:29:24.295962
Mon Mar  2 10:29:25 AM CET 2026
this is oei.sh 1 dopara-deg1 0 999    doing   doones job_id 64679951 task_id 1 * 1000 + 937 --exper_id dopara-deg1
