==============================================
Starting time (of array_subjob 64679951_958):
Mon Mar  2 10:29:20 AM CET 2026
(True, True)
(True, False)
(True, False)
Current time: 2026-03-02 10:29:23.001353 

True
METHOD = 'diofantos'
DEGREE = 1
SCALE = 3
  all_datasets = 2257
start = 1958, end = 1959
task_id = 1958
pds1958.csv:
  gt_rhs = '-5*v*w - 6*w*x*z - 4*w*x'
   target = NOT RECONSTRUCTED :-(
[]
  is_equivalent = False
  total_successes = 0, success_rate = 0.0


Whole evaluation from the beginning of the script took:
 1.2 seconds, i.e. 0.02 minutes or 0.0 hours.

Current time: 2026-03-02 10:29:24.225137
Mon Mar  2 10:29:24 AM CET 2026
this is oei.sh 1 dopara-deg1 0 999    doing   doones job_id 64679951 task_id 1 * 1000 + 958 --exper_id dopara-deg1
