==============================================
Starting time (of array_subjob 64679951_996):
Mon Mar  2 10:29:21 AM CET 2026
(True, True)
(True, False)
(True, False)
Current time: 2026-03-02 10:29:23.430969 

True
METHOD = 'diofantos'
DEGREE = 1
SCALE = 3
  all_datasets = 2257
start = 1996, end = 1997
task_id = 1996
pds1996.csv:
  gt_rhs = '10*v**2*w*z - 2'
   target = NOT RECONSTRUCTED :-(
[]
  is_equivalent = False
  total_successes = 0, success_rate = 0.0


Whole evaluation from the beginning of the script took:
 0.8 seconds, i.e. 0.01 minutes or 0.0 hours.

Current time: 2026-03-02 10:29:24.277235
Mon Mar  2 10:29:25 AM CET 2026
this is oei.sh 1 dopara-deg1 0 999    doing   doones job_id 64679951 task_id 1 * 1000 + 996 --exper_id dopara-deg1
