==============================================
Starting time (of array_subjob 64681953_10):
Mon Mar  2 10:29:53 AM CET 2026
(True, True)
(True, False)
(True, False)
Current time: 2026-03-02 10:29:56.079732 

True
METHOD = 'diofantos'
DEGREE = 1
SCALE = 3
  all_datasets = 2257
start = 2010, end = 2011
task_id = 2010
pds2010.csv:
  gt_rhs = '5*v*w**2 + 7*x + 7'
   target = NOT RECONSTRUCTED :-(
[]
  is_equivalent = False
  total_successes = 0, success_rate = 0.0


Whole evaluation from the beginning of the script took:
 0.4 seconds, i.e. 0.01 minutes or 0.0 hours.

Current time: 2026-03-02 10:29:56.503976
Mon Mar  2 10:29:57 AM CET 2026
this is oei.sh 2 dopara-deg1 0 260    doing   doones job_id 64681953 task_id 2 * 1000 + 10 --exper_id dopara-deg1
