==============================================
Starting time (of array_subjob 64681953_12):
Mon Mar  2 10:29:53 AM CET 2026
(True, True)
(True, False)
(True, False)
Current time: 2026-03-02 10:29:55.976458 

True
METHOD = 'diofantos'
DEGREE = 1
SCALE = 3
  all_datasets = 2257
start = 2012, end = 2013
task_id = 2012
pds2012.csv:
  gt_rhs = '-3*v*w - 4*v + 9*y - 7'
   target = NOT RECONSTRUCTED :-(
[]
  is_equivalent = False
  total_successes = 0, success_rate = 0.0


Whole evaluation from the beginning of the script took:
 0.4 seconds, i.e. 0.01 minutes or 0.0 hours.

Current time: 2026-03-02 10:29:56.393350
Mon Mar  2 10:29:56 AM CET 2026
this is oei.sh 2 dopara-deg1 0 260    doing   doones job_id 64681953 task_id 2 * 1000 + 12 --exper_id dopara-deg1
