==============================================
Starting time (of array_subjob 64681953_64):
Mon Mar  2 10:29:53 AM CET 2026
(True, True)
(True, False)
(True, False)
Current time: 2026-03-02 10:29:56.910066 

True
METHOD = 'diofantos'
DEGREE = 1
SCALE = 3
  all_datasets = 2257
start = 2064, end = 2065
task_id = 2064
pds2064.csv:
  gt_rhs = '-7*v*w - v*z - w*x - 4*z - 7'
   target = NOT RECONSTRUCTED :-(
[]
  is_equivalent = False
  total_successes = 0, success_rate = 0.0


Whole evaluation from the beginning of the script took:
 0.5 seconds, i.e. 0.01 minutes or 0.0 hours.

Current time: 2026-03-02 10:29:57.370920
Mon Mar  2 10:29:57 AM CET 2026
this is oei.sh 2 dopara-deg1 0 260    doing   doones job_id 64681953 task_id 2 * 1000 + 64 --exper_id dopara-deg1
