==============================================
Starting time (of array_subjob 64681953_96):
Mon Mar  2 10:29:54 AM CET 2026
(True, True)
(True, False)
(True, False)
Current time: 2026-03-02 10:29:57.944301 

True
METHOD = 'diofantos'
DEGREE = 1
SCALE = 3
  all_datasets = 2257
start = 2096, end = 2097
task_id = 2096
pds2096.csv:
  gt_rhs = '4*v**2 + 6*x*z**4 - 3*y*z - 2'
   target = NOT RECONSTRUCTED :-(
[]
  is_equivalent = False
  total_successes = 0, success_rate = 0.0


Whole evaluation from the beginning of the script took:
 0.4 seconds, i.e. 0.01 minutes or 0.0 hours.

Current time: 2026-03-02 10:29:58.336435
Mon Mar  2 10:29:58 AM CET 2026
this is oei.sh 2 dopara-deg1 0 260    doing   doones job_id 64681953 task_id 2 * 1000 + 96 --exper_id dopara-deg1
