==============================================
Starting time (of array_subjob 64681953_113):
Mon Mar  2 10:29:54 AM CET 2026
(True, True)
(True, False)
(True, False)
Current time: 2026-03-02 10:29:57.903439 

True
METHOD = 'diofantos'
DEGREE = 1
SCALE = 3
  all_datasets = 2257
start = 2113, end = 2114
task_id = 2113
pds2113.csv:
  gt_rhs = '8*v*w*z + w*y - 2*x'
   target = NOT RECONSTRUCTED :-(
[]
  is_equivalent = False
  total_successes = 0, success_rate = 0.0


Whole evaluation from the beginning of the script took:
 0.4 seconds, i.e. 0.01 minutes or 0.0 hours.

Current time: 2026-03-02 10:29:58.348446
Mon Mar  2 10:29:59 AM CET 2026
this is oei.sh 2 dopara-deg1 0 260    doing   doones job_id 64681953 task_id 2 * 1000 + 113 --exper_id dopara-deg1
