==============================================
Starting time (of array_subjob 65479619_173):
Tue Mar 24 05:23:29 PM CET 2026
(True, True)
(True, False)
(True, False)
Current time: 2026-03-24 17:23:31.815233 

True
METHOD = 'diofantos'
DEGREE = 4
SCALE = 3000
  all_datasets = 2257
pds0173.csv:
  gt_rhs = '0'
d_max = 4
   target = 0
['0']
  is_equivalent = True
  total_successes = 1, success_rate = 1.0
DEGREE = 4:
METHOD = 'diofantos':


Whole evaluation from the beginning of the script took:
 310.9 seconds, i.e. 5.18 minutes or 0.086 hours.

Current time: 2026-03-24 17:28:42.707388
Tue Mar 24 05:28:43 PM CET 2026
this is oei.sh 0 polys-dp-nl4 0 999    doing   doones job_id 65479619 task_id 0 * 1000 + 173 --exper_id polys-dp-nl4
