==============================================
Starting time (of array_subjob 486326_2):
Sat Mar 28 11:27:16 AM CET 2026
(True, True)
(True, False)
(True, False)
Current time: 2026-03-28 11:27:22.597490 

True
METHOD = 'diofantos'
DEGREE = 4
SCALE = 3000
  all_datasets = 2257
pds0002.csv:
  gt_rhs = '5*v + 2'
d_max = 1
   target = 5*v + 2
['5*v + 2']
  is_equivalent = True
  total_successes = 1, success_rate = 1.0
DEGREE = 4:
METHOD = 'diofantos':


Whole evaluation from the beginning of the script took:
 0.7 seconds, i.e. 0.01 minutes or 0.0 hours.

Current time: 2026-03-28 11:27:23.288281
Sat Mar 28 11:27:23 AM CET 2026
this is oei.sh 0 poltrd-dp-loop4 0 999    doing   doones job_id 486326 task_id 0 * 1000 + 2 --exper_id poltrd-dp-loop4
