==============================================
Starting time (of array_subjob 486326_12):
Sat Mar 28 11:27:16 AM CET 2026
(True, True)
(True, False)
(True, False)
Current time: 2026-03-28 11:27:23.595168 

True
METHOD = 'diofantos'
DEGREE = 4
SCALE = 3000
  all_datasets = 2257
pds0012.csv:
  gt_rhs = '7*v*x**2*y*z**2'
d_max = 1
d_max = 2
   target = 77340641921878970928396171072*v**2 + 531978973745431459766397613756*v*w - 338476302795230745698264013222*v*x + 553372352622519110325508750045*v*y - 106575191461678592139384634077*v*z - 627638900473834446286944802001*v + 338597851038072505062290016745*w**2 - 157840010625524352216470723729*w*x + 640584187008638279300989865911*w*y - 448406952376741913806081452209*w*z - 1851509227635605163397676125243*w + 40264287070785843797777659862*x**2 - 316033287900711949759843396920*x*y + 87803878249894745274096463739*x*z + 8897267027299421116395486287*x + 397719496127263709947309965278*y**2 - 251846099312156141828204472640*y*z - 653083162774511765530364492908*y - 13316634981729052881125253849*z**2 - 755385741982329993238087586956*z - 4209129811186266379732565810167
['77340641921878970928396171072*v**2 + 531978973745431459766397613756*v*w - 338476302795230745698264013222*v*x + 553372352622519110325508750045*v*y - 106575191461678592139384634077*v*z - 627638900473834446286944802001*v + 338597851038072505062290016745*w**2 - 157840010625524352216470723729*w*x + 640584187008638279300989865911*w*y - 448406952376741913806081452209*w*z - 1851509227635605163397676125243*w + 40264287070785843797777659862*x**2 - 316033287900711949759843396920*x*y + 87803878249894745274096463739*x*z + 8897267027299421116395486287*x + 397719496127263709947309965278*y**2 - 251846099312156141828204472640*y*z - 653083162774511765530364492908*y - 13316634981729052881125253849*z**2 - 755385741982329993238087586956*z - 4209129811186266379732565810167']
  is_equivalent = False
  total_successes = 0, success_rate = 0.0
DEGREE = 4:
METHOD = 'diofantos':


Whole evaluation from the beginning of the script took:
 5.3 seconds, i.e. 0.09 minutes or 0.001 hours.

Current time: 2026-03-28 11:27:28.884240
Sat Mar 28 11:27:29 AM CET 2026
this is oei.sh 0 poltrd-dp-loop4 0 999    doing   doones job_id 486326 task_id 0 * 1000 + 12 --exper_id poltrd-dp-loop4
