==============================================
Starting time (of array_subjob 486326_28):
Sat Mar 28 11:27:17 AM CET 2026
(True, True)
(True, False)
(True, False)
Current time: 2026-03-28 11:27:24.176491 

True
METHOD = 'diofantos'
DEGREE = 4
SCALE = 3000
  all_datasets = 2257
pds0028.csv:
  gt_rhs = '-8*v - 4'
d_max = 1
   target = -8*v - 4
['-8*v - 4']
  is_equivalent = True
  total_successes = 1, success_rate = 1.0
DEGREE = 4:
METHOD = 'diofantos':


Whole evaluation from the beginning of the script took:
 0.6 seconds, i.e. 0.01 minutes or 0.0 hours.

Current time: 2026-03-28 11:27:24.730151
Sat Mar 28 11:27:25 AM CET 2026
this is oei.sh 0 poltrd-dp-loop4 0 999    doing   doones job_id 486326 task_id 0 * 1000 + 28 --exper_id poltrd-dp-loop4
