==============================================
Starting time (of array_subjob 486326_33):
Sat Mar 28 11:27:17 AM CET 2026
(True, True)
(True, False)
(True, False)
Current time: 2026-03-28 11:27:24.194064 

True
METHOD = 'diofantos'
DEGREE = 4
SCALE = 3000
  all_datasets = 2257
pds0033.csv:
  gt_rhs = '-8*x'
d_max = 1
   target = -8*x
['-8*x']
  is_equivalent = True
  total_successes = 1, success_rate = 1.0
DEGREE = 4:
METHOD = 'diofantos':


Whole evaluation from the beginning of the script took:
 0.5 seconds, i.e. 0.01 minutes or 0.0 hours.

Current time: 2026-03-28 11:27:24.742005
Sat Mar 28 11:27:25 AM CET 2026
this is oei.sh 0 poltrd-dp-loop4 0 999    doing   doones job_id 486326 task_id 0 * 1000 + 33 --exper_id poltrd-dp-loop4
