==============================================
Starting time (of array_subjob 486326_48):
Sat Mar 28 11:27:16 AM CET 2026
(True, True)
(True, False)
(True, False)
Current time: 2026-03-28 11:27:23.170584 

True
METHOD = 'diofantos'
DEGREE = 4
SCALE = 3000
  all_datasets = 2257
pds0048.csv:
  gt_rhs = '-9*v + 9*x - 2*y + 5*z'
d_max = 1
   target = -9*v + 9*x - 2*y + 5*z
['-9*v + 9*x - 2*y + 5*z']
  is_equivalent = True
  total_successes = 1, success_rate = 1.0
DEGREE = 4:
METHOD = 'diofantos':


Whole evaluation from the beginning of the script took:
 0.8 seconds, i.e. 0.01 minutes or 0.0 hours.

Current time: 2026-03-28 11:27:23.921390
Sat Mar 28 11:27:24 AM CET 2026
this is oei.sh 0 poltrd-dp-loop4 0 999    doing   doones job_id 486326 task_id 0 * 1000 + 48 --exper_id poltrd-dp-loop4
