==============================================
Starting time (of array_subjob 486326_44):
Sat Mar 28 11:27:16 AM CET 2026
(True, True)
(True, False)
(True, False)
Current time: 2026-03-28 11:27:22.851483 

True
METHOD = 'diofantos'
DEGREE = 4
SCALE = 3000
  all_datasets = 2257
pds0044.csv:
  gt_rhs = '2*w*x*y'
d_max = 1
d_max = 2
   target = 1497929358577531468666733672*v**2 - 1812838838402866914057755176*v*w - 5067090444774033544856165456*v*x + 2737625839437056038729602968*v*y - 251738294771970318595026928*v*z - 1131373115215811922127910272*v - 4453698386428001981140963560*w**2 + 2889456993267620383249626060*w*x - 3665739127045647951699771076*w*y + 14676407691825359966845467648*w*z - 25713484877477842333913149792*w - 6097979011292110718374664584*x**2 + 5944423122966427223146231268*x*y - 4286053620680991509555352968*x*z - 12330917083569274759864795760*x - 3513822091110532150599462376*y**2 + 8708881312614043025590660584*y*z - 8231594958484349772627589584*y + 1540473588873219610617814344*z**2 + 63159064888046549614908253360*z + 12529364931734300182092115472
['1497929358577531468666733672*v**2 - 1812838838402866914057755176*v*w - 5067090444774033544856165456*v*x + 2737625839437056038729602968*v*y - 251738294771970318595026928*v*z - 1131373115215811922127910272*v - 4453698386428001981140963560*w**2 + 2889456993267620383249626060*w*x - 3665739127045647951699771076*w*y + 14676407691825359966845467648*w*z - 25713484877477842333913149792*w - 6097979011292110718374664584*x**2 + 5944423122966427223146231268*x*y - 4286053620680991509555352968*x*z - 12330917083569274759864795760*x - 3513822091110532150599462376*y**2 + 8708881312614043025590660584*y*z - 8231594958484349772627589584*y + 1540473588873219610617814344*z**2 + 63159064888046549614908253360*z + 12529364931734300182092115472']
  is_equivalent = False
  total_successes = 0, success_rate = 0.0
DEGREE = 4:
METHOD = 'diofantos':


Whole evaluation from the beginning of the script took:
 5.5 seconds, i.e. 0.09 minutes or 0.002 hours.

Current time: 2026-03-28 11:27:28.378116
Sat Mar 28 11:27:29 AM CET 2026
this is oei.sh 0 poltrd-dp-loop4 0 999    doing   doones job_id 486326 task_id 0 * 1000 + 44 --exper_id poltrd-dp-loop4
