==============================================
Starting time (of array_subjob 486326_135):
Sat Mar 28 11:27:17 AM CET 2026
(True, True)
(True, False)
(True, False)
Current time: 2026-03-28 11:27:25.918873 

True
METHOD = 'diofantos'
DEGREE = 4
SCALE = 3000
  all_datasets = 2257
pds0135.csv:
  gt_rhs = '6*w**2*y + 9*w - 7*x*y - 4'
d_max = 1
d_max = 2
   target = -403007229492381195473963288934*v**2 - 425273727073932079423445834980*v*w - 207596709381536101615427980848*v*x - 16710945780901783273310629310*v*y + 102806450419972129144385250012*v*z - 3567083485609026233497491777062*v - 305882133841427965314464452801*w**2 - 133857579103661096453193648788*w*x + 145237481522073259686032993384*w*y + 235071744531137092889399050344*w*z - 858316176017606195186195963908*w - 4008069301966782636094954870*x**2 + 445089888342226540136025293839*x*y + 693446914254462282083834627200*x*z + 1504311582087661506350158419468*x + 655524905669338958237792470086*y**2 + 471931552097283312066393284238*y*z + 5584250430936353532966737792852*y - 28874372706339024399313165729*z**2 + 1753693760635987620994722034723*z + 18987602040558144981052360776466
['-403007229492381195473963288934*v**2 - 425273727073932079423445834980*v*w - 207596709381536101615427980848*v*x - 16710945780901783273310629310*v*y + 102806450419972129144385250012*v*z - 3567083485609026233497491777062*v - 305882133841427965314464452801*w**2 - 133857579103661096453193648788*w*x + 145237481522073259686032993384*w*y + 235071744531137092889399050344*w*z - 858316176017606195186195963908*w - 4008069301966782636094954870*x**2 + 445089888342226540136025293839*x*y + 693446914254462282083834627200*x*z + 1504311582087661506350158419468*x + 655524905669338958237792470086*y**2 + 471931552097283312066393284238*y*z + 5584250430936353532966737792852*y - 28874372706339024399313165729*z**2 + 1753693760635987620994722034723*z + 18987602040558144981052360776466']
  is_equivalent = False
  total_successes = 0, success_rate = 0.0
DEGREE = 4:
METHOD = 'diofantos':


Whole evaluation from the beginning of the script took:
 5.2 seconds, i.e. 0.09 minutes or 0.001 hours.

Current time: 2026-03-28 11:27:31.138595
Sat Mar 28 11:27:31 AM CET 2026
this is oei.sh 0 poltrd-dp-loop4 0 999    doing   doones job_id 486326 task_id 0 * 1000 + 135 --exper_id poltrd-dp-loop4
