==============================================
Starting time (of array_subjob 486326_161):
Sat Mar 28 11:27:17 AM CET 2026
(True, True)
(True, False)
(True, False)
Current time: 2026-03-28 11:27:26.659755 

True
METHOD = 'diofantos'
DEGREE = 4
SCALE = 3000
  all_datasets = 2257
pds0161.csv:
  gt_rhs = '-5*v*w*x**2*y*z - 6*w*x*z + 8*x*z - 1'
d_max = 1
d_max = 2
   target = -357892991897277012558745254234*v**2 - 235152707849048487871399446241*v*w + 267469347786631832369787675644*v*x - 404545337974104850137610444721*v*y + 89597501822992422719102149490*v*z - 1209098250420033574629749369443*v - 89429545453485791045107655826*w**2 + 273900551259318769287692209385*w*x - 110866868496447496566502471082*w*y + 45944266979745054967965540030*w*z + 766022028924480030577815145510*w + 332621953980035937798150040498*x**2 - 526629990038660058986104364854*x*y + 24659731300517952467115268826*x*z - 2124497491867431698809439268983*x + 33367568709527800696302107817*y**2 + 37380278770257209418749004442*y*z + 494108103776843821552900755589*y + 168162325790473703740446954663*z**2 + 461555218538619804505514289339*z + 4627887555625721513752467102033
['-357892991897277012558745254234*v**2 - 235152707849048487871399446241*v*w + 267469347786631832369787675644*v*x - 404545337974104850137610444721*v*y + 89597501822992422719102149490*v*z - 1209098250420033574629749369443*v - 89429545453485791045107655826*w**2 + 273900551259318769287692209385*w*x - 110866868496447496566502471082*w*y + 45944266979745054967965540030*w*z + 766022028924480030577815145510*w + 332621953980035937798150040498*x**2 - 526629990038660058986104364854*x*y + 24659731300517952467115268826*x*z - 2124497491867431698809439268983*x + 33367568709527800696302107817*y**2 + 37380278770257209418749004442*y*z + 494108103776843821552900755589*y + 168162325790473703740446954663*z**2 + 461555218538619804505514289339*z + 4627887555625721513752467102033']
  is_equivalent = False
  total_successes = 0, success_rate = 0.0
DEGREE = 4:
METHOD = 'diofantos':


Whole evaluation from the beginning of the script took:
 5.4 seconds, i.e. 0.09 minutes or 0.001 hours.

Current time: 2026-03-28 11:27:32.024517
Sat Mar 28 11:27:32 AM CET 2026
this is oei.sh 0 poltrd-dp-loop4 0 999    doing   doones job_id 486326 task_id 0 * 1000 + 161 --exper_id poltrd-dp-loop4
