==============================================
Starting time (of array_subjob 486326_188):
Sat Mar 28 11:27:25 AM CET 2026
(True, True)
(True, False)
(True, False)
Current time: 2026-03-28 11:27:29.360498 

True
METHOD = 'diofantos'
DEGREE = 4
SCALE = 3000
  all_datasets = 2257
pds0188.csv:
  gt_rhs = '6*x*y - y + 4'
d_max = 1
d_max = 2
   target = 6*x*y - y + 4
['6*x*y - y + 4']
  is_equivalent = True
  total_successes = 1, success_rate = 1.0
DEGREE = 4:
METHOD = 'diofantos':


Whole evaluation from the beginning of the script took:
 5.0 seconds, i.e. 0.08 minutes or 0.001 hours.

Current time: 2026-03-28 11:27:34.402592
Sat Mar 28 11:27:34 AM CET 2026
this is oei.sh 0 poltrd-dp-loop4 0 999    doing   doones job_id 486326 task_id 0 * 1000 + 188 --exper_id poltrd-dp-loop4
