==============================================
Starting time (of array_subjob 486326_190):
Sat Mar 28 11:27:25 AM CET 2026
(True, True)
(True, False)
(True, False)
Current time: 2026-03-28 11:27:29.766452 

True
METHOD = 'diofantos'
DEGREE = 4
SCALE = 3000
  all_datasets = 2257
pds0190.csv:
  gt_rhs = '3*w**2*x - 8*x'
d_max = 1
d_max = 2
   target = -458004893257754233168784815*v**2 + 497857983615635526895111063*v*w + 152240938813454161536241608*v*x - 421400826879605746358134191*v*y - 1469484320412510173009038152*v*z + 6395587074237212620183268014*v - 656066973521965623630929181*w**2 - 235881246485647984663246924*w*x + 142101678522830483063118025*w*y + 186089532296533513890385670*w*z - 1777962248813783496572723258*w + 564417300603301351123096117*x**2 - 449180899074205716157346452*x*y + 1166573311049313842059314747*x*z + 350643075587671863567529725*x - 689413140651251071430958350*y**2 - 1454306827691040030303875927*y*z + 11542475186837249127641310152*y + 1700566251755877301652989459*z**2 - 8694141904277572083977906770*z + 3708017385588485994786542694
['-458004893257754233168784815*v**2 + 497857983615635526895111063*v*w + 152240938813454161536241608*v*x - 421400826879605746358134191*v*y - 1469484320412510173009038152*v*z + 6395587074237212620183268014*v - 656066973521965623630929181*w**2 - 235881246485647984663246924*w*x + 142101678522830483063118025*w*y + 186089532296533513890385670*w*z - 1777962248813783496572723258*w + 564417300603301351123096117*x**2 - 449180899074205716157346452*x*y + 1166573311049313842059314747*x*z + 350643075587671863567529725*x - 689413140651251071430958350*y**2 - 1454306827691040030303875927*y*z + 11542475186837249127641310152*y + 1700566251755877301652989459*z**2 - 8694141904277572083977906770*z + 3708017385588485994786542694']
  is_equivalent = False
  total_successes = 0, success_rate = 0.0
DEGREE = 4:
METHOD = 'diofantos':


Whole evaluation from the beginning of the script took:
 5.0 seconds, i.e. 0.08 minutes or 0.001 hours.

Current time: 2026-03-28 11:27:34.780871
Sat Mar 28 11:27:35 AM CET 2026
this is oei.sh 0 poltrd-dp-loop4 0 999    doing   doones job_id 486326 task_id 0 * 1000 + 190 --exper_id poltrd-dp-loop4
