==============================================
Starting time (of array_subjob 486326_210):
Sat Mar 28 11:27:29 AM CET 2026
(True, True)
(True, False)
(True, False)
Current time: 2026-03-28 11:27:33.176752 

True
METHOD = 'diofantos'
DEGREE = 4
SCALE = 3000
  all_datasets = 2257
pds0210.csv:
  gt_rhs = '10*v*y - 4*w*z + 7*y + 9'
d_max = 1
d_max = 2
   target = 10*v*y - 4*w*z + 7*y + 9
['10*v*y - 4*w*z + 7*y + 9']
  is_equivalent = True
  total_successes = 1, success_rate = 1.0
DEGREE = 4:
METHOD = 'diofantos':


Whole evaluation from the beginning of the script took:
 4.2 seconds, i.e. 0.07 minutes or 0.001 hours.

Current time: 2026-03-28 11:27:37.357962
Sat Mar 28 11:27:37 AM CET 2026
this is oei.sh 0 poltrd-dp-loop4 0 999    doing   doones job_id 486326 task_id 0 * 1000 + 210 --exper_id poltrd-dp-loop4
