==============================================
Starting time (of array_subjob 486326_278):
Sat Mar 28 11:27:31 AM CET 2026
(True, True)
(True, False)
(True, False)
Current time: 2026-03-28 11:27:36.751416 

True
METHOD = 'diofantos'
DEGREE = 4
SCALE = 3000
  all_datasets = 2257
pds0278.csv:
  gt_rhs = '-10*w**2*x + 5*y**4*z'
d_max = 1
d_max = 2
   target = 59271439336591495003372742555*v**2 - 49002220826247090026979356745*v*w - 50114980479615017465591219340*v*x - 21774014973944662715194473085*v*y + 19572436342770745031401929325*v*z + 369604092202062684355411574515*v - 20226298492866089923990408885*w**2 + 49806530841666650587615145040*w*x - 9825128603483750134657502510*w*y - 18216012471248921084405543115*w*z - 44348961160781576053512305570*w - 18080714475066892966303134010*x**2 + 63970969946917121866669985600*x*y + 1167285065863409531460003920*x*z - 440945656915611378801050805870*x - 19563094031155706199195145975*y**2 - 56615880497817017299931381510*y*z - 76535284194309521845355090870*y + 12129412237487114108330631060*z**2 + 44025344006467830584734660500*z + 294213774335889481650819476880
['59271439336591495003372742555*v**2 - 49002220826247090026979356745*v*w - 50114980479615017465591219340*v*x - 21774014973944662715194473085*v*y + 19572436342770745031401929325*v*z + 369604092202062684355411574515*v - 20226298492866089923990408885*w**2 + 49806530841666650587615145040*w*x - 9825128603483750134657502510*w*y - 18216012471248921084405543115*w*z - 44348961160781576053512305570*w - 18080714475066892966303134010*x**2 + 63970969946917121866669985600*x*y + 1167285065863409531460003920*x*z - 440945656915611378801050805870*x - 19563094031155706199195145975*y**2 - 56615880497817017299931381510*y*z - 76535284194309521845355090870*y + 12129412237487114108330631060*z**2 + 44025344006467830584734660500*z + 294213774335889481650819476880']
  is_equivalent = False
  total_successes = 0, success_rate = 0.0
DEGREE = 4:
METHOD = 'diofantos':


Whole evaluation from the beginning of the script took:
 5.6 seconds, i.e. 0.09 minutes or 0.002 hours.

Current time: 2026-03-28 11:27:42.374081
Sat Mar 28 11:27:42 AM CET 2026
this is oei.sh 0 poltrd-dp-loop4 0 999    doing   doones job_id 486326 task_id 0 * 1000 + 278 --exper_id poltrd-dp-loop4
