==============================================
Starting time (of array_subjob 486326_277):
Sat Mar 28 11:27:31 AM CET 2026
(True, True)
(True, False)
(True, False)
Current time: 2026-03-28 11:27:36.707646 

True
METHOD = 'diofantos'
DEGREE = 4
SCALE = 3000
  all_datasets = 2257
pds0277.csv:
  gt_rhs = '-10*v + 4*w*y*z + 3*x + 3'
d_max = 1
d_max = 2
   target = -338477893571568671918104245*v**2 - 1099593860531865751440951648*v*w + 436045080713572917269418528*v*x - 588112315898039430702749112*v*y + 411199104491390596508246824*v*z - 2058835415562927871411664253*v - 615254630451606145616227501*w**2 + 244639154502844735081291038*w*x - 1253353417295411624482524314*w*y + 1056847348421578654564092970*w*z - 6738075924107703515799483*w - 97645242289733514846741668*x**2 + 489249143052013086968528464*x*y - 1005956675746049057280087328*x*z + 2041794906942048304060204805*x - 386740232038318878582242853*y**2 + 148640863563737764336760400*y*z - 391601726055238479275980241*y + 373115013555587639282435273*z**2 - 166989225677084809285460437*z + 15276900660989978999519820233
['-338477893571568671918104245*v**2 - 1099593860531865751440951648*v*w + 436045080713572917269418528*v*x - 588112315898039430702749112*v*y + 411199104491390596508246824*v*z - 2058835415562927871411664253*v - 615254630451606145616227501*w**2 + 244639154502844735081291038*w*x - 1253353417295411624482524314*w*y + 1056847348421578654564092970*w*z - 6738075924107703515799483*w - 97645242289733514846741668*x**2 + 489249143052013086968528464*x*y - 1005956675746049057280087328*x*z + 2041794906942048304060204805*x - 386740232038318878582242853*y**2 + 148640863563737764336760400*y*z - 391601726055238479275980241*y + 373115013555587639282435273*z**2 - 166989225677084809285460437*z + 15276900660989978999519820233']
  is_equivalent = False
  total_successes = 0, success_rate = 0.0
DEGREE = 4:
METHOD = 'diofantos':


Whole evaluation from the beginning of the script took:
 5.1 seconds, i.e. 0.08 minutes or 0.001 hours.

Current time: 2026-03-28 11:27:41.793777
Sat Mar 28 11:27:42 AM CET 2026
this is oei.sh 0 poltrd-dp-loop4 0 999    doing   doones job_id 486326 task_id 0 * 1000 + 277 --exper_id poltrd-dp-loop4
