==============================================
Starting time (of array_subjob 486326_284):
Sat Mar 28 11:27:32 AM CET 2026
(True, True)
(True, False)
(True, False)
Current time: 2026-03-28 11:27:38.785114 

True
METHOD = 'diofantos'
DEGREE = 4
SCALE = 3000
  all_datasets = 2257
pds0284.csv:
  gt_rhs = '-8*w*x*y*z + 9*x - 6*y*z - 4'
d_max = 1
d_max = 2
   target = -242848252729620572906500229022*v**2 - 133743892801155737275093152572*v*w - 269954528615942974893228994106*v*x + 251094538554069994670296247706*v*y + 115682633447383094294061948464*v*z - 570342986404384164682433693186*v - 114681201063824283951488512556*w**2 - 229843061178478822138191855964*w*x + 68473809166080454372151358990*w*y + 88848606327216058519969139038*w*z + 544826853418439392932006405686*w - 211528296624778298553864603810*x**2 + 79354126027182026943757931410*x*y - 23072216573311951812218943092*x*z + 169337493876150449455234286837*x - 201503990286692332043458027575*y**2 + 160885829334194704959215114044*y*z - 268316083110210156377374125779*y - 16787159605317839248315380125*z**2 - 193930217353971583764836726399*z + 23588683731241789863465424955038
['-242848252729620572906500229022*v**2 - 133743892801155737275093152572*v*w - 269954528615942974893228994106*v*x + 251094538554069994670296247706*v*y + 115682633447383094294061948464*v*z - 570342986404384164682433693186*v - 114681201063824283951488512556*w**2 - 229843061178478822138191855964*w*x + 68473809166080454372151358990*w*y + 88848606327216058519969139038*w*z + 544826853418439392932006405686*w - 211528296624778298553864603810*x**2 + 79354126027182026943757931410*x*y - 23072216573311951812218943092*x*z + 169337493876150449455234286837*x - 201503990286692332043458027575*y**2 + 160885829334194704959215114044*y*z - 268316083110210156377374125779*y - 16787159605317839248315380125*z**2 - 193930217353971583764836726399*z + 23588683731241789863465424955038']
  is_equivalent = False
  total_successes = 0, success_rate = 0.0
DEGREE = 4:
METHOD = 'diofantos':


Whole evaluation from the beginning of the script took:
 5.7 seconds, i.e. 0.1 minutes or 0.002 hours.

Current time: 2026-03-28 11:27:44.530445
Sat Mar 28 11:27:45 AM CET 2026
this is oei.sh 0 poltrd-dp-loop4 0 999    doing   doones job_id 486326 task_id 0 * 1000 + 284 --exper_id poltrd-dp-loop4
