==============================================
Starting time (of array_subjob 486326_319):
Sat Mar 28 11:27:34 AM CET 2026
(True, True)
(True, False)
(True, False)
Current time: 2026-03-28 11:27:38.914640 

True
METHOD = 'diofantos'
DEGREE = 4
SCALE = 3000
  all_datasets = 2257
pds0319.csv:
  gt_rhs = '-8*v*w - 5*w - 7*x - 2'
d_max = 1
d_max = 2
   target = -8*v*w - 5*w - 7*x - 2
['-8*v*w - 5*w - 7*x - 2']
  is_equivalent = True
  total_successes = 1, success_rate = 1.0
DEGREE = 4:
METHOD = 'diofantos':


Whole evaluation from the beginning of the script took:
 5.2 seconds, i.e. 0.09 minutes or 0.001 hours.

Current time: 2026-03-28 11:27:44.084646
Sat Mar 28 11:27:44 AM CET 2026
this is oei.sh 0 poltrd-dp-loop4 0 999    doing   doones job_id 486326 task_id 0 * 1000 + 319 --exper_id poltrd-dp-loop4
