==============================================
Starting time (of array_subjob 486326_340):
Sat Mar 28 11:27:36 AM CET 2026
(True, True)
(True, False)
(True, False)
Current time: 2026-03-28 11:27:40.578238 

True
METHOD = 'diofantos'
DEGREE = 4
SCALE = 3000
  all_datasets = 2257
pds0340.csv:
  gt_rhs = '2*v*x*y*z + 6*w**2'
d_max = 1
d_max = 2
   target = 778681630024449628953735449476*v**2 - 139405076367864879142720663268*v*w + 200853389772400470568359379014*v*x + 123982363232585039122804544818*v*y - 2547688303933179582185876812182*v*z - 5632668398131773865906341867228*v + 599197146690362184983322561960*w**2 - 1676143317700694273558859030284*w*x + 573146451733685037393818045590*w*y - 1354233435684059518340635004416*w*z - 51388617035547686401697370652*w + 231765315786027437308016278856*x**2 - 568834254561606356627324044946*x*y - 1539608486027724629297151265684*x*z - 3244748964476767403396250499186*x + 847911135483409168631033220048*y**2 + 2321059826385073188506516871792*y*z - 5040074993934365101390852352232*y - 782836243620300777560785226236*z**2 + 16071541960691377575537835982140*z - 81512921124955862412714800519692
['778681630024449628953735449476*v**2 - 139405076367864879142720663268*v*w + 200853389772400470568359379014*v*x + 123982363232585039122804544818*v*y - 2547688303933179582185876812182*v*z - 5632668398131773865906341867228*v + 599197146690362184983322561960*w**2 - 1676143317700694273558859030284*w*x + 573146451733685037393818045590*w*y - 1354233435684059518340635004416*w*z - 51388617035547686401697370652*w + 231765315786027437308016278856*x**2 - 568834254561606356627324044946*x*y - 1539608486027724629297151265684*x*z - 3244748964476767403396250499186*x + 847911135483409168631033220048*y**2 + 2321059826385073188506516871792*y*z - 5040074993934365101390852352232*y - 782836243620300777560785226236*z**2 + 16071541960691377575537835982140*z - 81512921124955862412714800519692']
  is_equivalent = False
  total_successes = 0, success_rate = 0.0
DEGREE = 4:
METHOD = 'diofantos':


Whole evaluation from the beginning of the script took:
 5.3 seconds, i.e. 0.09 minutes or 0.001 hours.

Current time: 2026-03-28 11:27:45.892183
Sat Mar 28 11:27:46 AM CET 2026
this is oei.sh 0 poltrd-dp-loop4 0 999    doing   doones job_id 486326 task_id 0 * 1000 + 340 --exper_id poltrd-dp-loop4
