==============================================
Starting time (of array_subjob 486326_341):
Sat Mar 28 11:27:37 AM CET 2026
(True, True)
(True, False)
(True, False)
Current time: 2026-03-28 11:27:41.954149 

True
METHOD = 'diofantos'
DEGREE = 4
SCALE = 3000
  all_datasets = 2257
pds0341.csv:
  gt_rhs = '8*v*z + 2*x*y*z + 4'
d_max = 1
d_max = 2
   target = 45052754029337152009464840304*v**2 - 188240411818024664483400126687*v*w - 442323220471856737121522195*v*x + 352507765961488534292114187236*v*y + 181810582456976239472924323002*v*z + 32332106802782135293728921983*v + 123141968370770281727683093094*w**2 + 64165306089737050873701812800*w*x - 127545400030619000256310746582*w*y + 298930747972588042164154927875*w*z + 1295248068437342497640392818375*w + 194297171588887953159172389136*x**2 + 99648109214376320976420326328*x*y + 273966566979973714582190703259*x*z + 1551681752119681579057632811085*x + 202391034482324506201374308596*y**2 - 18304907409394946102624498984*y*z - 245901245778349359240176142722*y - 397366134976979884280993480546*z**2 - 2993430798718650902178231735569*z - 11590457975993445485592801922777
['45052754029337152009464840304*v**2 - 188240411818024664483400126687*v*w - 442323220471856737121522195*v*x + 352507765961488534292114187236*v*y + 181810582456976239472924323002*v*z + 32332106802782135293728921983*v + 123141968370770281727683093094*w**2 + 64165306089737050873701812800*w*x - 127545400030619000256310746582*w*y + 298930747972588042164154927875*w*z + 1295248068437342497640392818375*w + 194297171588887953159172389136*x**2 + 99648109214376320976420326328*x*y + 273966566979973714582190703259*x*z + 1551681752119681579057632811085*x + 202391034482324506201374308596*y**2 - 18304907409394946102624498984*y*z - 245901245778349359240176142722*y - 397366134976979884280993480546*z**2 - 2993430798718650902178231735569*z - 11590457975993445485592801922777']
  is_equivalent = False
  total_successes = 0, success_rate = 0.0
DEGREE = 4:
METHOD = 'diofantos':


Whole evaluation from the beginning of the script took:
 5.5 seconds, i.e. 0.09 minutes or 0.002 hours.

Current time: 2026-03-28 11:27:47.483117
Sat Mar 28 11:27:48 AM CET 2026
this is oei.sh 0 poltrd-dp-loop4 0 999    doing   doones job_id 486326 task_id 0 * 1000 + 341 --exper_id poltrd-dp-loop4
