==============================================
Starting time (of array_subjob 486326_348):
Sat Mar 28 11:27:38 AM CET 2026
(True, True)
(True, False)
(True, False)
Current time: 2026-03-28 11:27:41.220910 

True
METHOD = 'diofantos'
DEGREE = 4
SCALE = 3000
  all_datasets = 2257
pds0348.csv:
  gt_rhs = '-5*v*w*z - 8*w'
d_max = 1
d_max = 2
d_max = 3
   target = -5*v*w*z - 8*w
['-5*v*w*z - 8*w']
  is_equivalent = True
  total_successes = 1, success_rate = 1.0
DEGREE = 4:
METHOD = 'diofantos':


Whole evaluation from the beginning of the script took:
 134.1 seconds, i.e. 2.23 minutes or 0.037 hours.

Current time: 2026-03-28 11:29:55.274332
Sat Mar 28 11:29:55 AM CET 2026
this is oei.sh 0 poltrd-dp-loop4 0 999    doing   doones job_id 486326 task_id 0 * 1000 + 348 --exper_id poltrd-dp-loop4
