==============================================
Starting time (of array_subjob 486326_373):
Sat Mar 28 11:27:40 AM CET 2026
(True, True)
(True, False)
(True, False)
Current time: 2026-03-28 11:27:44.691664 

True
METHOD = 'diofantos'
DEGREE = 4
SCALE = 3000
  all_datasets = 2257
pds0373.csv:
  gt_rhs = '-10*v*w**3 + 6*w*z**2 - 8'
d_max = 1
d_max = 2
   target = -576467426198707023305838234786*v**2 - 521229892992194647352827681384*v*w - 695740343215489801920973617276*v*x + 860505156312948011768959947258*v*y + 448638706299745625359496147661*v*z - 1355916335712378978033422518116*v + 78653271811345909038595387338*w**2 - 213887885619888033073813237551*w*x + 480063071873527301933441842734*w*y - 47517830063493249627850416249*w*z + 1189908576557407423007657789292*w - 353444419164774862248903668874*x**2 + 460941811695308122301104002762*x*y + 381114655753244609404073131836*x*z - 1461310392308315018240655392331*x - 763597266680539909908448973262*y**2 + 352204985656306802665120791681*y*z - 315959126975755143110655685566*y - 382344078577696943529880275309*z**2 - 2634992941509431223048251372757*z + 57036759040522436354961462803554
['-576467426198707023305838234786*v**2 - 521229892992194647352827681384*v*w - 695740343215489801920973617276*v*x + 860505156312948011768959947258*v*y + 448638706299745625359496147661*v*z - 1355916335712378978033422518116*v + 78653271811345909038595387338*w**2 - 213887885619888033073813237551*w*x + 480063071873527301933441842734*w*y - 47517830063493249627850416249*w*z + 1189908576557407423007657789292*w - 353444419164774862248903668874*x**2 + 460941811695308122301104002762*x*y + 381114655753244609404073131836*x*z - 1461310392308315018240655392331*x - 763597266680539909908448973262*y**2 + 352204985656306802665120791681*y*z - 315959126975755143110655685566*y - 382344078577696943529880275309*z**2 - 2634992941509431223048251372757*z + 57036759040522436354961462803554']
  is_equivalent = False
  total_successes = 0, success_rate = 0.0
DEGREE = 4:
METHOD = 'diofantos':


Whole evaluation from the beginning of the script took:
 5.2 seconds, i.e. 0.09 minutes or 0.001 hours.

Current time: 2026-03-28 11:27:49.911772
Sat Mar 28 11:27:50 AM CET 2026
this is oei.sh 0 poltrd-dp-loop4 0 999    doing   doones job_id 486326 task_id 0 * 1000 + 373 --exper_id poltrd-dp-loop4
