==============================================
Starting time (of array_subjob 486326_386):
Sat Mar 28 11:27:41 AM CET 2026
(True, True)
(True, False)
(True, False)
Current time: 2026-03-28 11:27:45.648638 

True
METHOD = 'diofantos'
DEGREE = 4
SCALE = 3000
  all_datasets = 2257
pds0386.csv:
  gt_rhs = '-4*v**3*w*x**2*y**2'
d_max = 1
d_max = 2
   target = 57733146607718427871479338386*v**2 + 43813050295792090909040331944*v*w - 10281133803478726566533040060*v*x + 32590632638860321179767452040*v*y + 39713075505624030330761423096*v*z - 244391463770560356166965500252*v + 3443498755593447877289078994*w**2 + 64112684772941967034453614570*w*x - 75419957069841618762113953514*w*y + 83702461374016252925332079734*w*z + 144283152020337110344795825718*w + 25294743830164017995540430753*x**2 + 50157270587265984774083875142*x*y - 16098955318630828161329149092*x*z - 302943111126987108503526391257*x - 13588828602900502889106432880*y**2 + 87073378403671337786086784696*y*z - 34671101425301271021993165042*y - 3450335799454517542199871059*z**2 - 398984310720545395632989480253*z - 3003702015333942655082003808970
['57733146607718427871479338386*v**2 + 43813050295792090909040331944*v*w - 10281133803478726566533040060*v*x + 32590632638860321179767452040*v*y + 39713075505624030330761423096*v*z - 244391463770560356166965500252*v + 3443498755593447877289078994*w**2 + 64112684772941967034453614570*w*x - 75419957069841618762113953514*w*y + 83702461374016252925332079734*w*z + 144283152020337110344795825718*w + 25294743830164017995540430753*x**2 + 50157270587265984774083875142*x*y - 16098955318630828161329149092*x*z - 302943111126987108503526391257*x - 13588828602900502889106432880*y**2 + 87073378403671337786086784696*y*z - 34671101425301271021993165042*y - 3450335799454517542199871059*z**2 - 398984310720545395632989480253*z - 3003702015333942655082003808970']
  is_equivalent = False
  total_successes = 0, success_rate = 0.0
DEGREE = 4:
METHOD = 'diofantos':


Whole evaluation from the beginning of the script took:
 5.1 seconds, i.e. 0.09 minutes or 0.001 hours.

Current time: 2026-03-28 11:27:50.762086
Sat Mar 28 11:27:51 AM CET 2026
this is oei.sh 0 poltrd-dp-loop4 0 999    doing   doones job_id 486326 task_id 0 * 1000 + 386 --exper_id poltrd-dp-loop4
