==============================================
Starting time (of array_subjob 486326_397):
Sat Mar 28 11:27:42 AM CET 2026
(True, True)
(True, False)
(True, False)
Current time: 2026-03-28 11:27:46.403792 

True
METHOD = 'diofantos'
DEGREE = 4
SCALE = 3000
  all_datasets = 2257
pds0397.csv:
  gt_rhs = '-v*w*z + 9*w*x*y - 8*x + 6'
d_max = 1
d_max = 2
d_max = 3
   target = -v*w*z + 9*w*x*y - 8*x + 6
['-v*w*z + 9*w*x*y - 8*x + 6']
  is_equivalent = True
  total_successes = 1, success_rate = 1.0
DEGREE = 4:
METHOD = 'diofantos':


Whole evaluation from the beginning of the script took:
 165.4 seconds, i.e. 2.76 minutes or 0.046 hours.

Current time: 2026-03-28 11:30:31.787834
Sat Mar 28 11:30:32 AM CET 2026
this is oei.sh 0 poltrd-dp-loop4 0 999    doing   doones job_id 486326 task_id 0 * 1000 + 397 --exper_id poltrd-dp-loop4
