==============================================
Starting time (of array_subjob 486326_409):
Sat Mar 28 11:27:44 AM CET 2026
(True, True)
(True, False)
(True, False)
Current time: 2026-03-28 11:27:48.184793 

True
METHOD = 'diofantos'
DEGREE = 4
SCALE = 3000
  all_datasets = 2257
pds0409.csv:
  gt_rhs = '-v*x*y + 10*w**2'
d_max = 1
d_max = 2
d_max = 3
   target = -v*x*y + 10*w**2
['-v*x*y + 10*w**2']
  is_equivalent = True
  total_successes = 1, success_rate = 1.0
DEGREE = 4:
METHOD = 'diofantos':


Whole evaluation from the beginning of the script took:
 162.2 seconds, i.e. 2.7 minutes or 0.045 hours.

Current time: 2026-03-28 11:30:30.352917
Sat Mar 28 11:30:30 AM CET 2026
this is oei.sh 0 poltrd-dp-loop4 0 999    doing   doones job_id 486326 task_id 0 * 1000 + 409 --exper_id poltrd-dp-loop4
