==============================================
Starting time (of array_subjob 486326_428):
Sat Mar 28 11:27:45 AM CET 2026
(True, True)
(True, False)
(True, False)
Current time: 2026-03-28 11:27:50.518060 

True
METHOD = 'diofantos'
DEGREE = 4
SCALE = 3000
  all_datasets = 2257
pds0428.csv:
  gt_rhs = '-8*v*w*x**2 - 10*y'
d_max = 1
d_max = 2
   target = 168622752000047701030665889546*v**2 - 185034646306617576311987941908*v*w - 281477340657130576438979348932*v*x + 138092475281973332165767209236*v*y + 288567710108658688835928140900*v*z - 215891204853906171197852993242*v - 356134419739166940814601214486*w**2 + 434098027245566509892356462432*w*x - 470674058444609877606559550932*w*y + 53607927126678616978077176432*w*z - 4878909051357420335257071785242*w + 200168510477691602904008772324*x**2 + 174107331581760145508416761880*x*y - 106587004186904616882412804872*x*z + 377947252565315731006323878920*x - 1030934564733141207043542910*y**2 + 179150380208505501070383380728*y*z - 2766599297709792688107358473440*y + 128643839409436754271601694074*z**2 - 240030082080553017001190828190*z - 17587183564006959261293693305428
['168622752000047701030665889546*v**2 - 185034646306617576311987941908*v*w - 281477340657130576438979348932*v*x + 138092475281973332165767209236*v*y + 288567710108658688835928140900*v*z - 215891204853906171197852993242*v - 356134419739166940814601214486*w**2 + 434098027245566509892356462432*w*x - 470674058444609877606559550932*w*y + 53607927126678616978077176432*w*z - 4878909051357420335257071785242*w + 200168510477691602904008772324*x**2 + 174107331581760145508416761880*x*y - 106587004186904616882412804872*x*z + 377947252565315731006323878920*x - 1030934564733141207043542910*y**2 + 179150380208505501070383380728*y*z - 2766599297709792688107358473440*y + 128643839409436754271601694074*z**2 - 240030082080553017001190828190*z - 17587183564006959261293693305428']
  is_equivalent = False
  total_successes = 0, success_rate = 0.0
DEGREE = 4:
METHOD = 'diofantos':


Whole evaluation from the beginning of the script took:
 5.5 seconds, i.e. 0.09 minutes or 0.002 hours.

Current time: 2026-03-28 11:27:55.975829
Sat Mar 28 11:27:56 AM CET 2026
this is oei.sh 0 poltrd-dp-loop4 0 999    doing   doones job_id 486326 task_id 0 * 1000 + 428 --exper_id poltrd-dp-loop4
