==============================================
Starting time (of array_subjob 486326_434):
Sat Mar 28 11:27:45 AM CET 2026
(True, True)
(True, False)
(True, False)
Current time: 2026-03-28 11:27:49.340707 

True
METHOD = 'diofantos'
DEGREE = 4
SCALE = 3000
  all_datasets = 2257
pds0434.csv:
  gt_rhs = '3*w*y*z - 4'
d_max = 1
d_max = 2
   target = -102301068365180444743757735751*v**2 - 108329336574900545218952436282*v*w - 252400345140911588507066086509*v*x + 91653465308423479899145507707*v*y + 174268582097050189455072855393*v*z - 542023940537662081344414889548*v - 134754443631834600963305096199*w**2 - 434576142644188263911735516208*w*x - 242074167992115868196463476295*w*y - 177047937373948581361006211775*w*z - 314759579073134694817268724462*w - 450729969956340169091562903501*x**2 + 110799407834520599742133277559*x*y - 448361003487298497103958155239*x*z - 470433806869692546504844242831*x + 280390966751543629239055700268*y**2 + 317235447446961958368571041153*y*z + 2194893376139678232367042067751*y + 308945375286962896179498771078*z**2 + 1471827607310200219325033563659*z + 2813033685835555846457361262547
['-102301068365180444743757735751*v**2 - 108329336574900545218952436282*v*w - 252400345140911588507066086509*v*x + 91653465308423479899145507707*v*y + 174268582097050189455072855393*v*z - 542023940537662081344414889548*v - 134754443631834600963305096199*w**2 - 434576142644188263911735516208*w*x - 242074167992115868196463476295*w*y - 177047937373948581361006211775*w*z - 314759579073134694817268724462*w - 450729969956340169091562903501*x**2 + 110799407834520599742133277559*x*y - 448361003487298497103958155239*x*z - 470433806869692546504844242831*x + 280390966751543629239055700268*y**2 + 317235447446961958368571041153*y*z + 2194893376139678232367042067751*y + 308945375286962896179498771078*z**2 + 1471827607310200219325033563659*z + 2813033685835555846457361262547']
  is_equivalent = False
  total_successes = 0, success_rate = 0.0
DEGREE = 4:
METHOD = 'diofantos':


Whole evaluation from the beginning of the script took:
 5.3 seconds, i.e. 0.09 minutes or 0.001 hours.

Current time: 2026-03-28 11:27:54.626403
Sat Mar 28 11:27:55 AM CET 2026
this is oei.sh 0 poltrd-dp-loop4 0 999    doing   doones job_id 486326 task_id 0 * 1000 + 434 --exper_id poltrd-dp-loop4
