==============================================
Starting time (of array_subjob 486326_482):
Sat Mar 28 11:27:50 AM CET 2026
(True, True)
(True, False)
(True, False)
Current time: 2026-03-28 11:27:54.772127 

True
METHOD = 'diofantos'
DEGREE = 4
SCALE = 3000
  all_datasets = 2257
pds0482.csv:
  gt_rhs = '-v*x + 2*v*z - 9*x - 4*y - 9'
d_max = 1
d_max = 2
   target = -v*x + 2*v*z - 9*x - 4*y - 9
['-v*x + 2*v*z - 9*x - 4*y - 9']
  is_equivalent = True
  total_successes = 1, success_rate = 1.0
DEGREE = 4:
METHOD = 'diofantos':


Whole evaluation from the beginning of the script took:
 5.2 seconds, i.e. 0.09 minutes or 0.001 hours.

Current time: 2026-03-28 11:27:59.923763
Sat Mar 28 11:28:00 AM CET 2026
this is oei.sh 0 poltrd-dp-loop4 0 999    doing   doones job_id 486326 task_id 0 * 1000 + 482 --exper_id poltrd-dp-loop4
