==============================================
Starting time (of array_subjob 486326_520):
Sat Mar 28 11:27:56 AM CET 2026
(True, True)
(True, False)
(True, False)
Current time: 2026-03-28 11:28:00.242191 

True
METHOD = 'diofantos'
DEGREE = 4
SCALE = 3000
  all_datasets = 2257
pds0520.csv:
  gt_rhs = 'v - 5*x*y*z + 2*z'
d_max = 1
d_max = 2
   target = 83927510216787778917042922558*v**2 - 69261514306633959806468829120*v*w + 173816726214371327764837610569*v*x + 123665091534643084486625852283*v*y - 238280265033339871995481711709*v*z + 175705490473099816021735762579*v + 124595518370736857542403906094*w**2 + 45404383275486457362738529426*w*x + 21443347242087745648939431190*w*y + 117020553002543693036816173726*w*z - 215632158172309499795913691322*w - 76818565112185396695631462821*x**2 + 46110236991684627287731993925*x*y - 7767152332665518579598816817*x*z + 652458088751196851265550632791*x - 64459216819016977222044507067*y**2 - 197435443974142440085418926886*y*z + 37700516821316046250986640626*y + 88604528449689634979495118875*z**2 - 818177916838934087568192112282*z - 225318811581741481149870093474
['83927510216787778917042922558*v**2 - 69261514306633959806468829120*v*w + 173816726214371327764837610569*v*x + 123665091534643084486625852283*v*y - 238280265033339871995481711709*v*z + 175705490473099816021735762579*v + 124595518370736857542403906094*w**2 + 45404383275486457362738529426*w*x + 21443347242087745648939431190*w*y + 117020553002543693036816173726*w*z - 215632158172309499795913691322*w - 76818565112185396695631462821*x**2 + 46110236991684627287731993925*x*y - 7767152332665518579598816817*x*z + 652458088751196851265550632791*x - 64459216819016977222044507067*y**2 - 197435443974142440085418926886*y*z + 37700516821316046250986640626*y + 88604528449689634979495118875*z**2 - 818177916838934087568192112282*z - 225318811581741481149870093474']
  is_equivalent = False
  total_successes = 0, success_rate = 0.0
DEGREE = 4:
METHOD = 'diofantos':


Whole evaluation from the beginning of the script took:
 5.4 seconds, i.e. 0.09 minutes or 0.001 hours.

Current time: 2026-03-28 11:28:05.636998
Sat Mar 28 11:28:06 AM CET 2026
this is oei.sh 0 poltrd-dp-loop4 0 999    doing   doones job_id 486326 task_id 0 * 1000 + 520 --exper_id poltrd-dp-loop4
