==============================================
Starting time (of array_subjob 486326_548):
Sat Mar 28 11:27:59 AM CET 2026
(True, True)
(True, False)
(True, False)
Current time: 2026-03-28 11:28:03.574987 

True
METHOD = 'diofantos'
DEGREE = 4
SCALE = 3000
  all_datasets = 2257
pds0548.csv:
  gt_rhs = '6*v**2*w*x**3 + 10'
d_max = 1
d_max = 2
   target = 42666737823348324276474325905*v**2 - 19113658745694920167821048712*v*w + 8027830649690509436161032857*v*x - 79347684230971953612230876148*v*y - 42871557683814390475997843615*v*z + 433930811955332883979855529741*v + 45178034383437294552513283487*w**2 + 56688763140137275973669747490*w*x + 14619355004524164909467192388*w*y - 1545701009298513004756546816*w*z - 108710202616380987121716477859*w - 16972412111463877952527771421*x**2 - 24445508240798433870134619116*x*y - 4061424037433286073001258454*x*z - 14123343087008566589355940667*x - 32335346773700919490795981910*y**2 - 40710682254816316188367240206*y*z - 506040007366620604743863195416*y - 45674773368842322741278393302*z**2 - 183517305702840189668105148398*z + 2198453162292209688070325536882
['42666737823348324276474325905*v**2 - 19113658745694920167821048712*v*w + 8027830649690509436161032857*v*x - 79347684230971953612230876148*v*y - 42871557683814390475997843615*v*z + 433930811955332883979855529741*v + 45178034383437294552513283487*w**2 + 56688763140137275973669747490*w*x + 14619355004524164909467192388*w*y - 1545701009298513004756546816*w*z - 108710202616380987121716477859*w - 16972412111463877952527771421*x**2 - 24445508240798433870134619116*x*y - 4061424037433286073001258454*x*z - 14123343087008566589355940667*x - 32335346773700919490795981910*y**2 - 40710682254816316188367240206*y*z - 506040007366620604743863195416*y - 45674773368842322741278393302*z**2 - 183517305702840189668105148398*z + 2198453162292209688070325536882']
  is_equivalent = False
  total_successes = 0, success_rate = 0.0
DEGREE = 4:
METHOD = 'diofantos':


Whole evaluation from the beginning of the script took:
 5.3 seconds, i.e. 0.09 minutes or 0.001 hours.

Current time: 2026-03-28 11:28:08.867573
Sat Mar 28 11:28:09 AM CET 2026
this is oei.sh 0 poltrd-dp-loop4 0 999    doing   doones job_id 486326 task_id 0 * 1000 + 548 --exper_id poltrd-dp-loop4
