==============================================
Starting time (of array_subjob 486326_546):
Sat Mar 28 11:27:59 AM CET 2026
(True, True)
(True, False)
(True, False)
Current time: 2026-03-28 11:28:03.384008 

True
METHOD = 'diofantos'
DEGREE = 4
SCALE = 3000
  all_datasets = 2257
pds0546.csv:
  gt_rhs = '-2*v**2 - 5*w + 6*x - 5*y*z - 8'
d_max = 1
d_max = 2
   target = -2*v**2 - 5*w + 6*x - 5*y*z - 8
['-2*v**2 - 5*w + 6*x - 5*y*z - 8']
  is_equivalent = True
  total_successes = 1, success_rate = 1.0
DEGREE = 4:
METHOD = 'diofantos':


Whole evaluation from the beginning of the script took:
 5.0 seconds, i.e. 0.08 minutes or 0.001 hours.

Current time: 2026-03-28 11:28:08.398516
Sat Mar 28 11:28:08 AM CET 2026
this is oei.sh 0 poltrd-dp-loop4 0 999    doing   doones job_id 486326 task_id 0 * 1000 + 546 --exper_id poltrd-dp-loop4
