==============================================
Starting time (of array_subjob 486326_578):
Sat Mar 28 11:28:04 AM CET 2026
(True, True)
(True, False)
(True, False)
Current time: 2026-03-28 11:28:07.970643 

True
METHOD = 'diofantos'
DEGREE = 4
SCALE = 3000
  all_datasets = 2257
pds0578.csv:
  gt_rhs = '4*v + w + 8*x*z - 6'
d_max = 1
d_max = 2
   target = 4*v + w + 8*x*z - 6
['4*v + w + 8*x*z - 6']
  is_equivalent = True
  total_successes = 1, success_rate = 1.0
DEGREE = 4:
METHOD = 'diofantos':


Whole evaluation from the beginning of the script took:
 5.3 seconds, i.e. 0.09 minutes or 0.001 hours.

Current time: 2026-03-28 11:28:13.232563
Sat Mar 28 11:28:13 AM CET 2026
this is oei.sh 0 poltrd-dp-loop4 0 999    doing   doones job_id 486326 task_id 0 * 1000 + 578 --exper_id poltrd-dp-loop4
