==============================================
Starting time (of array_subjob 486326_575):
Sat Mar 28 11:28:04 AM CET 2026
(True, True)
(True, False)
(True, False)
Current time: 2026-03-28 11:28:07.860506 

True
METHOD = 'diofantos'
DEGREE = 4
SCALE = 3000
  all_datasets = 2257
pds0575.csv:
  gt_rhs = '-4*v*w*y + 2*x**2 + 2'
d_max = 1
d_max = 2
d_max = 3
   target = -4*v*w*y + 2*x**2 + 2
['-4*v*w*y + 2*x**2 + 2']
  is_equivalent = True
  total_successes = 1, success_rate = 1.0
DEGREE = 4:
METHOD = 'diofantos':


Whole evaluation from the beginning of the script took:
 175.8 seconds, i.e. 2.93 minutes or 0.049 hours.

Current time: 2026-03-28 11:31:03.620968
Sat Mar 28 11:31:04 AM CET 2026
this is oei.sh 0 poltrd-dp-loop4 0 999    doing   doones job_id 486326 task_id 0 * 1000 + 575 --exper_id poltrd-dp-loop4
