==============================================
Starting time (of array_subjob 486326_573):
Sat Mar 28 11:28:04 AM CET 2026
(True, True)
(True, False)
(True, False)
Current time: 2026-03-28 11:28:07.873281 

True
METHOD = 'diofantos'
DEGREE = 4
SCALE = 3000
  all_datasets = 2257
pds0573.csv:
  gt_rhs = '-8*w - x - 10*z + 5'
d_max = 1
   target = -8*w - x - 10*z + 5
['-8*w - x - 10*z + 5']
  is_equivalent = True
  total_successes = 1, success_rate = 1.0
DEGREE = 4:
METHOD = 'diofantos':


Whole evaluation from the beginning of the script took:
 0.6 seconds, i.e. 0.01 minutes or 0.0 hours.

Current time: 2026-03-28 11:28:08.473314
Sat Mar 28 11:28:08 AM CET 2026
this is oei.sh 0 poltrd-dp-loop4 0 999    doing   doones job_id 486326 task_id 0 * 1000 + 573 --exper_id poltrd-dp-loop4
