==============================================
Starting time (of array_subjob 486326_596):
Sat Mar 28 11:28:07 AM CET 2026
(True, True)
(True, False)
(True, False)
Current time: 2026-03-28 11:28:11.829078 

True
METHOD = 'diofantos'
DEGREE = 4
SCALE = 3000
  all_datasets = 2257
pds0596.csv:
  gt_rhs = '10*x**4*z**2'
d_max = 1
d_max = 2
   target = 640937252653570058181886379367*v**2 + 304486126478244952590009481781*v*w + 1154764036742039507288244517429*v*x - 3050851456474636854354404940323*v*y - 3516850057093095548367046487216*v*z - 6501003906374822822605881926577*v - 422488674438500044400950135371*w**2 - 924531393013131951173456934158*w*x - 284696866671413027945190804370*w*y + 146460649906143143460311782644*w*z - 2092056866333002365747138085317*w - 552401742260266707681975620233*x**2 - 413221848156763308115321923114*x*y + 374170868818574563700460813864*x*z - 1495803935988854491228535752107*x + 832112260594916962655062615126*y**2 + 2793378806727290460175639947940*y*z + 6062548235567370996824063842842*y + 1548513962015328340149779139691*z**2 + 8253298688799881567290063913041*z + 14747167208119862106491846861580
['640937252653570058181886379367*v**2 + 304486126478244952590009481781*v*w + 1154764036742039507288244517429*v*x - 3050851456474636854354404940323*v*y - 3516850057093095548367046487216*v*z - 6501003906374822822605881926577*v - 422488674438500044400950135371*w**2 - 924531393013131951173456934158*w*x - 284696866671413027945190804370*w*y + 146460649906143143460311782644*w*z - 2092056866333002365747138085317*w - 552401742260266707681975620233*x**2 - 413221848156763308115321923114*x*y + 374170868818574563700460813864*x*z - 1495803935988854491228535752107*x + 832112260594916962655062615126*y**2 + 2793378806727290460175639947940*y*z + 6062548235567370996824063842842*y + 1548513962015328340149779139691*z**2 + 8253298688799881567290063913041*z + 14747167208119862106491846861580']
  is_equivalent = False
  total_successes = 0, success_rate = 0.0
DEGREE = 4:
METHOD = 'diofantos':


Whole evaluation from the beginning of the script took:
 5.3 seconds, i.e. 0.09 minutes or 0.001 hours.

Current time: 2026-03-28 11:28:17.175709
Sat Mar 28 11:28:17 AM CET 2026
this is oei.sh 0 poltrd-dp-loop4 0 999    doing   doones job_id 486326 task_id 0 * 1000 + 596 --exper_id poltrd-dp-loop4
