==============================================
Starting time (of array_subjob 486326_597):
Sat Mar 28 11:28:07 AM CET 2026
(True, True)
(True, False)
(True, False)
Current time: 2026-03-28 11:28:11.845469 

True
METHOD = 'diofantos'
DEGREE = 4
SCALE = 3000
  all_datasets = 2257
pds0597.csv:
  gt_rhs = '-9*w*y**3*z'
d_max = 1
d_max = 2
   target = 206092902121899972037374756402*v**2 - 30042439669385804817137490318*v*w + 28232945347652859000997103796*v*x + 38667787730392149156538700514*v*y - 59736422358700953061286714238*v*z + 579420163804361404812652371636*v - 78791191718102265256124643153*w**2 + 44780795839794573779271691815*w*x - 22263580974447034889328820359*w*y + 37077778467089591792922018756*w*z - 720608822206415989193265503247*w + 38360538551107294487455546836*x**2 - 80594292169684604180142921168*x*y + 60115214057828264294915916585*x*z - 7103023523079239076475535019*x + 15208693095302807927429409606*y**2 + 44055020555258555922186590487*y*z - 679819702370044044575028065175*y + 35422776690596411169323237103*z**2 - 716116856096638486492364524833*z - 4187040563221208392259492392320
['206092902121899972037374756402*v**2 - 30042439669385804817137490318*v*w + 28232945347652859000997103796*v*x + 38667787730392149156538700514*v*y - 59736422358700953061286714238*v*z + 579420163804361404812652371636*v - 78791191718102265256124643153*w**2 + 44780795839794573779271691815*w*x - 22263580974447034889328820359*w*y + 37077778467089591792922018756*w*z - 720608822206415989193265503247*w + 38360538551107294487455546836*x**2 - 80594292169684604180142921168*x*y + 60115214057828264294915916585*x*z - 7103023523079239076475535019*x + 15208693095302807927429409606*y**2 + 44055020555258555922186590487*y*z - 679819702370044044575028065175*y + 35422776690596411169323237103*z**2 - 716116856096638486492364524833*z - 4187040563221208392259492392320']
  is_equivalent = False
  total_successes = 0, success_rate = 0.0
DEGREE = 4:
METHOD = 'diofantos':


Whole evaluation from the beginning of the script took:
 5.8 seconds, i.e. 0.1 minutes or 0.002 hours.

Current time: 2026-03-28 11:28:17.653453
Sat Mar 28 11:28:18 AM CET 2026
this is oei.sh 0 poltrd-dp-loop4 0 999    doing   doones job_id 486326 task_id 0 * 1000 + 597 --exper_id poltrd-dp-loop4
