==============================================
Starting time (of array_subjob 486326_613):
Sat Mar 28 11:28:09 AM CET 2026
(True, True)
(True, False)
(True, False)
Current time: 2026-03-28 11:28:13.468232 

True
METHOD = 'diofantos'
DEGREE = 4
SCALE = 3000
  all_datasets = 2257
pds0613.csv:
  gt_rhs = '10*y'
d_max = 1
   target = 10*y
['10*y']
  is_equivalent = True
  total_successes = 1, success_rate = 1.0
DEGREE = 4:
METHOD = 'diofantos':


Whole evaluation from the beginning of the script took:
 0.6 seconds, i.e. 0.01 minutes or 0.0 hours.

Current time: 2026-03-28 11:28:14.111178
Sat Mar 28 11:28:14 AM CET 2026
this is oei.sh 0 poltrd-dp-loop4 0 999    doing   doones job_id 486326 task_id 0 * 1000 + 613 --exper_id poltrd-dp-loop4
