==============================================
Starting time (of array_subjob 486326_625):
Sat Mar 28 11:28:11 AM CET 2026
(True, True)
(True, False)
(True, False)
Current time: 2026-03-28 11:28:15.438332 

True
METHOD = 'diofantos'
DEGREE = 4
SCALE = 3000
  all_datasets = 2257
pds0625.csv:
  gt_rhs = '9*w*x*z - 4*y - 9'
d_max = 1
d_max = 2
   target = -3887075561123354938614314435328*v**2 - 3175492903794281178279781353718*v*w + 146512579754063573334144903377*v*x + 1553947305290346811275543120854*v*y + 4492707731304171257067402403110*v*z - 1923162093038703753506074364082*v - 790889360940391720305893130932*w**2 - 673515080705475865848715059900*w*x - 1863922312701626285136133143268*w*y - 646790884969830533392560113046*w*z - 29151603542913565018691028035570*w + 2650278930162045500963165368885*x**2 - 3647282627497841840143069744271*x*y + 1144856611433230349796888576725*x*z - 15424470147523520055893665269641*x + 4098267671390035984561844498509*y**2 + 560125667139982055347520911468*y*z + 15743256210032409255448692418251*y + 1773377065250271790663973334694*z**2 + 20386335163938075086466266656408*z - 25901354671708092918839128076643
['-3887075561123354938614314435328*v**2 - 3175492903794281178279781353718*v*w + 146512579754063573334144903377*v*x + 1553947305290346811275543120854*v*y + 4492707731304171257067402403110*v*z - 1923162093038703753506074364082*v - 790889360940391720305893130932*w**2 - 673515080705475865848715059900*w*x - 1863922312701626285136133143268*w*y - 646790884969830533392560113046*w*z - 29151603542913565018691028035570*w + 2650278930162045500963165368885*x**2 - 3647282627497841840143069744271*x*y + 1144856611433230349796888576725*x*z - 15424470147523520055893665269641*x + 4098267671390035984561844498509*y**2 + 560125667139982055347520911468*y*z + 15743256210032409255448692418251*y + 1773377065250271790663973334694*z**2 + 20386335163938075086466266656408*z - 25901354671708092918839128076643']
  is_equivalent = False
  total_successes = 0, success_rate = 0.0
DEGREE = 4:
METHOD = 'diofantos':


Whole evaluation from the beginning of the script took:
 5.2 seconds, i.e. 0.09 minutes or 0.001 hours.

Current time: 2026-03-28 11:28:20.633879
Sat Mar 28 11:28:21 AM CET 2026
this is oei.sh 0 poltrd-dp-loop4 0 999    doing   doones job_id 486326 task_id 0 * 1000 + 625 --exper_id poltrd-dp-loop4
