==============================================
Starting time (of array_subjob 486326_635):
Sat Mar 28 11:28:14 AM CET 2026
(True, True)
(True, False)
(True, False)
Current time: 2026-03-28 11:28:17.953806 

True
METHOD = 'diofantos'
DEGREE = 4
SCALE = 3000
  all_datasets = 2257
pds0635.csv:
  gt_rhs = '2*v*w*x - 8*x*z'
d_max = 1
d_max = 2
d_max = 3
   target = 2*v*w*x - 8*x*z
['2*v*w*x - 8*x*z']
  is_equivalent = True
  total_successes = 1, success_rate = 1.0
DEGREE = 4:
METHOD = 'diofantos':


Whole evaluation from the beginning of the script took:
 152.9 seconds, i.e. 2.55 minutes or 0.042 hours.

Current time: 2026-03-28 11:30:50.886894
Sat Mar 28 11:30:51 AM CET 2026
this is oei.sh 0 poltrd-dp-loop4 0 999    doing   doones job_id 486326 task_id 0 * 1000 + 635 --exper_id poltrd-dp-loop4
