==============================================
Starting time (of array_subjob 486326_646):
Sat Mar 28 11:28:16 AM CET 2026
(True, True)
(True, False)
(True, False)
Current time: 2026-03-28 11:28:20.109440 

True
METHOD = 'diofantos'
DEGREE = 4
SCALE = 3000
  all_datasets = 2257
pds0646.csv:
  gt_rhs = '10*v**2*z + 6*v - 7*w**2 - 8*z'
d_max = 1
d_max = 2
d_max = 3
   target = 10*v**2*z + 6*v - 7*w**2 - 8*z
['10*v**2*z + 6*v - 7*w**2 - 8*z']
  is_equivalent = True
  total_successes = 1, success_rate = 1.0
DEGREE = 4:
METHOD = 'diofantos':


Whole evaluation from the beginning of the script took:
 167.2 seconds, i.e. 2.79 minutes or 0.046 hours.

Current time: 2026-03-28 11:31:07.315522
Sat Mar 28 11:31:07 AM CET 2026
this is oei.sh 0 poltrd-dp-loop4 0 999    doing   doones job_id 486326 task_id 0 * 1000 + 646 --exper_id poltrd-dp-loop4
