==============================================
Starting time (of array_subjob 486326_665):
Sat Mar 28 11:28:19 AM CET 2026
(True, True)
(True, False)
(True, False)
Current time: 2026-03-28 11:28:23.671987 

True
METHOD = 'diofantos'
DEGREE = 4
SCALE = 3000
  all_datasets = 2257
pds0665.csv:
  gt_rhs = '8*v*x**2*y - 10*w + 2*x - 5'
d_max = 1
d_max = 2
   target = 63707789081666509885730600*v**2 - 170523993847788939281494496*v*w - 16474793182974409168939048*v*x + 12975994033697950115356040*v*y - 2359974869741185645815608*v*z + 226667737776027834724741832*v + 287532065948847565728383992*w**2 + 335943227108665712534937760*w*x - 80987700740205838756749232*w*y + 352690387267737046270045312*w*z + 235689998525485217653155374*w + 196465660706919750647174624*x**2 + 330512160283732134634821184*x*y + 12872799161421981024364584*x*z - 4015548615262164995664119158*x - 263658233786103781627907136*y**2 + 177240687580207976516163936*y*z + 2960013356510400463136394256*y + 165049712371243492434072864*z**2 - 1658308465528007641376867104*z - 23092077356116060828236085365
['63707789081666509885730600*v**2 - 170523993847788939281494496*v*w - 16474793182974409168939048*v*x + 12975994033697950115356040*v*y - 2359974869741185645815608*v*z + 226667737776027834724741832*v + 287532065948847565728383992*w**2 + 335943227108665712534937760*w*x - 80987700740205838756749232*w*y + 352690387267737046270045312*w*z + 235689998525485217653155374*w + 196465660706919750647174624*x**2 + 330512160283732134634821184*x*y + 12872799161421981024364584*x*z - 4015548615262164995664119158*x - 263658233786103781627907136*y**2 + 177240687580207976516163936*y*z + 2960013356510400463136394256*y + 165049712371243492434072864*z**2 - 1658308465528007641376867104*z - 23092077356116060828236085365']
  is_equivalent = False
  total_successes = 0, success_rate = 0.0
DEGREE = 4:
METHOD = 'diofantos':


Whole evaluation from the beginning of the script took:
 5.3 seconds, i.e. 0.09 minutes or 0.001 hours.

Current time: 2026-03-28 11:28:28.950164
Sat Mar 28 11:28:29 AM CET 2026
this is oei.sh 0 poltrd-dp-loop4 0 999    doing   doones job_id 486326 task_id 0 * 1000 + 665 --exper_id poltrd-dp-loop4
