==============================================
Starting time (of array_subjob 486326_660):
Sat Mar 28 11:28:19 AM CET 2026
(True, True)
(True, False)
(True, False)
Current time: 2026-03-28 11:28:22.893580 

True
METHOD = 'diofantos'
DEGREE = 4
SCALE = 3000
  all_datasets = 2257
pds0660.csv:
  gt_rhs = '-3*w*y + x - 3*y - 5'
d_max = 1
d_max = 2
   target = -3*w*y + x - 3*y - 5
['-3*w*y + x - 3*y - 5']
  is_equivalent = True
  total_successes = 1, success_rate = 1.0
DEGREE = 4:
METHOD = 'diofantos':


Whole evaluation from the beginning of the script took:
 5.1 seconds, i.e. 0.08 minutes or 0.001 hours.

Current time: 2026-03-28 11:28:27.965951
Sat Mar 28 11:28:28 AM CET 2026
this is oei.sh 0 poltrd-dp-loop4 0 999    doing   doones job_id 486326 task_id 0 * 1000 + 660 --exper_id poltrd-dp-loop4
