==============================================
Starting time (of array_subjob 486326_680):
Sat Mar 28 11:28:24 AM CET 2026
(True, True)
(True, False)
(True, False)
Current time: 2026-03-28 11:28:28.307108 

True
METHOD = 'diofantos'
DEGREE = 4
SCALE = 3000
  all_datasets = 2257
pds0680.csv:
  gt_rhs = '-3*v**2 + 2*w*z**2 - 3'
d_max = 1
d_max = 2
   target = 3669603446786066597472114913*v**2 - 1812159509080524990296495073*v*w + 7974184540473612560939552156*v*x - 4178693126796744567692730308*v*y + 612491583231155514233359423*v*z + 7171535911523524888307411852*v + 288030143810705304326975506*w**2 - 2469913194816124616416008206*w*x - 1274251022882145372828237870*w*y + 94977650709251155297183074*w*z - 10708390548994397664200312705*w + 1300612341948991473494819215*x**2 + 1065943037257995076393945820*x*y - 3144010971981152871104872334*x*z - 18753476259159162281714126471*x - 749147489820136090125098928*y**2 + 1898747848031623794418153006*y*z + 21569195016536013904008284206*y - 2617805671065674299659631716*z**2 - 7677225285550247572477478867*z - 95101175834123350638034511279
['3669603446786066597472114913*v**2 - 1812159509080524990296495073*v*w + 7974184540473612560939552156*v*x - 4178693126796744567692730308*v*y + 612491583231155514233359423*v*z + 7171535911523524888307411852*v + 288030143810705304326975506*w**2 - 2469913194816124616416008206*w*x - 1274251022882145372828237870*w*y + 94977650709251155297183074*w*z - 10708390548994397664200312705*w + 1300612341948991473494819215*x**2 + 1065943037257995076393945820*x*y - 3144010971981152871104872334*x*z - 18753476259159162281714126471*x - 749147489820136090125098928*y**2 + 1898747848031623794418153006*y*z + 21569195016536013904008284206*y - 2617805671065674299659631716*z**2 - 7677225285550247572477478867*z - 95101175834123350638034511279']
  is_equivalent = False
  total_successes = 0, success_rate = 0.0
DEGREE = 4:
METHOD = 'diofantos':


Whole evaluation from the beginning of the script took:
 5.1 seconds, i.e. 0.09 minutes or 0.001 hours.

Current time: 2026-03-28 11:28:33.442516
Sat Mar 28 11:28:33 AM CET 2026
this is oei.sh 0 poltrd-dp-loop4 0 999    doing   doones job_id 486326 task_id 0 * 1000 + 680 --exper_id poltrd-dp-loop4
