==============================================
Starting time (of array_subjob 486326_705):
Sat Mar 28 11:28:29 AM CET 2026
(True, True)
(True, False)
(True, False)
Current time: 2026-03-28 11:28:33.010030 

True
METHOD = 'diofantos'
DEGREE = 4
SCALE = 3000
  all_datasets = 2257
pds0705.csv:
  gt_rhs = '-10*v*z + 3*w*y**2 + 8*w*y*z**2'
d_max = 1
d_max = 2
   target = 175823988089719190798652542342*v**2 + 634806570191353991135298789468*v*w - 513345273637562803245480661814*v*x + 55701315788240565158675151376*v*y - 1002168579385373234601799419648*v*z - 3852906497644567645934872843812*v + 153586150463379991161994976352*w**2 + 260118917837928026010621255745*w*x + 760467171585267113326960935835*w*y - 654193148740567337852904309829*w*z + 3545255949794110797677028190739*w - 22470000468720521496661578415*x**2 + 9533261514076092518855744616*x*y + 230772339993619653848736949523*x*z - 1563629124340532033536665884062*x + 6272649779108931365144267819*y**2 - 568887308897593452808649195734*y*z - 4013351721301777041311396129013*y + 735047315611188721085653879316*z**2 - 1544172409649201019736399540599*z - 32233741364191351882301211380423
['175823988089719190798652542342*v**2 + 634806570191353991135298789468*v*w - 513345273637562803245480661814*v*x + 55701315788240565158675151376*v*y - 1002168579385373234601799419648*v*z - 3852906497644567645934872843812*v + 153586150463379991161994976352*w**2 + 260118917837928026010621255745*w*x + 760467171585267113326960935835*w*y - 654193148740567337852904309829*w*z + 3545255949794110797677028190739*w - 22470000468720521496661578415*x**2 + 9533261514076092518855744616*x*y + 230772339993619653848736949523*x*z - 1563629124340532033536665884062*x + 6272649779108931365144267819*y**2 - 568887308897593452808649195734*y*z - 4013351721301777041311396129013*y + 735047315611188721085653879316*z**2 - 1544172409649201019736399540599*z - 32233741364191351882301211380423']
  is_equivalent = False
  total_successes = 0, success_rate = 0.0
DEGREE = 4:
METHOD = 'diofantos':


Whole evaluation from the beginning of the script took:
 5.5 seconds, i.e. 0.09 minutes or 0.002 hours.

Current time: 2026-03-28 11:28:38.460432
Sat Mar 28 11:28:38 AM CET 2026
this is oei.sh 0 poltrd-dp-loop4 0 999    doing   doones job_id 486326 task_id 0 * 1000 + 705 --exper_id poltrd-dp-loop4
