==============================================
Starting time (of array_subjob 486326_701):
Sat Mar 28 11:28:28 AM CET 2026
(True, True)
(True, False)
(True, False)
Current time: 2026-03-28 11:28:32.643008 

True
METHOD = 'diofantos'
DEGREE = 4
SCALE = 3000
  all_datasets = 2257
pds0701.csv:
  gt_rhs = '-9*v*w*x + 3*w - 2'
d_max = 1
d_max = 2
   target = -268083288517791936609080485377*v**2 - 150093465196815930266827207470*v*w + 463075453819996839197090255466*v*x - 120530179476022620687400385886*v*y + 360941903374491608568900869520*v*z - 3307585245566212427004794221011*v - 41737692827432676104622035646*w**2 + 525432581493090819709971633570*w*x - 187410514749258904437965678073*w*y + 305887609028072579932075455129*w*z - 1385367204224066722314079863654*w + 434091810305388170867228777208*x**2 + 11877166138137906677393150247*x*y - 241497947224420153126162511529*x*z + 3119741483977147118723029654575*x - 145005758332594138792004391726*y**2 - 236983733069964550016551039044*y*z - 1794937362935264261376507551511*y - 140713629711385087666275660195*z**2 - 356360033374018824752664110070*z - 9775166837466542126903379461387
['-268083288517791936609080485377*v**2 - 150093465196815930266827207470*v*w + 463075453819996839197090255466*v*x - 120530179476022620687400385886*v*y + 360941903374491608568900869520*v*z - 3307585245566212427004794221011*v - 41737692827432676104622035646*w**2 + 525432581493090819709971633570*w*x - 187410514749258904437965678073*w*y + 305887609028072579932075455129*w*z - 1385367204224066722314079863654*w + 434091810305388170867228777208*x**2 + 11877166138137906677393150247*x*y - 241497947224420153126162511529*x*z + 3119741483977147118723029654575*x - 145005758332594138792004391726*y**2 - 236983733069964550016551039044*y*z - 1794937362935264261376507551511*y - 140713629711385087666275660195*z**2 - 356360033374018824752664110070*z - 9775166837466542126903379461387']
  is_equivalent = False
  total_successes = 0, success_rate = 0.0
DEGREE = 4:
METHOD = 'diofantos':


Whole evaluation from the beginning of the script took:
 5.5 seconds, i.e. 0.09 minutes or 0.002 hours.

Current time: 2026-03-28 11:28:38.145429
Sat Mar 28 11:28:38 AM CET 2026
this is oei.sh 0 poltrd-dp-loop4 0 999    doing   doones job_id 486326 task_id 0 * 1000 + 701 --exper_id poltrd-dp-loop4
