==============================================
Starting time (of array_subjob 486326_711):
Sat Mar 28 11:28:32 AM CET 2026
(True, True)
(True, False)
(True, False)
Current time: 2026-03-28 11:28:36.183678 

True
METHOD = 'diofantos'
DEGREE = 4
SCALE = 3000
  all_datasets = 2257
pds0711.csv:
  gt_rhs = '-3*v*x*y - 10*v'
d_max = 1
d_max = 2
   target = -17053258018683135960058643628*v**2 + 273451617293321615935339055981*v*w + 52886184575001051785971066444*v*x - 19761812359534887027592569483*v*y + 133982110110858141901541012364*v*z + 106445765090747821568923840358*v + 374160862739571076916111419512*w**2 + 26599935727557814301629126837*w*x - 76732520572589569265451741238*w*y + 95304994371569775790979964963*w*z - 3363860537223247227009822079*w - 15565313895499254531714251612*x**2 - 166845547710618511884639914484*x*y + 33986541850482322490398530224*x*z + 319582073712737332835146870702*x - 494324446251278430792987957697*y**2 - 2389010614265386947212103181*y*z - 1162884725721585964940119588112*y - 27351798956653537417871555664*z**2 + 355538783530459575488359461108*z + 4920839080831821565653088327098
['-17053258018683135960058643628*v**2 + 273451617293321615935339055981*v*w + 52886184575001051785971066444*v*x - 19761812359534887027592569483*v*y + 133982110110858141901541012364*v*z + 106445765090747821568923840358*v + 374160862739571076916111419512*w**2 + 26599935727557814301629126837*w*x - 76732520572589569265451741238*w*y + 95304994371569775790979964963*w*z - 3363860537223247227009822079*w - 15565313895499254531714251612*x**2 - 166845547710618511884639914484*x*y + 33986541850482322490398530224*x*z + 319582073712737332835146870702*x - 494324446251278430792987957697*y**2 - 2389010614265386947212103181*y*z - 1162884725721585964940119588112*y - 27351798956653537417871555664*z**2 + 355538783530459575488359461108*z + 4920839080831821565653088327098']
  is_equivalent = False
  total_successes = 0, success_rate = 0.0
DEGREE = 4:
METHOD = 'diofantos':


Whole evaluation from the beginning of the script took:
 5.5 seconds, i.e. 0.09 minutes or 0.002 hours.

Current time: 2026-03-28 11:28:41.670734
Sat Mar 28 11:28:42 AM CET 2026
this is oei.sh 0 poltrd-dp-loop4 0 999    doing   doones job_id 486326 task_id 0 * 1000 + 711 --exper_id poltrd-dp-loop4
