==============================================
Starting time (of array_subjob 486326_735):
Sat Mar 28 11:28:39 AM CET 2026
(True, True)
(True, False)
(True, False)
Current time: 2026-03-28 11:28:42.869964 

True
METHOD = 'diofantos'
DEGREE = 4
SCALE = 3000
  all_datasets = 2257
pds0735.csv:
  gt_rhs = '-3*x*y*z - 5*y + 7'
d_max = 1
d_max = 2
d_max = 3
   target = -3*x*y*z - 5*y + 7
['-3*x*y*z - 5*y + 7']
  is_equivalent = True
  total_successes = 1, success_rate = 1.0
DEGREE = 4:
METHOD = 'diofantos':


Whole evaluation from the beginning of the script took:
 147.8 seconds, i.e. 2.46 minutes or 0.041 hours.

Current time: 2026-03-28 11:31:10.697572
Sat Mar 28 11:31:11 AM CET 2026
this is oei.sh 0 poltrd-dp-loop4 0 999    doing   doones job_id 486326 task_id 0 * 1000 + 735 --exper_id poltrd-dp-loop4
