==============================================
Starting time (of array_subjob 486326_759):
Sat Mar 28 11:28:48 AM CET 2026
(True, True)
(True, False)
(True, False)
Current time: 2026-03-28 11:28:52.517324 

True
METHOD = 'diofantos'
DEGREE = 4
SCALE = 3000
  all_datasets = 2257
pds0759.csv:
  gt_rhs = '5*v*x**3'
d_max = 1
d_max = 2
   target = 130255187893008479195931879665*v**2 - 218760708301690101462170570410*v*w - 543586803314957700826187443315*v*x + 145296492875600105905665171640*v*y - 82876471029402627708989762910*v*z + 55527577131047686801643836845*v - 64919855258200332168022170425*w**2 - 1675958525660078587303637170*w*x + 127269767831924412729568071490*w*y + 121857099029236830393751915180*w*z - 505271039083294039212177771915*w + 304873207750826601237897585285*x**2 + 50729661321434550091159362800*x*y + 234636509559852210220141778470*x*z - 713728594431951857757765399895*x + 21067765315763677733557048560*y**2 - 60923220622637952669461889540*y*z + 906696728000651958575943207130*y + 25007875627499508442337283315*z**2 + 26932746411713581163541470285*z - 4086883749190750860510932978990
['130255187893008479195931879665*v**2 - 218760708301690101462170570410*v*w - 543586803314957700826187443315*v*x + 145296492875600105905665171640*v*y - 82876471029402627708989762910*v*z + 55527577131047686801643836845*v - 64919855258200332168022170425*w**2 - 1675958525660078587303637170*w*x + 127269767831924412729568071490*w*y + 121857099029236830393751915180*w*z - 505271039083294039212177771915*w + 304873207750826601237897585285*x**2 + 50729661321434550091159362800*x*y + 234636509559852210220141778470*x*z - 713728594431951857757765399895*x + 21067765315763677733557048560*y**2 - 60923220622637952669461889540*y*z + 906696728000651958575943207130*y + 25007875627499508442337283315*z**2 + 26932746411713581163541470285*z - 4086883749190750860510932978990']
  is_equivalent = False
  total_successes = 0, success_rate = 0.0
DEGREE = 4:
METHOD = 'diofantos':


Whole evaluation from the beginning of the script took:
 5.3 seconds, i.e. 0.09 minutes or 0.001 hours.

Current time: 2026-03-28 11:28:57.785015
Sat Mar 28 11:28:58 AM CET 2026
this is oei.sh 0 poltrd-dp-loop4 0 999    doing   doones job_id 486326 task_id 0 * 1000 + 759 --exper_id poltrd-dp-loop4
