==============================================
Starting time (of array_subjob 486326_763):
Sat Mar 28 11:28:49 AM CET 2026
(True, True)
(True, False)
(True, False)
Current time: 2026-03-28 11:28:53.169126 

True
METHOD = 'diofantos'
DEGREE = 4
SCALE = 3000
  all_datasets = 2257
pds0763.csv:
  gt_rhs = '-9*w**2*y - 6*x*z'
d_max = 1
d_max = 2
   target = -367072180915982902593511440142*v**2 - 250355082035507377907995809878*v*w - 485563575115171839755748901254*v*x + 195842827823542989388004139452*v*y + 370224293453720489219661344938*v*z - 1688449639803137806406928628760*v - 246452988368979775433350857561*w**2 - 257945688200501497075969140866*w*x - 255353629175340196342597746927*w*y - 76318778125381274085973620440*w*z + 2395340982490517543844935083781*w - 557834386030760663775735333406*x**2 + 183681899938329341281858261500*x*y + 1524671878397128386512636436210*x*z - 2326128531484155384534121108180*x + 63573718384052587138537380221*y**2 - 815509391372382436712813270136*y*z - 2535572651900073783693832589777*y - 510459936996320944374957034545*z**2 + 5205946735896109715251694968075*z + 34811612144372483255377528691882
['-367072180915982902593511440142*v**2 - 250355082035507377907995809878*v*w - 485563575115171839755748901254*v*x + 195842827823542989388004139452*v*y + 370224293453720489219661344938*v*z - 1688449639803137806406928628760*v - 246452988368979775433350857561*w**2 - 257945688200501497075969140866*w*x - 255353629175340196342597746927*w*y - 76318778125381274085973620440*w*z + 2395340982490517543844935083781*w - 557834386030760663775735333406*x**2 + 183681899938329341281858261500*x*y + 1524671878397128386512636436210*x*z - 2326128531484155384534121108180*x + 63573718384052587138537380221*y**2 - 815509391372382436712813270136*y*z - 2535572651900073783693832589777*y - 510459936996320944374957034545*z**2 + 5205946735896109715251694968075*z + 34811612144372483255377528691882']
  is_equivalent = False
  total_successes = 0, success_rate = 0.0
DEGREE = 4:
METHOD = 'diofantos':


Whole evaluation from the beginning of the script took:
 5.4 seconds, i.e. 0.09 minutes or 0.002 hours.

Current time: 2026-03-28 11:28:58.619058
Sat Mar 28 11:28:59 AM CET 2026
this is oei.sh 0 poltrd-dp-loop4 0 999    doing   doones job_id 486326 task_id 0 * 1000 + 763 --exper_id poltrd-dp-loop4
