==============================================
Starting time (of array_subjob 486326_786):
Sat Mar 28 11:29:03 AM CET 2026
(True, True)
(True, False)
(True, False)
Current time: 2026-03-28 11:29:07.070211 

True
METHOD = 'diofantos'
DEGREE = 4
SCALE = 3000
  all_datasets = 2257
pds0786.csv:
  gt_rhs = '-7*v + 5*w*x*y - x - 7'
d_max = 1
d_max = 2
d_max = 3
   target = -7*v + 5*w*x*y - x - 7
['-7*v + 5*w*x*y - x - 7']
  is_equivalent = True
  total_successes = 1, success_rate = 1.0
DEGREE = 4:
METHOD = 'diofantos':


Whole evaluation from the beginning of the script took:
 165.7 seconds, i.e. 2.76 minutes or 0.046 hours.

Current time: 2026-03-28 11:31:52.746552
Sat Mar 28 11:31:53 AM CET 2026
this is oei.sh 0 poltrd-dp-loop4 0 999    doing   doones job_id 486326 task_id 0 * 1000 + 786 --exper_id poltrd-dp-loop4
