==============================================
Starting time (of array_subjob 486326_820):
Sat Mar 28 11:29:34 AM CET 2026
(True, True)
(True, False)
(True, False)
Current time: 2026-03-28 11:29:37.781443 

True
METHOD = 'diofantos'
DEGREE = 4
SCALE = 3000
  all_datasets = 2257
pds0820.csv:
  gt_rhs = '-10*v*z - 6*z + 9'
d_max = 1
d_max = 2
   target = -10*v*z - 6*z + 9
['-10*v*z - 6*z + 9']
  is_equivalent = True
  total_successes = 1, success_rate = 1.0
DEGREE = 4:
METHOD = 'diofantos':


Whole evaluation from the beginning of the script took:
 5.2 seconds, i.e. 0.09 minutes or 0.001 hours.

Current time: 2026-03-28 11:29:42.983070
Sat Mar 28 11:29:43 AM CET 2026
this is oei.sh 0 poltrd-dp-loop4 0 999    doing   doones job_id 486326 task_id 0 * 1000 + 820 --exper_id poltrd-dp-loop4
