==============================================
Starting time (of array_subjob 486326_827):
Sat Mar 28 11:29:38 AM CET 2026
(True, True)
(True, False)
(True, False)
Current time: 2026-03-28 11:29:42.136396 

True
METHOD = 'diofantos'
DEGREE = 4
SCALE = 3000
  all_datasets = 2257
pds0827.csv:
  gt_rhs = '-5*v*x + 4*w + 7*y'
d_max = 1
d_max = 2
   target = -5*v*x + 4*w + 7*y
['-5*v*x + 4*w + 7*y']
  is_equivalent = True
  total_successes = 1, success_rate = 1.0
DEGREE = 4:
METHOD = 'diofantos':


Whole evaluation from the beginning of the script took:
 5.0 seconds, i.e. 0.08 minutes or 0.001 hours.

Current time: 2026-03-28 11:29:47.171404
Sat Mar 28 11:29:47 AM CET 2026
this is oei.sh 0 poltrd-dp-loop4 0 999    doing   doones job_id 486326 task_id 0 * 1000 + 827 --exper_id poltrd-dp-loop4
