==============================================
Starting time (of array_subjob 486326_832):
Sat Mar 28 11:29:44 AM CET 2026
(True, True)
(True, False)
(True, False)
Current time: 2026-03-28 11:29:47.882007 

True
METHOD = 'diofantos'
DEGREE = 4
SCALE = 3000
  all_datasets = 2257
pds0832.csv:
  gt_rhs = '5*v*z + 3*w*y**2*z - 10'
d_max = 1
d_max = 2
   target = -75765071060138155951945397227*v**2 - 79625934064842359705189047697*v*w + 3790193284339896474671774172*v*x + 183984357739262374898089573474*v*y + 10099501550780069768127185580*v*z + 737530328143091752425788085245*v + 383451445457531635986832228766*w**2 - 535152272857200884453515852497*w*x - 119447678754570944704795837091*w*y - 397540479514162070670769721120*w*z + 3216081202947745720215486205664*w - 95548677743535335476986783846*x**2 + 348153785278344968875608389574*x*y - 83719873512045211665003941586*x*z - 354669678710033910686868844590*x + 256018079029439405931240327785*y**2 + 388065857885540744117804876416*y*z - 357155990212822024344274729885*y - 352452614196057001930469449111*z**2 - 207160931950598342896105376725*z + 1745613937896622966588828517264
['-75765071060138155951945397227*v**2 - 79625934064842359705189047697*v*w + 3790193284339896474671774172*v*x + 183984357739262374898089573474*v*y + 10099501550780069768127185580*v*z + 737530328143091752425788085245*v + 383451445457531635986832228766*w**2 - 535152272857200884453515852497*w*x - 119447678754570944704795837091*w*y - 397540479514162070670769721120*w*z + 3216081202947745720215486205664*w - 95548677743535335476986783846*x**2 + 348153785278344968875608389574*x*y - 83719873512045211665003941586*x*z - 354669678710033910686868844590*x + 256018079029439405931240327785*y**2 + 388065857885540744117804876416*y*z - 357155990212822024344274729885*y - 352452614196057001930469449111*z**2 - 207160931950598342896105376725*z + 1745613937896622966588828517264']
  is_equivalent = False
  total_successes = 0, success_rate = 0.0
DEGREE = 4:
METHOD = 'diofantos':


Whole evaluation from the beginning of the script took:
 5.1 seconds, i.e. 0.08 minutes or 0.001 hours.

Current time: 2026-03-28 11:29:52.938666
Sat Mar 28 11:29:53 AM CET 2026
this is oei.sh 0 poltrd-dp-loop4 0 999    doing   doones job_id 486326 task_id 0 * 1000 + 832 --exper_id poltrd-dp-loop4
