==============================================
Starting time (of array_subjob 486326_846):
Sat Mar 28 11:30:00 AM CET 2026
(True, True)
(True, False)
(True, False)
Current time: 2026-03-28 11:30:04.337941 

True
METHOD = 'diofantos'
DEGREE = 4
SCALE = 3000
  all_datasets = 2257
pds0846.csv:
  gt_rhs = '-4*w*y*z + 3*z'
d_max = 1
d_max = 2
d_max = 3
   target = -4*w*y*z + 3*z
['-4*w*y*z + 3*z']
  is_equivalent = True
  total_successes = 1, success_rate = 1.0
DEGREE = 4:
METHOD = 'diofantos':


Whole evaluation from the beginning of the script took:
 146.8 seconds, i.e. 2.45 minutes or 0.041 hours.

Current time: 2026-03-28 11:32:31.106632
Sat Mar 28 11:32:31 AM CET 2026
this is oei.sh 0 poltrd-dp-loop4 0 999    doing   doones job_id 486326 task_id 0 * 1000 + 846 --exper_id poltrd-dp-loop4
