==============================================
Starting time (of array_subjob 486326_845):
Sat Mar 28 11:29:59 AM CET 2026
(True, True)
(True, False)
(True, False)
Current time: 2026-03-28 11:30:02.970902 

True
METHOD = 'diofantos'
DEGREE = 4
SCALE = 3000
  all_datasets = 2257
pds0845.csv:
  gt_rhs = '4*v*w + 2*w'
d_max = 1
d_max = 2
   target = 4*v*w + 2*w
['4*v*w + 2*w']
  is_equivalent = True
  total_successes = 1, success_rate = 1.0
DEGREE = 4:
METHOD = 'diofantos':


Whole evaluation from the beginning of the script took:
 5.0 seconds, i.e. 0.08 minutes or 0.001 hours.

Current time: 2026-03-28 11:30:07.922241
Sat Mar 28 11:30:08 AM CET 2026
this is oei.sh 0 poltrd-dp-loop4 0 999    doing   doones job_id 486326 task_id 0 * 1000 + 845 --exper_id poltrd-dp-loop4
