==============================================
Starting time (of array_subjob 486326_849):
Sat Mar 28 11:30:01 AM CET 2026
(True, True)
(True, False)
(True, False)
Current time: 2026-03-28 11:30:05.348017 

True
METHOD = 'diofantos'
DEGREE = 4
SCALE = 3000
  all_datasets = 2257
pds0849.csv:
  gt_rhs = '-4*v*w*z - 5*y**2 + 6'
d_max = 1
d_max = 2
   target = -145022801901132060089327513671*v**2 + 77756158675693609334454447618*v*w - 1938816233138818774002325052*v*x + 142967292092608541752888374982*v*y - 323224592747718078361518973930*v*z - 2016490178268834666569772209149*v + 107109628096950585893650948597*w**2 + 26005398485636504548139464578*w*x + 149106489776554195579750839158*w*y - 162624112763987744131591114850*w*z + 781506016988563575730947396545*w + 214309583926908468586119567314*x**2 + 151701584085495323703692073564*x*y - 111528239514325287122643551864*x*z - 325720929790244795959362832578*x - 154527360342950386913817064211*y**2 + 248237974976721050858428789882*y*z + 1440048452774635393423885374758*y - 186535287936042679013533022133*z**2 - 1512817984459602740780585520065*z - 1645764307107223044087502794010
['-145022801901132060089327513671*v**2 + 77756158675693609334454447618*v*w - 1938816233138818774002325052*v*x + 142967292092608541752888374982*v*y - 323224592747718078361518973930*v*z - 2016490178268834666569772209149*v + 107109628096950585893650948597*w**2 + 26005398485636504548139464578*w*x + 149106489776554195579750839158*w*y - 162624112763987744131591114850*w*z + 781506016988563575730947396545*w + 214309583926908468586119567314*x**2 + 151701584085495323703692073564*x*y - 111528239514325287122643551864*x*z - 325720929790244795959362832578*x - 154527360342950386913817064211*y**2 + 248237974976721050858428789882*y*z + 1440048452774635393423885374758*y - 186535287936042679013533022133*z**2 - 1512817984459602740780585520065*z - 1645764307107223044087502794010']
  is_equivalent = False
  total_successes = 0, success_rate = 0.0
DEGREE = 4:
METHOD = 'diofantos':


Whole evaluation from the beginning of the script took:
 5.4 seconds, i.e. 0.09 minutes or 0.002 hours.

Current time: 2026-03-28 11:30:10.782086
Sat Mar 28 11:30:11 AM CET 2026
this is oei.sh 0 poltrd-dp-loop4 0 999    doing   doones job_id 486326 task_id 0 * 1000 + 849 --exper_id poltrd-dp-loop4
