==============================================
Starting time (of array_subjob 486326_863):
Sat Mar 28 11:30:08 AM CET 2026
(True, True)
(True, False)
(True, False)
Current time: 2026-03-28 11:30:12.574164 

True
METHOD = 'diofantos'
DEGREE = 4
SCALE = 3000
  all_datasets = 2257
pds0863.csv:
  gt_rhs = 'v*w*x + 7*w + z + 4'
d_max = 1
d_max = 2
   target = 49427669026140028403619191628*v**2 - 20994887268433778097771017702*v*w - 22123191486138528566416050801*v*x - 27876017389406653815859330661*v*y - 16346069209841031805222074942*v*z + 104253072844940290875157516510*v + 26642393346237064603132974823*w**2 - 12069348609925461185124298914*w*x - 30560057144344013911312308413*w*y + 79484850639730808299439033872*w*z + 75680823884064906074620225420*w + 8878981455609836346624738044*x**2 + 14128772525892377024959825817*x*y + 15140531324962021338723351194*x*z + 69473455371364738148892243018*x + 35031533715480214071368424806*y**2 + 20101555631486695233731171672*y*z - 79005093861771902168560138579*y - 64719565428496578449658755002*z**2 + 177577032148725569084238460199*z - 1648182351646367495252201428370
['49427669026140028403619191628*v**2 - 20994887268433778097771017702*v*w - 22123191486138528566416050801*v*x - 27876017389406653815859330661*v*y - 16346069209841031805222074942*v*z + 104253072844940290875157516510*v + 26642393346237064603132974823*w**2 - 12069348609925461185124298914*w*x - 30560057144344013911312308413*w*y + 79484850639730808299439033872*w*z + 75680823884064906074620225420*w + 8878981455609836346624738044*x**2 + 14128772525892377024959825817*x*y + 15140531324962021338723351194*x*z + 69473455371364738148892243018*x + 35031533715480214071368424806*y**2 + 20101555631486695233731171672*y*z - 79005093861771902168560138579*y - 64719565428496578449658755002*z**2 + 177577032148725569084238460199*z - 1648182351646367495252201428370']
  is_equivalent = False
  total_successes = 0, success_rate = 0.0
DEGREE = 4:
METHOD = 'diofantos':


Whole evaluation from the beginning of the script took:
 5.3 seconds, i.e. 0.09 minutes or 0.001 hours.

Current time: 2026-03-28 11:30:17.916628
Sat Mar 28 11:30:18 AM CET 2026
this is oei.sh 0 poltrd-dp-loop4 0 999    doing   doones job_id 486326 task_id 0 * 1000 + 863 --exper_id poltrd-dp-loop4
