==============================================
Starting time (of array_subjob 486326_879):
Sat Mar 28 11:30:14 AM CET 2026
(True, True)
(True, False)
(True, False)
Current time: 2026-03-28 11:30:18.324253 

True
METHOD = 'diofantos'
DEGREE = 4
SCALE = 3000
  all_datasets = 2257
pds0879.csv:
  gt_rhs = '-8*v - 8*w**2*x + 9*y + 5'
d_max = 1
d_max = 2
   target = 809172360674553591437016169332*v**2 - 822152035053192381853069091500*v*w + 998521399261968990405826161160*v*x + 109068839781200059750034990278*v*y - 945634401938519890002166272412*v*z - 2693106826776350909964386681902*v + 724179544644972763218284590400*w**2 + 234403301149506174265084036822*w*x - 1263080181453891821476347550482*w*y - 169430482596744888708640279812*w*z - 7772134973378102726299674815776*w - 1301243336695778192919589183438*x**2 - 350545853796886570107440500028*x*y + 114215571057982681095650999532*x*z + 5216019677226578923952354571418*x + 310359987271517470926240243616*y**2 + 1209763099564285853553654505778*y*z + 6242677290979343562556234319345*y - 863102741385140570692215025244*z**2 + 2229810580533012750467394980898*z + 36650428906971079517468262423097
['809172360674553591437016169332*v**2 - 822152035053192381853069091500*v*w + 998521399261968990405826161160*v*x + 109068839781200059750034990278*v*y - 945634401938519890002166272412*v*z - 2693106826776350909964386681902*v + 724179544644972763218284590400*w**2 + 234403301149506174265084036822*w*x - 1263080181453891821476347550482*w*y - 169430482596744888708640279812*w*z - 7772134973378102726299674815776*w - 1301243336695778192919589183438*x**2 - 350545853796886570107440500028*x*y + 114215571057982681095650999532*x*z + 5216019677226578923952354571418*x + 310359987271517470926240243616*y**2 + 1209763099564285853553654505778*y*z + 6242677290979343562556234319345*y - 863102741385140570692215025244*z**2 + 2229810580533012750467394980898*z + 36650428906971079517468262423097']
  is_equivalent = False
  total_successes = 0, success_rate = 0.0
DEGREE = 4:
METHOD = 'diofantos':


Whole evaluation from the beginning of the script took:
 5.2 seconds, i.e. 0.09 minutes or 0.001 hours.

Current time: 2026-03-28 11:30:23.486230
Sat Mar 28 11:30:23 AM CET 2026
this is oei.sh 0 poltrd-dp-loop4 0 999    doing   doones job_id 486326 task_id 0 * 1000 + 879 --exper_id poltrd-dp-loop4
