==============================================
Starting time (of array_subjob 486326_889):
Sat Mar 28 11:30:18 AM CET 2026
(True, True)
(True, False)
(True, False)
Current time: 2026-03-28 11:30:22.449799 

True
METHOD = 'diofantos'
DEGREE = 4
SCALE = 3000
  all_datasets = 2257
pds0889.csv:
  gt_rhs = '-3*x*y**2 + 2*x + 2'
d_max = 1
d_max = 2
d_max = 3
   target = -3*x*y**2 + 2*x + 2
['-3*x*y**2 + 2*x + 2']
  is_equivalent = True
  total_successes = 1, success_rate = 1.0
DEGREE = 4:
METHOD = 'diofantos':


Whole evaluation from the beginning of the script took:
 167.2 seconds, i.e. 2.79 minutes or 0.046 hours.

Current time: 2026-03-28 11:33:09.692661
Sat Mar 28 11:33:10 AM CET 2026
this is oei.sh 0 poltrd-dp-loop4 0 999    doing   doones job_id 486326 task_id 0 * 1000 + 889 --exper_id poltrd-dp-loop4
