==============================================
Starting time (of array_subjob 486326_918):
Sat Mar 28 11:30:28 AM CET 2026
(True, True)
(True, False)
(True, False)
Current time: 2026-03-28 11:30:32.285251 

True
METHOD = 'diofantos'
DEGREE = 4
SCALE = 3000
  all_datasets = 2257
pds0918.csv:
  gt_rhs = '-4*w*z + 9*w + 4*x*y*z + 1'
d_max = 1
d_max = 2
   target = 4489070272967529743718900028*v**2 - 3446322921128610652308926022*v*w + 1524977975289495736826934146*v*x + 1849202659617015229925179892*v*y + 800203681367891515427509420*v*z - 15641527834568942961276858422*v + 652920707417519852404091936*w**2 + 6712793202542490233552877586*w*x - 3259904025532015635225027792*w*y + 4638566460632113289694361064*w*z + 9384478122251878720635476523*w + 4245114972161483852870744530*x**2 + 1798934773696852646230799620*x*y + 12213224103887430881083834652*x*z + 40025115264916463321830623324*x - 1370349186618544054431197242*y**2 + 13031459589889028530449996448*y*z - 858921611460573415151457674*y + 5891843353138631880455556406*z**2 + 9773274108841325340208000326*z - 329182712857905038623015150905
['4489070272967529743718900028*v**2 - 3446322921128610652308926022*v*w + 1524977975289495736826934146*v*x + 1849202659617015229925179892*v*y + 800203681367891515427509420*v*z - 15641527834568942961276858422*v + 652920707417519852404091936*w**2 + 6712793202542490233552877586*w*x - 3259904025532015635225027792*w*y + 4638566460632113289694361064*w*z + 9384478122251878720635476523*w + 4245114972161483852870744530*x**2 + 1798934773696852646230799620*x*y + 12213224103887430881083834652*x*z + 40025115264916463321830623324*x - 1370349186618544054431197242*y**2 + 13031459589889028530449996448*y*z - 858921611460573415151457674*y + 5891843353138631880455556406*z**2 + 9773274108841325340208000326*z - 329182712857905038623015150905']
  is_equivalent = False
  total_successes = 0, success_rate = 0.0
DEGREE = 4:
METHOD = 'diofantos':


Whole evaluation from the beginning of the script took:
 5.5 seconds, i.e. 0.09 minutes or 0.002 hours.

Current time: 2026-03-28 11:30:37.826832
Sat Mar 28 11:30:38 AM CET 2026
this is oei.sh 0 poltrd-dp-loop4 0 999    doing   doones job_id 486326 task_id 0 * 1000 + 918 --exper_id poltrd-dp-loop4
