==============================================
Starting time (of array_subjob 486326_910):
Sat Mar 28 11:30:25 AM CET 2026
(True, True)
(True, False)
(True, False)
Current time: 2026-03-28 11:30:29.468314 

True
METHOD = 'diofantos'
DEGREE = 4
SCALE = 3000
  all_datasets = 2257
pds0910.csv:
  gt_rhs = '-7*v**2*w*y**2*z**2 + 9*z'
d_max = 1
d_max = 2
   target = 34528348274235905806373750481*v**2 + 74076218352030568705326188928*v*w - 17399996609138996948909447158*v*x - 15389670723082222552668799575*v*y - 9416064420566901957878821871*v*z + 115252629018027114211268768648*v + 18757845140935491085031889930*w**2 - 26250489761803990091782662278*w*x + 57850449632885423210139153041*w*y + 27991280686031016454873258255*w*z - 88042183313920261219947670425*w - 4098283248975166550779992950*x**2 - 31782952393582346858857662576*x*y - 31838964100855440208392002374*x*z + 92990058432269933683966424078*x - 40117097409741736576294572967*y**2 - 862453525510393065872062552*y*z + 179872582380805798595423901996*y - 23518021941945475350416141578*z**2 - 62390189245559849381350003114*z + 1364970771114565141099989594173
['34528348274235905806373750481*v**2 + 74076218352030568705326188928*v*w - 17399996609138996948909447158*v*x - 15389670723082222552668799575*v*y - 9416064420566901957878821871*v*z + 115252629018027114211268768648*v + 18757845140935491085031889930*w**2 - 26250489761803990091782662278*w*x + 57850449632885423210139153041*w*y + 27991280686031016454873258255*w*z - 88042183313920261219947670425*w - 4098283248975166550779992950*x**2 - 31782952393582346858857662576*x*y - 31838964100855440208392002374*x*z + 92990058432269933683966424078*x - 40117097409741736576294572967*y**2 - 862453525510393065872062552*y*z + 179872582380805798595423901996*y - 23518021941945475350416141578*z**2 - 62390189245559849381350003114*z + 1364970771114565141099989594173']
  is_equivalent = False
  total_successes = 0, success_rate = 0.0
DEGREE = 4:
METHOD = 'diofantos':


Whole evaluation from the beginning of the script took:
 5.4 seconds, i.e. 0.09 minutes or 0.002 hours.

Current time: 2026-03-28 11:30:34.903081
Sat Mar 28 11:30:35 AM CET 2026
this is oei.sh 0 poltrd-dp-loop4 0 999    doing   doones job_id 486326 task_id 0 * 1000 + 910 --exper_id poltrd-dp-loop4
