==============================================
Starting time (of array_subjob 486326_939):
Sat Mar 28 11:30:34 AM CET 2026
(True, True)
(True, False)
(True, False)
Current time: 2026-03-28 11:30:37.909080 

True
METHOD = 'diofantos'
DEGREE = 4
SCALE = 3000
  all_datasets = 2257
pds0939.csv:
  gt_rhs = '-9*w**2*x - 3*y + 6'
d_max = 1
d_max = 2
   target = 362556131145458784938043020472*v**2 - 24876798180905621820563850886*v*w - 34219580965999939444653295500*v*x - 183596118028391186040764017542*v*y - 164388702786386472429235307610*v*z + 747408859590356698869826844592*v + 17578952622533919984182942461*w**2 + 292517513146259727382774204959*w*x - 941465740075326707278405422330*w*y + 935907017920699467564191339850*w*z + 2444093436185786232497738603393*w - 103270376026419583394512839161*x**2 + 245526264038155984532969775530*x*y - 257712130415644544451936303624*x*z + 74901057498670314641812340605*x + 295220512963872197580304100419*y**2 - 559580663083441580356269413876*y*z - 2681720828249193417949779049098*y + 636604778283930492411312328153*z**2 + 2663218102430240869383261791595*z - 18501905961313509238807583781358
['362556131145458784938043020472*v**2 - 24876798180905621820563850886*v*w - 34219580965999939444653295500*v*x - 183596118028391186040764017542*v*y - 164388702786386472429235307610*v*z + 747408859590356698869826844592*v + 17578952622533919984182942461*w**2 + 292517513146259727382774204959*w*x - 941465740075326707278405422330*w*y + 935907017920699467564191339850*w*z + 2444093436185786232497738603393*w - 103270376026419583394512839161*x**2 + 245526264038155984532969775530*x*y - 257712130415644544451936303624*x*z + 74901057498670314641812340605*x + 295220512963872197580304100419*y**2 - 559580663083441580356269413876*y*z - 2681720828249193417949779049098*y + 636604778283930492411312328153*z**2 + 2663218102430240869383261791595*z - 18501905961313509238807583781358']
  is_equivalent = False
  total_successes = 0, success_rate = 0.0
DEGREE = 4:
METHOD = 'diofantos':


Whole evaluation from the beginning of the script took:
 5.7 seconds, i.e. 0.09 minutes or 0.002 hours.

Current time: 2026-03-28 11:30:43.559985
Sat Mar 28 11:30:44 AM CET 2026
this is oei.sh 0 poltrd-dp-loop4 0 999    doing   doones job_id 486326 task_id 0 * 1000 + 939 --exper_id poltrd-dp-loop4
