==============================================
Starting time (of array_subjob 486326_934):
Sat Mar 28 11:30:33 AM CET 2026
(True, True)
(True, False)
(True, False)
Current time: 2026-03-28 11:30:37.240905 

True
METHOD = 'diofantos'
DEGREE = 4
SCALE = 3000
  all_datasets = 2257
pds0934.csv:
  gt_rhs = '-3*w*x*z + 10*z + 3'
d_max = 1
d_max = 2
d_max = 3
   target = -3*w*x*z + 10*z + 3
['-3*w*x*z + 10*z + 3']
  is_equivalent = True
  total_successes = 1, success_rate = 1.0
DEGREE = 4:
METHOD = 'diofantos':


Whole evaluation from the beginning of the script took:
 166.8 seconds, i.e. 2.78 minutes or 0.046 hours.

Current time: 2026-03-28 11:33:24.079640
Sat Mar 28 11:33:24 AM CET 2026
this is oei.sh 0 poltrd-dp-loop4 0 999    doing   doones job_id 486326 task_id 0 * 1000 + 934 --exper_id poltrd-dp-loop4
