==============================================
Starting time (of array_subjob 486326_958):
Sat Mar 28 11:30:41 AM CET 2026
(True, True)
(True, False)
(True, False)
Current time: 2026-03-28 11:30:45.199745 

True
METHOD = 'diofantos'
DEGREE = 4
SCALE = 3000
  all_datasets = 2257
pds0958.csv:
  gt_rhs = '-2*v*x*z + 2*x**2'
d_max = 1
d_max = 2
d_max = 3
   target = -2*v*x*z + 2*x**2
['-2*v*x*z + 2*x**2']
  is_equivalent = True
  total_successes = 1, success_rate = 1.0
DEGREE = 4:
METHOD = 'diofantos':


Whole evaluation from the beginning of the script took:
 160.6 seconds, i.e. 2.68 minutes or 0.045 hours.

Current time: 2026-03-28 11:33:25.779387
Sat Mar 28 11:33:26 AM CET 2026
this is oei.sh 0 poltrd-dp-loop4 0 999    doing   doones job_id 486326 task_id 0 * 1000 + 958 --exper_id poltrd-dp-loop4
