==============================================
Starting time (of array_subjob 486326_953):
Sat Mar 28 11:30:39 AM CET 2026
(True, True)
(True, False)
(True, False)
Current time: 2026-03-28 11:30:43.479968 

True
METHOD = 'diofantos'
DEGREE = 4
SCALE = 3000
  all_datasets = 2257
pds0953.csv:
  gt_rhs = '6*w*x**2*y**3*z'
d_max = 1
d_max = 2
   target = -741136028168928862600176856204*v**2 - 211281035721000273949707452560*v*w + 539547772479760901445015912860*v*x - 336369582024270110819212579100*v*y + 141619137760579821254898177756*v*z - 3107529746714941155771284179364*v - 109033095723967147186001488428*w**2 - 172716514123246757880018480304*w*x + 357490505340812688709703473948*w*y - 3789394297851346821520843280*w*z - 2060777250911607943387857029796*w - 80680541282935448195865167484*x**2 + 79582413295508361722758440660*x*y - 26104933970835276892603048286*x*z + 1299769949307779578022745550024*x + 417732096272981537750458863072*y**2 + 179781374363131986918110714320*y*z + 634405654295056090760631130484*y + 139060225231320138947171436852*z**2 + 1457183674109921303634410629848*z + 3042105182815823632037449516608
['-741136028168928862600176856204*v**2 - 211281035721000273949707452560*v*w + 539547772479760901445015912860*v*x - 336369582024270110819212579100*v*y + 141619137760579821254898177756*v*z - 3107529746714941155771284179364*v - 109033095723967147186001488428*w**2 - 172716514123246757880018480304*w*x + 357490505340812688709703473948*w*y - 3789394297851346821520843280*w*z - 2060777250911607943387857029796*w - 80680541282935448195865167484*x**2 + 79582413295508361722758440660*x*y - 26104933970835276892603048286*x*z + 1299769949307779578022745550024*x + 417732096272981537750458863072*y**2 + 179781374363131986918110714320*y*z + 634405654295056090760631130484*y + 139060225231320138947171436852*z**2 + 1457183674109921303634410629848*z + 3042105182815823632037449516608']
  is_equivalent = False
  total_successes = 0, success_rate = 0.0
DEGREE = 4:
METHOD = 'diofantos':


Whole evaluation from the beginning of the script took:
 5.2 seconds, i.e. 0.09 minutes or 0.001 hours.

Current time: 2026-03-28 11:30:48.699050
Sat Mar 28 11:30:49 AM CET 2026
this is oei.sh 0 poltrd-dp-loop4 0 999    doing   doones job_id 486326 task_id 0 * 1000 + 953 --exper_id poltrd-dp-loop4
