==============================================
Starting time (of array_subjob 486326_972):
Sat Mar 28 11:30:45 AM CET 2026
(True, True)
(True, False)
(True, False)
Current time: 2026-03-28 11:30:49.687032 

True
METHOD = 'diofantos'
DEGREE = 4
SCALE = 3000
  all_datasets = 2257
pds0972.csv:
  gt_rhs = '-4*w*y**2 + 2*w + 7*z'
d_max = 1
d_max = 2
   target = 155438843506793696281925658522*v**2 - 118295720080806700091801492140*v*w + 437857998248190167229771737142*v*x + 1332667910840434668126346926058*v*y - 728947229410129922465853457418*v*z + 7680868878620094749036891556490*v - 239758869219876577963015942285*w**2 - 186723341023381258642929335146*w*x - 968259127330542829642731778656*w*y + 1711404631853640444118652164408*w*z - 1631019951126606823298322736509*w - 243507457458788054534041958221*x**2 + 2895018684475175263347090131642*x*y - 1285104404219503244335041822434*x*z + 1823196168761088050817786807781*x - 3893251608893873245366132414027*y**2 + 1915637503393733980894975296732*y*z + 7856829067041706737974060137469*y + 1938164908034287876744500084272*z**2 - 3236786592762224151961212303053*z + 23450092957253162100833194935542
['155438843506793696281925658522*v**2 - 118295720080806700091801492140*v*w + 437857998248190167229771737142*v*x + 1332667910840434668126346926058*v*y - 728947229410129922465853457418*v*z + 7680868878620094749036891556490*v - 239758869219876577963015942285*w**2 - 186723341023381258642929335146*w*x - 968259127330542829642731778656*w*y + 1711404631853640444118652164408*w*z - 1631019951126606823298322736509*w - 243507457458788054534041958221*x**2 + 2895018684475175263347090131642*x*y - 1285104404219503244335041822434*x*z + 1823196168761088050817786807781*x - 3893251608893873245366132414027*y**2 + 1915637503393733980894975296732*y*z + 7856829067041706737974060137469*y + 1938164908034287876744500084272*z**2 - 3236786592762224151961212303053*z + 23450092957253162100833194935542']
  is_equivalent = False
  total_successes = 0, success_rate = 0.0
DEGREE = 4:
METHOD = 'diofantos':


Whole evaluation from the beginning of the script took:
 5.6 seconds, i.e. 0.09 minutes or 0.002 hours.

Current time: 2026-03-28 11:30:55.324974
Sat Mar 28 11:30:55 AM CET 2026
this is oei.sh 0 poltrd-dp-loop4 0 999    doing   doones job_id 486326 task_id 0 * 1000 + 972 --exper_id poltrd-dp-loop4
