==============================================
Starting time (of array_subjob 486326_996):
Sat Mar 28 11:30:54 AM CET 2026
(True, True)
(True, False)
(True, False)
Current time: 2026-03-28 11:30:58.664596 

True
METHOD = 'diofantos'
DEGREE = 4
SCALE = 3000
  all_datasets = 2257
pds0996.csv:
  gt_rhs = '-x**2 + 8*y'
d_max = 1
d_max = 2
   target = -x**2 + 8*y
['-x**2 + 8*y']
  is_equivalent = True
  total_successes = 1, success_rate = 1.0
DEGREE = 4:
METHOD = 'diofantos':


Whole evaluation from the beginning of the script took:
 5.3 seconds, i.e. 0.09 minutes or 0.001 hours.

Current time: 2026-03-28 11:31:03.936887
Sat Mar 28 11:31:04 AM CET 2026
this is oei.sh 0 poltrd-dp-loop4 0 999    doing   doones job_id 486326 task_id 0 * 1000 + 996 --exper_id poltrd-dp-loop4
