==============================================
Starting time (of array_subjob 65439175_43):
Mon Mar 23 03:50:00 PM CET 2026
(True, True)
(True, False)
(True, False)
Current time: 2026-03-23 15:50:03.919150 

True
METHOD = 'diofantos'
DEGREE = 4
SCALE = 3000
  all_datasets = 2257
pds0043.csv:
  gt_rhs = '9*w**2*y'
d_max = 1
d_max = 2
   target = -1475777060549330444091550143*v**2 - 2192704732218149405047976250*v*w - 1254834091063796653671177336*v*x - 767622160982343094707133110*v*y - 2848792302602659024342582131*v*z + 11973772010679469109120350026*v + 787957160137279172864055219*w**2 - 1225747344970529058422998914*w*x + 2557699325098541672885248611*w*y + 1268766621992784707285391042*w*z - 16388241467060251162150757295*w - 471072000690926342069324892*x**2 + 4063386686615688302103552810*x*y - 1841054934163342693247999700*x*z - 22301582727399132833746017222*x + 8084472652040737160577387681*y**2 + 8676252415445092692472973175*y*z - 99062087986540594975286526594*y - 1672087311166379702960867895*z**2 - 43443738555303128562872028729*z + 307959077290224672663162447312
['-1475777060549330444091550143*v**2 - 2192704732218149405047976250*v*w - 1254834091063796653671177336*v*x - 767622160982343094707133110*v*y - 2848792302602659024342582131*v*z + 11973772010679469109120350026*v + 787957160137279172864055219*w**2 - 1225747344970529058422998914*w*x + 2557699325098541672885248611*w*y + 1268766621992784707285391042*w*z - 16388241467060251162150757295*w - 471072000690926342069324892*x**2 + 4063386686615688302103552810*x*y - 1841054934163342693247999700*x*z - 22301582727399132833746017222*x + 8084472652040737160577387681*y**2 + 8676252415445092692472973175*y*z - 99062087986540594975286526594*y - 1672087311166379702960867895*z**2 - 43443738555303128562872028729*z + 307959077290224672663162447312']
  is_equivalent = False
  total_successes = 0, success_rate = 0.0
DEGREE = 4:
METHOD = 'diofantos':


Whole evaluation from the beginning of the script took:
 3.7 seconds, i.e. 0.06 minutes or 0.001 hours.

Current time: 2026-03-23 15:50:07.640194
Mon Mar 23 03:50:08 PM CET 2026
this is oei.sh 0 sth-dp-d4 0 100    doing   doones job_id 65439175 task_id 0 * 1000 + 43 --exper_id sth-dp-d4
