==============================================
Starting time (of array_subjob 65439175_47):
Mon Mar 23 03:50:00 PM CET 2026
(True, True)
(True, False)
(True, False)
Current time: 2026-03-23 15:50:03.920653 

True
METHOD = 'diofantos'
DEGREE = 4
SCALE = 3000
  all_datasets = 2257
pds0047.csv:
  gt_rhs = '-5*x**4 - 4*y - 5'
d_max = 1
d_max = 2
   target = 1290651240363686900222279208*v**2 - 680481783946696509956981672*v*w - 1156334676123305152539735001*v*x - 67024370501921964935602669*v*y - 2547877396562361892288824374*v*z - 2701539663741730424071384436*v + 270786892434811683100615150*w**2 + 572394304711446716502892118*w*x - 735782115625521304944581548*w*y - 3535583883892738911703440268*w*z + 12185151373559705744220686836*w - 42203945517897403839760748*x**2 + 1180695879834061165725594232*x*y + 1730571276358260176081137981*x*z - 10686236187632787502864715913*x - 707219692582421564309526975*y**2 - 1121355559282882911659463533*y*z + 9604153225915351998159846775*y + 2137685702463149566448289163*z**2 - 760761002621703324199340417*z - 26475320889496204560667566899
['1290651240363686900222279208*v**2 - 680481783946696509956981672*v*w - 1156334676123305152539735001*v*x - 67024370501921964935602669*v*y - 2547877396562361892288824374*v*z - 2701539663741730424071384436*v + 270786892434811683100615150*w**2 + 572394304711446716502892118*w*x - 735782115625521304944581548*w*y - 3535583883892738911703440268*w*z + 12185151373559705744220686836*w - 42203945517897403839760748*x**2 + 1180695879834061165725594232*x*y + 1730571276358260176081137981*x*z - 10686236187632787502864715913*x - 707219692582421564309526975*y**2 - 1121355559282882911659463533*y*z + 9604153225915351998159846775*y + 2137685702463149566448289163*z**2 - 760761002621703324199340417*z - 26475320889496204560667566899']
  is_equivalent = False
  total_successes = 0, success_rate = 0.0
DEGREE = 4:
METHOD = 'diofantos':


Whole evaluation from the beginning of the script took:
 3.7 seconds, i.e. 0.06 minutes or 0.001 hours.

Current time: 2026-03-23 15:50:07.577505
Mon Mar 23 03:50:08 PM CET 2026
this is oei.sh 0 sth-dp-d4 0 100    doing   doones job_id 65439175 task_id 0 * 1000 + 47 --exper_id sth-dp-d4
