==============================================
Starting time (of array_subjob 65439175_55):
Mon Mar 23 03:50:00 PM CET 2026
(True, True)
(True, False)
(True, False)
Current time: 2026-03-23 15:50:04.932563 

True
METHOD = 'diofantos'
DEGREE = 4
SCALE = 3000
  all_datasets = 2257
pds0055.csv:
  gt_rhs = '6 - 2*x**2'
d_max = 1
d_max = 2
   target = 6 - 2*x**2
['6 - 2*x**2']
  is_equivalent = True
  total_successes = 1, success_rate = 1.0
DEGREE = 4:
METHOD = 'diofantos':


Whole evaluation from the beginning of the script took:
 4.2 seconds, i.e. 0.07 minutes or 0.001 hours.

Current time: 2026-03-23 15:50:09.094773
Mon Mar 23 03:50:09 PM CET 2026
this is oei.sh 0 sth-dp-d4 0 100    doing   doones job_id 65439175 task_id 0 * 1000 + 55 --exper_id sth-dp-d4
