==============================================
Starting time (of array_subjob 65439175_74):
Mon Mar 23 03:50:00 PM CET 2026
(True, True)
(True, False)
(True, False)
Current time: 2026-03-23 15:50:04.597466 

True
METHOD = 'diofantos'
DEGREE = 4
SCALE = 3000
  all_datasets = 2257
pds0074.csv:
  gt_rhs = '7*v*w'
d_max = 1
d_max = 2
   target = 7*v*w
['7*v*w']
  is_equivalent = True
  total_successes = 1, success_rate = 1.0
DEGREE = 4:
METHOD = 'diofantos':


Whole evaluation from the beginning of the script took:
 4.0 seconds, i.e. 0.07 minutes or 0.001 hours.

Current time: 2026-03-23 15:50:08.633601
Mon Mar 23 03:50:09 PM CET 2026
this is oei.sh 0 sth-dp-d4 0 100    doing   doones job_id 65439175 task_id 0 * 1000 + 74 --exper_id sth-dp-d4
