==============================================
Starting time (of array_subjob 64686437_18):
Mon Mar  2 11:39:53 AM CET 2026
(True, True)
(True, False)
(True, False)
Current time: 2026-03-02 11:39:55.863833 

True
METHOD = 'diofantos'
DEGREE = 3
SCALE = 3
  all_datasets = 2257
start = 18, end = 19
task_id = 18
pds0018.csv:
  gt_rhs = '9*x*z + 10'
   target = 9*x*z + 10
['9*x*z + 10']
  is_equivalent = True
  total_successes = 1, success_rate = 1.0


Whole evaluation from the beginning of the script took:
 54.2 seconds, i.e. 0.9 minutes or 0.015 hours.

Current time: 2026-03-02 11:40:50.109296
Mon Mar  2 11:40:50 AM CET 2026
this is oei.sh 0 dopa-deg3 0 999    doing   doones job_id 64686437 task_id 0 * 1000 + 18 --exper_id dopa-deg3
