==============================================
Starting time (of array_subjob 64686437_94):
Mon Mar  2 11:39:54 AM CET 2026
(True, True)
(True, False)
(True, False)
Current time: 2026-03-02 11:39:56.408203 

True
METHOD = 'diofantos'
DEGREE = 3
SCALE = 3
  all_datasets = 2257
start = 94, end = 95
task_id = 94
pds0094.csv:
  gt_rhs = '-4*x - 9*z**2'
   target = -4*x - 9*z**2
['-4*x - 9*z**2']
  is_equivalent = True
  total_successes = 1, success_rate = 1.0


Whole evaluation from the beginning of the script took:
 59.9 seconds, i.e. 1.0 minutes or 0.017 hours.

Current time: 2026-03-02 11:40:56.324712
Mon Mar  2 11:40:56 AM CET 2026
this is oei.sh 0 dopa-deg3 0 999    doing   doones job_id 64686437 task_id 0 * 1000 + 94 --exper_id dopa-deg3
