==============================================
Starting time (of array_subjob 64686437_304):
Mon Mar  2 11:39:54 AM CET 2026
(True, True)
(True, False)
(True, False)
Current time: 2026-03-02 11:39:57.522222 

True
METHOD = 'diofantos'
DEGREE = 3
SCALE = 3
  all_datasets = 2257
start = 304, end = 305
task_id = 304
pds0304.csv:
  gt_rhs = '-x*y + x + 3'
   target = -x*y + x + 3
['-x*y + x + 3']
  is_equivalent = True
  total_successes = 1, success_rate = 1.0


Whole evaluation from the beginning of the script took:
 61.9 seconds, i.e. 1.03 minutes or 0.017 hours.

Current time: 2026-03-02 11:40:59.449080
Mon Mar  2 11:40:59 AM CET 2026
this is oei.sh 0 dopa-deg3 0 999    doing   doones job_id 64686437 task_id 0 * 1000 + 304 --exper_id dopa-deg3
