==============================================
Starting time (of array_subjob 64686437_330):
Mon Mar  2 11:39:54 AM CET 2026
(True, True)
(True, False)
(True, False)
Current time: 2026-03-02 11:39:57.530607 

True
METHOD = 'diofantos'
DEGREE = 3
SCALE = 3
  all_datasets = 2257
start = 330, end = 331
task_id = 330
pds0330.csv:
  gt_rhs = '4*v*z + 9*v + 4*w - 10*y'
   target = 4*v*z + 9*v + 4*w - 10*y
['4*v*z + 9*v + 4*w - 10*y']
  is_equivalent = True
  total_successes = 1, success_rate = 1.0


Whole evaluation from the beginning of the script took:
 59.7 seconds, i.e. 1.0 minutes or 0.017 hours.

Current time: 2026-03-02 11:40:57.271521
Mon Mar  2 11:40:57 AM CET 2026
this is oei.sh 0 dopa-deg3 0 999    doing   doones job_id 64686437 task_id 0 * 1000 + 330 --exper_id dopa-deg3
