==============================================
Starting time (of array_subjob 64686437_461):
Mon Mar  2 11:39:55 AM CET 2026
(True, True)
(True, False)
(True, False)
Current time: 2026-03-02 11:39:57.857149 

True
METHOD = 'diofantos'
DEGREE = 3
SCALE = 3
  all_datasets = 2257
start = 461, end = 462
task_id = 461
pds0461.csv:
  gt_rhs = '-5*w - 6*x*z - 10*y + 7'
   target = -5*w - 6*x*z - 10*y + 7
['-5*w - 6*x*z - 10*y + 7']
  is_equivalent = True
  total_successes = 1, success_rate = 1.0


Whole evaluation from the beginning of the script took:
 56.0 seconds, i.e. 0.93 minutes or 0.016 hours.

Current time: 2026-03-02 11:40:53.821539
Mon Mar  2 11:40:54 AM CET 2026
this is oei.sh 0 dopa-deg3 0 999    doing   doones job_id 64686437 task_id 0 * 1000 + 461 --exper_id dopa-deg3
