==============================================
Starting time (of array_subjob 64686437_494):
Mon Mar  2 11:39:55 AM CET 2026
(True, True)
(True, False)
(True, False)
Current time: 2026-03-02 11:39:58.206189 

True
METHOD = 'diofantos'
DEGREE = 3
SCALE = 3
  all_datasets = 2257
start = 494, end = 495
task_id = 494
pds0494.csv:
  gt_rhs = '-3*v*x + 10*w - 8'
   target = -3*v*x + 10*w - 8
['-3*v*x + 10*w - 8']
  is_equivalent = True
  total_successes = 1, success_rate = 1.0


Whole evaluation from the beginning of the script took:
 60.7 seconds, i.e. 1.01 minutes or 0.017 hours.

Current time: 2026-03-02 11:40:58.875753
Mon Mar  2 11:40:59 AM CET 2026
this is oei.sh 0 dopa-deg3 0 999    doing   doones job_id 64686437 task_id 0 * 1000 + 494 --exper_id dopa-deg3
