==============================================
Starting time (of array_subjob 64686437_679):
Mon Mar  2 11:39:58 AM CET 2026
(True, True)
(True, False)
(True, False)
Current time: 2026-03-02 11:40:00.293451 

True
METHOD = 'diofantos'
DEGREE = 3
SCALE = 3
  all_datasets = 2257
start = 679, end = 680
task_id = 679
pds0679.csv:
  gt_rhs = '5*w*y + 2*y'
   target = 5*w*y + 2*y
['5*w*y + 2*y']
  is_equivalent = True
  total_successes = 1, success_rate = 1.0


Whole evaluation from the beginning of the script took:
 62.1 seconds, i.e. 1.03 minutes or 0.017 hours.

Current time: 2026-03-02 11:41:02.370813
Mon Mar  2 11:41:02 AM CET 2026
this is oei.sh 0 dopa-deg3 0 999    doing   doones job_id 64686437 task_id 0 * 1000 + 679 --exper_id dopa-deg3
