==============================================
Starting time (of array_subjob 64686437_671):
Mon Mar  2 11:39:57 AM CET 2026
(True, True)
(True, False)
(True, False)
Current time: 2026-03-02 11:39:59.888168 

True
METHOD = 'diofantos'
DEGREE = 3
SCALE = 3
  all_datasets = 2257
start = 671, end = 672
task_id = 671
pds0671.csv:
  gt_rhs = '-10*v + 3*y + 3*z'
   target = -10*v + 3*y + 3*z
['-10*v + 3*y + 3*z']
  is_equivalent = True
  total_successes = 1, success_rate = 1.0


Whole evaluation from the beginning of the script took:
 55.3 seconds, i.e. 0.92 minutes or 0.015 hours.

Current time: 2026-03-02 11:40:55.186463
Mon Mar  2 11:40:55 AM CET 2026
this is oei.sh 0 dopa-deg3 0 999    doing   doones job_id 64686437 task_id 0 * 1000 + 671 --exper_id dopa-deg3
