==============================================
Starting time (of array_subjob 64686437_701):
Mon Mar  2 11:39:57 AM CET 2026
(True, True)
(True, False)
(True, False)
Current time: 2026-03-02 11:40:00.238170 

True
METHOD = 'diofantos'
DEGREE = 3
SCALE = 3
  all_datasets = 2257
start = 701, end = 702
task_id = 701
pds0701.csv:
  gt_rhs = '-9*v*w*x + 3*w - 2'
   target = -9*v*w*x + 3*w - 2
['-9*v*w*x + 3*w - 2']
  is_equivalent = True
  total_successes = 1, success_rate = 1.0


Whole evaluation from the beginning of the script took:
 61.6 seconds, i.e. 1.03 minutes or 0.017 hours.

Current time: 2026-03-02 11:41:01.814219
Mon Mar  2 11:41:02 AM CET 2026
this is oei.sh 0 dopa-deg3 0 999    doing   doones job_id 64686437 task_id 0 * 1000 + 701 --exper_id dopa-deg3
