==============================================
Starting time (of array_subjob 64686437_743):
Mon Mar  2 11:39:57 AM CET 2026
(True, True)
(True, False)
(True, False)
Current time: 2026-03-02 11:40:00.198779 

True
METHOD = 'diofantos'
DEGREE = 3
SCALE = 3
  all_datasets = 2257
start = 743, end = 744
task_id = 743
pds0743.csv:
  gt_rhs = '2*v**2*x - 5*v*y*z + 4'
   target = 2*v**2*x - 5*v*y*z + 4
['2*v**2*x - 5*v*y*z + 4']
  is_equivalent = True
  total_successes = 1, success_rate = 1.0


Whole evaluation from the beginning of the script took:
 56.8 seconds, i.e. 0.95 minutes or 0.016 hours.

Current time: 2026-03-02 11:40:57.023527
Mon Mar  2 11:40:57 AM CET 2026
this is oei.sh 0 dopa-deg3 0 999    doing   doones job_id 64686437 task_id 0 * 1000 + 743 --exper_id dopa-deg3
