==============================================
Starting time (of array_subjob 64686437_780):
Mon Mar  2 11:39:57 AM CET 2026
(True, True)
(True, False)
(True, False)
Current time: 2026-03-02 11:39:59.902648 

True
METHOD = 'diofantos'
DEGREE = 3
SCALE = 3
  all_datasets = 2257
start = 780, end = 781
task_id = 780
pds0780.csv:
  gt_rhs = '-w**2*x + 2*w**2 + 9*x - 6'
   target = -w**2*x + 2*w**2 + 9*x - 6
['-w**2*x + 2*w**2 + 9*x - 6']
  is_equivalent = True
  total_successes = 1, success_rate = 1.0


Whole evaluation from the beginning of the script took:
 60.4 seconds, i.e. 1.01 minutes or 0.017 hours.

Current time: 2026-03-02 11:41:00.306346
Mon Mar  2 11:41:00 AM CET 2026
this is oei.sh 0 dopa-deg3 0 999    doing   doones job_id 64686437 task_id 0 * 1000 + 780 --exper_id dopa-deg3
