==============================================
Starting time (of array_subjob 64686437_851):
Mon Mar  2 11:39:56 AM CET 2026
(True, True)
(True, False)
(True, False)
Current time: 2026-03-02 11:39:59.881431 

True
METHOD = 'diofantos'
DEGREE = 3
SCALE = 3
  all_datasets = 2257
start = 851, end = 852
task_id = 851
pds0851.csv:
  gt_rhs = '3*v*w**2 - 6'
   target = 3*v*w**2 - 6
['3*v*w**2 - 6']
  is_equivalent = True
  total_successes = 1, success_rate = 1.0


Whole evaluation from the beginning of the script took:
 60.3 seconds, i.e. 1.0 minutes or 0.017 hours.

Current time: 2026-03-02 11:41:00.138086
Mon Mar  2 11:41:00 AM CET 2026
this is oei.sh 0 dopa-deg3 0 999    doing   doones job_id 64686437 task_id 0 * 1000 + 851 --exper_id dopa-deg3
