==============================================
Starting time (of array_subjob 64686437_925):
Mon Mar  2 11:39:58 AM CET 2026
(True, True)
(True, False)
(True, False)
Current time: 2026-03-02 11:40:00.430005 

True
METHOD = 'diofantos'
DEGREE = 3
SCALE = 3
  all_datasets = 2257
start = 925, end = 926
task_id = 925
pds0925.csv:
  gt_rhs = '-v*z - 9'
   target = -v*z - 9
['-v*z - 9']
  is_equivalent = True
  total_successes = 1, success_rate = 1.0


Whole evaluation from the beginning of the script took:
 62.1 seconds, i.e. 1.04 minutes or 0.017 hours.

Current time: 2026-03-02 11:41:02.550637
Mon Mar  2 11:41:02 AM CET 2026
this is oei.sh 0 dopa-deg3 0 999    doing   doones job_id 64686437 task_id 0 * 1000 + 925 --exper_id dopa-deg3
