==============================================
Starting time (of array_subjob 64685437_73):
Mon Mar  2 11:39:49 AM CET 2026
(True, True)
(True, False)
(True, False)
Current time: 2026-03-02 11:39:52.513278 

True
METHOD = 'diofantos'
DEGREE = 3
SCALE = 3
  all_datasets = 2257
start = 1073, end = 1074
task_id = 1073
pds1073.csv:
  gt_rhs = '-6*v*x*z + 8*z'
   target = -6*v*x*z + 8*z
['-6*v*x*z + 8*z']
  is_equivalent = True
  total_successes = 1, success_rate = 1.0


Whole evaluation from the beginning of the script took:
 53.3 seconds, i.e. 0.89 minutes or 0.015 hours.

Current time: 2026-03-02 11:40:45.789957
Mon Mar  2 11:40:46 AM CET 2026
this is oei.sh 1 dopa-deg3 0 999    doing   doones job_id 64685437 task_id 1 * 1000 + 73 --exper_id dopa-deg3
