==============================================
Starting time (of array_subjob 64685437_106):
Mon Mar  2 11:39:50 AM CET 2026
(True, True)
(True, False)
(True, False)
Current time: 2026-03-02 11:39:52.590139 

True
METHOD = 'diofantos'
DEGREE = 3
SCALE = 3
  all_datasets = 2257
start = 1106, end = 1107
task_id = 1106
pds1106.csv:
  gt_rhs = '3*x*z**2 - 10*y'
   target = 3*x*z**2 - 10*y
['3*x*z**2 - 10*y']
  is_equivalent = True
  total_successes = 1, success_rate = 1.0


Whole evaluation from the beginning of the script took:
 47.5 seconds, i.e. 0.79 minutes or 0.013 hours.

Current time: 2026-03-02 11:40:40.121261
Mon Mar  2 11:40:40 AM CET 2026
this is oei.sh 1 dopa-deg3 0 999    doing   doones job_id 64685437 task_id 1 * 1000 + 106 --exper_id dopa-deg3
