==============================================
Starting time (of array_subjob 64685437_122):
Mon Mar  2 11:39:50 AM CET 2026
(True, True)
(True, False)
(True, False)
Current time: 2026-03-02 11:39:52.612468 

True
METHOD = 'diofantos'
DEGREE = 3
SCALE = 3
  all_datasets = 2257
start = 1122, end = 1123
task_id = 1122
pds1122.csv:
  gt_rhs = '-3*v + 7*x**2*y + 8*x*y**2'
   target = -3*v + 7*x**2*y + 8*x*y**2
['-3*v + 7*x**2*y + 8*x*y**2']
  is_equivalent = True
  total_successes = 1, success_rate = 1.0


Whole evaluation from the beginning of the script took:
 55.6 seconds, i.e. 0.93 minutes or 0.015 hours.

Current time: 2026-03-02 11:40:48.169441
Mon Mar  2 11:40:48 AM CET 2026
this is oei.sh 1 dopa-deg3 0 999    doing   doones job_id 64685437 task_id 1 * 1000 + 122 --exper_id dopa-deg3
