==============================================
Starting time (of array_subjob 64685437_288):
Mon Mar  2 11:39:51 AM CET 2026
(True, True)
(True, False)
(True, False)
Current time: 2026-03-02 11:39:53.586899 

True
METHOD = 'diofantos'
DEGREE = 3
SCALE = 3
  all_datasets = 2257
start = 1288, end = 1289
task_id = 1288
pds1288.csv:
  gt_rhs = '9*v*x + 5*v*z - 2*w - 5'
   target = 9*v*x + 5*v*z - 2*w - 5
['9*v*x + 5*v*z - 2*w - 5']
  is_equivalent = True
  total_successes = 1, success_rate = 1.0


Whole evaluation from the beginning of the script took:
 62.5 seconds, i.e. 1.04 minutes or 0.017 hours.

Current time: 2026-03-02 11:40:56.086984
Mon Mar  2 11:40:56 AM CET 2026
this is oei.sh 1 dopa-deg3 0 999    doing   doones job_id 64685437 task_id 1 * 1000 + 288 --exper_id dopa-deg3
