==============================================
Starting time (of array_subjob 64685437_499):
Mon Mar  2 11:39:52 AM CET 2026
(True, True)
(True, False)
(True, False)
Current time: 2026-03-02 11:39:54.408865 

True
METHOD = 'diofantos'
DEGREE = 3
SCALE = 3
  all_datasets = 2257
start = 1499, end = 1500
task_id = 1499
pds1499.csv:
  gt_rhs = '6*v*w*x - 9*v - 6*x + 10'
   target = 6*v*w*x - 9*v - 6*x + 10
['6*v*w*x - 9*v - 6*x + 10']
  is_equivalent = True
  total_successes = 1, success_rate = 1.0


Whole evaluation from the beginning of the script took:
 60.3 seconds, i.e. 1.01 minutes or 0.017 hours.

Current time: 2026-03-02 11:40:54.715757
Mon Mar  2 11:40:55 AM CET 2026
this is oei.sh 1 dopa-deg3 0 999    doing   doones job_id 64685437 task_id 1 * 1000 + 499 --exper_id dopa-deg3
