==============================================
Starting time (of array_subjob 64685437_509):
Mon Mar  2 11:39:52 AM CET 2026
(True, True)
(True, False)
(True, False)
Current time: 2026-03-02 11:39:54.295191 

True
METHOD = 'diofantos'
DEGREE = 3
SCALE = 3
  all_datasets = 2257
start = 1509, end = 1510
task_id = 1509
pds1509.csv:
  gt_rhs = '-5*w - 10*x*z + 5*x + 2'
   target = -5*w - 10*x*z + 5*x + 2
['-5*w - 10*x*z + 5*x + 2']
  is_equivalent = True
  total_successes = 1, success_rate = 1.0


Whole evaluation from the beginning of the script took:
 54.0 seconds, i.e. 0.9 minutes or 0.015 hours.

Current time: 2026-03-02 11:40:48.336157
Mon Mar  2 11:40:48 AM CET 2026
this is oei.sh 1 dopa-deg3 0 999    doing   doones job_id 64685437 task_id 1 * 1000 + 509 --exper_id dopa-deg3
