==============================================
Starting time (of array_subjob 64685437_521):
Mon Mar  2 11:39:52 AM CET 2026
(True, True)
(True, False)
(True, False)
Current time: 2026-03-02 11:39:54.956723 

True
METHOD = 'diofantos'
DEGREE = 3
SCALE = 3
  all_datasets = 2257
start = 1521, end = 1522
task_id = 1521
pds1521.csv:
  gt_rhs = '-3*x + 5*z - 6'
   target = -3*x + 5*z - 6
['-3*x + 5*z - 6']
  is_equivalent = True
  total_successes = 1, success_rate = 1.0


Whole evaluation from the beginning of the script took:
 63.2 seconds, i.e. 1.05 minutes or 0.018 hours.

Current time: 2026-03-02 11:40:58.109809
Mon Mar  2 11:40:58 AM CET 2026
this is oei.sh 1 dopa-deg3 0 999    doing   doones job_id 64685437 task_id 1 * 1000 + 521 --exper_id dopa-deg3
