==============================================
Starting time (of array_subjob 64685437_573):
Mon Mar  2 11:39:52 AM CET 2026
(True, True)
(True, False)
(True, False)
Current time: 2026-03-02 11:39:54.999144 

True
METHOD = 'diofantos'
DEGREE = 3
SCALE = 3
  all_datasets = 2257
start = 1573, end = 1574
task_id = 1573
pds1573.csv:
  gt_rhs = '-y'
   target = -y
['-y']
  is_equivalent = True
  total_successes = 1, success_rate = 1.0


Whole evaluation from the beginning of the script took:
 59.4 seconds, i.e. 0.99 minutes or 0.016 hours.

Current time: 2026-03-02 11:40:54.397857
Mon Mar  2 11:40:54 AM CET 2026
this is oei.sh 1 dopa-deg3 0 999    doing   doones job_id 64685437 task_id 1 * 1000 + 573 --exper_id dopa-deg3
