==============================================
Starting time (of array_subjob 64685437_714):
Mon Mar  2 11:39:53 AM CET 2026
(True, True)
(True, False)
(True, False)
Current time: 2026-03-02 11:39:55.585940 

True
METHOD = 'diofantos'
DEGREE = 3
SCALE = 3
  all_datasets = 2257
start = 1714, end = 1715
task_id = 1714
pds1714.csv:
  gt_rhs = '-2*v*w*z - 9*x**2'
   target = -2*v*w*z - 9*x**2
['-2*v*w*z - 9*x**2']
  is_equivalent = True
  total_successes = 1, success_rate = 1.0


Whole evaluation from the beginning of the script took:
 60.6 seconds, i.e. 1.01 minutes or 0.017 hours.

Current time: 2026-03-02 11:40:56.168455
Mon Mar  2 11:40:56 AM CET 2026
this is oei.sh 1 dopa-deg3 0 999    doing   doones job_id 64685437 task_id 1 * 1000 + 714 --exper_id dopa-deg3
