==============================================
Starting time (of array_subjob 64685437_719):
Mon Mar  2 11:39:53 AM CET 2026
(True, True)
(True, False)
(True, False)
Current time: 2026-03-02 11:39:55.628537 

True
METHOD = 'diofantos'
DEGREE = 3
SCALE = 3
  all_datasets = 2257
start = 1719, end = 1720
task_id = 1719
pds1719.csv:
  gt_rhs = '3*v + 2*x*y - 6*y + 7'
   target = 3*v + 2*x*y - 6*y + 7
['3*v + 2*x*y - 6*y + 7']
  is_equivalent = True
  total_successes = 1, success_rate = 1.0


Whole evaluation from the beginning of the script took:
 62.7 seconds, i.e. 1.04 minutes or 0.017 hours.

Current time: 2026-03-02 11:40:58.309378
Mon Mar  2 11:40:58 AM CET 2026
this is oei.sh 1 dopa-deg3 0 999    doing   doones job_id 64685437 task_id 1 * 1000 + 719 --exper_id dopa-deg3
