==============================================
Starting time (of array_subjob 64685437_844):
Mon Mar  2 11:39:53 AM CET 2026
(True, True)
(True, False)
(True, False)
Current time: 2026-03-02 11:39:55.711335 

True
METHOD = 'diofantos'
DEGREE = 3
SCALE = 3
  all_datasets = 2257
start = 1844, end = 1845
task_id = 1844
pds1844.csv:
  gt_rhs = '2*v*x + 9*w*y*z'
   target = 2*v*x + 9*w*y*z
['2*v*x + 9*w*y*z']
  is_equivalent = True
  total_successes = 1, success_rate = 1.0


Whole evaluation from the beginning of the script took:
 63.3 seconds, i.e. 1.06 minutes or 0.018 hours.

Current time: 2026-03-02 11:40:59.054419
Mon Mar  2 11:40:59 AM CET 2026
this is oei.sh 1 dopa-deg3 0 999    doing   doones job_id 64685437 task_id 1 * 1000 + 844 --exper_id dopa-deg3
