==============================================
Starting time (of array_subjob 64684964_113):
Mon Mar  2 11:39:06 AM CET 2026
(True, True)
(True, False)
(True, False)
Current time: 2026-03-02 11:39:09.779614 

True
METHOD = 'diofantos'
DEGREE = 3
SCALE = 3
  all_datasets = 2257
start = 2113, end = 2114
task_id = 2113
pds2113.csv:
  gt_rhs = '8*v*w*z + w*y - 2*x'
   target = 8*v*w*z + w*y - 2*x
['8*v*w*z + w*y - 2*x']
  is_equivalent = True
  total_successes = 1, success_rate = 1.0


Whole evaluation from the beginning of the script took:
 57.6 seconds, i.e. 0.96 minutes or 0.016 hours.

Current time: 2026-03-02 11:40:07.368283
Mon Mar  2 11:40:07 AM CET 2026
this is oei.sh 2 dopa-deg3 0 260    doing   doones job_id 64684964 task_id 2 * 1000 + 113 --exper_id dopa-deg3
