==============================================
Starting time (of array_subjob 64684964_125):
Mon Mar  2 11:39:06 AM CET 2026
(True, True)
(True, False)
(True, False)
Current time: 2026-03-02 11:39:09.780605 

True
METHOD = 'diofantos'
DEGREE = 3
SCALE = 3
  all_datasets = 2257
start = 2125, end = 2126
task_id = 2125
pds2125.csv:
  gt_rhs = '-10*v*w*z + 6*x'
   target = -10*v*w*z + 6*x
['-10*v*w*z + 6*x']
  is_equivalent = True
  total_successes = 1, success_rate = 1.0


Whole evaluation from the beginning of the script took:
 54.5 seconds, i.e. 0.91 minutes or 0.015 hours.

Current time: 2026-03-02 11:40:04.300174
Mon Mar  2 11:40:04 AM CET 2026
this is oei.sh 2 dopa-deg3 0 260    doing   doones job_id 64684964 task_id 2 * 1000 + 125 --exper_id dopa-deg3
