==============================================
Starting time (of array_subjob 64684964_181):
Mon Mar  2 11:39:07 AM CET 2026
(True, True)
(True, False)
(True, False)
Current time: 2026-03-02 11:39:12.015855 

True
METHOD = 'diofantos'
DEGREE = 3
SCALE = 3
  all_datasets = 2257
start = 2181, end = 2182
task_id = 2181
pds2181.csv:
  gt_rhs = '-5*w - 2*x**2 - y'
   target = -5*w - 2*x**2 - y
['-5*w - 2*x**2 - y']
  is_equivalent = True
  total_successes = 1, success_rate = 1.0


Whole evaluation from the beginning of the script took:
 84.8 seconds, i.e. 1.41 minutes or 0.024 hours.

Current time: 2026-03-02 11:40:36.845908
Mon Mar  2 11:40:37 AM CET 2026
this is oei.sh 2 dopa-deg3 0 260    doing   doones job_id 64684964 task_id 2 * 1000 + 181 --exper_id dopa-deg3
