==============================================
Starting time (of array_subjob 65474260_18):
Tue Mar 24 03:14:32 PM CET 2026
(True, True)
(True, False)
(True, False)
Current time: 2026-03-24 15:14:35.256244 

True
METHOD = 'diofantos'
DEGREE = 4
SCALE = 3000
  all_datasets = 2257
pds0018.csv:
  gt_rhs = '9*x*z + 10'
d_max = 1
d_max = 2
   target = 9*x*z + 10
['9*x*z + 10']
  is_equivalent = True
  total_successes = 1, success_rate = 1.0
DEGREE = 4:
METHOD = 'diofantos':


Whole evaluation from the beginning of the script took:
 3.1 seconds, i.e. 0.05 minutes or 0.001 hours.

Current time: 2026-03-24 15:14:38.320897
Tue Mar 24 03:14:38 PM CET 2026
this is oei.sh 0 sth-dp4-1h 0 999    doing   doones job_id 65474260 task_id 0 * 1000 + 18 --exper_id sth-dp4-1h
