==============================================
Starting time (of array_subjob 65474260_15):
Tue Mar 24 03:14:32 PM CET 2026
(True, True)
(True, False)
(True, False)
Current time: 2026-03-24 15:14:36.479401 

True
METHOD = 'diofantos'
DEGREE = 4
SCALE = 3000
  all_datasets = 2257
pds0015.csv:
  gt_rhs = '-8*z'
d_max = 1
   target = -8*z
['-8*z']
  is_equivalent = True
  total_successes = 1, success_rate = 1.0
DEGREE = 4:
METHOD = 'diofantos':


Whole evaluation from the beginning of the script took:
 0.6 seconds, i.e. 0.01 minutes or 0.0 hours.

Current time: 2026-03-24 15:14:37.102442
Tue Mar 24 03:14:38 PM CET 2026
this is oei.sh 0 sth-dp4-1h 0 999    doing   doones job_id 65474260 task_id 0 * 1000 + 15 --exper_id sth-dp4-1h
