==============================================
Starting time (of array_subjob 65474260_14):
Tue Mar 24 03:14:33 PM CET 2026
(True, True)
(True, False)
(True, False)
Current time: 2026-03-24 15:14:37.069076 

True
METHOD = 'diofantos'
DEGREE = 4
SCALE = 3000
  all_datasets = 2257
pds0014.csv:
  gt_rhs = '-7*w*x*y'
d_max = 1
d_max = 2
d_max = 3
   target = -7*w*x*y
['-7*w*x*y']
  is_equivalent = True
  total_successes = 1, success_rate = 1.0
DEGREE = 4:
METHOD = 'diofantos':


Whole evaluation from the beginning of the script took:
 100.5 seconds, i.e. 1.68 minutes or 0.028 hours.

Current time: 2026-03-24 15:16:17.596690
Tue Mar 24 03:16:18 PM CET 2026
this is oei.sh 0 sth-dp4-1h 0 999    doing   doones job_id 65474260 task_id 0 * 1000 + 14 --exper_id sth-dp4-1h
