==============================================
Starting time (of array_subjob 65474260_65):
Tue Mar 24 03:16:27 PM CET 2026
(True, True)
(True, False)
(True, False)
Current time: 2026-03-24 15:16:29.787272 

True
METHOD = 'diofantos'
DEGREE = 4
SCALE = 3000
  all_datasets = 2257
pds0065.csv:
  gt_rhs = '8*v + 10*w - 4*y - 3'
d_max = 1
   target = 8*v + 10*w - 4*y - 3
['8*v + 10*w - 4*y - 3']
  is_equivalent = True
  total_successes = 1, success_rate = 1.0
DEGREE = 4:
METHOD = 'diofantos':


Whole evaluation from the beginning of the script took:
 0.3 seconds, i.e. 0.0 minutes or 0.0 hours.

Current time: 2026-03-24 15:16:30.073094
Tue Mar 24 03:16:30 PM CET 2026
this is oei.sh 0 sth-dp4-1h 0 999    doing   doones job_id 65474260 task_id 0 * 1000 + 65 --exper_id sth-dp4-1h
