==============================================
Starting time (of array_subjob 65474260_89):
Tue Mar 24 03:17:23 PM CET 2026
(True, True)
(True, False)
(True, False)
Current time: 2026-03-24 15:17:26.392336 

True
METHOD = 'diofantos'
DEGREE = 4
SCALE = 3000
  all_datasets = 2257
pds0089.csv:
  gt_rhs = '6*v*w*z**2'
d_max = 1
d_max = 2
   target = 8095364741166118279033803104*v**2 + 8101180199042894895956181228*v*w + 6351296242577681376115378120*v*x + 1106474343547347961017771608*v*y - 16387652090352378125297797466*v*z + 27231685997921928811593041472*v - 4001711569160894525821840438*w**2 - 6954020792943642960409709218*w*x - 14619501562926689625761604132*w*y - 20983760281495745798465513140*w*z - 56135049191035656892353400314*w + 4191300148512238118637862330*x**2 - 9676503775198545076357207112*x*y - 10479226774349002287764053566*x*z - 43201970936564633336613093130*x - 6081031402741170372307181868*y**2 - 2804141733433559853623466600*y*z - 74061598414835504498269300020*y + 14681995003882328145737445116*z**2 - 54689302017453784720510189260*z - 474664447427282603219415847376
['8095364741166118279033803104*v**2 + 8101180199042894895956181228*v*w + 6351296242577681376115378120*v*x + 1106474343547347961017771608*v*y - 16387652090352378125297797466*v*z + 27231685997921928811593041472*v - 4001711569160894525821840438*w**2 - 6954020792943642960409709218*w*x - 14619501562926689625761604132*w*y - 20983760281495745798465513140*w*z - 56135049191035656892353400314*w + 4191300148512238118637862330*x**2 - 9676503775198545076357207112*x*y - 10479226774349002287764053566*x*z - 43201970936564633336613093130*x - 6081031402741170372307181868*y**2 - 2804141733433559853623466600*y*z - 74061598414835504498269300020*y + 14681995003882328145737445116*z**2 - 54689302017453784720510189260*z - 474664447427282603219415847376']
  is_equivalent = False
  total_successes = 0, success_rate = 0.0
DEGREE = 4:
METHOD = 'diofantos':


Whole evaluation from the beginning of the script took:
 2.5 seconds, i.e. 0.04 minutes or 0.001 hours.

Current time: 2026-03-24 15:17:28.880532
Tue Mar 24 03:17:29 PM CET 2026
this is oei.sh 0 sth-dp4-1h 0 999    doing   doones job_id 65474260 task_id 0 * 1000 + 89 --exper_id sth-dp4-1h
