==============================================
Starting time (of array_subjob 65474260_83):
Tue Mar 24 03:16:27 PM CET 2026
(True, True)
(True, False)
(True, False)
Current time: 2026-03-24 15:16:29.984323 

True
METHOD = 'diofantos'
DEGREE = 4
SCALE = 3000
  all_datasets = 2257
pds0083.csv:
  gt_rhs = '-4*v**2*w*x'
d_max = 1
d_max = 2
   target = -28860628195771791236309486194*v**2 - 89670905486827707369984792680*v*w - 97924457645561514933935996203*v*x - 98759500657624551969543141679*v*y + 117261594692941628566649246072*v*z - 450327298144403955964197019443*v - 170887692108165214062962526087*w**2 - 64476054546073033014898806886*w*x - 139123495642131420351304659918*w*y + 141203556278313222505369148088*w*z + 676707198594001336817555646233*w + 170466600225126057776761229407*x**2 + 51787601828404532788899388180*x*y - 184215229961185719062263195706*x*z - 57325915417587944757911168143*x + 96028104171205245715038899670*y**2 - 66498399400164884773469508798*y*z + 377126791224879122145852905854*y + 33225481064075878930972307865*z**2 - 353946963173213313551243343359*z - 3742684756548419642375097947684
['-28860628195771791236309486194*v**2 - 89670905486827707369984792680*v*w - 97924457645561514933935996203*v*x - 98759500657624551969543141679*v*y + 117261594692941628566649246072*v*z - 450327298144403955964197019443*v - 170887692108165214062962526087*w**2 - 64476054546073033014898806886*w*x - 139123495642131420351304659918*w*y + 141203556278313222505369148088*w*z + 676707198594001336817555646233*w + 170466600225126057776761229407*x**2 + 51787601828404532788899388180*x*y - 184215229961185719062263195706*x*z - 57325915417587944757911168143*x + 96028104171205245715038899670*y**2 - 66498399400164884773469508798*y*z + 377126791224879122145852905854*y + 33225481064075878930972307865*z**2 - 353946963173213313551243343359*z - 3742684756548419642375097947684']
  is_equivalent = False
  total_successes = 0, success_rate = 0.0
DEGREE = 4:
METHOD = 'diofantos':


Whole evaluation from the beginning of the script took:
 1.8 seconds, i.e. 0.03 minutes or 0.001 hours.

Current time: 2026-03-24 15:16:31.792039
Tue Mar 24 03:16:32 PM CET 2026
this is oei.sh 0 sth-dp4-1h 0 999    doing   doones job_id 65474260 task_id 0 * 1000 + 83 --exper_id sth-dp4-1h
