==============================================
Starting time (of array_subjob 65474260_100):
Tue Mar 24 03:18:20 PM CET 2026
(True, True)
(True, False)
(True, False)
Current time: 2026-03-24 15:18:23.518032 

True
METHOD = 'diofantos'
DEGREE = 4
SCALE = 3000
  all_datasets = 2257
pds0100.csv:
  gt_rhs = '5*v**2*y'
d_max = 1
d_max = 2
   target = 43520674992890717395418004794*v**2 - 103905931588769654572945090440*v*w - 114525714645585927917592367322*v*x + 7587560813426776814046963853*v*y + 91853945125970352661000658834*v*z + 160250714274119929055579702514*v - 23978404924352988114322349459*w**2 - 87976556060105876169099747176*w*x + 103595676835082568664998697216*w*y - 161974686229885471138333487368*w*z + 501312214925582379958054612435*w + 248060814312763777524497442463*x**2 + 12268241344992781764975317778*x*y + 6081045187651426069258472500*x*z - 735946510997709678701372582571*x - 47686562906278059321370986324*y**2 + 260449254397228467979695766800*y*z + 206620370934169551095505259862*y - 190431737111054572889308780577*z**2 - 1058244322685949758004038351807*z - 1515428684568932205157206620902
['43520674992890717395418004794*v**2 - 103905931588769654572945090440*v*w - 114525714645585927917592367322*v*x + 7587560813426776814046963853*v*y + 91853945125970352661000658834*v*z + 160250714274119929055579702514*v - 23978404924352988114322349459*w**2 - 87976556060105876169099747176*w*x + 103595676835082568664998697216*w*y - 161974686229885471138333487368*w*z + 501312214925582379958054612435*w + 248060814312763777524497442463*x**2 + 12268241344992781764975317778*x*y + 6081045187651426069258472500*x*z - 735946510997709678701372582571*x - 47686562906278059321370986324*y**2 + 260449254397228467979695766800*y*z + 206620370934169551095505259862*y - 190431737111054572889308780577*z**2 - 1058244322685949758004038351807*z - 1515428684568932205157206620902']
  is_equivalent = False
  total_successes = 0, success_rate = 0.0
DEGREE = 4:
METHOD = 'diofantos':


Whole evaluation from the beginning of the script took:
 2.1 seconds, i.e. 0.03 minutes or 0.001 hours.

Current time: 2026-03-24 15:18:25.615911
Tue Mar 24 03:18:26 PM CET 2026
this is oei.sh 0 sth-dp4-1h 0 999    doing   doones job_id 65474260 task_id 0 * 1000 + 100 --exper_id sth-dp4-1h
