==============================================
Starting time (of array_subjob 65474260_147):
Tue Mar 24 03:19:16 PM CET 2026
(True, True)
(True, False)
(True, False)
Current time: 2026-03-24 15:19:19.384193 

True
METHOD = 'diofantos'
DEGREE = 4
SCALE = 3000
  all_datasets = 2257
pds0147.csv:
  gt_rhs = '-7*v - 6*y - 2*z - 10'
d_max = 1
   target = -7*v - 6*y - 2*z - 10
['-7*v - 6*y - 2*z - 10']
  is_equivalent = True
  total_successes = 1, success_rate = 1.0
DEGREE = 4:
METHOD = 'diofantos':


Whole evaluation from the beginning of the script took:
 0.4 seconds, i.e. 0.01 minutes or 0.0 hours.

Current time: 2026-03-24 15:19:19.823895
Tue Mar 24 03:19:20 PM CET 2026
this is oei.sh 0 sth-dp4-1h 0 999    doing   doones job_id 65474260 task_id 0 * 1000 + 147 --exper_id sth-dp4-1h
