==============================================
Starting time (of array_subjob 65474260_183):
Tue Mar 24 03:20:13 PM CET 2026
(True, True)
(True, False)
(True, False)
Current time: 2026-03-24 15:20:17.153284 

True
METHOD = 'diofantos'
DEGREE = 4
SCALE = 3000
  all_datasets = 2257
pds0183.csv:
  gt_rhs = '-8*w**2*y**2*z**2'
d_max = 1
d_max = 2
   target = -109177190008182702714204451003*v**2 + 159834882180969422949473167460*v*w + 682467983062332706264430553242*v*x - 1365572422590163044882491098812*v*y + 73194054619683696551891366236*v*z - 6704818598622665341625381573383*v + 206912809645035319530553043689*w**2 - 1419992414412443660933641789924*w*x + 744349075701201859038914374568*w*y + 638403495701095892050786937784*w*z + 170546594952211958660714513967*w - 1976453459022630741740216966205*x**2 + 1826168626148825966576305237390*x*y + 554182485275750307922666720978*x*z - 3441490391059588777579301437983*x + 719578150764165936433827688123*y**2 - 149036182482656170827753508558*y*z + 1500505231927089995046564299515*y - 1130300605309289833419395395354*z**2 + 7048352898037712549554103809300*z + 57023848911947201277869929891870
['-109177190008182702714204451003*v**2 + 159834882180969422949473167460*v*w + 682467983062332706264430553242*v*x - 1365572422590163044882491098812*v*y + 73194054619683696551891366236*v*z - 6704818598622665341625381573383*v + 206912809645035319530553043689*w**2 - 1419992414412443660933641789924*w*x + 744349075701201859038914374568*w*y + 638403495701095892050786937784*w*z + 170546594952211958660714513967*w - 1976453459022630741740216966205*x**2 + 1826168626148825966576305237390*x*y + 554182485275750307922666720978*x*z - 3441490391059588777579301437983*x + 719578150764165936433827688123*y**2 - 149036182482656170827753508558*y*z + 1500505231927089995046564299515*y - 1130300605309289833419395395354*z**2 + 7048352898037712549554103809300*z + 57023848911947201277869929891870']
  is_equivalent = False
  total_successes = 0, success_rate = 0.0
DEGREE = 4:
METHOD = 'diofantos':


Whole evaluation from the beginning of the script took:
 3.5 seconds, i.e. 0.06 minutes or 0.001 hours.

Current time: 2026-03-24 15:20:20.667019
Tue Mar 24 03:20:21 PM CET 2026
this is oei.sh 0 sth-dp4-1h 0 999    doing   doones job_id 65474260 task_id 0 * 1000 + 183 --exper_id sth-dp4-1h
