==============================================
Starting time (of array_subjob 65474260_262):
Tue Mar 24 03:23:03 PM CET 2026
(True, True)
(True, False)
(True, False)
Current time: 2026-03-24 15:23:05.648974 

True
METHOD = 'diofantos'
DEGREE = 4
SCALE = 3000
  all_datasets = 2257
pds0262.csv:
  gt_rhs = '-7*w**2 + 6*w*x - 4'
d_max = 1
d_max = 2
   target = -7*w**2 + 6*w*x - 4
['-7*w**2 + 6*w*x - 4']
  is_equivalent = True
  total_successes = 1, success_rate = 1.0
DEGREE = 4:
METHOD = 'diofantos':


Whole evaluation from the beginning of the script took:
 1.8 seconds, i.e. 0.03 minutes or 0.0 hours.

Current time: 2026-03-24 15:23:07.435412
Tue Mar 24 03:23:08 PM CET 2026
this is oei.sh 0 sth-dp4-1h 0 999    doing   doones job_id 65474260 task_id 0 * 1000 + 262 --exper_id sth-dp4-1h
