==============================================
Starting time (of array_subjob 65474260_306):
Tue Mar 24 03:24:00 PM CET 2026
(True, True)
(True, False)
(True, False)
Current time: 2026-03-24 15:24:02.914214 

True
METHOD = 'diofantos'
DEGREE = 4
SCALE = 3000
  all_datasets = 2257
pds0306.csv:
  gt_rhs = '9*v*x - 10*x**2 + 2*x*z - 8*x - 8'
d_max = 1
d_max = 2
   target = 9*v*x - 10*x**2 + 2*x*z - 8*x - 8
['9*v*x - 10*x**2 + 2*x*z - 8*x - 8']
  is_equivalent = True
  total_successes = 1, success_rate = 1.0
DEGREE = 4:
METHOD = 'diofantos':


Whole evaluation from the beginning of the script took:
 1.8 seconds, i.e. 0.03 minutes or 0.001 hours.

Current time: 2026-03-24 15:24:04.751962
Tue Mar 24 03:24:05 PM CET 2026
this is oei.sh 0 sth-dp4-1h 0 999    doing   doones job_id 65474260 task_id 0 * 1000 + 306 --exper_id sth-dp4-1h
