==============================================
Starting time (of array_subjob 65474260_331):
Tue Mar 24 03:24:58 PM CET 2026
(True, True)
(True, False)
(True, False)
Current time: 2026-03-24 15:25:01.124720 

True
METHOD = 'diofantos'
DEGREE = 4
SCALE = 3000
  all_datasets = 2257
pds0331.csv:
  gt_rhs = '-4*v*y**2 - w*x - 7*y + 10'
d_max = 1
d_max = 2
d_max = 3
   target = -4*v*y**2 - w*x - 7*y + 10
['-4*v*y**2 - w*x - 7*y + 10']
  is_equivalent = True
  total_successes = 1, success_rate = 1.0
DEGREE = 4:
METHOD = 'diofantos':


Whole evaluation from the beginning of the script took:
 54.3 seconds, i.e. 0.9 minutes or 0.015 hours.

Current time: 2026-03-24 15:25:55.419578
Tue Mar 24 03:25:56 PM CET 2026
this is oei.sh 0 sth-dp4-1h 0 999    doing   doones job_id 65474260 task_id 0 * 1000 + 331 --exper_id sth-dp4-1h
