==============================================
Starting time (of array_subjob 65474260_333):
Tue Mar 24 03:24:59 PM CET 2026
(True, True)
(True, False)
(True, False)
Current time: 2026-03-24 15:25:03.430811 

True
METHOD = 'diofantos'
DEGREE = 4
SCALE = 3000
  all_datasets = 2257
pds0333.csv:
  gt_rhs = '7*x + 9*z**2 - 6*z + 3'
d_max = 1
d_max = 2
   target = 7*x + 9*z**2 - 6*z + 3
['7*x + 9*z**2 - 6*z + 3']
  is_equivalent = True
  total_successes = 1, success_rate = 1.0
DEGREE = 4:
METHOD = 'diofantos':


Whole evaluation from the beginning of the script took:
 4.1 seconds, i.e. 0.07 minutes or 0.001 hours.

Current time: 2026-03-24 15:25:07.505926
Tue Mar 24 03:25:08 PM CET 2026
this is oei.sh 0 sth-dp4-1h 0 999    doing   doones job_id 65474260 task_id 0 * 1000 + 333 --exper_id sth-dp4-1h
