==============================================
Starting time (of array_subjob 65474260_342):
Tue Mar 24 03:24:58 PM CET 2026
(True, True)
(True, False)
(True, False)
Current time: 2026-03-24 15:25:01.199924 

True
METHOD = 'diofantos'
DEGREE = 4
SCALE = 3000
  all_datasets = 2257
pds0342.csv:
  gt_rhs = '-7*v**2*y - 2*v*w*y + x'
d_max = 1
d_max = 2
d_max = 3
   target = -7*v**2*y - 2*v*w*y + x
['-7*v**2*y - 2*v*w*y + x']
  is_equivalent = True
  total_successes = 1, success_rate = 1.0
DEGREE = 4:
METHOD = 'diofantos':


Whole evaluation from the beginning of the script took:
 89.1 seconds, i.e. 1.49 minutes or 0.025 hours.

Current time: 2026-03-24 15:26:30.315396
Tue Mar 24 03:26:30 PM CET 2026
this is oei.sh 0 sth-dp4-1h 0 999    doing   doones job_id 65474260 task_id 0 * 1000 + 342 --exper_id sth-dp4-1h
