==============================================
Starting time (of array_subjob 65474260_394):
Tue Mar 24 03:27:53 PM CET 2026
(True, True)
(True, False)
(True, False)
Current time: 2026-03-24 15:27:56.159367 

True
METHOD = 'diofantos'
DEGREE = 4
SCALE = 3000
  all_datasets = 2257
pds0394.csv:
  gt_rhs = '-8*w**2*z - 5*w + x - 9'
d_max = 1
d_max = 2
d_max = 3
   target = -8*w**2*z - 5*w + x - 9
['-8*w**2*z - 5*w + x - 9']
  is_equivalent = True
  total_successes = 1, success_rate = 1.0
DEGREE = 4:
METHOD = 'diofantos':


Whole evaluation from the beginning of the script took:
 48.7 seconds, i.e. 0.81 minutes or 0.014 hours.

Current time: 2026-03-24 15:28:44.883212
Tue Mar 24 03:28:45 PM CET 2026
this is oei.sh 0 sth-dp4-1h 0 999    doing   doones job_id 65474260 task_id 0 * 1000 + 394 --exper_id sth-dp4-1h
