==============================================
Starting time (of array_subjob 65474260_429):
Tue Mar 24 03:28:52 PM CET 2026
(True, True)
(True, False)
(True, False)
Current time: 2026-03-24 15:28:56.184369 

True
METHOD = 'diofantos'
DEGREE = 4
SCALE = 3000
  all_datasets = 2257
pds0429.csv:
  gt_rhs = '4*v*w**2 + 5*v + 4*z - 9'
d_max = 1
d_max = 2
d_max = 3
   target = 4*v*w**2 + 5*v + 4*z - 9
['4*v*w**2 + 5*v + 4*z - 9']
  is_equivalent = True
  total_successes = 1, success_rate = 1.0
DEGREE = 4:
METHOD = 'diofantos':


Whole evaluation from the beginning of the script took:
 98.0 seconds, i.e. 1.63 minutes or 0.027 hours.

Current time: 2026-03-24 15:30:34.154871
Tue Mar 24 03:30:34 PM CET 2026
this is oei.sh 0 sth-dp4-1h 0 999    doing   doones job_id 65474260 task_id 0 * 1000 + 429 --exper_id sth-dp4-1h
