==============================================
Starting time (of array_subjob 65474260_451):
Tue Mar 24 03:29:49 PM CET 2026
(True, True)
(True, False)
(True, False)
Current time: 2026-03-24 15:29:52.671741 

True
METHOD = 'diofantos'
DEGREE = 4
SCALE = 3000
  all_datasets = 2257
pds0451.csv:
  gt_rhs = '-9*v*w - 7*y'
d_max = 1
d_max = 2
   target = -9*v*w - 7*y
['-9*v*w - 7*y']
  is_equivalent = True
  total_successes = 1, success_rate = 1.0
DEGREE = 4:
METHOD = 'diofantos':


Whole evaluation from the beginning of the script took:
 2.6 seconds, i.e. 0.04 minutes or 0.001 hours.

Current time: 2026-03-24 15:29:55.277873
Tue Mar 24 03:29:55 PM CET 2026
this is oei.sh 0 sth-dp4-1h 0 999    doing   doones job_id 65474260 task_id 0 * 1000 + 451 --exper_id sth-dp4-1h
