==============================================
Starting time (of array_subjob 65474260_504):
Tue Mar 24 03:31:43 PM CET 2026
(True, True)
(True, False)
(True, False)
Current time: 2026-03-24 15:31:47.516399 

True
METHOD = 'diofantos'
DEGREE = 4
SCALE = 3000
  all_datasets = 2257
pds0504.csv:
  gt_rhs = '8*v*w**3 - 7*w + 3'
d_max = 1
d_max = 2
   target = 10778824089732116602480888453*v**2 + 26018899385575143149566227666*v*w - 21548854824383579199793446378*v*x + 7244829358720728738301519120*v*y + 37987900152496716331213006329*v*z + 35640013822498556758375754520*v + 12707200219435535818115385484*w**2 - 10307672952263435960260999238*w*x + 4782750580198181190911471042*w*y + 14682849785753856128737029983*w*z - 794212165259568282392576168*w - 5437028561888949834683570705*x**2 - 7858322430380575969001317486*x*y + 5395764388417523982034716128*x*z - 31919552698023323074534925739*x + 5754970692378115439021598267*y**2 + 17066118966370045635938210184*y*z - 26366746462618668419722816059*y + 12337808482315717610878678739*z**2 - 21648376643402002094609988684*z - 669239882769433438645700685116
['10778824089732116602480888453*v**2 + 26018899385575143149566227666*v*w - 21548854824383579199793446378*v*x + 7244829358720728738301519120*v*y + 37987900152496716331213006329*v*z + 35640013822498556758375754520*v + 12707200219435535818115385484*w**2 - 10307672952263435960260999238*w*x + 4782750580198181190911471042*w*y + 14682849785753856128737029983*w*z - 794212165259568282392576168*w - 5437028561888949834683570705*x**2 - 7858322430380575969001317486*x*y + 5395764388417523982034716128*x*z - 31919552698023323074534925739*x + 5754970692378115439021598267*y**2 + 17066118966370045635938210184*y*z - 26366746462618668419722816059*y + 12337808482315717610878678739*z**2 - 21648376643402002094609988684*z - 669239882769433438645700685116']
  is_equivalent = False
  total_successes = 0, success_rate = 0.0
DEGREE = 4:
METHOD = 'diofantos':


Whole evaluation from the beginning of the script took:
 3.5 seconds, i.e. 0.06 minutes or 0.001 hours.

Current time: 2026-03-24 15:31:50.992946
Tue Mar 24 03:31:51 PM CET 2026
this is oei.sh 0 sth-dp4-1h 0 999    doing   doones job_id 65474260 task_id 0 * 1000 + 504 --exper_id sth-dp4-1h
