==============================================
Starting time (of array_subjob 65474260_531):
Tue Mar 24 03:32:39 PM CET 2026
(True, True)
(True, False)
(True, False)
Current time: 2026-03-24 15:32:41.862973 

True
METHOD = 'diofantos'
DEGREE = 4
SCALE = 3000
  all_datasets = 2257
pds0531.csv:
  gt_rhs = '-4*w*x*y*z'
d_max = 1
d_max = 2
   target = -28069574287030296955836783068*v**2 - 3680121659696803965875073145*v*w - 4163894397158002051320050061*v*x + 194346614920431733647103448*v*y + 23808955287669259907722487195*v*z - 84243689755807653155397921906*v + 8070401254107027356901008470*w**2 - 1193433172538184900222353990*w*x - 207281337483819947532006270*w*y + 22932801455851628337278571463*w*z + 90635091300937102212398610869*w + 11468095786326401548658825734*x**2 - 12453066262765285043917220672*x*y - 7282016385364274659337644935*x*z + 38644389798378918020681839805*x + 2462119079010908948654017115*y**2 - 11983427405229138515315193384*y*z - 139598866648048513880594046033*y - 15988665152812650469816712937*z**2 - 74474807291276280729928356611*z + 47903259493970760891731324
['-28069574287030296955836783068*v**2 - 3680121659696803965875073145*v*w - 4163894397158002051320050061*v*x + 194346614920431733647103448*v*y + 23808955287669259907722487195*v*z - 84243689755807653155397921906*v + 8070401254107027356901008470*w**2 - 1193433172538184900222353990*w*x - 207281337483819947532006270*w*y + 22932801455851628337278571463*w*z + 90635091300937102212398610869*w + 11468095786326401548658825734*x**2 - 12453066262765285043917220672*x*y - 7282016385364274659337644935*x*z + 38644389798378918020681839805*x + 2462119079010908948654017115*y**2 - 11983427405229138515315193384*y*z - 139598866648048513880594046033*y - 15988665152812650469816712937*z**2 - 74474807291276280729928356611*z + 47903259493970760891731324']
  is_equivalent = False
  total_successes = 0, success_rate = 0.0
DEGREE = 4:
METHOD = 'diofantos':


Whole evaluation from the beginning of the script took:
 1.9 seconds, i.e. 0.03 minutes or 0.001 hours.

Current time: 2026-03-24 15:32:43.790599
Tue Mar 24 03:32:44 PM CET 2026
this is oei.sh 0 sth-dp4-1h 0 999    doing   doones job_id 65474260 task_id 0 * 1000 + 531 --exper_id sth-dp4-1h
