==============================================
Starting time (of array_subjob 65474260_535):
Tue Mar 24 03:32:40 PM CET 2026
(True, True)
(True, False)
(True, False)
Current time: 2026-03-24 15:32:43.867741 

True
METHOD = 'diofantos'
DEGREE = 4
SCALE = 3000
  all_datasets = 2257
pds0535.csv:
  gt_rhs = '-9*w*x**2 + 8*w*x*y - 6*w + 1'
d_max = 1
d_max = 2
   target = 329550402122788919884604853758*v**2 + 398418714004070627177821002092*v*w + 303126699887942802362092066954*v*x - 47457181648562811016039587077*v*y + 511445178680616358440236530176*v*z + 3472143373259510696162322451362*v - 333684264872591590345788302979*w**2 - 325323887942929750863263626433*w*x + 235326378882974876861689741429*w*y + 443972768356346896479836871516*w*z + 73671893936330846298513774789*w + 167349172453715752222073650908*x**2 + 141748326795227127719769044827*x*y + 550985662629714871905680539364*x*z + 1799497003595366317488421588468*x - 501099895993929181797584503043*y**2 - 266443745058405402548660780065*y*z - 1171365617392388654004190665535*y + 175683929112866118829959280181*z**2 + 2577097555767827683898577570141*z + 16655040672638902753573454593931
['329550402122788919884604853758*v**2 + 398418714004070627177821002092*v*w + 303126699887942802362092066954*v*x - 47457181648562811016039587077*v*y + 511445178680616358440236530176*v*z + 3472143373259510696162322451362*v - 333684264872591590345788302979*w**2 - 325323887942929750863263626433*w*x + 235326378882974876861689741429*w*y + 443972768356346896479836871516*w*z + 73671893936330846298513774789*w + 167349172453715752222073650908*x**2 + 141748326795227127719769044827*x*y + 550985662629714871905680539364*x*z + 1799497003595366317488421588468*x - 501099895993929181797584503043*y**2 - 266443745058405402548660780065*y*z - 1171365617392388654004190665535*y + 175683929112866118829959280181*z**2 + 2577097555767827683898577570141*z + 16655040672638902753573454593931']
  is_equivalent = False
  total_successes = 0, success_rate = 0.0
DEGREE = 4:
METHOD = 'diofantos':


Whole evaluation from the beginning of the script took:
 3.5 seconds, i.e. 0.06 minutes or 0.001 hours.

Current time: 2026-03-24 15:32:47.401698
Tue Mar 24 03:32:47 PM CET 2026
this is oei.sh 0 sth-dp4-1h 0 999    doing   doones job_id 65474260 task_id 0 * 1000 + 535 --exper_id sth-dp4-1h
