==============================================
Starting time (of array_subjob 65474260_555):
Tue Mar 24 03:33:37 PM CET 2026
(True, True)
(True, False)
(True, False)
Current time: 2026-03-24 15:33:40.834087 

True
METHOD = 'diofantos'
DEGREE = 4
SCALE = 3000
  all_datasets = 2257
pds0555.csv:
  gt_rhs = '-6*v*w*x**2 + 8*z + 2'
d_max = 1
d_max = 2
   target = -71190039487965141119705746874*v**2 + 47349369108021616247640072452*v*w - 32933825252619947235033052766*v*x + 28726382445860881291639739194*v*y + 68356778312773350167951014492*v*z - 346310127864331233438225976968*v + 21343881159802070650335017352*w**2 + 13508400044185650426019104042*w*x - 2822466402438464481240020916*w*y - 86969712984884828388515196558*w*z + 436377830301142980664615646198*w - 17381882090060773178262094696*x**2 + 17020495608276324876241767254*x*y + 52703675682620742238596047070*x*z - 121045019872376523417711120302*x + 212030206375815322863865122*y**2 + 7244128290777659613941428066*y*z + 293504239888758280236153113720*y + 25090101646028422997023837042*z**2 + 239428220328506802011069670776*z + 2324613349211031937103406078404
['-71190039487965141119705746874*v**2 + 47349369108021616247640072452*v*w - 32933825252619947235033052766*v*x + 28726382445860881291639739194*v*y + 68356778312773350167951014492*v*z - 346310127864331233438225976968*v + 21343881159802070650335017352*w**2 + 13508400044185650426019104042*w*x - 2822466402438464481240020916*w*y - 86969712984884828388515196558*w*z + 436377830301142980664615646198*w - 17381882090060773178262094696*x**2 + 17020495608276324876241767254*x*y + 52703675682620742238596047070*x*z - 121045019872376523417711120302*x + 212030206375815322863865122*y**2 + 7244128290777659613941428066*y*z + 293504239888758280236153113720*y + 25090101646028422997023837042*z**2 + 239428220328506802011069670776*z + 2324613349211031937103406078404']
  is_equivalent = False
  total_successes = 0, success_rate = 0.0
DEGREE = 4:
METHOD = 'diofantos':


Whole evaluation from the beginning of the script took:
 3.4 seconds, i.e. 0.06 minutes or 0.001 hours.

Current time: 2026-03-24 15:33:44.245012
Tue Mar 24 03:33:44 PM CET 2026
this is oei.sh 0 sth-dp4-1h 0 999    doing   doones job_id 65474260 task_id 0 * 1000 + 555 --exper_id sth-dp4-1h
