==============================================
Starting time (of array_subjob 65474260_571):
Tue Mar 24 03:33:36 PM CET 2026
(True, True)
(True, False)
(True, False)
Current time: 2026-03-24 15:33:38.546038 

True
METHOD = 'diofantos'
DEGREE = 4
SCALE = 3000
  all_datasets = 2257
pds0571.csv:
  gt_rhs = '3*w*x*z + z'
d_max = 1
d_max = 2
   target = -20758869696636378679872380076*v**2 + 31146766442649552671677315472*v*w - 31443303421754111955425445894*v*x - 12030096947614167612412208724*v*y - 14645749373384859647101873138*v*z - 52873810073091819960013808712*v - 27999027191983407118513451122*w**2 + 9534982253741792732137394848*w*x - 38205987842354152881086823014*w*y + 7850029456725007651627478004*w*z - 482921726961286366443245911540*w - 1789494710367518221700942874*x**2 - 85153773717676855901651907588*x*y + 14866827946731106441527355336*x*z - 532597287210814899779635816854*x + 65411885897946245984053804320*y**2 + 102977967555123050246478334*y*z + 304443340638936305453535846366*y + 33992399764852840986248728732*z**2 + 70769126350324689509341765521*z - 1185956573296293905600291155254
['-20758869696636378679872380076*v**2 + 31146766442649552671677315472*v*w - 31443303421754111955425445894*v*x - 12030096947614167612412208724*v*y - 14645749373384859647101873138*v*z - 52873810073091819960013808712*v - 27999027191983407118513451122*w**2 + 9534982253741792732137394848*w*x - 38205987842354152881086823014*w*y + 7850029456725007651627478004*w*z - 482921726961286366443245911540*w - 1789494710367518221700942874*x**2 - 85153773717676855901651907588*x*y + 14866827946731106441527355336*x*z - 532597287210814899779635816854*x + 65411885897946245984053804320*y**2 + 102977967555123050246478334*y*z + 304443340638936305453535846366*y + 33992399764852840986248728732*z**2 + 70769126350324689509341765521*z - 1185956573296293905600291155254']
  is_equivalent = False
  total_successes = 0, success_rate = 0.0
DEGREE = 4:
METHOD = 'diofantos':


Whole evaluation from the beginning of the script took:
 1.9 seconds, i.e. 0.03 minutes or 0.001 hours.

Current time: 2026-03-24 15:33:40.438132
Tue Mar 24 03:33:40 PM CET 2026
this is oei.sh 0 sth-dp4-1h 0 999    doing   doones job_id 65474260 task_id 0 * 1000 + 571 --exper_id sth-dp4-1h
