==============================================
Starting time (of array_subjob 65474260_631):
Tue Mar 24 03:35:28 PM CET 2026
(True, True)
(True, False)
(True, False)
Current time: 2026-03-24 15:35:31.105211 

True
METHOD = 'diofantos'
DEGREE = 4
SCALE = 3000
  all_datasets = 2257
pds0631.csv:
  gt_rhs = '-2*w*y**3 - x'
d_max = 1
d_max = 2
   target = 4743430298498549255133889156*v**2 + 49107247193005785636652267015*v*w - 90697714100011182202071494437*v*x + 190644495127521405162090246501*v*y + 3620126853296621657581671400*v*z + 1579381082725210163291593151795*v + 4167529366526761460547820698*w**2 - 271812878739103958061105728465*w*x + 65513281310107524861695472311*w*y + 665743161433008001784682115391*w*z + 2313737220987804060614360056363*w - 71130041148134620314008162129*x**2 + 32708451470824968494255715030*x*y - 186139177597649207689539105689*x*z - 911638064655198364264119890669*x + 193190483733878906818350296243*y**2 + 457556716110901796984880004389*y*z + 3594383813846140864567900326408*y - 624443859734927553330435990128*z**2 - 3423273875606547071698791858281*z + 840982023808629647178635849029
['4743430298498549255133889156*v**2 + 49107247193005785636652267015*v*w - 90697714100011182202071494437*v*x + 190644495127521405162090246501*v*y + 3620126853296621657581671400*v*z + 1579381082725210163291593151795*v + 4167529366526761460547820698*w**2 - 271812878739103958061105728465*w*x + 65513281310107524861695472311*w*y + 665743161433008001784682115391*w*z + 2313737220987804060614360056363*w - 71130041148134620314008162129*x**2 + 32708451470824968494255715030*x*y - 186139177597649207689539105689*x*z - 911638064655198364264119890669*x + 193190483733878906818350296243*y**2 + 457556716110901796984880004389*y*z + 3594383813846140864567900326408*y - 624443859734927553330435990128*z**2 - 3423273875606547071698791858281*z + 840982023808629647178635849029']
  is_equivalent = False
  total_successes = 0, success_rate = 0.0
DEGREE = 4:
METHOD = 'diofantos':


Whole evaluation from the beginning of the script took:
 2.1 seconds, i.e. 0.03 minutes or 0.001 hours.

Current time: 2026-03-24 15:35:33.158464
Tue Mar 24 03:35:33 PM CET 2026
this is oei.sh 0 sth-dp4-1h 0 999    doing   doones job_id 65474260 task_id 0 * 1000 + 631 --exper_id sth-dp4-1h
