==============================================
Starting time (of array_subjob 65474260_669):
Tue Mar 24 03:36:25 PM CET 2026
(True, True)
(True, False)
(True, False)
Current time: 2026-03-24 15:36:27.781315 

True
METHOD = 'diofantos'
DEGREE = 4
SCALE = 3000
  all_datasets = 2257
pds0669.csv:
  gt_rhs = '8*w*z**2 + 9*y - 6'
d_max = 1
d_max = 2
   target = 3500174060058344309433359437208*v**2 + 5867300649786175978052594931776*v*w + 1833064206673405225848524332272*v*x + 3855130390736263820031960016672*v*y + 3189219967431401833807431845360*v*z + 36008897521304252821578840308776*v + 2644117356511157399930966718664*w**2 + 5489582234231390675786937367968*w*x - 685660063202020435428131735600*w*y + 1366203998585823643946498005224*w*z + 10100739382930966346703034367192*w + 2783026974134249703266654311200*x**2 + 955365397850415042304767626448*x*y + 2697042675894868752682687439312*x*z + 11117065048472675338698767538720*x + 192061349919006544150507093344*y**2 - 1960649405789888301849857779808*y*z - 12755894399523488321784772797847*y - 2892271539827392878468394593088*z**2 - 9522322220189130575775265631520*z - 117634546076499655642197716285670
['3500174060058344309433359437208*v**2 + 5867300649786175978052594931776*v*w + 1833064206673405225848524332272*v*x + 3855130390736263820031960016672*v*y + 3189219967431401833807431845360*v*z + 36008897521304252821578840308776*v + 2644117356511157399930966718664*w**2 + 5489582234231390675786937367968*w*x - 685660063202020435428131735600*w*y + 1366203998585823643946498005224*w*z + 10100739382930966346703034367192*w + 2783026974134249703266654311200*x**2 + 955365397850415042304767626448*x*y + 2697042675894868752682687439312*x*z + 11117065048472675338698767538720*x + 192061349919006544150507093344*y**2 - 1960649405789888301849857779808*y*z - 12755894399523488321784772797847*y - 2892271539827392878468394593088*z**2 - 9522322220189130575775265631520*z - 117634546076499655642197716285670']
  is_equivalent = False
  total_successes = 0, success_rate = 0.0
DEGREE = 4:
METHOD = 'diofantos':


Whole evaluation from the beginning of the script took:
 1.9 seconds, i.e. 0.03 minutes or 0.001 hours.

Current time: 2026-03-24 15:36:29.708801
Tue Mar 24 03:36:30 PM CET 2026
this is oei.sh 0 sth-dp4-1h 0 999    doing   doones job_id 65474260 task_id 0 * 1000 + 669 --exper_id sth-dp4-1h
