==============================================
Starting time (of array_subjob 65474260_712):
Tue Mar 24 03:37:20 PM CET 2026
(True, True)
(True, False)
(True, False)
Current time: 2026-03-24 15:37:22.497518 

True
METHOD = 'diofantos'
DEGREE = 4
SCALE = 3000
  all_datasets = 2257
pds0712.csv:
  gt_rhs = '6*w*y**2 - 6*z'
d_max = 1
d_max = 2
   target = -199311018884039970743914041321*v**2 + 10657738425989472931749792096*v*w + 158082649110427418706872215460*v*x + 27974945571964802392932726054*v*y - 103053595605309635554642748470*v*z - 722902159181047677419692862475*v - 39731006436969913703320621213*w**2 + 90398705782650787510640124361*w*x - 28025467633721416561622179361*w*y - 135401056721881379586568863019*w*z - 706818224225416129969236108047*w - 7935090589524697454457532666*x**2 + 58515529264723336658522988563*x*y + 61399295583919973639669377192*x*z + 856860711795187368213332929839*x - 11623228341953300184227761005*y**2 + 82267815678008193927540215503*y*z + 529659554437106556411975253267*y - 199365659889685507977581857375*z**2 - 542132831417126972356887233948*z + 9561704867936009947400902930880
['-199311018884039970743914041321*v**2 + 10657738425989472931749792096*v*w + 158082649110427418706872215460*v*x + 27974945571964802392932726054*v*y - 103053595605309635554642748470*v*z - 722902159181047677419692862475*v - 39731006436969913703320621213*w**2 + 90398705782650787510640124361*w*x - 28025467633721416561622179361*w*y - 135401056721881379586568863019*w*z - 706818224225416129969236108047*w - 7935090589524697454457532666*x**2 + 58515529264723336658522988563*x*y + 61399295583919973639669377192*x*z + 856860711795187368213332929839*x - 11623228341953300184227761005*y**2 + 82267815678008193927540215503*y*z + 529659554437106556411975253267*y - 199365659889685507977581857375*z**2 - 542132831417126972356887233948*z + 9561704867936009947400902930880']
  is_equivalent = False
  total_successes = 0, success_rate = 0.0
DEGREE = 4:
METHOD = 'diofantos':


Whole evaluation from the beginning of the script took:
 1.9 seconds, i.e. 0.03 minutes or 0.001 hours.

Current time: 2026-03-24 15:37:24.424618
Tue Mar 24 03:37:24 PM CET 2026
this is oei.sh 0 sth-dp4-1h 0 999    doing   doones job_id 65474260 task_id 0 * 1000 + 712 --exper_id sth-dp4-1h
