==============================================
Starting time (of array_subjob 65474260_730):
Tue Mar 24 03:38:18 PM CET 2026
(True, True)
(True, False)
(True, False)
Current time: 2026-03-24 15:38:22.670597 

True
METHOD = 'diofantos'
DEGREE = 4
SCALE = 3000
  all_datasets = 2257
pds0730.csv:
  gt_rhs = '-5*v**2*w + 2*x - 8'
d_max = 1
d_max = 2
d_max = 3
   target = -5*v**2*w + 2*x - 8
['-5*v**2*w + 2*x - 8']
  is_equivalent = True
  total_successes = 1, success_rate = 1.0
DEGREE = 4:
METHOD = 'diofantos':


Whole evaluation from the beginning of the script took:
 90.4 seconds, i.e. 1.51 minutes or 0.025 hours.

Current time: 2026-03-24 15:39:53.107227
Tue Mar 24 03:39:53 PM CET 2026
this is oei.sh 0 sth-dp4-1h 0 999    doing   doones job_id 65474260 task_id 0 * 1000 + 730 --exper_id sth-dp4-1h
