==============================================
Starting time (of array_subjob 65474260_741):
Tue Mar 24 03:38:17 PM CET 2026
(True, True)
(True, False)
(True, False)
Current time: 2026-03-24 15:38:20.247981 

True
METHOD = 'diofantos'
DEGREE = 4
SCALE = 3000
  all_datasets = 2257
pds0741.csv:
  gt_rhs = '2*v**2 - 2*w*x - 10*x'
d_max = 1
d_max = 2
   target = 2*v**2 - 2*w*x - 10*x
['2*v**2 - 2*w*x - 10*x']
  is_equivalent = True
  total_successes = 1, success_rate = 1.0
DEGREE = 4:
METHOD = 'diofantos':


Whole evaluation from the beginning of the script took:
 1.8 seconds, i.e. 0.03 minutes or 0.0 hours.

Current time: 2026-03-24 15:38:22.044617
Tue Mar 24 03:38:22 PM CET 2026
this is oei.sh 0 sth-dp4-1h 0 999    doing   doones job_id 65474260 task_id 0 * 1000 + 741 --exper_id sth-dp4-1h
