==============================================
Starting time (of array_subjob 65474260_798):
Tue Mar 24 03:40:07 PM CET 2026
(True, True)
(True, False)
(True, False)
Current time: 2026-03-24 15:40:09.643434 

True
METHOD = 'diofantos'
DEGREE = 4
SCALE = 3000
  all_datasets = 2257
pds0798.csv:
  gt_rhs = '-9*w**2*x*y + 8*y'
d_max = 1
d_max = 2
   target = 1642833591473800176164425770192*v**2 - 27269457210890090698025632672992*v*w + 34401857606519868082469672707812*v*x - 9303398138910188037305781133872*v*y + 28970779669535067389634439073178*v*z - 254085774940447136840730911058174*v + 41998006470903001582280652757758*w**2 + 45452231398713463462560364082106*w*x - 38182091091879887801246421016632*w*y - 86373892912675333283573645107113*w*z + 369945525215654403684534926724399*w - 47106780855563394099269069328234*x**2 + 44738977806974210696517835725147*x*y + 75069625627189028219049921915978*x*z + 79562683294438329516948352577958*x - 19465208928756820163789942371518*y**2 - 95308164056433571678698869094486*y*z + 84593124116899026418746812396108*y - 42857615236333546772934795203544*z**2 - 101098226468340887129788388805087*z + 819098684627665334177711224578975
['1642833591473800176164425770192*v**2 - 27269457210890090698025632672992*v*w + 34401857606519868082469672707812*v*x - 9303398138910188037305781133872*v*y + 28970779669535067389634439073178*v*z - 254085774940447136840730911058174*v + 41998006470903001582280652757758*w**2 + 45452231398713463462560364082106*w*x - 38182091091879887801246421016632*w*y - 86373892912675333283573645107113*w*z + 369945525215654403684534926724399*w - 47106780855563394099269069328234*x**2 + 44738977806974210696517835725147*x*y + 75069625627189028219049921915978*x*z + 79562683294438329516948352577958*x - 19465208928756820163789942371518*y**2 - 95308164056433571678698869094486*y*z + 84593124116899026418746812396108*y - 42857615236333546772934795203544*z**2 - 101098226468340887129788388805087*z + 819098684627665334177711224578975']
  is_equivalent = False
  total_successes = 0, success_rate = 0.0
DEGREE = 4:
METHOD = 'diofantos':


Whole evaluation from the beginning of the script took:
 2.0 seconds, i.e. 0.03 minutes or 0.001 hours.

Current time: 2026-03-24 15:40:11.614900
Tue Mar 24 03:40:12 PM CET 2026
this is oei.sh 0 sth-dp4-1h 0 999    doing   doones job_id 65474260 task_id 0 * 1000 + 798 --exper_id sth-dp4-1h
