==============================================
Starting time (of array_subjob 65474260_846):
Tue Mar 24 03:41:01 PM CET 2026
(True, True)
(True, False)
(True, False)
Current time: 2026-03-24 15:41:03.194591 

True
METHOD = 'diofantos'
DEGREE = 4
SCALE = 3000
  all_datasets = 2257
pds0846.csv:
  gt_rhs = '-4*w*y*z + 3*z'
d_max = 1
d_max = 2
d_max = 3
   target = -4*w*y*z + 3*z
['-4*w*y*z + 3*z']
  is_equivalent = True
  total_successes = 1, success_rate = 1.0
DEGREE = 4:
METHOD = 'diofantos':


Whole evaluation from the beginning of the script took:
 48.1 seconds, i.e. 0.8 minutes or 0.013 hours.

Current time: 2026-03-24 15:41:51.317159
Tue Mar 24 03:41:51 PM CET 2026
this is oei.sh 0 sth-dp4-1h 0 999    doing   doones job_id 65474260 task_id 0 * 1000 + 846 --exper_id sth-dp4-1h
