==============================================
Starting time (of array_subjob 65474260_861):
Tue Mar 24 03:41:54 PM CET 2026
(True, True)
(True, False)
(True, False)
Current time: 2026-03-24 15:41:58.332019 

True
METHOD = 'diofantos'
DEGREE = 4
SCALE = 3000
  all_datasets = 2257
pds0861.csv:
  gt_rhs = '10*w*x*y - w + 5'
d_max = 1
d_max = 2
   target = 744219568908250270104446203*v**2 + 80917862842940361694181182440*v*w + 75434862686469871628881250466*v*x - 104819417864499292320387831530*v*y - 139877982758311505789176746212*v*z + 67905966168391291699654067069*v + 37827344754665737796774013499*w**2 - 44767063913792137253083358316*w*x + 13727996793450479253746494642*w*y - 9993164322405075714732936280*w*z + 35668099939917474299070796516*w - 79305550705925232037821186039*x**2 - 1819563764747308899785191852*x*y - 1403689050293521774279637256*x*z - 400174894142857445716160583867*x + 76212371663085331801776522267*y**2 + 137163948896253763132928054668*y*z - 310183813805777767843528543245*y + 52595606012068060592655251099*z**2 - 622483552264017655718124327675*z - 313724329293152828611933542033
['744219568908250270104446203*v**2 + 80917862842940361694181182440*v*w + 75434862686469871628881250466*v*x - 104819417864499292320387831530*v*y - 139877982758311505789176746212*v*z + 67905966168391291699654067069*v + 37827344754665737796774013499*w**2 - 44767063913792137253083358316*w*x + 13727996793450479253746494642*w*y - 9993164322405075714732936280*w*z + 35668099939917474299070796516*w - 79305550705925232037821186039*x**2 - 1819563764747308899785191852*x*y - 1403689050293521774279637256*x*z - 400174894142857445716160583867*x + 76212371663085331801776522267*y**2 + 137163948896253763132928054668*y*z - 310183813805777767843528543245*y + 52595606012068060592655251099*z**2 - 622483552264017655718124327675*z - 313724329293152828611933542033']
  is_equivalent = False
  total_successes = 0, success_rate = 0.0
DEGREE = 4:
METHOD = 'diofantos':


Whole evaluation from the beginning of the script took:
 3.1 seconds, i.e. 0.05 minutes or 0.001 hours.

Current time: 2026-03-24 15:42:01.405657
Tue Mar 24 03:42:02 PM CET 2026
this is oei.sh 0 sth-dp4-1h 0 999    doing   doones job_id 65474260 task_id 0 * 1000 + 861 --exper_id sth-dp4-1h
