==============================================
Starting time (of array_subjob 65474260_865):
Tue Mar 24 03:41:55 PM CET 2026
(True, True)
(True, False)
(True, False)
Current time: 2026-03-24 15:41:59.107644 

True
METHOD = 'diofantos'
DEGREE = 4
SCALE = 3000
  all_datasets = 2257
pds0865.csv:
  gt_rhs = '4*z'
d_max = 1
   target = 4*z
['4*z']
  is_equivalent = True
  total_successes = 1, success_rate = 1.0
DEGREE = 4:
METHOD = 'diofantos':


Whole evaluation from the beginning of the script took:
 0.6 seconds, i.e. 0.01 minutes or 0.0 hours.

Current time: 2026-03-24 15:41:59.690534
Tue Mar 24 03:42:00 PM CET 2026
this is oei.sh 0 sth-dp4-1h 0 999    doing   doones job_id 65474260 task_id 0 * 1000 + 865 --exper_id sth-dp4-1h
