==============================================
Starting time (of array_subjob 65474260_886):
Tue Mar 24 03:41:53 PM CET 2026
(True, True)
(True, False)
(True, False)
Current time: 2026-03-24 15:41:56.170266 

True
METHOD = 'diofantos'
DEGREE = 4
SCALE = 3000
  all_datasets = 2257
pds0886.csv:
  gt_rhs = 'v**2*w*x - 6*w + 4'
d_max = 1
d_max = 2
   target = 14504876969736693117975820612*v**2 + 25737267047547557465548949371*v*w - 1056377453871808849290593467*v*x - 5824673000726949899870039430*v*y - 2102510608838044101429613039*v*z + 130733786322908742426300817810*v + 1737870038890533116571644156*w**2 + 272281915636897647227081937*w*x + 10541533541327405534634133358*w*y + 8103797507777496391609173882*w*z + 159953028970715041005208154223*w - 980404275039677282099035463*x**2 - 9131242038755931504900987832*x*y + 7931965076749868648399013375*x*z - 8746020951904725439273236177*x - 4252122636625407554215855968*y**2 - 1504985504941063339856026790*y*z - 44326456407886613535779968838*y - 12958520329019343623588552272*z**2 - 75430462311456856692831665085*z + 233771257300648520568717362486
['14504876969736693117975820612*v**2 + 25737267047547557465548949371*v*w - 1056377453871808849290593467*v*x - 5824673000726949899870039430*v*y - 2102510608838044101429613039*v*z + 130733786322908742426300817810*v + 1737870038890533116571644156*w**2 + 272281915636897647227081937*w*x + 10541533541327405534634133358*w*y + 8103797507777496391609173882*w*z + 159953028970715041005208154223*w - 980404275039677282099035463*x**2 - 9131242038755931504900987832*x*y + 7931965076749868648399013375*x*z - 8746020951904725439273236177*x - 4252122636625407554215855968*y**2 - 1504985504941063339856026790*y*z - 44326456407886613535779968838*y - 12958520329019343623588552272*z**2 - 75430462311456856692831665085*z + 233771257300648520568717362486']
  is_equivalent = False
  total_successes = 0, success_rate = 0.0
DEGREE = 4:
METHOD = 'diofantos':


Whole evaluation from the beginning of the script took:
 1.8 seconds, i.e. 0.03 minutes or 0.0 hours.

Current time: 2026-03-24 15:41:57.956032
Tue Mar 24 03:41:58 PM CET 2026
this is oei.sh 0 sth-dp4-1h 0 999    doing   doones job_id 65474260 task_id 0 * 1000 + 886 --exper_id sth-dp4-1h
