==============================================
Starting time (of array_subjob 65474260_906):
Tue Mar 24 03:42:49 PM CET 2026
(True, True)
(True, False)
(True, False)
Current time: 2026-03-24 15:42:52.786853 

True
METHOD = 'diofantos'
DEGREE = 4
SCALE = 3000
  all_datasets = 2257
pds0906.csv:
  gt_rhs = '-9*w*y'
d_max = 1
d_max = 2
   target = -9*w*y
['-9*w*y']
  is_equivalent = True
  total_successes = 1, success_rate = 1.0
DEGREE = 4:
METHOD = 'diofantos':


Whole evaluation from the beginning of the script took:
 3.1 seconds, i.e. 0.05 minutes or 0.001 hours.

Current time: 2026-03-24 15:42:55.902956
Tue Mar 24 03:42:56 PM CET 2026
this is oei.sh 0 sth-dp4-1h 0 999    doing   doones job_id 65474260 task_id 0 * 1000 + 906 --exper_id sth-dp4-1h
