==============================================
Starting time (of array_subjob 65474260_921):
Tue Mar 24 03:42:48 PM CET 2026
(True, True)
(True, False)
(True, False)
Current time: 2026-03-24 15:42:50.539116 

True
METHOD = 'diofantos'
DEGREE = 4
SCALE = 3000
  all_datasets = 2257
pds0921.csv:
  gt_rhs = '4*v*w**2*y**3*z - 6'
d_max = 1
d_max = 2
   target = 15930072218583523468363315212384*v**2 + 66314879970226527654677618582868*v*w - 64306046360189158386767107077188*v*x + 8027395467779211753286985624668*v*y - 89776529526846629736340151924788*v*z + 930275824452770872321384611967500*v - 22216004298515768379659549617700*w**2 + 33467531870049555341723810439072*w*x + 57950442559869601723972658847900*w*y - 83095899662772220381814166477728*w*z - 297116142691423014961853154127736*w - 51027749333381781646730277876764*x**2 + 96903631267482845653742612827492*x*y - 112944256439139139301940856451616*x*z + 361024629692125115101017186110208*x + 27738502500303898670373257974160*y**2 - 11965181424216209616236607902572*y*z - 545352289893897078176673855508772*y - 47292375546331602048568515010108*z**2 + 267250688716802074616594359423032*z + 1965377594279921406431414138874390
['15930072218583523468363315212384*v**2 + 66314879970226527654677618582868*v*w - 64306046360189158386767107077188*v*x + 8027395467779211753286985624668*v*y - 89776529526846629736340151924788*v*z + 930275824452770872321384611967500*v - 22216004298515768379659549617700*w**2 + 33467531870049555341723810439072*w*x + 57950442559869601723972658847900*w*y - 83095899662772220381814166477728*w*z - 297116142691423014961853154127736*w - 51027749333381781646730277876764*x**2 + 96903631267482845653742612827492*x*y - 112944256439139139301940856451616*x*z + 361024629692125115101017186110208*x + 27738502500303898670373257974160*y**2 - 11965181424216209616236607902572*y*z - 545352289893897078176673855508772*y - 47292375546331602048568515010108*z**2 + 267250688716802074616594359423032*z + 1965377594279921406431414138874390']
  is_equivalent = False
  total_successes = 0, success_rate = 0.0
DEGREE = 4:
METHOD = 'diofantos':


Whole evaluation from the beginning of the script took:
 2.0 seconds, i.e. 0.03 minutes or 0.001 hours.

Current time: 2026-03-24 15:42:52.546641
Tue Mar 24 03:42:52 PM CET 2026
this is oei.sh 0 sth-dp4-1h 0 999    doing   doones job_id 65474260 task_id 0 * 1000 + 921 --exper_id sth-dp4-1h
