==============================================
Starting time (of array_subjob 65474260_948):
Tue Mar 24 03:42:48 PM CET 2026
(True, True)
(True, False)
(True, False)
Current time: 2026-03-24 15:42:50.620583 

True
METHOD = 'diofantos'
DEGREE = 4
SCALE = 3000
  all_datasets = 2257
pds0948.csv:
  gt_rhs = '2*v**2*w*y**2'
d_max = 1
d_max = 2
   target = -8109965950565313185331317766*v**2 + 25383862757752600336004248792*v*w - 404412682003125769088300320*v*x - 4267036117555932963875821734*v*y + 11815136449074919184250447056*v*z + 57691682958766345398233407558*v - 4474404572715548138230276130*w**2 + 10947908884401068625882232584*w*x + 3479109568977283782699824620*w*y + 38791532193767912430655704474*w*z + 107026247474076344078842029376*w + 4969859755010899870451572785*x**2 - 4933863179338851810826588312*x*y + 8777271828047120018127327680*x*z + 61999523683750848732339190373*x - 1717725960014676553774187810*y**2 - 11268335327852162752120150846*y*z - 33228711522432410140396134508*y + 21317009562720714646713648425*z**2 + 181384508829603602574709318747*z + 555292379666765722075159554240
['-8109965950565313185331317766*v**2 + 25383862757752600336004248792*v*w - 404412682003125769088300320*v*x - 4267036117555932963875821734*v*y + 11815136449074919184250447056*v*z + 57691682958766345398233407558*v - 4474404572715548138230276130*w**2 + 10947908884401068625882232584*w*x + 3479109568977283782699824620*w*y + 38791532193767912430655704474*w*z + 107026247474076344078842029376*w + 4969859755010899870451572785*x**2 - 4933863179338851810826588312*x*y + 8777271828047120018127327680*x*z + 61999523683750848732339190373*x - 1717725960014676553774187810*y**2 - 11268335327852162752120150846*y*z - 33228711522432410140396134508*y + 21317009562720714646713648425*z**2 + 181384508829603602574709318747*z + 555292379666765722075159554240']
  is_equivalent = False
  total_successes = 0, success_rate = 0.0
DEGREE = 4:
METHOD = 'diofantos':


Whole evaluation from the beginning of the script took:
 1.9 seconds, i.e. 0.03 minutes or 0.001 hours.

Current time: 2026-03-24 15:42:52.474899
Tue Mar 24 03:42:52 PM CET 2026
this is oei.sh 0 sth-dp4-1h 0 999    doing   doones job_id 65474260 task_id 0 * 1000 + 948 --exper_id sth-dp4-1h
