==============================================
Starting time (of array_subjob 65474260_943):
Tue Mar 24 03:42:48 PM CET 2026
(True, True)
(True, False)
(True, False)
Current time: 2026-03-24 15:42:50.881714 

True
METHOD = 'diofantos'
DEGREE = 4
SCALE = 3000
  all_datasets = 2257
pds0943.csv:
  gt_rhs = '-3*v*x*z - 2*y'
d_max = 1
d_max = 2
d_max = 3
   target = -3*v*x*z - 2*y
['-3*v*x*z - 2*y']
  is_equivalent = True
  total_successes = 1, success_rate = 1.0
DEGREE = 4:
METHOD = 'diofantos':


Whole evaluation from the beginning of the script took:
 54.1 seconds, i.e. 0.9 minutes or 0.015 hours.

Current time: 2026-03-24 15:43:44.959307
Tue Mar 24 03:43:45 PM CET 2026
this is oei.sh 0 sth-dp4-1h 0 999    doing   doones job_id 65474260 task_id 0 * 1000 + 943 --exper_id sth-dp4-1h
