==============================================
Starting time (of array_subjob 65474260_951):
Tue Mar 24 03:42:48 PM CET 2026
(True, True)
(True, False)
(True, False)
Current time: 2026-03-24 15:42:50.526185 

True
METHOD = 'diofantos'
DEGREE = 4
SCALE = 3000
  all_datasets = 2257
pds0951.csv:
  gt_rhs = '-6*v**2*x*z + 4'
d_max = 1
d_max = 2
   target = 844473985456189055407877283397*v**2 - 217975328208132012594783157599*v*w + 712189912403392656386216716019*v*x + 205200706912839871203624313806*v*y + 74465166030929823604129522143*v*z - 561959914119040412135189001519*v - 175376802527880235810830134020*w**2 - 87689775874663577399279208970*w*x - 230182503962205516608385571938*w*y + 336003490684624831737279898362*w*z - 218634654136180241041807090290*w + 511001748763409902958580635179*x**2 + 509628754901187956381702536968*x*y - 54905771053374646981136728587*x*z - 131000418756099459220854271046*x + 81468996866508835346760129527*y**2 + 1002388180780898162925944487081*y*z - 1042590094377135099549308705416*y + 136223024109489272519297402462*z**2 + 2263815866148313063151292841785*z - 41885988590288035917517222946657
['844473985456189055407877283397*v**2 - 217975328208132012594783157599*v*w + 712189912403392656386216716019*v*x + 205200706912839871203624313806*v*y + 74465166030929823604129522143*v*z - 561959914119040412135189001519*v - 175376802527880235810830134020*w**2 - 87689775874663577399279208970*w*x - 230182503962205516608385571938*w*y + 336003490684624831737279898362*w*z - 218634654136180241041807090290*w + 511001748763409902958580635179*x**2 + 509628754901187956381702536968*x*y - 54905771053374646981136728587*x*z - 131000418756099459220854271046*x + 81468996866508835346760129527*y**2 + 1002388180780898162925944487081*y*z - 1042590094377135099549308705416*y + 136223024109489272519297402462*z**2 + 2263815866148313063151292841785*z - 41885988590288035917517222946657']
  is_equivalent = False
  total_successes = 0, success_rate = 0.0
DEGREE = 4:
METHOD = 'diofantos':


Whole evaluation from the beginning of the script took:
 1.8 seconds, i.e. 0.03 minutes or 0.001 hours.

Current time: 2026-03-24 15:42:52.371092
Tue Mar 24 03:42:52 PM CET 2026
this is oei.sh 0 sth-dp4-1h 0 999    doing   doones job_id 65474260 task_id 0 * 1000 + 951 --exper_id sth-dp4-1h
