==============================================
Starting time (of array_subjob 65474259_27):
Tue Mar 24 02:08:59 PM CET 2026
(True, True)
(True, False)
(True, False)
Current time: 2026-03-24 14:09:02.535055 

True
METHOD = 'diofantos'
DEGREE = 4
SCALE = 3000
  all_datasets = 2257
pds1027.csv:
  gt_rhs = '-3*v - 10*x*y**2*z - 9'
d_max = 1
d_max = 2
   target = -95701539411493168486738555147*v**2 + 182086905679111004926079785166*v*w - 231190560551919764146989837443*v*x + 404195590143834254591731639545*v*y + 449884110727496246303851190383*v*z + 1912464010587766074564702793995*v - 112549453063773535083836255955*w**2 + 285286825673627180376507921267*w*x - 359248976544321502034797450051*w*y - 335610576058732007110040606473*w*z - 74675277478990281000616648130*w - 166488590227170586594601208246*x**2 + 413288925666637707883247730259*x*y - 59306966490419739215888831761*x*z - 73839694725011184509455403583*x - 220246776427717530905813953277*y**2 - 203839480761870266483573754118*y*z - 2268003809804492434392446549606*y + 238512145311910305489455119438*z**2 + 224202292175263649625075142999*z - 4878415709875929685632306951618
['-95701539411493168486738555147*v**2 + 182086905679111004926079785166*v*w - 231190560551919764146989837443*v*x + 404195590143834254591731639545*v*y + 449884110727496246303851190383*v*z + 1912464010587766074564702793995*v - 112549453063773535083836255955*w**2 + 285286825673627180376507921267*w*x - 359248976544321502034797450051*w*y - 335610576058732007110040606473*w*z - 74675277478990281000616648130*w - 166488590227170586594601208246*x**2 + 413288925666637707883247730259*x*y - 59306966490419739215888831761*x*z - 73839694725011184509455403583*x - 220246776427717530905813953277*y**2 - 203839480761870266483573754118*y*z - 2268003809804492434392446549606*y + 238512145311910305489455119438*z**2 + 224202292175263649625075142999*z - 4878415709875929685632306951618']
  is_equivalent = False
  total_successes = 0, success_rate = 0.0
DEGREE = 4:
METHOD = 'diofantos':


Whole evaluation from the beginning of the script took:
 2.1 seconds, i.e. 0.04 minutes or 0.001 hours.

Current time: 2026-03-24 14:09:04.644175
Tue Mar 24 02:09:05 PM CET 2026
this is oei.sh 1 sth-dp4-1h 0 999    doing   doones job_id 65474259 task_id 1 * 1000 + 27 --exper_id sth-dp4-1h
