==============================================
Starting time (of array_subjob 65474259_32):
Tue Mar 24 02:09:35 PM CET 2026
(True, True)
(True, False)
(True, False)
Current time: 2026-03-24 14:09:38.017349 

True
METHOD = 'diofantos'
DEGREE = 4
SCALE = 3000
  all_datasets = 2257
pds1032.csv:
  gt_rhs = '10*v*x*y*z + 10*x + 9'
d_max = 1
d_max = 2
   target = -3840613890200810759204490475*v**2 + 30720945575985174835418282166*v*w - 4545699144746090851401550890*v*x - 730736379576416800518015144*v*y - 2743262824302098325476935830*v*z - 189418446307070996112208907409*v - 44698263563344029452876679413*w**2 - 5401785006315125942375011242*w*x - 12977434358862625324503415976*w*y + 10983238378918962610020415974*w*z + 184282380809315699199710266885*w - 7632158626839409915242715764*x**2 - 3507532042750709517419138091*x*y + 19553462179233559369010340519*x*z - 4183012138257617932173801821*x - 6505594244203922321410545657*y**2 + 13567049584650353446801090376*y*z - 21821037215902628016161142750*y + 11577889337465151936475971987*z**2 - 26083742170029566687142019374*z + 570690885107872661392745902174
['-3840613890200810759204490475*v**2 + 30720945575985174835418282166*v*w - 4545699144746090851401550890*v*x - 730736379576416800518015144*v*y - 2743262824302098325476935830*v*z - 189418446307070996112208907409*v - 44698263563344029452876679413*w**2 - 5401785006315125942375011242*w*x - 12977434358862625324503415976*w*y + 10983238378918962610020415974*w*z + 184282380809315699199710266885*w - 7632158626839409915242715764*x**2 - 3507532042750709517419138091*x*y + 19553462179233559369010340519*x*z - 4183012138257617932173801821*x - 6505594244203922321410545657*y**2 + 13567049584650353446801090376*y*z - 21821037215902628016161142750*y + 11577889337465151936475971987*z**2 - 26083742170029566687142019374*z + 570690885107872661392745902174']
  is_equivalent = False
  total_successes = 0, success_rate = 0.0
DEGREE = 4:
METHOD = 'diofantos':


Whole evaluation from the beginning of the script took:
 1.9 seconds, i.e. 0.03 minutes or 0.001 hours.

Current time: 2026-03-24 14:09:39.961344
Tue Mar 24 02:09:40 PM CET 2026
this is oei.sh 1 sth-dp4-1h 0 999    doing   doones job_id 65474259 task_id 1 * 1000 + 32 --exper_id sth-dp4-1h
