==============================================
Starting time (of array_subjob 65474259_57):
Tue Mar 24 02:11:22 PM CET 2026
(True, True)
(True, False)
(True, False)
Current time: 2026-03-24 14:11:24.491248 

True
METHOD = 'diofantos'
DEGREE = 4
SCALE = 3000
  all_datasets = 2257
pds1057.csv:
  gt_rhs = '-9*v**2*w**2*x**4*y - 4*z + 3'
d_max = 1
d_max = 2
   target = -20307959507005506283542110561*v**2 - 26125783684527379225956344141*v*w - 28737452038873290853026630747*v*x - 28814099607730365729332824239*v*y - 20281481102838122266136414678*v*z + 76488178457181390759365236411*v - 22932616768692247134494575524*w**2 - 3998701909967735652956386860*w*x + 24718911285057985219617561399*w*y - 15287446601008341615689752734*w*z - 235064764768865204573572897215*w + 4167738998979732319319113484*x**2 - 8083766484897199761705797819*x*y + 10256184339423679509811351124*x*z - 60203164623559956832332860853*x - 1402633074438293180773885392*y**2 + 47979835724821261548632774294*y*z + 33912933834372799350383194018*y - 15170650366326803585738520838*z**2 - 144036208797900281172591220384*z + 599616211170840440072507975653
['-20307959507005506283542110561*v**2 - 26125783684527379225956344141*v*w - 28737452038873290853026630747*v*x - 28814099607730365729332824239*v*y - 20281481102838122266136414678*v*z + 76488178457181390759365236411*v - 22932616768692247134494575524*w**2 - 3998701909967735652956386860*w*x + 24718911285057985219617561399*w*y - 15287446601008341615689752734*w*z - 235064764768865204573572897215*w + 4167738998979732319319113484*x**2 - 8083766484897199761705797819*x*y + 10256184339423679509811351124*x*z - 60203164623559956832332860853*x - 1402633074438293180773885392*y**2 + 47979835724821261548632774294*y*z + 33912933834372799350383194018*y - 15170650366326803585738520838*z**2 - 144036208797900281172591220384*z + 599616211170840440072507975653']
  is_equivalent = False
  total_successes = 0, success_rate = 0.0
DEGREE = 4:
METHOD = 'diofantos':


Whole evaluation from the beginning of the script took:
 1.9 seconds, i.e. 0.03 minutes or 0.001 hours.

Current time: 2026-03-24 14:11:26.396341
Tue Mar 24 02:11:27 PM CET 2026
this is oei.sh 1 sth-dp4-1h 0 999    doing   doones job_id 65474259 task_id 1 * 1000 + 57 --exper_id sth-dp4-1h
