==============================================
Starting time (of array_subjob 65474259_69):
Tue Mar 24 02:12:38 PM CET 2026
(True, True)
(True, False)
(True, False)
Current time: 2026-03-24 14:12:42.946989 

True
METHOD = 'diofantos'
DEGREE = 4
SCALE = 3000
  all_datasets = 2257
pds1069.csv:
  gt_rhs = '-8*w**2*x*y - 10*w*x*y + 10'
d_max = 1
d_max = 2
   target = -19524672642559021336293623531*v**2 + 5754593015835110199648185622*v*w - 9775661981097403475170200334*v*x - 1396156827511917574177944424*v*y - 20537515932825376351393563404*v*z - 135744947643156461843620740873*v + 10257431726019152078339318829*w**2 - 2482010284275357743034006696*w*x + 10242111928056589999200695054*w*y - 15238047609534202437346799934*w*z + 46153964223253533949793961743*w + 6581598259507311297375647200*x**2 - 1504675221230400327494885250*x*y - 3984215698181350072902466764*x*z - 39337389982198271677454582872*x - 124971794516475019307034373*y**2 - 9405951282805109782426867320*y*z - 9248485762657439519827200127*y - 6724785863550842884630585170*z**2 - 130416152005446037591943647666*z - 8746631502326968740495029560
['-19524672642559021336293623531*v**2 + 5754593015835110199648185622*v*w - 9775661981097403475170200334*v*x - 1396156827511917574177944424*v*y - 20537515932825376351393563404*v*z - 135744947643156461843620740873*v + 10257431726019152078339318829*w**2 - 2482010284275357743034006696*w*x + 10242111928056589999200695054*w*y - 15238047609534202437346799934*w*z + 46153964223253533949793961743*w + 6581598259507311297375647200*x**2 - 1504675221230400327494885250*x*y - 3984215698181350072902466764*x*z - 39337389982198271677454582872*x - 124971794516475019307034373*y**2 - 9405951282805109782426867320*y*z - 9248485762657439519827200127*y - 6724785863550842884630585170*z**2 - 130416152005446037591943647666*z - 8746631502326968740495029560']
  is_equivalent = False
  total_successes = 0, success_rate = 0.0
DEGREE = 4:
METHOD = 'diofantos':


Whole evaluation from the beginning of the script took:
 3.1 seconds, i.e. 0.05 minutes or 0.001 hours.

Current time: 2026-03-24 14:12:46.070281
Tue Mar 24 02:12:47 PM CET 2026
this is oei.sh 1 sth-dp4-1h 0 999    doing   doones job_id 65474259 task_id 1 * 1000 + 69 --exper_id sth-dp4-1h
