==============================================
Starting time (of array_subjob 65474259_87):
Tue Mar 24 02:14:32 PM CET 2026
(True, True)
(True, False)
(True, False)
Current time: 2026-03-24 14:14:37.123370 

True
METHOD = 'diofantos'
DEGREE = 4
SCALE = 3000
  all_datasets = 2257
pds1087.csv:
  gt_rhs = '-9*w**2*y + 2*w + 10'
d_max = 1
d_max = 2
d_max = 3
   target = -9*w**2*y + 2*w + 10
['-9*w**2*y + 2*w + 10']
  is_equivalent = True
  total_successes = 1, success_rate = 1.0
DEGREE = 4:
METHOD = 'diofantos':


Whole evaluation from the beginning of the script took:
 99.5 seconds, i.e. 1.66 minutes or 0.028 hours.

Current time: 2026-03-24 14:16:16.590267
Tue Mar 24 02:16:17 PM CET 2026
this is oei.sh 1 sth-dp4-1h 0 999    doing   doones job_id 65474259 task_id 1 * 1000 + 87 --exper_id sth-dp4-1h
