==============================================
Starting time (of array_subjob 65474259_97):
Tue Mar 24 02:15:09 PM CET 2026
(True, True)
(True, False)
(True, False)
Current time: 2026-03-24 14:15:14.202184 

True
METHOD = 'diofantos'
DEGREE = 4
SCALE = 3000
  all_datasets = 2257
pds1097.csv:
  gt_rhs = '6*w - 10*x**2*z - 3*z + 8'
d_max = 1
d_max = 2
d_max = 3
   target = 6*w - 10*x**2*z - 3*z + 8
['6*w - 10*x**2*z - 3*z + 8']
  is_equivalent = True
  total_successes = 1, success_rate = 1.0
DEGREE = 4:
METHOD = 'diofantos':


Whole evaluation from the beginning of the script took:
 85.8 seconds, i.e. 1.43 minutes or 0.024 hours.

Current time: 2026-03-24 14:16:40.033782
Tue Mar 24 02:16:41 PM CET 2026
this is oei.sh 1 sth-dp4-1h 0 999    doing   doones job_id 65474259 task_id 1 * 1000 + 97 --exper_id sth-dp4-1h
