==============================================
Starting time (of array_subjob 65474259_118):
Tue Mar 24 02:16:21 PM CET 2026
(True, True)
(True, False)
(True, False)
Current time: 2026-03-24 14:16:24.989766 

True
METHOD = 'diofantos'
DEGREE = 4
SCALE = 3000
  all_datasets = 2257
pds1118.csv:
  gt_rhs = '3*v*x*y**2 + 2*x**2'
d_max = 1
d_max = 2
   target = 69609753513671387355159415833*v**2 + 26543911071471987735172514673*v*w + 50769671413613110847099912415*v*x + 91833898797087772956066381336*v*y + 87075880523289615598132998186*v*z + 549812007559009130624724917652*v - 94235346646155588385706051319*w**2 - 100737339019855350210296644308*w*x - 59736473324043016253046440805*w*y - 112697689557303316665103565415*w*z - 311749727501857557146861930049*w - 123361744848295598468696830453*x**2 - 39085460793067507597427133066*x*y - 147248062277870238322715108493*x*z - 743322024742364476185872713617*x + 13381910272283670934610484981*y**2 + 27156015025062384048331844703*y*z + 244787757581521595344213917810*y + 19530486660865865715010520454*z**2 - 229494842597037702686664672375*z - 145130954489464855720834720224
['69609753513671387355159415833*v**2 + 26543911071471987735172514673*v*w + 50769671413613110847099912415*v*x + 91833898797087772956066381336*v*y + 87075880523289615598132998186*v*z + 549812007559009130624724917652*v - 94235346646155588385706051319*w**2 - 100737339019855350210296644308*w*x - 59736473324043016253046440805*w*y - 112697689557303316665103565415*w*z - 311749727501857557146861930049*w - 123361744848295598468696830453*x**2 - 39085460793067507597427133066*x*y - 147248062277870238322715108493*x*z - 743322024742364476185872713617*x + 13381910272283670934610484981*y**2 + 27156015025062384048331844703*y*z + 244787757581521595344213917810*y + 19530486660865865715010520454*z**2 - 229494842597037702686664672375*z - 145130954489464855720834720224']
  is_equivalent = False
  total_successes = 0, success_rate = 0.0
DEGREE = 4:
METHOD = 'diofantos':


Whole evaluation from the beginning of the script took:
 3.0 seconds, i.e. 0.05 minutes or 0.001 hours.

Current time: 2026-03-24 14:16:28.008472
Tue Mar 24 02:16:28 PM CET 2026
this is oei.sh 1 sth-dp4-1h 0 999    doing   doones job_id 65474259 task_id 1 * 1000 + 118 --exper_id sth-dp4-1h
