==============================================
Starting time (of array_subjob 65474259_154):
Tue Mar 24 02:19:03 PM CET 2026
(True, True)
(True, False)
(True, False)
Current time: 2026-03-24 14:19:06.943913 

True
METHOD = 'diofantos'
DEGREE = 4
SCALE = 3000
  all_datasets = 2257
pds1154.csv:
  gt_rhs = '-v**2 - 5*v*x'
d_max = 1
d_max = 2
   target = -v**2 - 5*v*x
['-v**2 - 5*v*x']
  is_equivalent = True
  total_successes = 1, success_rate = 1.0
DEGREE = 4:
METHOD = 'diofantos':


Whole evaluation from the beginning of the script took:
 2.9 seconds, i.e. 0.05 minutes or 0.001 hours.

Current time: 2026-03-24 14:19:09.862560
Tue Mar 24 02:19:10 PM CET 2026
this is oei.sh 1 sth-dp4-1h 0 999    doing   doones job_id 65474259 task_id 1 * 1000 + 154 --exper_id sth-dp4-1h
