==============================================
Starting time (of array_subjob 65474259_178):
Tue Mar 24 02:21:13 PM CET 2026
(True, True)
(True, False)
(True, False)
Current time: 2026-03-24 14:21:16.643538 

True
METHOD = 'diofantos'
DEGREE = 4
SCALE = 3000
  all_datasets = 2257
pds1178.csv:
  gt_rhs = '-6*v*w*x*z + 4*v*x - 6'
d_max = 1
d_max = 2
   target = 462204893498214459563428510*v**2 - 5187271297247097605128989690*v*w - 8899336310260481367638043964*v*x - 5700742943946006875841607940*v*y - 4168265603636255956502982732*v*z - 38904746479843949641996605370*v + 24488849502390548202227200406*w**2 + 29694774063485099174699295457*w*x + 4082521135694988059102269924*w*y + 3905553078689852515700293044*w*z - 21398360869511159815965606677*w + 18248407501827077893461344585*x**2 + 2444903983574630956017427348*x*y + 6221785529303853316621815173*x*z - 64762764537285596956424029083*x - 3822790597426520704728703304*y**2 - 3078850023116521065986645844*y*z - 16438246481205737814265641436*y + 185823018692229812823104542*z**2 + 2252869515834383918502405587*z - 520912495618181396227974604574
['462204893498214459563428510*v**2 - 5187271297247097605128989690*v*w - 8899336310260481367638043964*v*x - 5700742943946006875841607940*v*y - 4168265603636255956502982732*v*z - 38904746479843949641996605370*v + 24488849502390548202227200406*w**2 + 29694774063485099174699295457*w*x + 4082521135694988059102269924*w*y + 3905553078689852515700293044*w*z - 21398360869511159815965606677*w + 18248407501827077893461344585*x**2 + 2444903983574630956017427348*x*y + 6221785529303853316621815173*x*z - 64762764537285596956424029083*x - 3822790597426520704728703304*y**2 - 3078850023116521065986645844*y*z - 16438246481205737814265641436*y + 185823018692229812823104542*z**2 + 2252869515834383918502405587*z - 520912495618181396227974604574']
  is_equivalent = False
  total_successes = 0, success_rate = 0.0
DEGREE = 4:
METHOD = 'diofantos':


Whole evaluation from the beginning of the script took:
 2.1 seconds, i.e. 0.04 minutes or 0.001 hours.

Current time: 2026-03-24 14:21:18.766468
Tue Mar 24 02:21:19 PM CET 2026
this is oei.sh 1 sth-dp4-1h 0 999    doing   doones job_id 65474259 task_id 1 * 1000 + 178 --exper_id sth-dp4-1h
