==============================================
Starting time (of array_subjob 65474259_208):
Tue Mar 24 02:22:38 PM CET 2026
(True, True)
(True, False)
(True, False)
Current time: 2026-03-24 14:22:41.768883 

True
METHOD = 'diofantos'
DEGREE = 4
SCALE = 3000
  all_datasets = 2257
pds1208.csv:
  gt_rhs = '4*w**2*x*y*z'
d_max = 1
d_max = 2
   target = 4066252117478587832590704398*v**2 - 1426808690255016197036899272*v*w - 1149256529671333549490182834*v*x - 9891160048771959119698663716*v*y + 10149028092975823485785292588*v*z + 61826505380830250471352091100*v - 3244302734545774228094334946*w**2 + 9688615377395171106521605453*w*x + 4340577573810367208671232155*w*y + 7195472925144867751251633616*w*z + 18465046369270584657619552608*w + 4876500638318548142947610519*x**2 - 9059698480802208800253969938*x*y - 1067521243618533014119576121*x*z - 75855650487806169135411006900*x + 1909322150632869613355527935*y**2 - 1070756031434563211679343269*y*z - 25078522389247099889045109542*y - 1982344798039476553811521142*z**2 + 13623824042429521731685447574*z + 8506402183493849489217801682
['4066252117478587832590704398*v**2 - 1426808690255016197036899272*v*w - 1149256529671333549490182834*v*x - 9891160048771959119698663716*v*y + 10149028092975823485785292588*v*z + 61826505380830250471352091100*v - 3244302734545774228094334946*w**2 + 9688615377395171106521605453*w*x + 4340577573810367208671232155*w*y + 7195472925144867751251633616*w*z + 18465046369270584657619552608*w + 4876500638318548142947610519*x**2 - 9059698480802208800253969938*x*y - 1067521243618533014119576121*x*z - 75855650487806169135411006900*x + 1909322150632869613355527935*y**2 - 1070756031434563211679343269*y*z - 25078522389247099889045109542*y - 1982344798039476553811521142*z**2 + 13623824042429521731685447574*z + 8506402183493849489217801682']
  is_equivalent = False
  total_successes = 0, success_rate = 0.0
DEGREE = 4:
METHOD = 'diofantos':


Whole evaluation from the beginning of the script took:
 3.4 seconds, i.e. 0.06 minutes or 0.001 hours.

Current time: 2026-03-24 14:22:45.154780
Tue Mar 24 02:22:45 PM CET 2026
this is oei.sh 1 sth-dp4-1h 0 999    doing   doones job_id 65474259 task_id 1 * 1000 + 208 --exper_id sth-dp4-1h
