==============================================
Starting time (of array_subjob 65474259_274):
Tue Mar 24 02:26:12 PM CET 2026
(True, True)
(True, False)
(True, False)
Current time: 2026-03-24 14:26:15.955150 

True
METHOD = 'diofantos'
DEGREE = 4
SCALE = 3000
  all_datasets = 2257
pds1274.csv:
  gt_rhs = '10*w*z - 2*y*z'
d_max = 1
d_max = 2
   target = 10*w*z - 2*y*z
['10*w*z - 2*y*z']
  is_equivalent = True
  total_successes = 1, success_rate = 1.0
DEGREE = 4:
METHOD = 'diofantos':


Whole evaluation from the beginning of the script took:
 2.2 seconds, i.e. 0.04 minutes or 0.001 hours.

Current time: 2026-03-24 14:26:18.173880
Tue Mar 24 02:26:19 PM CET 2026
this is oei.sh 1 sth-dp4-1h 0 999    doing   doones job_id 65474259 task_id 1 * 1000 + 274 --exper_id sth-dp4-1h
