==============================================
Starting time (of array_subjob 65474259_286):
Tue Mar 24 02:26:57 PM CET 2026
(True, True)
(True, False)
(True, False)
Current time: 2026-03-24 14:27:00.537777 

True
METHOD = 'diofantos'
DEGREE = 4
SCALE = 3000
  all_datasets = 2257
pds1286.csv:
  gt_rhs = '-2*w*x**3*z'
d_max = 1
d_max = 2
   target = 13176207952896906459103528624*v**2 + 16752085506355288243345297225*v*w + 94739156090481428981947798959*v*x - 6399034901359035463559318191*v*y - 78361074792380742134922558629*v*z + 364178515001211809320013930765*v - 46502627188809678153067118176*w**2 - 59078310444981003479669666893*w*x - 59928338933064334773799500538*w*y + 67863649459883246817578824854*w*z - 163014033376914989036825618495*w - 146665805624441861294668136875*x**2 - 175247198910833708541578653873*x*y + 99919742676886634657433270814*x*z - 520353730883137036495722663425*x - 59366083649918731894861785434*y**2 + 45492597419909899794043139871*y*z - 154990120633619767674631501870*y + 54684926166420316958549420498*z**2 + 250706035029707847767481950372*z + 997133798412073204458580358332
['13176207952896906459103528624*v**2 + 16752085506355288243345297225*v*w + 94739156090481428981947798959*v*x - 6399034901359035463559318191*v*y - 78361074792380742134922558629*v*z + 364178515001211809320013930765*v - 46502627188809678153067118176*w**2 - 59078310444981003479669666893*w*x - 59928338933064334773799500538*w*y + 67863649459883246817578824854*w*z - 163014033376914989036825618495*w - 146665805624441861294668136875*x**2 - 175247198910833708541578653873*x*y + 99919742676886634657433270814*x*z - 520353730883137036495722663425*x - 59366083649918731894861785434*y**2 + 45492597419909899794043139871*y*z - 154990120633619767674631501870*y + 54684926166420316958549420498*z**2 + 250706035029707847767481950372*z + 997133798412073204458580358332']
  is_equivalent = False
  total_successes = 0, success_rate = 0.0
DEGREE = 4:
METHOD = 'diofantos':


Whole evaluation from the beginning of the script took:
 1.9 seconds, i.e. 0.03 minutes or 0.001 hours.

Current time: 2026-03-24 14:27:02.446563
Tue Mar 24 02:27:03 PM CET 2026
this is oei.sh 1 sth-dp4-1h 0 999    doing   doones job_id 65474259 task_id 1 * 1000 + 286 --exper_id sth-dp4-1h
