==============================================
Starting time (of array_subjob 65474259_304):
Tue Mar 24 02:28:25 PM CET 2026
(True, True)
(True, False)
(True, False)
Current time: 2026-03-24 14:28:27.775547 

True
METHOD = 'diofantos'
DEGREE = 4
SCALE = 3000
  all_datasets = 2257
pds1304.csv:
  gt_rhs = '10*w*x*y**2 - 7*z'
d_max = 1
d_max = 2
   target = -160322683115073738249289926961*v**2 - 407084405024724698213457509649*v*w + 41547088983126149683615800258*v*x + 259444846862198195733841354730*v*y + 1128584307178252106583711128123*v*z - 990366693819734095315660895103*v + 261791227690026575848688622971*w**2 + 695841650707404667832783240398*w*x - 188957812809909650302746845851*w*y + 306113560603028213823471052542*w*z + 4938323354086276182739936017510*w + 264627205266190552866586297834*x**2 + 888477411369279750880631248626*x*y + 145177212761842985687013999008*x*z + 1874588772930107165917267993712*x - 174471215883261452070321521851*y**2 - 932487764165856752223099459691*y*z + 505484093943748751346373100987*y - 847056663970794525147922780369*z**2 + 1146188213621294340537427763877*z + 5384682878287255728613130552880
['-160322683115073738249289926961*v**2 - 407084405024724698213457509649*v*w + 41547088983126149683615800258*v*x + 259444846862198195733841354730*v*y + 1128584307178252106583711128123*v*z - 990366693819734095315660895103*v + 261791227690026575848688622971*w**2 + 695841650707404667832783240398*w*x - 188957812809909650302746845851*w*y + 306113560603028213823471052542*w*z + 4938323354086276182739936017510*w + 264627205266190552866586297834*x**2 + 888477411369279750880631248626*x*y + 145177212761842985687013999008*x*z + 1874588772930107165917267993712*x - 174471215883261452070321521851*y**2 - 932487764165856752223099459691*y*z + 505484093943748751346373100987*y - 847056663970794525147922780369*z**2 + 1146188213621294340537427763877*z + 5384682878287255728613130552880']
  is_equivalent = False
  total_successes = 0, success_rate = 0.0
DEGREE = 4:
METHOD = 'diofantos':


Whole evaluation from the beginning of the script took:
 2.0 seconds, i.e. 0.03 minutes or 0.001 hours.

Current time: 2026-03-24 14:28:29.802196
Tue Mar 24 02:28:30 PM CET 2026
this is oei.sh 1 sth-dp4-1h 0 999    doing   doones job_id 65474259 task_id 1 * 1000 + 304 --exper_id sth-dp4-1h
