==============================================
Starting time (of array_subjob 65474259_317):
Tue Mar 24 02:29:07 PM CET 2026
(True, True)
(True, False)
(True, False)
Current time: 2026-03-24 14:29:09.760404 

True
METHOD = 'diofantos'
DEGREE = 4
SCALE = 3000
  all_datasets = 2257
pds1317.csv:
  gt_rhs = '-v*x + 7*v*z**2 - 7*w*z + 6'
d_max = 1
d_max = 2
   target = 28856034252513922901259551856*v**2 - 42123129287015716495021645850*v*w + 6439245634475521139864594715*v*x - 32691863591997598725093312080*v*y + 20179016968698814134639849665*v*z + 25099037414297563544937250052*v - 2693340571681698997355606059*w**2 + 33229829886264689235886874532*w*x + 14078640460311222642628270064*w*y + 14316905143610594385559663443*w*z - 5631013385732433001836174951*w - 754744121790419403918338269*x**2 + 71391154013194505769556782934*x*y - 51747996726530808563278196978*x*z - 190197615398250600126644256275*x + 43549023325616904961486055525*y**2 - 18123401172165381448628340546*y*z + 109760074459425635278300059315*y - 21694439655024145938814438320*z**2 - 419851867466122928534751055150*z - 2785722442109966643619112936160
['28856034252513922901259551856*v**2 - 42123129287015716495021645850*v*w + 6439245634475521139864594715*v*x - 32691863591997598725093312080*v*y + 20179016968698814134639849665*v*z + 25099037414297563544937250052*v - 2693340571681698997355606059*w**2 + 33229829886264689235886874532*w*x + 14078640460311222642628270064*w*y + 14316905143610594385559663443*w*z - 5631013385732433001836174951*w - 754744121790419403918338269*x**2 + 71391154013194505769556782934*x*y - 51747996726530808563278196978*x*z - 190197615398250600126644256275*x + 43549023325616904961486055525*y**2 - 18123401172165381448628340546*y*z + 109760074459425635278300059315*y - 21694439655024145938814438320*z**2 - 419851867466122928534751055150*z - 2785722442109966643619112936160']
  is_equivalent = False
  total_successes = 0, success_rate = 0.0
DEGREE = 4:
METHOD = 'diofantos':


Whole evaluation from the beginning of the script took:
 1.9 seconds, i.e. 0.03 minutes or 0.001 hours.

Current time: 2026-03-24 14:29:11.656316
Tue Mar 24 02:29:12 PM CET 2026
this is oei.sh 1 sth-dp4-1h 0 999    doing   doones job_id 65474259 task_id 1 * 1000 + 317 --exper_id sth-dp4-1h
