==============================================
Starting time (of array_subjob 65474259_442):
Tue Mar 24 02:40:25 PM CET 2026
(True, True)
(True, False)
(True, False)
Current time: 2026-03-24 14:40:27.546088 

True
METHOD = 'diofantos'
DEGREE = 4
SCALE = 3000
  all_datasets = 2257
pds1442.csv:
  gt_rhs = '6*v + 10*x**2 - 7*y*z'
d_max = 1
d_max = 2
   target = 6*v + 10*x**2 - 7*y*z
['6*v + 10*x**2 - 7*y*z']
  is_equivalent = True
  total_successes = 1, success_rate = 1.0
DEGREE = 4:
METHOD = 'diofantos':


Whole evaluation from the beginning of the script took:
 1.9 seconds, i.e. 0.03 minutes or 0.001 hours.

Current time: 2026-03-24 14:40:29.479488
Tue Mar 24 02:40:30 PM CET 2026
this is oei.sh 1 sth-dp4-1h 0 999    doing   doones job_id 65474259 task_id 1 * 1000 + 442 --exper_id sth-dp4-1h
