==============================================
Starting time (of array_subjob 65474259_469):
Tue Mar 24 02:43:18 PM CET 2026
(True, True)
(True, False)
(True, False)
Current time: 2026-03-24 14:43:20.628056 

True
METHOD = 'diofantos'
DEGREE = 4
SCALE = 3000
  all_datasets = 2257
pds1469.csv:
  gt_rhs = '4*v*w*y - 7*x'
d_max = 1
d_max = 2
   target = -89709806567871818314362280868*v**2 + 40869717192706741647540721998*v*w - 1049426411219753526051356318838*v*x + 1713903713760562208431643744698*v*y + 318419088606685641247578319860*v*z + 11981030426396866660631775662806*v + 211615693098000314732551131256*w**2 - 169710977915851427845065655636*w*x + 1025184736784128262080769955531*w*y + 23541591578016981755054236623*w*z + 1797590602080335983531900056921*w + 328471753433847601508607295290*x**2 - 960175514469091200462736862803*x*y - 802083192650074138390116765799*x*z - 2231087771965352409505914056046*x - 812291867189633427595086224950*y**2 + 641144810196572276805686871013*y*z - 488257411486911502375564230184*y - 105606262242497944551680732449*z**2 + 1276775399011778684607582743135*z + 61777137243586020184873139479262
['-89709806567871818314362280868*v**2 + 40869717192706741647540721998*v*w - 1049426411219753526051356318838*v*x + 1713903713760562208431643744698*v*y + 318419088606685641247578319860*v*z + 11981030426396866660631775662806*v + 211615693098000314732551131256*w**2 - 169710977915851427845065655636*w*x + 1025184736784128262080769955531*w*y + 23541591578016981755054236623*w*z + 1797590602080335983531900056921*w + 328471753433847601508607295290*x**2 - 960175514469091200462736862803*x*y - 802083192650074138390116765799*x*z - 2231087771965352409505914056046*x - 812291867189633427595086224950*y**2 + 641144810196572276805686871013*y*z - 488257411486911502375564230184*y - 105606262242497944551680732449*z**2 + 1276775399011778684607582743135*z + 61777137243586020184873139479262']
  is_equivalent = False
  total_successes = 0, success_rate = 0.0
DEGREE = 4:
METHOD = 'diofantos':


Whole evaluation from the beginning of the script took:
 3.1 seconds, i.e. 0.05 minutes or 0.001 hours.

Current time: 2026-03-24 14:43:23.708042
Tue Mar 24 02:43:24 PM CET 2026
this is oei.sh 1 sth-dp4-1h 0 999    doing   doones job_id 65474259 task_id 1 * 1000 + 469 --exper_id sth-dp4-1h
