==============================================
Starting time (of array_subjob 65474259_466):
Tue Mar 24 02:42:34 PM CET 2026
(True, True)
(True, False)
(True, False)
Current time: 2026-03-24 14:42:36.887497 

True
METHOD = 'diofantos'
DEGREE = 4
SCALE = 3000
  all_datasets = 2257
pds1466.csv:
  gt_rhs = '10*v**3*x*y + 3'
d_max = 1
d_max = 2
   target = 127912056609382969677824025117*v**2 + 491227656357857195709621729231*v*w - 136778383729523588389830277975*v*x - 827036469069943277563122387024*v*y - 509525918781888911277632600285*v*z - 3761640940791522195303333385874*v + 501719067308858445572890339877*w**2 + 103919697092458071472350967063*w*x + 584718714813219849637796335886*w*y - 128811075405154404946784585477*w*z + 2237765151078617546624853520268*w + 287157057197598713720662250211*x**2 - 312154998849973133201788078110*x*y - 430813945425778814256116745303*x*z - 1781355484949767329042772106057*x + 340008792335542166116038970520*y**2 - 67259155718167087965599445156*y*z + 733633411578381049236439266482*y - 83045501184939028974020846717*z**2 + 1168267339479155019231315769931*z - 28698156221296284811527977733611
['127912056609382969677824025117*v**2 + 491227656357857195709621729231*v*w - 136778383729523588389830277975*v*x - 827036469069943277563122387024*v*y - 509525918781888911277632600285*v*z - 3761640940791522195303333385874*v + 501719067308858445572890339877*w**2 + 103919697092458071472350967063*w*x + 584718714813219849637796335886*w*y - 128811075405154404946784585477*w*z + 2237765151078617546624853520268*w + 287157057197598713720662250211*x**2 - 312154998849973133201788078110*x*y - 430813945425778814256116745303*x*z - 1781355484949767329042772106057*x + 340008792335542166116038970520*y**2 - 67259155718167087965599445156*y*z + 733633411578381049236439266482*y - 83045501184939028974020846717*z**2 + 1168267339479155019231315769931*z - 28698156221296284811527977733611']
  is_equivalent = False
  total_successes = 0, success_rate = 0.0
DEGREE = 4:
METHOD = 'diofantos':


Whole evaluation from the beginning of the script took:
 1.8 seconds, i.e. 0.03 minutes or 0.001 hours.

Current time: 2026-03-24 14:42:38.712293
Tue Mar 24 02:42:39 PM CET 2026
this is oei.sh 1 sth-dp4-1h 0 999    doing   doones job_id 65474259 task_id 1 * 1000 + 466 --exper_id sth-dp4-1h
