==============================================
Starting time (of array_subjob 65474259_491):
Tue Mar 24 02:44:43 PM CET 2026
(True, True)
(True, False)
(True, False)
Current time: 2026-03-24 14:44:46.022864 

True
METHOD = 'diofantos'
DEGREE = 4
SCALE = 3000
  all_datasets = 2257
pds1491.csv:
  gt_rhs = 'w**2*y*z + 6*x - 2'
d_max = 1
d_max = 2
   target = 439819357069429370910713434*v**2 + 15428854578274247613527779*v*w - 458964745778461855938970901*v*x - 969118777369224225538639462*v*y - 936065840343622572023891131*v*z + 6519591635393051460230925528*v + 1863661015127688051341136551*w**2 - 1414192137070208984594247852*w*x - 122516791194774750827797263*w*y + 86059869161226867504837859*w*z - 518195314161107992538907702*w - 317844126888438806471605343*x**2 - 226593622397809928729392071*x*y + 99474478203164772735708592*x*z + 4494204952315963306374320808*x - 505457045214577974981224582*y**2 + 111274273839565966755286508*y*z - 4549538910323556576581225266*y + 1008233915388003293988054395*z**2 - 1829251985883336476395028891*z - 64976643240973751564415913518
['439819357069429370910713434*v**2 + 15428854578274247613527779*v*w - 458964745778461855938970901*v*x - 969118777369224225538639462*v*y - 936065840343622572023891131*v*z + 6519591635393051460230925528*v + 1863661015127688051341136551*w**2 - 1414192137070208984594247852*w*x - 122516791194774750827797263*w*y + 86059869161226867504837859*w*z - 518195314161107992538907702*w - 317844126888438806471605343*x**2 - 226593622397809928729392071*x*y + 99474478203164772735708592*x*z + 4494204952315963306374320808*x - 505457045214577974981224582*y**2 + 111274273839565966755286508*y*z - 4549538910323556576581225266*y + 1008233915388003293988054395*z**2 - 1829251985883336476395028891*z - 64976643240973751564415913518']
  is_equivalent = False
  total_successes = 0, success_rate = 0.0
DEGREE = 4:
METHOD = 'diofantos':


Whole evaluation from the beginning of the script took:
 1.9 seconds, i.e. 0.03 minutes or 0.001 hours.

Current time: 2026-03-24 14:44:47.920727
Tue Mar 24 02:44:48 PM CET 2026
this is oei.sh 1 sth-dp4-1h 0 999    doing   doones job_id 65474259 task_id 1 * 1000 + 491 --exper_id sth-dp4-1h
