==============================================
Starting time (of array_subjob 65474259_493):
Tue Mar 24 02:44:44 PM CET 2026
(True, True)
(True, False)
(True, False)
Current time: 2026-03-24 14:44:47.907377 

True
METHOD = 'diofantos'
DEGREE = 4
SCALE = 3000
  all_datasets = 2257
pds1493.csv:
  gt_rhs = '10*w*x + 9*w - 7*x*y - 1'
d_max = 1
d_max = 2
   target = 10*w*x + 9*w - 7*x*y - 1
['10*w*x + 9*w - 7*x*y - 1']
  is_equivalent = True
  total_successes = 1, success_rate = 1.0
DEGREE = 4:
METHOD = 'diofantos':


Whole evaluation from the beginning of the script took:
 3.0 seconds, i.e. 0.05 minutes or 0.001 hours.

Current time: 2026-03-24 14:44:50.878575
Tue Mar 24 02:44:51 PM CET 2026
this is oei.sh 1 sth-dp4-1h 0 999    doing   doones job_id 65474259 task_id 1 * 1000 + 493 --exper_id sth-dp4-1h
