==============================================
Starting time (of array_subjob 65474259_499):
Tue Mar 24 02:44:43 PM CET 2026
(True, True)
(True, False)
(True, False)
Current time: 2026-03-24 14:44:45.608749 

True
METHOD = 'diofantos'
DEGREE = 4
SCALE = 3000
  all_datasets = 2257
pds1499.csv:
  gt_rhs = '6*v*w*x - 9*v - 6*x + 10'
d_max = 1
d_max = 2
   target = 20037493734291134684492243902*v**2 - 33679469827073191194456449010*v*w + 57522813227130759322287101912*v*x - 18384559626431904470259017516*v*y + 21098866330424284282970410078*v*z - 51952104694855013761664453503*v - 46805609573057838121659015606*w**2 - 41816769489965331068009525664*w*x - 25806718897629067540633053736*w*y + 8818370991206197310561394118*w*z + 90851144744924871400484394310*w + 3314648084838052289684038402*x**2 - 32106375892446767036265253456*x*y + 54498504880288746909489971942*x*z + 152665739723013257966826571808*x + 393551067405276873393566484*y**2 + 8626760433239137012787128592*y*z + 36650880739402252540501334908*y - 4745732940854355979312750492*z**2 - 179278723951539471012790541910*z + 203142648701020201310418224198
['20037493734291134684492243902*v**2 - 33679469827073191194456449010*v*w + 57522813227130759322287101912*v*x - 18384559626431904470259017516*v*y + 21098866330424284282970410078*v*z - 51952104694855013761664453503*v - 46805609573057838121659015606*w**2 - 41816769489965331068009525664*w*x - 25806718897629067540633053736*w*y + 8818370991206197310561394118*w*z + 90851144744924871400484394310*w + 3314648084838052289684038402*x**2 - 32106375892446767036265253456*x*y + 54498504880288746909489971942*x*z + 152665739723013257966826571808*x + 393551067405276873393566484*y**2 + 8626760433239137012787128592*y*z + 36650880739402252540501334908*y - 4745732940854355979312750492*z**2 - 179278723951539471012790541910*z + 203142648701020201310418224198']
  is_equivalent = False
  total_successes = 0, success_rate = 0.0
DEGREE = 4:
METHOD = 'diofantos':


Whole evaluation from the beginning of the script took:
 1.9 seconds, i.e. 0.03 minutes or 0.001 hours.

Current time: 2026-03-24 14:44:47.516390
Tue Mar 24 02:44:47 PM CET 2026
this is oei.sh 1 sth-dp4-1h 0 999    doing   doones job_id 65474259 task_id 1 * 1000 + 499 --exper_id sth-dp4-1h
