==============================================
Starting time (of array_subjob 65474259_526):
Tue Mar 24 02:46:09 PM CET 2026
(True, True)
(True, False)
(True, False)
Current time: 2026-03-24 14:46:13.597466 

True
METHOD = 'diofantos'
DEGREE = 4
SCALE = 3000
  all_datasets = 2257
pds1526.csv:
  gt_rhs = '-2*v*w*y*z + w'
d_max = 1
d_max = 2
   target = 71106628049722471593057986698584*v**2 + 28281921579144156339322721731672*v*w + 9761877443544315647315996484054*v*x - 107758505236873337572604610741148*v*y - 2991406624099816987283592321194*v*z - 36864878446155117310361097015260*v - 4074087253527815283206534364109*w**2 + 47186054686866449059276767987236*w*x - 74184598736167932242798476079912*w*y - 23314130709901921360450574983388*w*z - 370116835990945081281529033738024*w - 12405982589989451719767636991318*x**2 + 75787198885218891727937959752302*x*y + 33262151990893558855971973927484*x*z + 520971486097252860637932136153598*x + 77865432048597521823147301090277*y**2 + 97347870046595220509800250627590*y*z + 116351031383008495189111958224303*y - 40565827983922578312261429329667*z**2 - 382590170837871905644673022357619*z - 2213296754127941780359338336472908
['71106628049722471593057986698584*v**2 + 28281921579144156339322721731672*v*w + 9761877443544315647315996484054*v*x - 107758505236873337572604610741148*v*y - 2991406624099816987283592321194*v*z - 36864878446155117310361097015260*v - 4074087253527815283206534364109*w**2 + 47186054686866449059276767987236*w*x - 74184598736167932242798476079912*w*y - 23314130709901921360450574983388*w*z - 370116835990945081281529033738024*w - 12405982589989451719767636991318*x**2 + 75787198885218891727937959752302*x*y + 33262151990893558855971973927484*x*z + 520971486097252860637932136153598*x + 77865432048597521823147301090277*y**2 + 97347870046595220509800250627590*y*z + 116351031383008495189111958224303*y - 40565827983922578312261429329667*z**2 - 382590170837871905644673022357619*z - 2213296754127941780359338336472908']
  is_equivalent = False
  total_successes = 0, success_rate = 0.0
DEGREE = 4:
METHOD = 'diofantos':


Whole evaluation from the beginning of the script took:
 3.3 seconds, i.e. 0.05 minutes or 0.001 hours.

Current time: 2026-03-24 14:46:16.859131
Tue Mar 24 02:46:17 PM CET 2026
this is oei.sh 1 sth-dp4-1h 0 999    doing   doones job_id 65474259 task_id 1 * 1000 + 526 --exper_id sth-dp4-1h
