==============================================
Starting time (of array_subjob 65474259_529):
Tue Mar 24 02:46:09 PM CET 2026
(True, True)
(True, False)
(True, False)
Current time: 2026-03-24 14:46:12.051574 

True
METHOD = 'diofantos'
DEGREE = 4
SCALE = 3000
  all_datasets = 2257
pds1529.csv:
  gt_rhs = '-10*x*y - 4*y'
d_max = 1
d_max = 2
   target = -10*x*y - 4*y
['-10*x*y - 4*y']
  is_equivalent = True
  total_successes = 1, success_rate = 1.0
DEGREE = 4:
METHOD = 'diofantos':


Whole evaluation from the beginning of the script took:
 1.9 seconds, i.e. 0.03 minutes or 0.001 hours.

Current time: 2026-03-24 14:46:13.995247
Tue Mar 24 02:46:14 PM CET 2026
this is oei.sh 1 sth-dp4-1h 0 999    doing   doones job_id 65474259 task_id 1 * 1000 + 529 --exper_id sth-dp4-1h
