==============================================
Starting time (of array_subjob 65474259_544):
Tue Mar 24 02:46:52 PM CET 2026
(True, True)
(True, False)
(True, False)
Current time: 2026-03-24 14:46:56.054373 

True
METHOD = 'diofantos'
DEGREE = 4
SCALE = 3000
  all_datasets = 2257
pds1544.csv:
  gt_rhs = '4*v - 2*w*x + 10'
d_max = 1
d_max = 2
   target = 4*v - 2*w*x + 10
['4*v - 2*w*x + 10']
  is_equivalent = True
  total_successes = 1, success_rate = 1.0
DEGREE = 4:
METHOD = 'diofantos':


Whole evaluation from the beginning of the script took:
 2.8 seconds, i.e. 0.05 minutes or 0.001 hours.

Current time: 2026-03-24 14:46:58.818754
Tue Mar 24 02:46:59 PM CET 2026
this is oei.sh 1 sth-dp4-1h 0 999    doing   doones job_id 65474259 task_id 1 * 1000 + 544 --exper_id sth-dp4-1h
