==============================================
Starting time (of array_subjob 65474259_621):
Tue Mar 24 02:51:06 PM CET 2026
(True, True)
(True, False)
(True, False)
Current time: 2026-03-24 14:51:08.702881 

True
METHOD = 'diofantos'
DEGREE = 4
SCALE = 3000
  all_datasets = 2257
pds1621.csv:
  gt_rhs = '5*w**2*x*y*z - 1'
d_max = 1
d_max = 2
   target = -212650461995504328695062475021*v**2 - 6219933752894372454234219692*v*w - 299757884136312464228975940706*v*x + 961058606594441791439591569342*v*y + 597951094662086679677615887918*v*z - 2578473762506686950495220960795*v + 552087943093535504081227257164*w**2 + 103718720182295393713141723006*w*x - 202108206248554032409670977216*w*y - 556380204506868842623210824872*w*z + 2293468842257704307916519666122*w + 451301053948282064032597070839*x**2 + 15672286690869705495928221158*x*y - 382084549604541666128506344818*x*z - 2839834782769830888530631787353*x - 446687386167786824435014981530*y**2 - 120329117361263874628589142636*y*z + 3281680488669102232787265725314*y + 180139652301511694823892615271*z**2 + 550316700669867063624202034211*z - 24184665445907563061251583456777
['-212650461995504328695062475021*v**2 - 6219933752894372454234219692*v*w - 299757884136312464228975940706*v*x + 961058606594441791439591569342*v*y + 597951094662086679677615887918*v*z - 2578473762506686950495220960795*v + 552087943093535504081227257164*w**2 + 103718720182295393713141723006*w*x - 202108206248554032409670977216*w*y - 556380204506868842623210824872*w*z + 2293468842257704307916519666122*w + 451301053948282064032597070839*x**2 + 15672286690869705495928221158*x*y - 382084549604541666128506344818*x*z - 2839834782769830888530631787353*x - 446687386167786824435014981530*y**2 - 120329117361263874628589142636*y*z + 3281680488669102232787265725314*y + 180139652301511694823892615271*z**2 + 550316700669867063624202034211*z - 24184665445907563061251583456777']
  is_equivalent = False
  total_successes = 0, success_rate = 0.0
DEGREE = 4:
METHOD = 'diofantos':


Whole evaluation from the beginning of the script took:
 2.0 seconds, i.e. 0.03 minutes or 0.001 hours.

Current time: 2026-03-24 14:51:10.706374
Tue Mar 24 02:51:11 PM CET 2026
this is oei.sh 1 sth-dp4-1h 0 999    doing   doones job_id 65474259 task_id 1 * 1000 + 621 --exper_id sth-dp4-1h
