==============================================
Starting time (of array_subjob 65474259_675):
Tue Mar 24 02:54:21 PM CET 2026
(True, True)
(True, False)
(True, False)
Current time: 2026-03-24 14:54:25.602514 

True
METHOD = 'diofantos'
DEGREE = 4
SCALE = 3000
  all_datasets = 2257
pds1675.csv:
  gt_rhs = '-w**3*y**2 + 8'
d_max = 1
d_max = 2
   target = 57837733239149058903081441256009*v**2 + 14222540662154731278936617719896*v*w + 116222574920725722511803524140*v*x + 57041875440411300507882149248468*v*y - 39728760906203834376978194173006*v*z + 10359400870946565131631373265259*v + 21564401764631611465866909565243*w**2 - 11059630838886530460150175940128*w*x + 16165453107910035358414647665379*w*y + 13850466574465957290387215604630*w*z + 98748313933684059361004165065657*w + 1160444432847432028559324840071*x**2 - 21639915961691007840307639033864*x*y + 6983765725003505428552880076292*x*z + 28531212256729292277951442290401*x + 26875838256324857454820803302025*y**2 - 1525700194374391240369930375554*y*z + 214782896843079595422503803474583*y - 14937102380626171131838757227229*z**2 - 172284548810707645007836713152165*z - 1328423706152700952837453159760282
['57837733239149058903081441256009*v**2 + 14222540662154731278936617719896*v*w + 116222574920725722511803524140*v*x + 57041875440411300507882149248468*v*y - 39728760906203834376978194173006*v*z + 10359400870946565131631373265259*v + 21564401764631611465866909565243*w**2 - 11059630838886530460150175940128*w*x + 16165453107910035358414647665379*w*y + 13850466574465957290387215604630*w*z + 98748313933684059361004165065657*w + 1160444432847432028559324840071*x**2 - 21639915961691007840307639033864*x*y + 6983765725003505428552880076292*x*z + 28531212256729292277951442290401*x + 26875838256324857454820803302025*y**2 - 1525700194374391240369930375554*y*z + 214782896843079595422503803474583*y - 14937102380626171131838757227229*z**2 - 172284548810707645007836713152165*z - 1328423706152700952837453159760282']
  is_equivalent = False
  total_successes = 0, success_rate = 0.0
DEGREE = 4:
METHOD = 'diofantos':


Whole evaluation from the beginning of the script took:
 4.0 seconds, i.e. 0.07 minutes or 0.001 hours.

Current time: 2026-03-24 14:54:29.587366
Tue Mar 24 02:54:30 PM CET 2026
this is oei.sh 1 sth-dp4-1h 0 999    doing   doones job_id 65474259 task_id 1 * 1000 + 675 --exper_id sth-dp4-1h
