==============================================
Starting time (of array_subjob 65474259_778):
Tue Mar 24 03:01:36 PM CET 2026
(True, True)
(True, False)
(True, False)
Current time: 2026-03-24 15:01:40.482807 

True
METHOD = 'diofantos'
DEGREE = 4
SCALE = 3000
  all_datasets = 2257
pds1778.csv:
  gt_rhs = '9*v*z + 9*w*y - 5*x*z**2'
d_max = 1
d_max = 2
   target = -78124490551632646703864897420*v**2 + 52011444112098247098284256660*v*w + 34074986827211517731113393780*v*x - 44946949216957005820045195540*v*y + 21901760241287411270352435569*v*z + 164604183684666166864931833080*v - 74229844462037937198545433820*w**2 - 26024697103191277782472861100*w*x + 766133514949196333192929029*w*y + 59487318303728763719879281800*w*z + 153040792291129852867988759460*w + 34938686558978917166679912340*x**2 - 47224013463617094806609924760*x*y + 17424743106750514702310008535*x*z + 477166216310921084505690260490*x + 10704780824432529937597365820*y**2 - 71611963568351567883938431570*y*z - 189583258650712685089318584640*y - 71220558626607979152738714620*z**2 - 112990876181258257982867692390*z + 4150962280185350347641669215180
['-78124490551632646703864897420*v**2 + 52011444112098247098284256660*v*w + 34074986827211517731113393780*v*x - 44946949216957005820045195540*v*y + 21901760241287411270352435569*v*z + 164604183684666166864931833080*v - 74229844462037937198545433820*w**2 - 26024697103191277782472861100*w*x + 766133514949196333192929029*w*y + 59487318303728763719879281800*w*z + 153040792291129852867988759460*w + 34938686558978917166679912340*x**2 - 47224013463617094806609924760*x*y + 17424743106750514702310008535*x*z + 477166216310921084505690260490*x + 10704780824432529937597365820*y**2 - 71611963568351567883938431570*y*z - 189583258650712685089318584640*y - 71220558626607979152738714620*z**2 - 112990876181258257982867692390*z + 4150962280185350347641669215180']
  is_equivalent = False
  total_successes = 0, success_rate = 0.0
DEGREE = 4:
METHOD = 'diofantos':


Whole evaluation from the beginning of the script took:
 3.2 seconds, i.e. 0.05 minutes or 0.001 hours.

Current time: 2026-03-24 15:01:43.726528
Tue Mar 24 03:01:44 PM CET 2026
this is oei.sh 1 sth-dp4-1h 0 999    doing   doones job_id 65474259 task_id 1 * 1000 + 778 --exper_id sth-dp4-1h
