==============================================
Starting time (of array_subjob 65474259_787):
Tue Mar 24 03:02:30 PM CET 2026
(True, True)
(True, False)
(True, False)
Current time: 2026-03-24 15:02:32.634747 

True
METHOD = 'diofantos'
DEGREE = 4
SCALE = 3000
  all_datasets = 2257
pds1787.csv:
  gt_rhs = '8*v*x*z**2 - 2*x**2 - 8'
d_max = 1
d_max = 2
   target = 368154926170608388246392606*v**2 + 373301100702556239782971106*v*w + 5640361500367919503315296*v*x + 97088803895479417998889069*v*y - 117285033274705451487389755*v*z + 265763293179833268306863654*v + 144861236458144228697003388*w**2 + 138661570862472777519978870*w*x - 140715607234075519238713589*w*y + 401433837835884630192408295*w*z + 795317003526277065010194618*w - 209909117384109291515424652*x**2 + 144538002857447861264710711*x*y - 26422733584188174196399965*x*z - 4340153795733493970568170*x - 6323314574321275404365162*y**2 - 20173707873939918684194892*y*z + 1831289309069056651043731386*y - 264419140013299543381964768*z**2 - 3663476725010076221538618500*z - 7562519777633746314668869556
['368154926170608388246392606*v**2 + 373301100702556239782971106*v*w + 5640361500367919503315296*v*x + 97088803895479417998889069*v*y - 117285033274705451487389755*v*z + 265763293179833268306863654*v + 144861236458144228697003388*w**2 + 138661570862472777519978870*w*x - 140715607234075519238713589*w*y + 401433837835884630192408295*w*z + 795317003526277065010194618*w - 209909117384109291515424652*x**2 + 144538002857447861264710711*x*y - 26422733584188174196399965*x*z - 4340153795733493970568170*x - 6323314574321275404365162*y**2 - 20173707873939918684194892*y*z + 1831289309069056651043731386*y - 264419140013299543381964768*z**2 - 3663476725010076221538618500*z - 7562519777633746314668869556']
  is_equivalent = False
  total_successes = 0, success_rate = 0.0
DEGREE = 4:
METHOD = 'diofantos':


Whole evaluation from the beginning of the script took:
 1.9 seconds, i.e. 0.03 minutes or 0.001 hours.

Current time: 2026-03-24 15:02:34.510561
Tue Mar 24 03:02:34 PM CET 2026
this is oei.sh 1 sth-dp4-1h 0 999    doing   doones job_id 65474259 task_id 1 * 1000 + 787 --exper_id sth-dp4-1h
