==============================================
Starting time (of array_subjob 65474259_829):
Tue Mar 24 03:04:21 PM CET 2026
(True, True)
(True, False)
(True, False)
Current time: 2026-03-24 15:04:23.532850 

True
METHOD = 'diofantos'
DEGREE = 4
SCALE = 3000
  all_datasets = 2257
pds1829.csv:
  gt_rhs = '4*v*x*y*z + 8*v*x + 8'
d_max = 1
d_max = 2
   target = -7155590251447721240113935246*v**2 - 18689252127225557965714398512*v*w - 17952007198870986162185075880*v*x + 1531637312780496854955930280*v*y - 28192596369480377437800781690*v*z + 77545690427404757576769240312*v - 31580539500231717627854429544*w**2 - 7394653147715467624855531056*w*x + 25364664898568871027846964594*w*y + 15137948228761049515413828960*w*z - 36385555212101072393961358412*w + 21717323798139408009654373581*x**2 + 14507922939453536721238455590*x*y + 18520597201681524922751399074*x*z + 18684397438471878712622564969*x + 2953001272824933929258485146*y**2 - 16347707524084539340398935060*y*z + 45450438782136180262650415062*y + 9176925925642110734366976891*z**2 - 7818058530200952296180654539*z - 364769971958328225857054143552
['-7155590251447721240113935246*v**2 - 18689252127225557965714398512*v*w - 17952007198870986162185075880*v*x + 1531637312780496854955930280*v*y - 28192596369480377437800781690*v*z + 77545690427404757576769240312*v - 31580539500231717627854429544*w**2 - 7394653147715467624855531056*w*x + 25364664898568871027846964594*w*y + 15137948228761049515413828960*w*z - 36385555212101072393961358412*w + 21717323798139408009654373581*x**2 + 14507922939453536721238455590*x*y + 18520597201681524922751399074*x*z + 18684397438471878712622564969*x + 2953001272824933929258485146*y**2 - 16347707524084539340398935060*y*z + 45450438782136180262650415062*y + 9176925925642110734366976891*z**2 - 7818058530200952296180654539*z - 364769971958328225857054143552']
  is_equivalent = False
  total_successes = 0, success_rate = 0.0
DEGREE = 4:
METHOD = 'diofantos':


Whole evaluation from the beginning of the script took:
 1.9 seconds, i.e. 0.03 minutes or 0.001 hours.

Current time: 2026-03-24 15:04:25.393396
Tue Mar 24 03:04:25 PM CET 2026
this is oei.sh 1 sth-dp4-1h 0 999    doing   doones job_id 65474259 task_id 1 * 1000 + 829 --exper_id sth-dp4-1h
