==============================================
Starting time (of array_subjob 65474259_834):
Tue Mar 24 03:04:22 PM CET 2026
(True, True)
(True, False)
(True, False)
Current time: 2026-03-24 15:04:26.054313 

True
METHOD = 'diofantos'
DEGREE = 4
SCALE = 3000
  all_datasets = 2257
pds1834.csv:
  gt_rhs = '-7*v + 8*w*x*z'
d_max = 1
d_max = 2
   target = -598953926569658932150807780060*v**2 - 2721126794426296898254471295352*v*w + 2002148303778838878200898783536*v*x + 570991576509704775693843306472*v*y - 337109910854092737827058901920*v*z + 4122326240588032062001886200605*v + 1758481515069569465426564065852*w**2 - 1663506652125919245213724464156*w*x - 689789187233632589017105744928*w*y + 330488600570175081627070979284*w*z + 747062926099408137618399098664*w + 1811779696617992219384417811428*x**2 + 404506356238347071866883317684*x*y - 371653474382879150148014511280*x*z + 3947671615838206547736681882296*x - 1767070611916498818757593356652*y**2 - 1048921371593520237322810143756*y*z - 9721002080951957664997360174928*y + 463488351631563209522479502048*z**2 + 1577672652404198579860594817972*z - 25416798204539692553489958476908
['-598953926569658932150807780060*v**2 - 2721126794426296898254471295352*v*w + 2002148303778838878200898783536*v*x + 570991576509704775693843306472*v*y - 337109910854092737827058901920*v*z + 4122326240588032062001886200605*v + 1758481515069569465426564065852*w**2 - 1663506652125919245213724464156*w*x - 689789187233632589017105744928*w*y + 330488600570175081627070979284*w*z + 747062926099408137618399098664*w + 1811779696617992219384417811428*x**2 + 404506356238347071866883317684*x*y - 371653474382879150148014511280*x*z + 3947671615838206547736681882296*x - 1767070611916498818757593356652*y**2 - 1048921371593520237322810143756*y*z - 9721002080951957664997360174928*y + 463488351631563209522479502048*z**2 + 1577672652404198579860594817972*z - 25416798204539692553489958476908']
  is_equivalent = False
  total_successes = 0, success_rate = 0.0
DEGREE = 4:
METHOD = 'diofantos':


Whole evaluation from the beginning of the script took:
 3.4 seconds, i.e. 0.06 minutes or 0.001 hours.

Current time: 2026-03-24 15:04:29.453055
Tue Mar 24 03:04:30 PM CET 2026
this is oei.sh 1 sth-dp4-1h 0 999    doing   doones job_id 65474259 task_id 1 * 1000 + 834 --exper_id sth-dp4-1h
