==============================================
Starting time (of array_subjob 65474259_845):
Tue Mar 24 03:05:16 PM CET 2026
(True, True)
(True, False)
(True, False)
Current time: 2026-03-24 15:05:20.780073 

True
METHOD = 'diofantos'
DEGREE = 4
SCALE = 3000
  all_datasets = 2257
pds1845.csv:
  gt_rhs = '4*w*x*y*z + 5*w - z'
d_max = 1
d_max = 2
   target = -11284142728512388879878592954637*v**2 + 520397225206151880758090847784*v*w - 19719032391951690958814945014212*v*x + 1815259602125510333718794131850*v*y + 27045659364983766271819916389924*v*z + 5508999003009695236940980917805*v - 2900543636117643271000850304499*w**2 + 13926002361340866848884936481022*w*x + 2771598024029127199038524817426*w*y + 1990926854455578909724946453589*w*z + 14342615786572257419558089480558*w - 8641115991761086606817261149979*x**2 + 21917289181817570676014438505296*x*y - 6631702273246325971604172291808*x*z + 115536792108361669165619592261133*x + 2187376304523654032592615704223*y**2 - 16696819912554398304176873698504*y*z - 21515752747443279676282514292163*y + 20147723757557059846704732924122*z**2 - 9818795358622204642876606997393*z + 214576778129388609081439744399344
['-11284142728512388879878592954637*v**2 + 520397225206151880758090847784*v*w - 19719032391951690958814945014212*v*x + 1815259602125510333718794131850*v*y + 27045659364983766271819916389924*v*z + 5508999003009695236940980917805*v - 2900543636117643271000850304499*w**2 + 13926002361340866848884936481022*w*x + 2771598024029127199038524817426*w*y + 1990926854455578909724946453589*w*z + 14342615786572257419558089480558*w - 8641115991761086606817261149979*x**2 + 21917289181817570676014438505296*x*y - 6631702273246325971604172291808*x*z + 115536792108361669165619592261133*x + 2187376304523654032592615704223*y**2 - 16696819912554398304176873698504*y*z - 21515752747443279676282514292163*y + 20147723757557059846704732924122*z**2 - 9818795358622204642876606997393*z + 214576778129388609081439744399344']
  is_equivalent = False
  total_successes = 0, success_rate = 0.0
DEGREE = 4:
METHOD = 'diofantos':


Whole evaluation from the beginning of the script took:
 3.5 seconds, i.e. 0.06 minutes or 0.001 hours.

Current time: 2026-03-24 15:05:24.267987
Tue Mar 24 03:05:25 PM CET 2026
this is oei.sh 1 sth-dp4-1h 0 999    doing   doones job_id 65474259 task_id 1 * 1000 + 845 --exper_id sth-dp4-1h
