==============================================
Starting time (of array_subjob 65474259_866):
Tue Mar 24 03:06:10 PM CET 2026
(True, True)
(True, False)
(True, False)
Current time: 2026-03-24 15:06:14.724958 

True
METHOD = 'diofantos'
DEGREE = 4
SCALE = 3000
  all_datasets = 2257
pds1866.csv:
  gt_rhs = '-2*v*w*y + 5*z**2 - 10'
d_max = 1
d_max = 2
   target = 430645365434685921628483398535*v**2 + 13742342598321116559127516266140*v*w + 63827872879793918147734605599222*v*x - 20630499248649219885482273488360*v*y - 99085278148106299730090291015452*v*z - 374137167541354449015029646358241*v + 7557372773440539415187192029027*w**2 + 16246351436750552605861542780746*w*x + 9702304110878051364277138208570*w*y - 3428210397080729035500189444676*w*z + 153691781468171283759749261232013*w + 21642621243697092275372896282201*x**2 + 39467215198665024256196738205528*x*y + 68384866202292479354088446517806*x*z + 524276376439006475046916585662451*x + 36506399607421937688821594617292*y**2 - 47737115794955725279758986823976*y*z + 74830323185890098819317853852600*y - 81311341492859894783053571283470*z**2 - 636325096775054274556439230480667*z - 3824440278934206003914264540531044
['430645365434685921628483398535*v**2 + 13742342598321116559127516266140*v*w + 63827872879793918147734605599222*v*x - 20630499248649219885482273488360*v*y - 99085278148106299730090291015452*v*z - 374137167541354449015029646358241*v + 7557372773440539415187192029027*w**2 + 16246351436750552605861542780746*w*x + 9702304110878051364277138208570*w*y - 3428210397080729035500189444676*w*z + 153691781468171283759749261232013*w + 21642621243697092275372896282201*x**2 + 39467215198665024256196738205528*x*y + 68384866202292479354088446517806*x*z + 524276376439006475046916585662451*x + 36506399607421937688821594617292*y**2 - 47737115794955725279758986823976*y*z + 74830323185890098819317853852600*y - 81311341492859894783053571283470*z**2 - 636325096775054274556439230480667*z - 3824440278934206003914264540531044']
  is_equivalent = False
  total_successes = 0, success_rate = 0.0
DEGREE = 4:
METHOD = 'diofantos':


Whole evaluation from the beginning of the script took:
 3.3 seconds, i.e. 0.06 minutes or 0.001 hours.

Current time: 2026-03-24 15:06:18.028547
Tue Mar 24 03:06:18 PM CET 2026
this is oei.sh 1 sth-dp4-1h 0 999    doing   doones job_id 65474259 task_id 1 * 1000 + 866 --exper_id sth-dp4-1h
