==============================================
Starting time (of array_subjob 65474259_867):
Tue Mar 24 03:06:10 PM CET 2026
(True, True)
(True, False)
(True, False)
Current time: 2026-03-24 15:06:14.664384 

True
METHOD = 'diofantos'
DEGREE = 4
SCALE = 3000
  all_datasets = 2257
pds1867.csv:
  gt_rhs = '4*v - 5*x**2*z - 3*x*z**2 + 1'
d_max = 1
d_max = 2
d_max = 3
   target = 4*v - 5*x**2*z - 3*x*z**2 + 1
['4*v - 5*x**2*z - 3*x*z**2 + 1']
  is_equivalent = True
  total_successes = 1, success_rate = 1.0
DEGREE = 4:
METHOD = 'diofantos':


Whole evaluation from the beginning of the script took:
 102.9 seconds, i.e. 1.71 minutes or 0.029 hours.

Current time: 2026-03-24 15:07:57.551588
Tue Mar 24 03:07:58 PM CET 2026
this is oei.sh 1 sth-dp4-1h 0 999    doing   doones job_id 65474259 task_id 1 * 1000 + 867 --exper_id sth-dp4-1h
