==============================================
Starting time (of array_subjob 65474259_898):
Tue Mar 24 03:07:57 PM CET 2026
(True, True)
(True, False)
(True, False)
Current time: 2026-03-24 15:08:00.249251 

True
METHOD = 'diofantos'
DEGREE = 4
SCALE = 3000
  all_datasets = 2257
pds1898.csv:
  gt_rhs = '-v*x**3*y*z + 1'
d_max = 1
d_max = 2
   target = 57622026457991699176636732296*v**2 + 132725665091050085367412963600*v*w + 13337709087509040544595499794*v*x + 98950331968131198512441257346*v*y + 43294298462573372530851072356*v*z + 346638523383607232378663496902*v + 100115932646160125063986049904*w**2 - 40621644299265072813274620110*w*x + 170610052651066936006235334838*w*y - 68401799498416106802789869600*w*z - 597130911801338865907953967238*w - 147969823148599311971015231310*x**2 - 84509622127955885829563343366*x*y + 101022413303881830218899776692*x*z + 1271858576209074557462817412164*x + 41388435712419581660064030716*y**2 - 36951643664720193950068107556*y*z + 224205349786920971678274263942*y + 196698992826789273774460883082*z**2 - 229790581442857732511561777902*z - 8173933068976895615457369689541
['57622026457991699176636732296*v**2 + 132725665091050085367412963600*v*w + 13337709087509040544595499794*v*x + 98950331968131198512441257346*v*y + 43294298462573372530851072356*v*z + 346638523383607232378663496902*v + 100115932646160125063986049904*w**2 - 40621644299265072813274620110*w*x + 170610052651066936006235334838*w*y - 68401799498416106802789869600*w*z - 597130911801338865907953967238*w - 147969823148599311971015231310*x**2 - 84509622127955885829563343366*x*y + 101022413303881830218899776692*x*z + 1271858576209074557462817412164*x + 41388435712419581660064030716*y**2 - 36951643664720193950068107556*y*z + 224205349786920971678274263942*y + 196698992826789273774460883082*z**2 - 229790581442857732511561777902*z - 8173933068976895615457369689541']
  is_equivalent = False
  total_successes = 0, success_rate = 0.0
DEGREE = 4:
METHOD = 'diofantos':


Whole evaluation from the beginning of the script took:
 1.9 seconds, i.e. 0.03 minutes or 0.001 hours.

Current time: 2026-03-24 15:08:02.193531
Tue Mar 24 03:08:02 PM CET 2026
this is oei.sh 1 sth-dp4-1h 0 999    doing   doones job_id 65474259 task_id 1 * 1000 + 898 --exper_id sth-dp4-1h
