==============================================
Starting time (of array_subjob 65474259_909):
Tue Mar 24 03:07:57 PM CET 2026
(True, True)
(True, False)
(True, False)
Current time: 2026-03-24 15:07:59.728127 

True
METHOD = 'diofantos'
DEGREE = 4
SCALE = 3000
  all_datasets = 2257
pds1909.csv:
  gt_rhs = '9*v - 7*y*z**2 + 9*y - 5'
d_max = 1
d_max = 2
d_max = 3
   target = 9*v - 7*y*z**2 + 9*y - 5
['9*v - 7*y*z**2 + 9*y - 5']
  is_equivalent = True
  total_successes = 1, success_rate = 1.0
DEGREE = 4:
METHOD = 'diofantos':


Whole evaluation from the beginning of the script took:
 53.8 seconds, i.e. 0.9 minutes or 0.015 hours.

Current time: 2026-03-24 15:08:53.527748
Tue Mar 24 03:08:53 PM CET 2026
this is oei.sh 1 sth-dp4-1h 0 999    doing   doones job_id 65474259 task_id 1 * 1000 + 909 --exper_id sth-dp4-1h
