==============================================
Starting time (of array_subjob 65474259_944):
Tue Mar 24 03:09:46 PM CET 2026
(True, True)
(True, False)
(True, False)
Current time: 2026-03-24 15:09:48.804289 

True
METHOD = 'diofantos'
DEGREE = 4
SCALE = 3000
  all_datasets = 2257
pds1944.csv:
  gt_rhs = '-4*x**2*y**2*z'
d_max = 1
d_max = 2
   target = 361236304120796341416041710918*v**2 + 948291054920082083216223760220*v*w - 411811351081728578696552930636*v*x + 1239826590722319843933093647266*v*y - 12019871293859402138731799040*v*z + 2996019909795944124075263035244*v - 153875671343582151603537009031*w**2 - 102422969530824980845945348394*w*x + 592982599641181406664654335164*w*y + 76048120716475790590550209488*w*z + 2350601200074174435251342255893*w + 60615153533704676758947735170*x**2 - 549114825580052246748572592878*x*y - 120542820571408883133939536452*x*z - 2537734024809493013790802855570*x + 545607475829650169735563391361*y**2 - 72687029400360781799230962934*y*z + 1887083934647709056571430682603*y - 31242843838906297561265226371*z**2 - 1405415198659095780429230716529*z - 6085073978855100275470711055156
['361236304120796341416041710918*v**2 + 948291054920082083216223760220*v*w - 411811351081728578696552930636*v*x + 1239826590722319843933093647266*v*y - 12019871293859402138731799040*v*z + 2996019909795944124075263035244*v - 153875671343582151603537009031*w**2 - 102422969530824980845945348394*w*x + 592982599641181406664654335164*w*y + 76048120716475790590550209488*w*z + 2350601200074174435251342255893*w + 60615153533704676758947735170*x**2 - 549114825580052246748572592878*x*y - 120542820571408883133939536452*x*z - 2537734024809493013790802855570*x + 545607475829650169735563391361*y**2 - 72687029400360781799230962934*y*z + 1887083934647709056571430682603*y - 31242843838906297561265226371*z**2 - 1405415198659095780429230716529*z - 6085073978855100275470711055156']
  is_equivalent = False
  total_successes = 0, success_rate = 0.0
DEGREE = 4:
METHOD = 'diofantos':


Whole evaluation from the beginning of the script took:
 1.8 seconds, i.e. 0.03 minutes or 0.001 hours.

Current time: 2026-03-24 15:09:50.651821
Tue Mar 24 03:09:50 PM CET 2026
this is oei.sh 1 sth-dp4-1h 0 999    doing   doones job_id 65474259 task_id 1 * 1000 + 944 --exper_id sth-dp4-1h
