==============================================
Starting time (of array_subjob 65474259_969):
Tue Mar 24 03:11:39 PM CET 2026
(True, True)
(True, False)
(True, False)
Current time: 2026-03-24 15:11:41.930844 

True
METHOD = 'diofantos'
DEGREE = 4
SCALE = 3000
  all_datasets = 2257
pds1969.csv:
  gt_rhs = '9*v**2*x*y*z + 7*x + 6'
d_max = 1
d_max = 2
   target = 2682259920670965376941752901478*v**2 + 4664537828626387067513710613295*v*w + 3716406769718376477552146394896*v*x + 11472739955525667007615441946164*v*y + 16002279371319573255973324668807*v*z - 104276626348884369394279622443018*v + 14161806566727783015945294734057*w**2 - 4987967000526172971380469107428*w*x - 4831428693187839362288824277424*w*y - 14685107123244147342984470211559*w*z + 46778359446971478587566173318246*w + 4239880518937739610570301594100*x**2 - 10381116433248066073926982507154*x*y - 458318839163950479922249101582*x*z + 18000507427592301795556080003731*x + 4641170549456262848609522839056*y**2 + 8633054806278475033960797972516*y*z - 3992272264614145623670827442464*y + 16260879630178445583067074302651*z**2 - 94696469211998966320310560943067*z - 1031940227806874240440450071437858
['2682259920670965376941752901478*v**2 + 4664537828626387067513710613295*v*w + 3716406769718376477552146394896*v*x + 11472739955525667007615441946164*v*y + 16002279371319573255973324668807*v*z - 104276626348884369394279622443018*v + 14161806566727783015945294734057*w**2 - 4987967000526172971380469107428*w*x - 4831428693187839362288824277424*w*y - 14685107123244147342984470211559*w*z + 46778359446971478587566173318246*w + 4239880518937739610570301594100*x**2 - 10381116433248066073926982507154*x*y - 458318839163950479922249101582*x*z + 18000507427592301795556080003731*x + 4641170549456262848609522839056*y**2 + 8633054806278475033960797972516*y*z - 3992272264614145623670827442464*y + 16260879630178445583067074302651*z**2 - 94696469211998966320310560943067*z - 1031940227806874240440450071437858']
  is_equivalent = False
  total_successes = 0, success_rate = 0.0
DEGREE = 4:
METHOD = 'diofantos':


Whole evaluation from the beginning of the script took:
 3.2 seconds, i.e. 0.05 minutes or 0.001 hours.

Current time: 2026-03-24 15:11:45.112019
Tue Mar 24 03:11:45 PM CET 2026
this is oei.sh 1 sth-dp4-1h 0 999    doing   doones job_id 65474259 task_id 1 * 1000 + 969 --exper_id sth-dp4-1h
