==============================================
Starting time (of array_subjob 65474259_993):
Tue Mar 24 03:13:34 PM CET 2026
(True, True)
(True, False)
(True, False)
Current time: 2026-03-24 15:13:37.229441 

True
METHOD = 'diofantos'
DEGREE = 4
SCALE = 3000
  all_datasets = 2257
pds1993.csv:
  gt_rhs = '6*v**2*w*z - 2*v + 3'
d_max = 1
d_max = 2
   target = -638002988325208297595466945939*v**2 + 657572530733366657086426572213*v*w + 115803813000549748332977840802*v*x - 2243195359949228345522288020962*v*y + 3561797224113035111511781312047*v*z + 4748722239050747767974208266427*v - 439787542654193220929009608461*w**2 - 173646899451587960540577031485*w*x + 677840493848325948972930816156*w*y - 509847291939336732853007234079*w*z - 2035620792385436854597470470619*w - 1832411722835151598660991271840*x**2 + 511698774288748669498999749786*x*y - 1515298480119276792225529245237*x*z - 4897423944782111758206835952274*x + 1650933538159944440332280771616*y**2 - 703635204269281953317820452706*y*z + 3671160049217600719806858242892*y + 27272736003517292571954258471*z**2 - 19491987932606701827454663252206*z + 30989129380341458506054470807039
['-638002988325208297595466945939*v**2 + 657572530733366657086426572213*v*w + 115803813000549748332977840802*v*x - 2243195359949228345522288020962*v*y + 3561797224113035111511781312047*v*z + 4748722239050747767974208266427*v - 439787542654193220929009608461*w**2 - 173646899451587960540577031485*w*x + 677840493848325948972930816156*w*y - 509847291939336732853007234079*w*z - 2035620792385436854597470470619*w - 1832411722835151598660991271840*x**2 + 511698774288748669498999749786*x*y - 1515298480119276792225529245237*x*z - 4897423944782111758206835952274*x + 1650933538159944440332280771616*y**2 - 703635204269281953317820452706*y*z + 3671160049217600719806858242892*y + 27272736003517292571954258471*z**2 - 19491987932606701827454663252206*z + 30989129380341458506054470807039']
  is_equivalent = False
  total_successes = 0, success_rate = 0.0
DEGREE = 4:
METHOD = 'diofantos':


Whole evaluation from the beginning of the script took:
 3.2 seconds, i.e. 0.05 minutes or 0.001 hours.

Current time: 2026-03-24 15:13:40.399797
Tue Mar 24 03:13:40 PM CET 2026
this is oei.sh 1 sth-dp4-1h 0 999    doing   doones job_id 65474259 task_id 1 * 1000 + 993 --exper_id sth-dp4-1h
