==============================================
Starting time (of array_subjob 485320_45):
Sat Mar 28 10:46:22 AM CET 2026
(True, True)
(True, False)
(True, False)
Current time: 2026-03-28 10:46:26.367891 

True
METHOD = 'diofantos'
DEGREE = 3
SCALE = 3000
  all_datasets = 2257
pds1045.csv:
  gt_rhs = '5*v*z - v - 7*y'
d_max = 1
d_max = 2
   target = 5*v*z - v - 7*y
['5*v*z - v - 7*y']
  is_equivalent = True
  total_successes = 1, success_rate = 1.0
DEGREE = 3:
METHOD = 'diofantos':


Whole evaluation from the beginning of the script took:
 5.2 seconds, i.e. 0.09 minutes or 0.001 hours.

Current time: 2026-03-28 10:46:31.558446
Sat Mar 28 10:46:32 AM CET 2026
this is oei.sh 1 poltrd-dp-loop3 0 999    doing   doones job_id 485320 task_id 1 * 1000 + 45 --exper_id poltrd-dp-loop3
