==============================================
Starting time (of array_subjob 485320_51):
Sat Mar 28 10:46:27 AM CET 2026
(True, True)
(True, False)
(True, False)
Current time: 2026-03-28 10:46:31.042239 

True
METHOD = 'diofantos'
DEGREE = 3
SCALE = 3000
  all_datasets = 2257
pds1051.csv:
  gt_rhs = '-6*v*z - 7*w*x*z**2 + 3'
d_max = 1
d_max = 2
   target = 725502945324417342232172458*v**2 - 2754773723893432094966922836*v*w + 1785484367289345262274146404*v*x + 2405084893664207612801699990*v*y - 3251169407701213326340231784*v*z - 3482715491514581065648588494*v + 458929884502765352428735502*w**2 + 1641554689601694107528543310*w*x - 1112278198783399660882726034*w*y + 1230438935183868981801659588*w*z + 14265580205447893065680778932*w - 1635872036507084005625992737*x**2 - 1911440355459465445946074460*x*y + 3749275309966891649958723842*x*z - 16430243881133690894475034729*x - 1180680908639344202875161142*y**2 + 1989785932804123621722791036*y*z - 19668598946709193440161477350*y - 1206571194111648386607325530*z**2 + 24812435154372374470539436002*z + 11473939368892133680539768147
['725502945324417342232172458*v**2 - 2754773723893432094966922836*v*w + 1785484367289345262274146404*v*x + 2405084893664207612801699990*v*y - 3251169407701213326340231784*v*z - 3482715491514581065648588494*v + 458929884502765352428735502*w**2 + 1641554689601694107528543310*w*x - 1112278198783399660882726034*w*y + 1230438935183868981801659588*w*z + 14265580205447893065680778932*w - 1635872036507084005625992737*x**2 - 1911440355459465445946074460*x*y + 3749275309966891649958723842*x*z - 16430243881133690894475034729*x - 1180680908639344202875161142*y**2 + 1989785932804123621722791036*y*z - 19668598946709193440161477350*y - 1206571194111648386607325530*z**2 + 24812435154372374470539436002*z + 11473939368892133680539768147']
  is_equivalent = False
  total_successes = 0, success_rate = 0.0
DEGREE = 3:
METHOD = 'diofantos':


Whole evaluation from the beginning of the script took:
 4.9 seconds, i.e. 0.08 minutes or 0.001 hours.

Current time: 2026-03-28 10:46:35.934661
Sat Mar 28 10:46:36 AM CET 2026
this is oei.sh 1 poltrd-dp-loop3 0 999    doing   doones job_id 485320 task_id 1 * 1000 + 51 --exper_id poltrd-dp-loop3
