==============================================
Starting time (of array_subjob 485320_94):
Sat Mar 28 10:46:41 AM CET 2026
(True, True)
(True, False)
(True, False)
Current time: 2026-03-28 10:46:45.341953 

True
METHOD = 'diofantos'
DEGREE = 3
SCALE = 3000
  all_datasets = 2257
pds1094.csv:
  gt_rhs = '4*x*y + 6*x + y - 3'
d_max = 1
d_max = 2
   target = 4*x*y + 6*x + y - 3
['4*x*y + 6*x + y - 3']
  is_equivalent = True
  total_successes = 1, success_rate = 1.0
DEGREE = 3:
METHOD = 'diofantos':


Whole evaluation from the beginning of the script took:
 5.3 seconds, i.e. 0.09 minutes or 0.001 hours.

Current time: 2026-03-28 10:46:50.605753
Sat Mar 28 10:46:51 AM CET 2026
this is oei.sh 1 poltrd-dp-loop3 0 999    doing   doones job_id 485320 task_id 1 * 1000 + 94 --exper_id poltrd-dp-loop3
