==============================================
Starting time (of array_subjob 485320_93):
Sat Mar 28 10:46:41 AM CET 2026
(True, True)
(True, False)
(True, False)
Current time: 2026-03-28 10:46:45.119709 

True
METHOD = 'diofantos'
DEGREE = 3
SCALE = 3000
  all_datasets = 2257
pds1093.csv:
  gt_rhs = '8*w**2*y + 9'
d_max = 1
d_max = 2
d_max = 3
   target = 8*w**2*y + 9
['8*w**2*y + 9']
  is_equivalent = True
  total_successes = 1, success_rate = 1.0
DEGREE = 3:
METHOD = 'diofantos':


Whole evaluation from the beginning of the script took:
 161.6 seconds, i.e. 2.69 minutes or 0.045 hours.

Current time: 2026-03-28 10:49:26.696824
Sat Mar 28 10:49:27 AM CET 2026
this is oei.sh 1 poltrd-dp-loop3 0 999    doing   doones job_id 485320 task_id 1 * 1000 + 93 --exper_id poltrd-dp-loop3
