==============================================
Starting time (of array_subjob 485320_99):
Sat Mar 28 10:46:41 AM CET 2026
(True, True)
(True, False)
(True, False)
Current time: 2026-03-28 10:46:45.455820 

True
METHOD = 'diofantos'
DEGREE = 3
SCALE = 3000
  all_datasets = 2257
pds1099.csv:
  gt_rhs = 'w + 3*x*z'
d_max = 1
d_max = 2
   target = w + 3*x*z
['w + 3*x*z']
  is_equivalent = True
  total_successes = 1, success_rate = 1.0
DEGREE = 3:
METHOD = 'diofantos':


Whole evaluation from the beginning of the script took:
 4.8 seconds, i.e. 0.08 minutes or 0.001 hours.

Current time: 2026-03-28 10:46:50.265258
Sat Mar 28 10:46:50 AM CET 2026
this is oei.sh 1 poltrd-dp-loop3 0 999    doing   doones job_id 485320 task_id 1 * 1000 + 99 --exper_id poltrd-dp-loop3
