==============================================
Starting time (of array_subjob 485320_114):
Sat Mar 28 10:46:46 AM CET 2026
(True, True)
(True, False)
(True, False)
Current time: 2026-03-28 10:46:50.024042 

True
METHOD = 'diofantos'
DEGREE = 3
SCALE = 3000
  all_datasets = 2257
pds1114.csv:
  gt_rhs = '-10*v**3*w*z + 4*v + 9*y + 9*z - 5'
d_max = 1
d_max = 2
   target = -5081989176309228188566571904512*v**2 + 3357304841744564396231163733642*v*w - 6277602158787778343881798284608*v*x - 5600141333736841085320556438568*v*y - 1337274465038471726638647410652*v*z - 4113149946957504357425291015796*v + 1252679700672610645869641946834*w**2 + 2883224307770539151269165329248*w*x + 5660403318439476467295520416588*w*y + 2882594266696755145572564601486*w*z - 24097888146770230872074210346508*w - 1931273053852174911852184412364*x**2 - 6749280939611601676089181192640*x*y - 2567856824910062836800426778208*x*z - 7464780114635861234604613137708*x - 551292437445530752328937238664*y**2 - 577592641501554687911084542952*y*z - 329001121452055596677430566527*y - 4400193129557938351521577927168*z**2 - 7697238483556422667532517163183*z + 151594783586139626315125298128091
['-5081989176309228188566571904512*v**2 + 3357304841744564396231163733642*v*w - 6277602158787778343881798284608*v*x - 5600141333736841085320556438568*v*y - 1337274465038471726638647410652*v*z - 4113149946957504357425291015796*v + 1252679700672610645869641946834*w**2 + 2883224307770539151269165329248*w*x + 5660403318439476467295520416588*w*y + 2882594266696755145572564601486*w*z - 24097888146770230872074210346508*w - 1931273053852174911852184412364*x**2 - 6749280939611601676089181192640*x*y - 2567856824910062836800426778208*x*z - 7464780114635861234604613137708*x - 551292437445530752328937238664*y**2 - 577592641501554687911084542952*y*z - 329001121452055596677430566527*y - 4400193129557938351521577927168*z**2 - 7697238483556422667532517163183*z + 151594783586139626315125298128091']
  is_equivalent = False
  total_successes = 0, success_rate = 0.0
DEGREE = 3:
METHOD = 'diofantos':


Whole evaluation from the beginning of the script took:
 5.4 seconds, i.e. 0.09 minutes or 0.002 hours.

Current time: 2026-03-28 10:46:55.428200
Sat Mar 28 10:46:55 AM CET 2026
this is oei.sh 1 poltrd-dp-loop3 0 999    doing   doones job_id 485320 task_id 1 * 1000 + 114 --exper_id poltrd-dp-loop3
