==============================================
Starting time (of array_subjob 485320_138):
Sat Mar 28 10:46:51 AM CET 2026
(True, True)
(True, False)
(True, False)
Current time: 2026-03-28 10:46:55.304822 

True
METHOD = 'diofantos'
DEGREE = 3
SCALE = 3000
  all_datasets = 2257
pds1138.csv:
  gt_rhs = '6*v*y**2 - x*y**2 + 5'
d_max = 1
d_max = 2
d_max = 3
   target = 6*v*y**2 - x*y**2 + 5
['6*v*y**2 - x*y**2 + 5']
  is_equivalent = True
  total_successes = 1, success_rate = 1.0
DEGREE = 3:
METHOD = 'diofantos':


Whole evaluation from the beginning of the script took:
 152.0 seconds, i.e. 2.53 minutes or 0.042 hours.

Current time: 2026-03-28 10:49:27.316239
Sat Mar 28 10:49:27 AM CET 2026
this is oei.sh 1 poltrd-dp-loop3 0 999    doing   doones job_id 485320 task_id 1 * 1000 + 138 --exper_id poltrd-dp-loop3
