==============================================
Starting time (of array_subjob 485320_132):
Sat Mar 28 10:46:50 AM CET 2026
(True, True)
(True, False)
(True, False)
Current time: 2026-03-28 10:46:53.865462 

True
METHOD = 'diofantos'
DEGREE = 3
SCALE = 3000
  all_datasets = 2257
pds1132.csv:
  gt_rhs = '2*x**2*y*z - 2*y*z + 6*y - 4'
d_max = 1
d_max = 2
   target = 9116457556174580603325105212*v**2 - 8171664213706649028904308032*v*w + 58235349026575134449426633188*v*x + 20657669182876434965875854964*v*y - 33826855386291558681819999548*v*z - 95618377002567934028814927996*v - 11527212751188758929725326978*w**2 + 24275144995341038919084561460*w*x - 12027766745336907879869986240*w*y - 30892942135608587405197259336*w*z + 58282146675711450715737769318*w - 65302286965679129385563638690*x**2 - 117939882345715024327287788230*x*y - 60856409609074847942997922358*x*z - 75385247463668162721483887568*x - 120457622899231302732101851010*y**2 - 52983081522956603166910432940*y*z - 67033967316078432739373611902*y - 5645667625931691806720172500*z**2 - 137212928584862966064498904238*z + 4447731904794055037469518784182
['9116457556174580603325105212*v**2 - 8171664213706649028904308032*v*w + 58235349026575134449426633188*v*x + 20657669182876434965875854964*v*y - 33826855386291558681819999548*v*z - 95618377002567934028814927996*v - 11527212751188758929725326978*w**2 + 24275144995341038919084561460*w*x - 12027766745336907879869986240*w*y - 30892942135608587405197259336*w*z + 58282146675711450715737769318*w - 65302286965679129385563638690*x**2 - 117939882345715024327287788230*x*y - 60856409609074847942997922358*x*z - 75385247463668162721483887568*x - 120457622899231302732101851010*y**2 - 52983081522956603166910432940*y*z - 67033967316078432739373611902*y - 5645667625931691806720172500*z**2 - 137212928584862966064498904238*z + 4447731904794055037469518784182']
  is_equivalent = False
  total_successes = 0, success_rate = 0.0
DEGREE = 3:
METHOD = 'diofantos':


Whole evaluation from the beginning of the script took:
 5.2 seconds, i.e. 0.09 minutes or 0.001 hours.

Current time: 2026-03-28 10:46:59.093441
Sat Mar 28 10:46:59 AM CET 2026
this is oei.sh 1 poltrd-dp-loop3 0 999    doing   doones job_id 485320 task_id 1 * 1000 + 132 --exper_id poltrd-dp-loop3
