==============================================
Starting time (of array_subjob 485320_157):
Sat Mar 28 10:46:57 AM CET 2026
(True, True)
(True, False)
(True, False)
Current time: 2026-03-28 10:47:00.667006 

True
METHOD = 'diofantos'
DEGREE = 3
SCALE = 3000
  all_datasets = 2257
pds1157.csv:
  gt_rhs = '-2*v*w*z + 5*w*z - 1'
d_max = 1
d_max = 2
d_max = 3
   target = -2*v*w*z + 5*w*z - 1
['-2*v*w*z + 5*w*z - 1']
  is_equivalent = True
  total_successes = 1, success_rate = 1.0
DEGREE = 3:
METHOD = 'diofantos':


Whole evaluation from the beginning of the script took:
 151.1 seconds, i.e. 2.52 minutes or 0.042 hours.

Current time: 2026-03-28 10:49:31.781904
Sat Mar 28 10:49:32 AM CET 2026
this is oei.sh 1 poltrd-dp-loop3 0 999    doing   doones job_id 485320 task_id 1 * 1000 + 157 --exper_id poltrd-dp-loop3
