==============================================
Starting time (of array_subjob 485320_194):
Sat Mar 28 10:47:08 AM CET 2026
(True, True)
(True, False)
(True, False)
Current time: 2026-03-28 10:47:11.933349 

True
METHOD = 'diofantos'
DEGREE = 3
SCALE = 3000
  all_datasets = 2257
pds1194.csv:
  gt_rhs = '3*w - 8*z**2 + 7*z'
d_max = 1
d_max = 2
   target = 3*w - 8*z**2 + 7*z
['3*w - 8*z**2 + 7*z']
  is_equivalent = True
  total_successes = 1, success_rate = 1.0
DEGREE = 3:
METHOD = 'diofantos':


Whole evaluation from the beginning of the script took:
 5.2 seconds, i.e. 0.09 minutes or 0.001 hours.

Current time: 2026-03-28 10:47:17.091747
Sat Mar 28 10:47:17 AM CET 2026
this is oei.sh 1 poltrd-dp-loop3 0 999    doing   doones job_id 485320 task_id 1 * 1000 + 194 --exper_id poltrd-dp-loop3
