==============================================
Starting time (of array_subjob 485320_206):
Sat Mar 28 10:47:12 AM CET 2026
(True, True)
(True, False)
(True, False)
Current time: 2026-03-28 10:47:15.756340 

True
METHOD = 'diofantos'
DEGREE = 3
SCALE = 3000
  all_datasets = 2257
pds1206.csv:
  gt_rhs = '4*w*x - 4*x**2 + 6*z - 4'
d_max = 1
d_max = 2
   target = 4*w*x - 4*x**2 + 6*z - 4
['4*w*x - 4*x**2 + 6*z - 4']
  is_equivalent = True
  total_successes = 1, success_rate = 1.0
DEGREE = 3:
METHOD = 'diofantos':


Whole evaluation from the beginning of the script took:
 4.9 seconds, i.e. 0.08 minutes or 0.001 hours.

Current time: 2026-03-28 10:47:20.629753
Sat Mar 28 10:47:21 AM CET 2026
this is oei.sh 1 poltrd-dp-loop3 0 999    doing   doones job_id 485320 task_id 1 * 1000 + 206 --exper_id poltrd-dp-loop3
