==============================================
Starting time (of array_subjob 485320_231):
Sat Mar 28 10:47:21 AM CET 2026
(True, True)
(True, False)
(True, False)
Current time: 2026-03-28 10:47:24.755469 

True
METHOD = 'diofantos'
DEGREE = 3
SCALE = 3000
  all_datasets = 2257
pds1231.csv:
  gt_rhs = 'v*w*x*y*z - 6*v*w*z'
d_max = 1
d_max = 2
   target = -36844460903234756319424358*v**2 - 75869052248678813479710521*v*w + 82874226661293793550223751*v*x + 76738415975392034703654731*v*y + 110525829411929647890265888*v*z + 363559564811777692295111136*v - 14223219674945316052286354*w**2 + 87823434334131942929302990*w*x + 193360329836317938276749771*w*y + 107155111927167490908721254*w*z + 428014091102553819377890029*w - 73011888864411530169961143*x**2 + 18555629648640074040568673*x*y - 262761714836745740127946682*x*z - 769271297796802985520517729*x + 73718644582935635233287068*y**2 - 185838671606696527137485715*y*z - 360658850588568441266180146*y - 112454713606315862979214696*z**2 - 847712009743604389852688794*z - 544488437248525436026688836
['-36844460903234756319424358*v**2 - 75869052248678813479710521*v*w + 82874226661293793550223751*v*x + 76738415975392034703654731*v*y + 110525829411929647890265888*v*z + 363559564811777692295111136*v - 14223219674945316052286354*w**2 + 87823434334131942929302990*w*x + 193360329836317938276749771*w*y + 107155111927167490908721254*w*z + 428014091102553819377890029*w - 73011888864411530169961143*x**2 + 18555629648640074040568673*x*y - 262761714836745740127946682*x*z - 769271297796802985520517729*x + 73718644582935635233287068*y**2 - 185838671606696527137485715*y*z - 360658850588568441266180146*y - 112454713606315862979214696*z**2 - 847712009743604389852688794*z - 544488437248525436026688836']
  is_equivalent = False
  total_successes = 0, success_rate = 0.0
DEGREE = 3:
METHOD = 'diofantos':


Whole evaluation from the beginning of the script took:
 4.9 seconds, i.e. 0.08 minutes or 0.001 hours.

Current time: 2026-03-28 10:47:29.650796
Sat Mar 28 10:47:30 AM CET 2026
this is oei.sh 1 poltrd-dp-loop3 0 999    doing   doones job_id 485320 task_id 1 * 1000 + 231 --exper_id poltrd-dp-loop3
