==============================================
Starting time (of array_subjob 485320_237):
Sat Mar 28 10:47:22 AM CET 2026
(True, True)
(True, False)
(True, False)
Current time: 2026-03-28 10:47:26.333243 

True
METHOD = 'diofantos'
DEGREE = 3
SCALE = 3000
  all_datasets = 2257
pds1237.csv:
  gt_rhs = '3*v*w*y - 5*w - 9'
d_max = 1
d_max = 2
   target = 10361573826598582369025386165*v**2 + 76785182231807188994107519307*v*w - 42989691620194203848916087808*v*x - 6792746789341266108515485859*v*y + 58026163526572435827620545478*v*z - 584534427193856713754985156850*v + 23591349140486784594370252494*w**2 - 36255495006017318965540438886*w*x - 62548286438119241171337460453*w*y + 109509983543702376278247385948*w*z - 429941829378571304693124234662*w + 9693963363615740947088736891*x**2 + 3019566791776477253807394747*x*y - 24934201673357788585486760676*x*z + 128420972703471058932075319786*x + 35481427347133321246816977858*y**2 - 24523690271137965031957062219*y*z + 216209441970392195705896244030*y + 66192717450169249477036218631*z**2 - 736226435268881570716625032684*z + 344218861960082784383967955935
['10361573826598582369025386165*v**2 + 76785182231807188994107519307*v*w - 42989691620194203848916087808*v*x - 6792746789341266108515485859*v*y + 58026163526572435827620545478*v*z - 584534427193856713754985156850*v + 23591349140486784594370252494*w**2 - 36255495006017318965540438886*w*x - 62548286438119241171337460453*w*y + 109509983543702376278247385948*w*z - 429941829378571304693124234662*w + 9693963363615740947088736891*x**2 + 3019566791776477253807394747*x*y - 24934201673357788585486760676*x*z + 128420972703471058932075319786*x + 35481427347133321246816977858*y**2 - 24523690271137965031957062219*y*z + 216209441970392195705896244030*y + 66192717450169249477036218631*z**2 - 736226435268881570716625032684*z + 344218861960082784383967955935']
  is_equivalent = False
  total_successes = 0, success_rate = 0.0
DEGREE = 3:
METHOD = 'diofantos':


Whole evaluation from the beginning of the script took:
 5.2 seconds, i.e. 0.09 minutes or 0.001 hours.

Current time: 2026-03-28 10:47:31.514271
Sat Mar 28 10:47:32 AM CET 2026
this is oei.sh 1 poltrd-dp-loop3 0 999    doing   doones job_id 485320 task_id 1 * 1000 + 237 --exper_id poltrd-dp-loop3
