==============================================
Starting time (of array_subjob 485320_250):
Sat Mar 28 10:47:24 AM CET 2026
(True, True)
(True, False)
(True, False)
Current time: 2026-03-28 10:47:28.650880 

True
METHOD = 'diofantos'
DEGREE = 3
SCALE = 3000
  all_datasets = 2257
pds1250.csv:
  gt_rhs = '9*v**2*y**2*z - 6*x + 10*z**2 - 6'
d_max = 1
d_max = 2
   target = -842557765109602608822265971609*v**2 + 366332782419178940976725563674*v*w - 385543325235288472497635898576*v*x - 201229392691449823299044486481*v*y + 232842118870882989181069407444*v*z - 1311500295656211411529595583927*v + 366681947644908107030434538781*w**2 + 117070162262114049730460842890*w*x + 45552416013042640730738149872*w*y - 1122847433739265173558050555652*w*z - 8210825967164888442995571304503*w + 710136411791043821668965596793*x**2 + 806691509186967864115531432578*x*y - 1957671785030445846533989119216*x*z - 8120306271754644782552082450621*x - 541871171652316048829019064830*y**2 - 1154309567514346711579144161108*y*z - 6363340213041379488975779758050*y - 119949648280051249728823147400*z**2 - 6452008651036387764045242356158*z + 17653902864578875671003224711406
['-842557765109602608822265971609*v**2 + 366332782419178940976725563674*v*w - 385543325235288472497635898576*v*x - 201229392691449823299044486481*v*y + 232842118870882989181069407444*v*z - 1311500295656211411529595583927*v + 366681947644908107030434538781*w**2 + 117070162262114049730460842890*w*x + 45552416013042640730738149872*w*y - 1122847433739265173558050555652*w*z - 8210825967164888442995571304503*w + 710136411791043821668965596793*x**2 + 806691509186967864115531432578*x*y - 1957671785030445846533989119216*x*z - 8120306271754644782552082450621*x - 541871171652316048829019064830*y**2 - 1154309567514346711579144161108*y*z - 6363340213041379488975779758050*y - 119949648280051249728823147400*z**2 - 6452008651036387764045242356158*z + 17653902864578875671003224711406']
  is_equivalent = False
  total_successes = 0, success_rate = 0.0
DEGREE = 3:
METHOD = 'diofantos':


Whole evaluation from the beginning of the script took:
 5.7 seconds, i.e. 0.1 minutes or 0.002 hours.

Current time: 2026-03-28 10:47:34.353167
Sat Mar 28 10:47:34 AM CET 2026
this is oei.sh 1 poltrd-dp-loop3 0 999    doing   doones job_id 485320 task_id 1 * 1000 + 250 --exper_id poltrd-dp-loop3
