==============================================
Starting time (of array_subjob 485320_261):
Sat Mar 28 10:47:29 AM CET 2026
(True, True)
(True, False)
(True, False)
Current time: 2026-03-28 10:47:33.181978 

True
METHOD = 'diofantos'
DEGREE = 3
SCALE = 3000
  all_datasets = 2257
pds1261.csv:
  gt_rhs = '-2*v*w*x + 10*w*x + 3*x + 2*y'
d_max = 1
d_max = 2
d_max = 3
   target = -2*v*w*x + 10*w*x + 3*x + 2*y
['-2*v*w*x + 10*w*x + 3*x + 2*y']
  is_equivalent = True
  total_successes = 1, success_rate = 1.0
DEGREE = 3:
METHOD = 'diofantos':


Whole evaluation from the beginning of the script took:
 158.8 seconds, i.e. 2.65 minutes or 0.044 hours.

Current time: 2026-03-28 10:50:11.932948
Sat Mar 28 10:50:12 AM CET 2026
this is oei.sh 1 poltrd-dp-loop3 0 999    doing   doones job_id 485320 task_id 1 * 1000 + 261 --exper_id poltrd-dp-loop3
