==============================================
Starting time (of array_subjob 485320_326):
Sat Mar 28 10:47:51 AM CET 2026
(True, True)
(True, False)
(True, False)
Current time: 2026-03-28 10:47:55.623624 

True
METHOD = 'diofantos'
DEGREE = 3
SCALE = 3000
  all_datasets = 2257
pds1326.csv:
  gt_rhs = '-10*w*x*y - 7*z'
d_max = 1
d_max = 2
   target = 88105443565886041880118159220*v**2 + 124729218488403011806388317946*v*w + 106964821626922613590533475418*v*x - 246129010511328499129231801956*v*y - 50665799004185763298585997644*v*z + 169773888404011707618072159604*v - 10278884240573619826600756700*w**2 + 47265478644692473736099800426*w*x - 95191089816219687503835963194*w*y - 90643999099595320500997203178*w*z + 190693248392631409181303557446*w - 24180479955036953767485383060*x**2 - 118309690710088237617062108514*x*y - 122812127448385939626709697052*x*z - 154467818846865883530937284312*x - 12263690328550482785585939840*y**2 - 6689702349042648216121354264*y*z + 61511881335952111908196535526*y + 26968830526029919111722986892*z**2 + 259306567056909537218768970939*z + 1595584976514838195043778425648
['88105443565886041880118159220*v**2 + 124729218488403011806388317946*v*w + 106964821626922613590533475418*v*x - 246129010511328499129231801956*v*y - 50665799004185763298585997644*v*z + 169773888404011707618072159604*v - 10278884240573619826600756700*w**2 + 47265478644692473736099800426*w*x - 95191089816219687503835963194*w*y - 90643999099595320500997203178*w*z + 190693248392631409181303557446*w - 24180479955036953767485383060*x**2 - 118309690710088237617062108514*x*y - 122812127448385939626709697052*x*z - 154467818846865883530937284312*x - 12263690328550482785585939840*y**2 - 6689702349042648216121354264*y*z + 61511881335952111908196535526*y + 26968830526029919111722986892*z**2 + 259306567056909537218768970939*z + 1595584976514838195043778425648']
  is_equivalent = False
  total_successes = 0, success_rate = 0.0
DEGREE = 3:
METHOD = 'diofantos':


Whole evaluation from the beginning of the script took:
 5.5 seconds, i.e. 0.09 minutes or 0.002 hours.

Current time: 2026-03-28 10:48:01.086366
Sat Mar 28 10:48:01 AM CET 2026
this is oei.sh 1 poltrd-dp-loop3 0 999    doing   doones job_id 485320 task_id 1 * 1000 + 326 --exper_id poltrd-dp-loop3
