==============================================
Starting time (of array_subjob 485320_343):
Sat Mar 28 10:47:57 AM CET 2026
(True, True)
(True, False)
(True, False)
Current time: 2026-03-28 10:48:01.059089 

True
METHOD = 'diofantos'
DEGREE = 3
SCALE = 3000
  all_datasets = 2257
pds1343.csv:
  gt_rhs = '10*y - 10'
d_max = 1
   target = 10*y - 10
['10*y - 10']
  is_equivalent = True
  total_successes = 1, success_rate = 1.0
DEGREE = 3:
METHOD = 'diofantos':


Whole evaluation from the beginning of the script took:
 0.6 seconds, i.e. 0.01 minutes or 0.0 hours.

Current time: 2026-03-28 10:48:01.631526
Sat Mar 28 10:48:02 AM CET 2026
this is oei.sh 1 poltrd-dp-loop3 0 999    doing   doones job_id 485320 task_id 1 * 1000 + 343 --exper_id poltrd-dp-loop3
