==============================================
Starting time (of array_subjob 485320_370):
Sat Mar 28 10:48:09 AM CET 2026
(True, True)
(True, False)
(True, False)
Current time: 2026-03-28 10:48:12.803431 

True
METHOD = 'diofantos'
DEGREE = 3
SCALE = 3000
  all_datasets = 2257
pds1370.csv:
  gt_rhs = '3*v*w**2*z**2'
d_max = 1
d_max = 2
   target = -7253098128204448518741915776*v**2 - 35623066226199028393108683780*v*w - 50092839326301826390535790213*v*x - 7898775092203245870291701237*v*y + 18479932582487830057594460725*v*z + 156714807959848166254533536579*v + 45508589272854932408963199860*w**2 + 19839910556023570388192747227*w*x + 7390138966447093756624114958*w*y + 44380211470242894775384659709*w*z + 89100203811576668219192065341*w - 30783453750637980792198103630*x**2 - 8388786011728653153451177543*x*y + 34047736741968183565496244163*x*z + 105638842628700790845427355328*x + 5456164122691533706514703945*y**2 + 29820925321985864526394367488*y*z + 228590993206451329222901251009*y - 9294931049191106454035718201*z**2 - 86756093457183794575543974005*z - 89186696786665498021883886386
['-7253098128204448518741915776*v**2 - 35623066226199028393108683780*v*w - 50092839326301826390535790213*v*x - 7898775092203245870291701237*v*y + 18479932582487830057594460725*v*z + 156714807959848166254533536579*v + 45508589272854932408963199860*w**2 + 19839910556023570388192747227*w*x + 7390138966447093756624114958*w*y + 44380211470242894775384659709*w*z + 89100203811576668219192065341*w - 30783453750637980792198103630*x**2 - 8388786011728653153451177543*x*y + 34047736741968183565496244163*x*z + 105638842628700790845427355328*x + 5456164122691533706514703945*y**2 + 29820925321985864526394367488*y*z + 228590993206451329222901251009*y - 9294931049191106454035718201*z**2 - 86756093457183794575543974005*z - 89186696786665498021883886386']
  is_equivalent = False
  total_successes = 0, success_rate = 0.0
DEGREE = 3:
METHOD = 'diofantos':


Whole evaluation from the beginning of the script took:
 5.4 seconds, i.e. 0.09 minutes or 0.001 hours.

Current time: 2026-03-28 10:48:18.179387
Sat Mar 28 10:48:18 AM CET 2026
this is oei.sh 1 poltrd-dp-loop3 0 999    doing   doones job_id 485320 task_id 1 * 1000 + 370 --exper_id poltrd-dp-loop3
