==============================================
Starting time (of array_subjob 485320_387):
Sat Mar 28 10:48:15 AM CET 2026
(True, True)
(True, False)
(True, False)
Current time: 2026-03-28 10:48:19.139635 

True
METHOD = 'diofantos'
DEGREE = 3
SCALE = 3000
  all_datasets = 2257
pds1387.csv:
  gt_rhs = '4*w*x*z**2 - w + 7'
d_max = 1
d_max = 2
   target = 4508121842379151930788297575*v**2 - 10751711546608750759508294062*v*w + 4118644775477491383836924160*v*x - 5953729384529287606046954058*v*y - 6346327938627634507926465138*v*z - 120725267632904027912233066329*v - 1714764950155654386660965379*w**2 + 8464806153294361770295766904*w*x + 10043544495057653475033761722*w*y - 4823043326784706107771548490*w*z + 6128202070343902174584566726*w - 1891044952851168279717162331*x**2 - 9264803780811710309577347472*x*y - 3588432200744045613827950270*x*z + 15898372069573140108030461389*x + 5818205551346562124077161431*y**2 + 9221555901995162375702605142*y*z + 112540633610463624869781781445*y + 10654828486507368861270026879*z**2 + 77893277053701510779337653537*z - 804920048683223495957453903
['4508121842379151930788297575*v**2 - 10751711546608750759508294062*v*w + 4118644775477491383836924160*v*x - 5953729384529287606046954058*v*y - 6346327938627634507926465138*v*z - 120725267632904027912233066329*v - 1714764950155654386660965379*w**2 + 8464806153294361770295766904*w*x + 10043544495057653475033761722*w*y - 4823043326784706107771548490*w*z + 6128202070343902174584566726*w - 1891044952851168279717162331*x**2 - 9264803780811710309577347472*x*y - 3588432200744045613827950270*x*z + 15898372069573140108030461389*x + 5818205551346562124077161431*y**2 + 9221555901995162375702605142*y*z + 112540633610463624869781781445*y + 10654828486507368861270026879*z**2 + 77893277053701510779337653537*z - 804920048683223495957453903']
  is_equivalent = False
  total_successes = 0, success_rate = 0.0
DEGREE = 3:
METHOD = 'diofantos':


Whole evaluation from the beginning of the script took:
 5.4 seconds, i.e. 0.09 minutes or 0.001 hours.

Current time: 2026-03-28 10:48:24.496841
Sat Mar 28 10:48:25 AM CET 2026
this is oei.sh 1 poltrd-dp-loop3 0 999    doing   doones job_id 485320 task_id 1 * 1000 + 387 --exper_id poltrd-dp-loop3
