==============================================
Starting time (of array_subjob 485320_397):
Sat Mar 28 10:48:21 AM CET 2026
(True, True)
(True, False)
(True, False)
Current time: 2026-03-28 10:48:25.545873 

True
METHOD = 'diofantos'
DEGREE = 3
SCALE = 3000
  all_datasets = 2257
pds1397.csv:
  gt_rhs = '4*w + 10*x**2'
d_max = 1
d_max = 2
   target = 4*w + 10*x**2
['4*w + 10*x**2']
  is_equivalent = True
  total_successes = 1, success_rate = 1.0
DEGREE = 3:
METHOD = 'diofantos':


Whole evaluation from the beginning of the script took:
 5.2 seconds, i.e. 0.09 minutes or 0.001 hours.

Current time: 2026-03-28 10:48:30.724363
Sat Mar 28 10:48:31 AM CET 2026
this is oei.sh 1 poltrd-dp-loop3 0 999    doing   doones job_id 485320 task_id 1 * 1000 + 397 --exper_id poltrd-dp-loop3
