==============================================
Starting time (of array_subjob 485320_411):
Sat Mar 28 10:48:30 AM CET 2026
(True, True)
(True, False)
(True, False)
Current time: 2026-03-28 10:48:34.356564 

True
METHOD = 'diofantos'
DEGREE = 3
SCALE = 3000
  all_datasets = 2257
pds1411.csv:
  gt_rhs = 'v*x*y*z + 3*w + 6*x'
d_max = 1
d_max = 2
   target = -12658721780529248718610264950*v**2 + 26642304687857366144471824957*v*w + 62191305866432217781740441233*v*x - 30474638963438459737336400193*v*y + 17001626949543148954093662703*v*z - 317552456934961575246366411170*v - 18311084552566354017411455513*w**2 - 26389793743494875189508321454*w*x - 9862322163270563293722606051*w*y + 10985950523602841262193874635*w*z + 24733079164080034591083694795*w - 9306588567437004620829862348*x**2 + 23452255925595219778180330121*x*y - 17529639333554595296864999599*x*z + 346572375886011623169069783069*x + 31277653640048411926485093254*y**2 - 28475265787539073171724064901*y*z - 223459463644326201289507761858*y + 30532731926999040732668320671*z**2 + 137408540014384905279229562129*z - 2364044182881090309430767203798
['-12658721780529248718610264950*v**2 + 26642304687857366144471824957*v*w + 62191305866432217781740441233*v*x - 30474638963438459737336400193*v*y + 17001626949543148954093662703*v*z - 317552456934961575246366411170*v - 18311084552566354017411455513*w**2 - 26389793743494875189508321454*w*x - 9862322163270563293722606051*w*y + 10985950523602841262193874635*w*z + 24733079164080034591083694795*w - 9306588567437004620829862348*x**2 + 23452255925595219778180330121*x*y - 17529639333554595296864999599*x*z + 346572375886011623169069783069*x + 31277653640048411926485093254*y**2 - 28475265787539073171724064901*y*z - 223459463644326201289507761858*y + 30532731926999040732668320671*z**2 + 137408540014384905279229562129*z - 2364044182881090309430767203798']
  is_equivalent = False
  total_successes = 0, success_rate = 0.0
DEGREE = 3:
METHOD = 'diofantos':


Whole evaluation from the beginning of the script took:
 5.0 seconds, i.e. 0.08 minutes or 0.001 hours.

Current time: 2026-03-28 10:48:39.343620
Sat Mar 28 10:48:39 AM CET 2026
this is oei.sh 1 poltrd-dp-loop3 0 999    doing   doones job_id 485320 task_id 1 * 1000 + 411 --exper_id poltrd-dp-loop3
