==============================================
Starting time (of array_subjob 485320_436):
Sat Mar 28 10:48:51 AM CET 2026
(True, True)
(True, False)
(True, False)
Current time: 2026-03-28 10:48:55.585423 

True
METHOD = 'diofantos'
DEGREE = 3
SCALE = 3000
  all_datasets = 2257
pds1436.csv:
  gt_rhs = '-2*w*x*z - 9*w*z**2 - 2*z - 8'
d_max = 1
d_max = 2
   target = -749771385146174868784396262039*v**2 - 24666390975605827226634246229324*v*w + 6742283382814931550548715601958*v*x - 19173544412405237787373326681674*v*y - 20663611548248407639443636262178*v*z - 38802629783301871900091149486213*v + 14642842280176457235826312629298*w**2 + 8477499824317381884340273886082*w*x - 21325067993632017292895020811382*w*y + 8941220299208387906640141503005*w*z - 35553648125121231743047946228386*w + 3004504856798728207113399811724*x**2 + 23292048226968265976850245437792*x*y + 1395702106435452987408745189586*x*z - 38544292287542671189346201601814*x - 22797860499343843575737931807026*y**2 - 25819851157458733546748330374574*y*z - 70549262674230059410004540837420*y - 3320219333188872013841959357107*z**2 - 39376425451657764188772444726383*z - 112312851521640757691594357552972
['-749771385146174868784396262039*v**2 - 24666390975605827226634246229324*v*w + 6742283382814931550548715601958*v*x - 19173544412405237787373326681674*v*y - 20663611548248407639443636262178*v*z - 38802629783301871900091149486213*v + 14642842280176457235826312629298*w**2 + 8477499824317381884340273886082*w*x - 21325067993632017292895020811382*w*y + 8941220299208387906640141503005*w*z - 35553648125121231743047946228386*w + 3004504856798728207113399811724*x**2 + 23292048226968265976850245437792*x*y + 1395702106435452987408745189586*x*z - 38544292287542671189346201601814*x - 22797860499343843575737931807026*y**2 - 25819851157458733546748330374574*y*z - 70549262674230059410004540837420*y - 3320219333188872013841959357107*z**2 - 39376425451657764188772444726383*z - 112312851521640757691594357552972']
  is_equivalent = False
  total_successes = 0, success_rate = 0.0
DEGREE = 3:
METHOD = 'diofantos':


Whole evaluation from the beginning of the script took:
 5.4 seconds, i.e. 0.09 minutes or 0.001 hours.

Current time: 2026-03-28 10:49:00.976156
Sat Mar 28 10:49:01 AM CET 2026
this is oei.sh 1 poltrd-dp-loop3 0 999    doing   doones job_id 485320 task_id 1 * 1000 + 436 --exper_id poltrd-dp-loop3
