==============================================
Starting time (of array_subjob 485320_447):
Sat Mar 28 10:49:05 AM CET 2026
(True, True)
(True, False)
(True, False)
Current time: 2026-03-28 10:49:08.867240 

True
METHOD = 'diofantos'
DEGREE = 3
SCALE = 3000
  all_datasets = 2257
pds1447.csv:
  gt_rhs = '-10*v*w + 9*v*z**2 - 5*w - 5'
d_max = 1
d_max = 2
d_max = 3
   target = -10*v*w + 9*v*z**2 - 5*w - 5
['-10*v*w + 9*v*z**2 - 5*w - 5']
  is_equivalent = True
  total_successes = 1, success_rate = 1.0
DEGREE = 3:
METHOD = 'diofantos':


Whole evaluation from the beginning of the script took:
 152.1 seconds, i.e. 2.53 minutes or 0.042 hours.

Current time: 2026-03-28 10:51:40.919494
Sat Mar 28 10:51:41 AM CET 2026
this is oei.sh 1 poltrd-dp-loop3 0 999    doing   doones job_id 485320 task_id 1 * 1000 + 447 --exper_id poltrd-dp-loop3
