==============================================
Starting time (of array_subjob 485320_485):
Sat Mar 28 10:49:38 AM CET 2026
(True, True)
(True, False)
(True, False)
Current time: 2026-03-28 10:49:41.951216 

True
METHOD = 'diofantos'
DEGREE = 3
SCALE = 3000
  all_datasets = 2257
pds1485.csv:
  gt_rhs = '-7*v - 5*w*x + 9*x*y + 4*y'
d_max = 1
d_max = 2
   target = -7*v - 5*w*x + 9*x*y + 4*y
['-7*v - 5*w*x + 9*x*y + 4*y']
  is_equivalent = True
  total_successes = 1, success_rate = 1.0
DEGREE = 3:
METHOD = 'diofantos':


Whole evaluation from the beginning of the script took:
 5.1 seconds, i.e. 0.09 minutes or 0.001 hours.

Current time: 2026-03-28 10:49:47.086115
Sat Mar 28 10:49:47 AM CET 2026
this is oei.sh 1 poltrd-dp-loop3 0 999    doing   doones job_id 485320 task_id 1 * 1000 + 485 --exper_id poltrd-dp-loop3
