==============================================
Starting time (of array_subjob 485320_495):
Sat Mar 28 10:49:43 AM CET 2026
(True, True)
(True, False)
(True, False)
Current time: 2026-03-28 10:49:47.626081 

True
METHOD = 'diofantos'
DEGREE = 3
SCALE = 3000
  all_datasets = 2257
pds1495.csv:
  gt_rhs = '6*v*w*x*z**2 - 6*v*z**2 - 6*w*x*y - 8*x'
d_max = 1
d_max = 2
   target = 1008609234108315369384015459777*v**2 + 3594586412411743145013854027949*v*w - 1842260769989362222967899741890*v*x + 2312646731353501425131935654611*v*y - 18026933753664062927743267149*v*z + 11633276249355764207878169432037*v + 1155454404821923459905133922349*w**2 - 175660726893170333052213086802*w*x - 3610888935465921690562206774270*w*y - 1634168778109798384786899117594*w*z + 16116570421022224677007384780323*w + 1249281793089944387660984290878*x**2 + 1559541826648279259004824528796*x*y + 2242475478719797224491083350918*x*z - 5936049756195257533598588570348*x - 909471150185739961986703696158*y**2 + 771346669608276771145014330534*y*z - 2373589379161771599105704680620*y - 529082893522335014027881280235*z**2 - 6896889218902750417749738308127*z - 81705928649924251364841516734700
['1008609234108315369384015459777*v**2 + 3594586412411743145013854027949*v*w - 1842260769989362222967899741890*v*x + 2312646731353501425131935654611*v*y - 18026933753664062927743267149*v*z + 11633276249355764207878169432037*v + 1155454404821923459905133922349*w**2 - 175660726893170333052213086802*w*x - 3610888935465921690562206774270*w*y - 1634168778109798384786899117594*w*z + 16116570421022224677007384780323*w + 1249281793089944387660984290878*x**2 + 1559541826648279259004824528796*x*y + 2242475478719797224491083350918*x*z - 5936049756195257533598588570348*x - 909471150185739961986703696158*y**2 + 771346669608276771145014330534*y*z - 2373589379161771599105704680620*y - 529082893522335014027881280235*z**2 - 6896889218902750417749738308127*z - 81705928649924251364841516734700']
  is_equivalent = False
  total_successes = 0, success_rate = 0.0
DEGREE = 3:
METHOD = 'diofantos':


Whole evaluation from the beginning of the script took:
 5.4 seconds, i.e. 0.09 minutes or 0.001 hours.

Current time: 2026-03-28 10:49:52.999644
Sat Mar 28 10:49:53 AM CET 2026
this is oei.sh 1 poltrd-dp-loop3 0 999    doing   doones job_id 485320 task_id 1 * 1000 + 495 --exper_id poltrd-dp-loop3
