==============================================
Starting time (of array_subjob 485320_492):
Sat Mar 28 10:49:42 AM CET 2026
(True, True)
(True, False)
(True, False)
Current time: 2026-03-28 10:49:45.740072 

True
METHOD = 'diofantos'
DEGREE = 3
SCALE = 3000
  all_datasets = 2257
pds1492.csv:
  gt_rhs = '2*v*x + 7*x*z'
d_max = 1
d_max = 2
   target = 2*v*x + 7*x*z
['2*v*x + 7*x*z']
  is_equivalent = True
  total_successes = 1, success_rate = 1.0
DEGREE = 3:
METHOD = 'diofantos':


Whole evaluation from the beginning of the script took:
 4.1 seconds, i.e. 0.07 minutes or 0.001 hours.

Current time: 2026-03-28 10:49:49.889282
Sat Mar 28 10:49:50 AM CET 2026
this is oei.sh 1 poltrd-dp-loop3 0 999    doing   doones job_id 485320 task_id 1 * 1000 + 492 --exper_id poltrd-dp-loop3
