==============================================
Starting time (of array_subjob 485320_504):
Sat Mar 28 10:49:50 AM CET 2026
(True, True)
(True, False)
(True, False)
Current time: 2026-03-28 10:49:53.623871 

True
METHOD = 'diofantos'
DEGREE = 3
SCALE = 3000
  all_datasets = 2257
pds1504.csv:
  gt_rhs = '-v*y + v - 6*w'
d_max = 1
d_max = 2
   target = -v*y + v - 6*w
['-v*y + v - 6*w']
  is_equivalent = True
  total_successes = 1, success_rate = 1.0
DEGREE = 3:
METHOD = 'diofantos':


Whole evaluation from the beginning of the script took:
 4.0 seconds, i.e. 0.07 minutes or 0.001 hours.

Current time: 2026-03-28 10:49:57.647354
Sat Mar 28 10:49:58 AM CET 2026
this is oei.sh 1 poltrd-dp-loop3 0 999    doing   doones job_id 485320 task_id 1 * 1000 + 504 --exper_id poltrd-dp-loop3
