==============================================
Starting time (of array_subjob 485320_510):
Sat Mar 28 10:49:53 AM CET 2026
(True, True)
(True, False)
(True, False)
Current time: 2026-03-28 10:49:57.527826 

True
METHOD = 'diofantos'
DEGREE = 3
SCALE = 3000
  all_datasets = 2257
pds1510.csv:
  gt_rhs = '2*w*x + 10*w*y**2*z'
d_max = 1
d_max = 2
   target = 11679300307870696302950796414*v**2 - 9985255760993467146488402732*v*w + 30237381336584163236504579442*v*x + 25527019681027620274239472784*v*y + 11192637655511553327221582082*v*z + 122917801582022774403213779512*v - 3264799397720950765662342860*w**2 + 33680600650157053860228700902*w*x + 23158299458791440845190070718*w*y + 26710757638405022674759291022*w*z + 10027099145331300211714658886*w - 19753118293957185551721635822*x**2 - 7721156115998538047050803502*x*y + 21045266912226276649384501014*x*z - 313474548377886579511962788272*x - 23553043826414729391305170456*y**2 + 20822073548421668972901161500*y*z - 148957806517013533397688732052*y + 15459578504347315358889133782*z**2 - 139351042840275069139669396210*z - 123270255522151834968824467540
['11679300307870696302950796414*v**2 - 9985255760993467146488402732*v*w + 30237381336584163236504579442*v*x + 25527019681027620274239472784*v*y + 11192637655511553327221582082*v*z + 122917801582022774403213779512*v - 3264799397720950765662342860*w**2 + 33680600650157053860228700902*w*x + 23158299458791440845190070718*w*y + 26710757638405022674759291022*w*z + 10027099145331300211714658886*w - 19753118293957185551721635822*x**2 - 7721156115998538047050803502*x*y + 21045266912226276649384501014*x*z - 313474548377886579511962788272*x - 23553043826414729391305170456*y**2 + 20822073548421668972901161500*y*z - 148957806517013533397688732052*y + 15459578504347315358889133782*z**2 - 139351042840275069139669396210*z - 123270255522151834968824467540']
  is_equivalent = False
  total_successes = 0, success_rate = 0.0
DEGREE = 3:
METHOD = 'diofantos':


Whole evaluation from the beginning of the script took:
 5.3 seconds, i.e. 0.09 minutes or 0.001 hours.

Current time: 2026-03-28 10:50:02.803480
Sat Mar 28 10:50:03 AM CET 2026
this is oei.sh 1 poltrd-dp-loop3 0 999    doing   doones job_id 485320 task_id 1 * 1000 + 510 --exper_id poltrd-dp-loop3
