==============================================
Starting time (of array_subjob 485320_515):
Sat Mar 28 10:49:58 AM CET 2026
(True, True)
(True, False)
(True, False)
Current time: 2026-03-28 10:50:01.398075 

True
METHOD = 'diofantos'
DEGREE = 3
SCALE = 3000
  all_datasets = 2257
pds1515.csv:
  gt_rhs = '10*w**3 - 4*x'
d_max = 1
d_max = 2
   target = -2720624362932929204056101345944*v**2 - 5342492478904621355489350143216*v*w - 160478429317523625662130670804*v*x + 800194292394591519170776985760*v*y - 3963162957923972537134238558236*v*z + 7169399181215592641931713245216*v + 1213143162368560692573597074006*w**2 - 3976347798347188899133684585776*w*x - 4725883975736458915198831888704*w*y - 8859320989280328456660903937804*w*z - 23304603217461307880207543204248*w + 980930396506744946111712420522*x**2 + 5139486315991499194661157018504*x*y - 1608165933515371943966801708704*x*z + 22664683224983981655329291603366*x + 3608826893343889791188231202678*y**2 - 2039413510863139689438939169980*y*z + 30785821652874170259761539909686*y - 11873338851752135289123766016794*z**2 - 16798680443579076120963390107038*z + 197802121139730054050093786288880
['-2720624362932929204056101345944*v**2 - 5342492478904621355489350143216*v*w - 160478429317523625662130670804*v*x + 800194292394591519170776985760*v*y - 3963162957923972537134238558236*v*z + 7169399181215592641931713245216*v + 1213143162368560692573597074006*w**2 - 3976347798347188899133684585776*w*x - 4725883975736458915198831888704*w*y - 8859320989280328456660903937804*w*z - 23304603217461307880207543204248*w + 980930396506744946111712420522*x**2 + 5139486315991499194661157018504*x*y - 1608165933515371943966801708704*x*z + 22664683224983981655329291603366*x + 3608826893343889791188231202678*y**2 - 2039413510863139689438939169980*y*z + 30785821652874170259761539909686*y - 11873338851752135289123766016794*z**2 - 16798680443579076120963390107038*z + 197802121139730054050093786288880']
  is_equivalent = False
  total_successes = 0, success_rate = 0.0
DEGREE = 3:
METHOD = 'diofantos':


Whole evaluation from the beginning of the script took:
 4.2 seconds, i.e. 0.07 minutes or 0.001 hours.

Current time: 2026-03-28 10:50:05.595976
Sat Mar 28 10:50:06 AM CET 2026
this is oei.sh 1 poltrd-dp-loop3 0 999    doing   doones job_id 485320 task_id 1 * 1000 + 515 --exper_id poltrd-dp-loop3
