==============================================
Starting time (of array_subjob 485320_516):
Sat Mar 28 10:49:58 AM CET 2026
(True, True)
(True, False)
(True, False)
Current time: 2026-03-28 10:50:02.082414 

True
METHOD = 'diofantos'
DEGREE = 3
SCALE = 3000
  all_datasets = 2257
pds1516.csv:
  gt_rhs = '-2*w**2*x*y**2*z'
d_max = 1
d_max = 2
   target = 6673696549861576110419826778*v**2 - 4510549949530840300670535846*v*w + 7172946488313819271879023250*v*x - 6017723471465886866399503956*v*y + 4177119823979092812124311432*v*z + 6264427861560740520330369136*v + 3662482623924603910608125902*w**2 - 10822291591459772132025363048*w*x - 13554859566242013263244007696*w*y - 2668144064432269616896042450*w*z - 131403216909491698211325029124*w - 1252564143776874806510531676*x**2 - 1211751389572536728059505538*x*y + 4417509568759625260184071856*x*z + 2171821146366648858193613436*x + 23758038994858808249605640343*y**2 - 20611889753362287304342644490*y*z + 67082556835311267547868617371*y + 8237336599912460368219473780*z**2 - 14715839281931336709838771442*z - 626124122412358231065002758332
['6673696549861576110419826778*v**2 - 4510549949530840300670535846*v*w + 7172946488313819271879023250*v*x - 6017723471465886866399503956*v*y + 4177119823979092812124311432*v*z + 6264427861560740520330369136*v + 3662482623924603910608125902*w**2 - 10822291591459772132025363048*w*x - 13554859566242013263244007696*w*y - 2668144064432269616896042450*w*z - 131403216909491698211325029124*w - 1252564143776874806510531676*x**2 - 1211751389572536728059505538*x*y + 4417509568759625260184071856*x*z + 2171821146366648858193613436*x + 23758038994858808249605640343*y**2 - 20611889753362287304342644490*y*z + 67082556835311267547868617371*y + 8237336599912460368219473780*z**2 - 14715839281931336709838771442*z - 626124122412358231065002758332']
  is_equivalent = False
  total_successes = 0, success_rate = 0.0
DEGREE = 3:
METHOD = 'diofantos':


Whole evaluation from the beginning of the script took:
 4.8 seconds, i.e. 0.08 minutes or 0.001 hours.

Current time: 2026-03-28 10:50:06.837566
Sat Mar 28 10:50:07 AM CET 2026
this is oei.sh 1 poltrd-dp-loop3 0 999    doing   doones job_id 485320 task_id 1 * 1000 + 516 --exper_id poltrd-dp-loop3
