==============================================
Starting time (of array_subjob 485320_518):
Sat Mar 28 10:49:59 AM CET 2026
(True, True)
(True, False)
(True, False)
Current time: 2026-03-28 10:50:03.413717 

True
METHOD = 'diofantos'
DEGREE = 3
SCALE = 3000
  all_datasets = 2257
pds1518.csv:
  gt_rhs = 'y - 1'
d_max = 1
   target = y - 1
['y - 1']
  is_equivalent = True
  total_successes = 1, success_rate = 1.0
DEGREE = 3:
METHOD = 'diofantos':


Whole evaluation from the beginning of the script took:
 0.6 seconds, i.e. 0.01 minutes or 0.0 hours.

Current time: 2026-03-28 10:50:04.002349
Sat Mar 28 10:50:04 AM CET 2026
this is oei.sh 1 poltrd-dp-loop3 0 999    doing   doones job_id 485320 task_id 1 * 1000 + 518 --exper_id poltrd-dp-loop3
