==============================================
Starting time (of array_subjob 485320_521):
Sat Mar 28 10:50:01 AM CET 2026
(True, True)
(True, False)
(True, False)
Current time: 2026-03-28 10:50:04.694778 

True
METHOD = 'diofantos'
DEGREE = 3
SCALE = 3000
  all_datasets = 2257
pds1521.csv:
  gt_rhs = '-3*x + 5*z - 6'
d_max = 1
   target = -3*x + 5*z - 6
['-3*x + 5*z - 6']
  is_equivalent = True
  total_successes = 1, success_rate = 1.0
DEGREE = 3:
METHOD = 'diofantos':


Whole evaluation from the beginning of the script took:
 0.6 seconds, i.e. 0.01 minutes or 0.0 hours.

Current time: 2026-03-28 10:50:05.306475
Sat Mar 28 10:50:05 AM CET 2026
this is oei.sh 1 poltrd-dp-loop3 0 999    doing   doones job_id 485320 task_id 1 * 1000 + 521 --exper_id poltrd-dp-loop3
