==============================================
Starting time (of array_subjob 485320_549):
Sat Mar 28 10:50:15 AM CET 2026
(True, True)
(True, False)
(True, False)
Current time: 2026-03-28 10:50:18.979107 

True
METHOD = 'diofantos'
DEGREE = 3
SCALE = 3000
  all_datasets = 2257
pds1549.csv:
  gt_rhs = '4*v**3*w*z - 8*x + 6'
d_max = 1
d_max = 2
   target = -45651968400775072054314971726558*v**2 + 1322555104039081062015767374200*v*w - 15099682002578384591943650954612*v*x - 12588678297916745472926426750200*v*y + 2271681135454010068738124528876*v*z - 39162399942057233116705449156750*v + 3852362178767801932443644397614*w**2 + 18698599254216375059278186453504*w*x + 8010128629228349659286127516028*w*y - 12376203089093081206783906177680*w*z - 76415900895153086446436046688954*w + 29812006180467469891138879494428*x**2 + 24760818627554059026371255802424*x*y + 13587478835971167511900823248540*x*z + 65627864911351346451105553184644*x + 7633454806616976899882191291092*y**2 + 11297010777944410908060919574192*y*z - 3968419672744395698823711427352*y - 35885165434571688102837479644172*z**2 - 95609420118465672385092879750720*z + 1473721910249714124291814467505630
['-45651968400775072054314971726558*v**2 + 1322555104039081062015767374200*v*w - 15099682002578384591943650954612*v*x - 12588678297916745472926426750200*v*y + 2271681135454010068738124528876*v*z - 39162399942057233116705449156750*v + 3852362178767801932443644397614*w**2 + 18698599254216375059278186453504*w*x + 8010128629228349659286127516028*w*y - 12376203089093081206783906177680*w*z - 76415900895153086446436046688954*w + 29812006180467469891138879494428*x**2 + 24760818627554059026371255802424*x*y + 13587478835971167511900823248540*x*z + 65627864911351346451105553184644*x + 7633454806616976899882191291092*y**2 + 11297010777944410908060919574192*y*z - 3968419672744395698823711427352*y - 35885165434571688102837479644172*z**2 - 95609420118465672385092879750720*z + 1473721910249714124291814467505630']
  is_equivalent = False
  total_successes = 0, success_rate = 0.0
DEGREE = 3:
METHOD = 'diofantos':


Whole evaluation from the beginning of the script took:
 5.7 seconds, i.e. 0.1 minutes or 0.002 hours.

Current time: 2026-03-28 10:50:24.724443
Sat Mar 28 10:50:25 AM CET 2026
this is oei.sh 1 poltrd-dp-loop3 0 999    doing   doones job_id 485320 task_id 1 * 1000 + 549 --exper_id poltrd-dp-loop3
