==============================================
Starting time (of array_subjob 485320_596):
Sat Mar 28 10:50:50 AM CET 2026
(True, True)
(True, False)
(True, False)
Current time: 2026-03-28 10:50:53.806230 

True
METHOD = 'diofantos'
DEGREE = 3
SCALE = 3000
  all_datasets = 2257
pds1596.csv:
  gt_rhs = '6*v**2*x - 5*x**2 + 8'
d_max = 1
d_max = 2
   target = -91652577855951547377835022436*v**2 + 208567325260611155029644079164*v*w - 126801556927658907281592594126*v*x - 71096253568808555908039851204*v*y + 30596294609877506860760919792*v*z - 287777804811157617681574714692*v + 239147586272256105198054763980*w**2 + 876427816535927032435976271804*w*x + 917089139996213525568896525628*w*y - 599460371327142305355975883260*w*z - 3252342420320151357697937727480*w + 251295644347667262189687665977*x**2 + 1394714281221795527634386712408*x*y - 216076039810420622187564000480*x*z - 1111491253133855099785445071230*x - 341569268676257986258574323830*y**2 - 763883812719239221311326236008*y*z - 1069099283163306835061273129994*y - 153439967521444507088694866730*z**2 - 1368385104507553926523067833866*z - 7400944418264458003077374093548
['-91652577855951547377835022436*v**2 + 208567325260611155029644079164*v*w - 126801556927658907281592594126*v*x - 71096253568808555908039851204*v*y + 30596294609877506860760919792*v*z - 287777804811157617681574714692*v + 239147586272256105198054763980*w**2 + 876427816535927032435976271804*w*x + 917089139996213525568896525628*w*y - 599460371327142305355975883260*w*z - 3252342420320151357697937727480*w + 251295644347667262189687665977*x**2 + 1394714281221795527634386712408*x*y - 216076039810420622187564000480*x*z - 1111491253133855099785445071230*x - 341569268676257986258574323830*y**2 - 763883812719239221311326236008*y*z - 1069099283163306835061273129994*y - 153439967521444507088694866730*z**2 - 1368385104507553926523067833866*z - 7400944418264458003077374093548']
  is_equivalent = False
  total_successes = 0, success_rate = 0.0
DEGREE = 3:
METHOD = 'diofantos':


Whole evaluation from the beginning of the script took:
 5.5 seconds, i.e. 0.09 minutes or 0.002 hours.

Current time: 2026-03-28 10:50:59.276894
Sat Mar 28 10:50:59 AM CET 2026
this is oei.sh 1 poltrd-dp-loop3 0 999    doing   doones job_id 485320 task_id 1 * 1000 + 596 --exper_id poltrd-dp-loop3
