==============================================
Starting time (of array_subjob 485320_631):
Sat Mar 28 10:51:46 AM CET 2026
(True, True)
(True, False)
(True, False)
Current time: 2026-03-28 10:51:50.620913 

True
METHOD = 'diofantos'
DEGREE = 3
SCALE = 3000
  all_datasets = 2257
pds1631.csv:
  gt_rhs = '-10*w*y + 4*w - 7*x - 6*y - z'
d_max = 1
d_max = 2
   target = -10*w*y + 4*w - 7*x - 6*y - z
['-10*w*y + 4*w - 7*x - 6*y - z']
  is_equivalent = True
  total_successes = 1, success_rate = 1.0
DEGREE = 3:
METHOD = 'diofantos':


Whole evaluation from the beginning of the script took:
 5.2 seconds, i.e. 0.09 minutes or 0.001 hours.

Current time: 2026-03-28 10:51:55.864052
Sat Mar 28 10:51:56 AM CET 2026
this is oei.sh 1 poltrd-dp-loop3 0 999    doing   doones job_id 485320 task_id 1 * 1000 + 631 --exper_id poltrd-dp-loop3
