==============================================
Starting time (of array_subjob 485320_661):
Sat Mar 28 10:53:09 AM CET 2026
(True, True)
(True, False)
(True, False)
Current time: 2026-03-28 10:53:13.336256 

True
METHOD = 'diofantos'
DEGREE = 3
SCALE = 3000
  all_datasets = 2257
pds1661.csv:
  gt_rhs = '-5*v**2*y + 2*y - 10'
d_max = 1
d_max = 2
d_max = 3
   target = -5*v**2*y + 2*y - 10
['-5*v**2*y + 2*y - 10']
  is_equivalent = True
  total_successes = 1, success_rate = 1.0
DEGREE = 3:
METHOD = 'diofantos':


Whole evaluation from the beginning of the script took:
 156.7 seconds, i.e. 2.61 minutes or 0.044 hours.

Current time: 2026-03-28 10:55:50.025325
Sat Mar 28 10:55:50 AM CET 2026
this is oei.sh 1 poltrd-dp-loop3 0 999    doing   doones job_id 485320 task_id 1 * 1000 + 661 --exper_id poltrd-dp-loop3
