==============================================
Starting time (of array_subjob 485320_716):
Sat Mar 28 11:19:04 AM CET 2026
(True, True)
(True, False)
(True, False)
Current time: 2026-03-28 11:19:08.098227 

True
METHOD = 'diofantos'
DEGREE = 3
SCALE = 3000
  all_datasets = 2257
pds1716.csv:
  gt_rhs = '8*v**2*x**2*y'
d_max = 1
d_max = 2
   target = 192613419221790442988025404425*v**2 - 264940626807741107833263187428*v*w + 283898626342344574962289024578*v*x + 590288527317598646832370019016*v*y + 573618289854272752675097061188*v*z - 3015471029348338058004835505675*v - 239170110607657473805536201155*w**2 - 542181679180431225916199052696*w*x - 6000661818035984485466930544*w*y - 646180979483306605980079243856*w*z + 438652783632914414723530333065*w - 509857989816645134826785480680*x**2 - 562941867723524868072403768002*x*y - 147027362751761182539335392102*x*z + 2211275268014350460949737792336*x + 140042555507964060414393409818*y**2 + 235377260415780135867285671702*y*z + 3423087897068748864403407325768*y + 1034855485717830013824374308711*z**2 + 1122264314430973552601221682343*z - 24253653318824560315700410226792
['192613419221790442988025404425*v**2 - 264940626807741107833263187428*v*w + 283898626342344574962289024578*v*x + 590288527317598646832370019016*v*y + 573618289854272752675097061188*v*z - 3015471029348338058004835505675*v - 239170110607657473805536201155*w**2 - 542181679180431225916199052696*w*x - 6000661818035984485466930544*w*y - 646180979483306605980079243856*w*z + 438652783632914414723530333065*w - 509857989816645134826785480680*x**2 - 562941867723524868072403768002*x*y - 147027362751761182539335392102*x*z + 2211275268014350460949737792336*x + 140042555507964060414393409818*y**2 + 235377260415780135867285671702*y*z + 3423087897068748864403407325768*y + 1034855485717830013824374308711*z**2 + 1122264314430973552601221682343*z - 24253653318824560315700410226792']
  is_equivalent = False
  total_successes = 0, success_rate = 0.0
DEGREE = 3:
METHOD = 'diofantos':


Whole evaluation from the beginning of the script took:
 5.0 seconds, i.e. 0.08 minutes or 0.001 hours.

Current time: 2026-03-28 11:19:13.112296
Sat Mar 28 11:19:13 AM CET 2026
this is oei.sh 1 poltrd-dp-loop3 0 999    doing   doones job_id 485320 task_id 1 * 1000 + 716 --exper_id poltrd-dp-loop3
