==============================================
Starting time (of array_subjob 485320_726):
Sat Mar 28 11:19:04 AM CET 2026
(True, True)
(True, False)
(True, False)
Current time: 2026-03-28 11:19:08.458873 

True
METHOD = 'diofantos'
DEGREE = 3
SCALE = 3000
  all_datasets = 2257
pds1726.csv:
  gt_rhs = '-8*w**2*x*y**3*z + 7*x*z - 7'
d_max = 1
d_max = 2
   target = 165967017690607107912890224776*v**2 + 112446006584629590055691192932*v*w + 291831184297274593141752906764*v*x + 307372716530432950482384694090*v*y + 59705954282499643375172106144*v*z - 106047025692180584881409182150*v + 67564838097773334808278698506*w**2 + 200366708727430109875555495544*w*x + 102214288605043756917511883420*w*y + 180230447368453931596529807808*w*z - 405989382145737962435036924310*w + 224902803870436217983541061180*x**2 - 69207774174571031300253269706*x*y - 19066267897715664971812974661*x*z - 452046168178033856468065964046*x - 48416773496617031668067967634*y**2 + 57167675748736993553062210028*y*z + 427325523234388819593190265648*y + 159972182601782142493554254988*z**2 + 1175003346505268608748817149332*z - 9266453191923230187229016256565
['165967017690607107912890224776*v**2 + 112446006584629590055691192932*v*w + 291831184297274593141752906764*v*x + 307372716530432950482384694090*v*y + 59705954282499643375172106144*v*z - 106047025692180584881409182150*v + 67564838097773334808278698506*w**2 + 200366708727430109875555495544*w*x + 102214288605043756917511883420*w*y + 180230447368453931596529807808*w*z - 405989382145737962435036924310*w + 224902803870436217983541061180*x**2 - 69207774174571031300253269706*x*y - 19066267897715664971812974661*x*z - 452046168178033856468065964046*x - 48416773496617031668067967634*y**2 + 57167675748736993553062210028*y*z + 427325523234388819593190265648*y + 159972182601782142493554254988*z**2 + 1175003346505268608748817149332*z - 9266453191923230187229016256565']
  is_equivalent = False
  total_successes = 0, success_rate = 0.0
DEGREE = 3:
METHOD = 'diofantos':


Whole evaluation from the beginning of the script took:
 5.3 seconds, i.e. 0.09 minutes or 0.001 hours.

Current time: 2026-03-28 11:19:13.722628
Sat Mar 28 11:19:14 AM CET 2026
this is oei.sh 1 poltrd-dp-loop3 0 999    doing   doones job_id 485320 task_id 1 * 1000 + 726 --exper_id poltrd-dp-loop3
