==============================================
Starting time (of array_subjob 485320_738):
Sat Mar 28 11:19:04 AM CET 2026
(True, True)
(True, False)
(True, False)
Current time: 2026-03-28 11:19:08.760201 

True
METHOD = 'diofantos'
DEGREE = 3
SCALE = 3000
  all_datasets = 2257
pds1738.csv:
  gt_rhs = '-2*w*y**2 + 5*w + 1'
d_max = 1
d_max = 2
   target = -37561001435278455219694991652*v**2 - 13393765447494340510825496818*v*w - 179015187616331964102515359930*v*x + 115119966448271748334134638048*v*y - 79744700472359141619919088668*v*z + 1860172929969438530504181233954*v + 146183106864771563960148813268*w**2 - 57541488734812158933932977794*w*x + 78139262100294694397385828158*w*y + 83071517376731631685456624094*w*z + 1910382304978275800331387445663*w + 86313734990121782277695330486*x**2 + 162857577365255219220447998464*x*y + 16500252147399439109491463762*x*z + 1416211106903199324169424966052*x + 150853973697595659469458332222*y**2 + 67340248132124113717597995592*y*z - 336266613198920225536406426202*y - 34220966285559441775113841658*z**2 + 1284017146092633955313461438860*z - 14642509455898680096797810488921
['-37561001435278455219694991652*v**2 - 13393765447494340510825496818*v*w - 179015187616331964102515359930*v*x + 115119966448271748334134638048*v*y - 79744700472359141619919088668*v*z + 1860172929969438530504181233954*v + 146183106864771563960148813268*w**2 - 57541488734812158933932977794*w*x + 78139262100294694397385828158*w*y + 83071517376731631685456624094*w*z + 1910382304978275800331387445663*w + 86313734990121782277695330486*x**2 + 162857577365255219220447998464*x*y + 16500252147399439109491463762*x*z + 1416211106903199324169424966052*x + 150853973697595659469458332222*y**2 + 67340248132124113717597995592*y*z - 336266613198920225536406426202*y - 34220966285559441775113841658*z**2 + 1284017146092633955313461438860*z - 14642509455898680096797810488921']
  is_equivalent = False
  total_successes = 0, success_rate = 0.0
DEGREE = 3:
METHOD = 'diofantos':


Whole evaluation from the beginning of the script took:
 5.6 seconds, i.e. 0.09 minutes or 0.002 hours.

Current time: 2026-03-28 11:19:14.315814
Sat Mar 28 11:19:14 AM CET 2026
this is oei.sh 1 poltrd-dp-loop3 0 999    doing   doones job_id 485320 task_id 1 * 1000 + 738 --exper_id poltrd-dp-loop3
