==============================================
Starting time (of array_subjob 485320_784):
Sat Mar 28 11:19:15 AM CET 2026
(True, True)
(True, False)
(True, False)
Current time: 2026-03-28 11:19:19.317986 

True
METHOD = 'diofantos'
DEGREE = 3
SCALE = 3000
  all_datasets = 2257
pds1784.csv:
  gt_rhs = '9*w - 8'
d_max = 1
   target = 9*w - 8
['9*w - 8']
  is_equivalent = True
  total_successes = 1, success_rate = 1.0
DEGREE = 3:
METHOD = 'diofantos':


Whole evaluation from the beginning of the script took:
 0.6 seconds, i.e. 0.01 minutes or 0.0 hours.

Current time: 2026-03-28 11:19:19.919487
Sat Mar 28 11:19:20 AM CET 2026
this is oei.sh 1 poltrd-dp-loop3 0 999    doing   doones job_id 485320 task_id 1 * 1000 + 784 --exper_id poltrd-dp-loop3
