==============================================
Starting time (of array_subjob 485320_790):
Sat Mar 28 11:19:15 AM CET 2026
(True, True)
(True, False)
(True, False)
Current time: 2026-03-28 11:19:19.590355 

True
METHOD = 'diofantos'
DEGREE = 3
SCALE = 3000
  all_datasets = 2257
pds1790.csv:
  gt_rhs = '4*x**2*z**2 - 2'
d_max = 1
d_max = 2
   target = 4244118514317288589159054525*v**2 + 149367513185614191246223953*v*w - 3042728950254094781648526537*v*x + 3129628845140818658743372829*v*y - 2028407914690540625660627366*v*z + 14064801343937662286193105995*v - 1604833592640606320547286184*w**2 + 3284619260190062019776382544*w*x - 2475104202895923315085630865*w*y + 3630812947713657273077462262*w*z + 2414526986898317315612919765*w - 2629725092157525851853451231*x**2 + 2837022025353219386049835217*x*y - 1360773134742360706011728154*x*z - 32486255920824429334108384*x - 1416096622161625717203798277*y**2 + 1506081426056288231163171694*y*z + 11782570204486844937520027475*y - 597014903402151596605297656*z**2 - 11768848666288510384462551686*z + 41870885006505056768681706542
['4244118514317288589159054525*v**2 + 149367513185614191246223953*v*w - 3042728950254094781648526537*v*x + 3129628845140818658743372829*v*y - 2028407914690540625660627366*v*z + 14064801343937662286193105995*v - 1604833592640606320547286184*w**2 + 3284619260190062019776382544*w*x - 2475104202895923315085630865*w*y + 3630812947713657273077462262*w*z + 2414526986898317315612919765*w - 2629725092157525851853451231*x**2 + 2837022025353219386049835217*x*y - 1360773134742360706011728154*x*z - 32486255920824429334108384*x - 1416096622161625717203798277*y**2 + 1506081426056288231163171694*y*z + 11782570204486844937520027475*y - 597014903402151596605297656*z**2 - 11768848666288510384462551686*z + 41870885006505056768681706542']
  is_equivalent = False
  total_successes = 0, success_rate = 0.0
DEGREE = 3:
METHOD = 'diofantos':


Whole evaluation from the beginning of the script took:
 5.3 seconds, i.e. 0.09 minutes or 0.001 hours.

Current time: 2026-03-28 11:19:24.896108
Sat Mar 28 11:19:25 AM CET 2026
this is oei.sh 1 poltrd-dp-loop3 0 999    doing   doones job_id 485320 task_id 1 * 1000 + 790 --exper_id poltrd-dp-loop3
