==============================================
Starting time (of array_subjob 485320_797):
Sat Mar 28 11:19:19 AM CET 2026
(True, True)
(True, False)
(True, False)
Current time: 2026-03-28 11:19:23.312468 

True
METHOD = 'diofantos'
DEGREE = 3
SCALE = 3000
  all_datasets = 2257
pds1797.csv:
  gt_rhs = '-w*z + 2*w + 9*y - 10*z'
d_max = 1
d_max = 2
   target = -w*z + 2*w + 9*y - 10*z
['-w*z + 2*w + 9*y - 10*z']
  is_equivalent = True
  total_successes = 1, success_rate = 1.0
DEGREE = 3:
METHOD = 'diofantos':


Whole evaluation from the beginning of the script took:
 5.0 seconds, i.e. 0.08 minutes or 0.001 hours.

Current time: 2026-03-28 11:19:28.275383
Sat Mar 28 11:19:28 AM CET 2026
this is oei.sh 1 poltrd-dp-loop3 0 999    doing   doones job_id 485320 task_id 1 * 1000 + 797 --exper_id poltrd-dp-loop3
