==============================================
Starting time (of array_subjob 485320_821):
Sat Mar 28 11:19:25 AM CET 2026
(True, True)
(True, False)
(True, False)
Current time: 2026-03-28 11:19:29.558696 

True
METHOD = 'diofantos'
DEGREE = 3
SCALE = 3000
  all_datasets = 2257
pds1821.csv:
  gt_rhs = '3*x**2*y + 4*x + 10*z + 4'
d_max = 1
d_max = 2
d_max = 3
   target = 3*x**2*y + 4*x + 10*z + 4
['3*x**2*y + 4*x + 10*z + 4']
  is_equivalent = True
  total_successes = 1, success_rate = 1.0
DEGREE = 3:
METHOD = 'diofantos':


Whole evaluation from the beginning of the script took:
 150.6 seconds, i.e. 2.51 minutes or 0.042 hours.

Current time: 2026-03-28 11:22:00.136167
Sat Mar 28 11:22:00 AM CET 2026
this is oei.sh 1 poltrd-dp-loop3 0 999    doing   doones job_id 485320 task_id 1 * 1000 + 821 --exper_id poltrd-dp-loop3
