==============================================
Starting time (of array_subjob 485320_837):
Sat Mar 28 11:19:35 AM CET 2026
(True, True)
(True, False)
(True, False)
Current time: 2026-03-28 11:19:39.253816 

True
METHOD = 'diofantos'
DEGREE = 3
SCALE = 3000
  all_datasets = 2257
pds1837.csv:
  gt_rhs = '8 - 7*x'
d_max = 1
   target = 8 - 7*x
['8 - 7*x']
  is_equivalent = True
  total_successes = 1, success_rate = 1.0
DEGREE = 3:
METHOD = 'diofantos':


Whole evaluation from the beginning of the script took:
 0.6 seconds, i.e. 0.01 minutes or 0.0 hours.

Current time: 2026-03-28 11:19:39.827490
Sat Mar 28 11:19:40 AM CET 2026
this is oei.sh 1 poltrd-dp-loop3 0 999    doing   doones job_id 485320 task_id 1 * 1000 + 837 --exper_id poltrd-dp-loop3
