==============================================
Starting time (of array_subjob 485320_843):
Sat Mar 28 11:19:35 AM CET 2026
(True, True)
(True, False)
(True, False)
Current time: 2026-03-28 11:19:39.693387 

True
METHOD = 'diofantos'
DEGREE = 3
SCALE = 3000
  all_datasets = 2257
pds1843.csv:
  gt_rhs = '-v*w*y*z - 2*x - 4'
d_max = 1
d_max = 2
   target = 53527775711210381117189257*v**2 + 122382410433624077546873694*v*w - 59041101237943906168808718*v*x - 63423736788289212580178525*v*y + 34968968107775067742194306*v*z + 512631523938417834304561582*v + 16732367826967247540888786*w**2 - 11836189504406784699122405*w*x - 74331617207657415944492582*w*y + 159509159895364665492424203*w*z - 175321353879982857823199511*w - 52861035526028604947789897*x**2 - 145497738884160009285076798*x*y - 38032862110377884893833976*x*z - 101259836904348694574746591*x - 27031403426546013392947551*y**2 - 39786063869701749478538623*y*z - 889767758120645885482495623*y - 86264474796362675958279549*z**2 + 1144668667287461327568267728*z - 2212175313487485842967767530
['53527775711210381117189257*v**2 + 122382410433624077546873694*v*w - 59041101237943906168808718*v*x - 63423736788289212580178525*v*y + 34968968107775067742194306*v*z + 512631523938417834304561582*v + 16732367826967247540888786*w**2 - 11836189504406784699122405*w*x - 74331617207657415944492582*w*y + 159509159895364665492424203*w*z - 175321353879982857823199511*w - 52861035526028604947789897*x**2 - 145497738884160009285076798*x*y - 38032862110377884893833976*x*z - 101259836904348694574746591*x - 27031403426546013392947551*y**2 - 39786063869701749478538623*y*z - 889767758120645885482495623*y - 86264474796362675958279549*z**2 + 1144668667287461327568267728*z - 2212175313487485842967767530']
  is_equivalent = False
  total_successes = 0, success_rate = 0.0
DEGREE = 3:
METHOD = 'diofantos':


Whole evaluation from the beginning of the script took:
 5.3 seconds, i.e. 0.09 minutes or 0.001 hours.

Current time: 2026-03-28 11:19:44.978770
Sat Mar 28 11:19:45 AM CET 2026
this is oei.sh 1 poltrd-dp-loop3 0 999    doing   doones job_id 485320 task_id 1 * 1000 + 843 --exper_id poltrd-dp-loop3
