==============================================
Starting time (of array_subjob 485320_882):
Sat Mar 28 11:19:40 AM CET 2026
(True, True)
(True, False)
(True, False)
Current time: 2026-03-28 11:19:44.330522 

True
METHOD = 'diofantos'
DEGREE = 3
SCALE = 3000
  all_datasets = 2257
pds1882.csv:
  gt_rhs = '2*v*w**2*x**2*y*z - 9*z + 6'
d_max = 1
d_max = 2
   target = 1208592799579271656370937309676*v**2 - 3147776130315731199730384529369*v*w - 2356337368215113152101264218444*v*x - 898993905752910188276491254939*v*y + 1146730377719272587312070595758*v*z - 10564049454321325514484666963512*v - 661373146406234027472228052906*w**2 + 2671129549555574983951277186711*w*x + 1964280907975499260872509200755*w*y - 329975964092672975662381027479*w*z + 9056047779710431502629864484767*w + 1104574304021094802236612564371*x**2 - 664077220626218475096545708020*x*y - 1613053610314587590861794952294*x*z - 10615321287559500519085837096344*x - 1795695909756777116520504135645*y**2 - 674858244342682013215782983531*y*z - 11771343509188249076212222631446*y + 4494306329898928432095372082820*z**2 - 15467195856830384162519218532457*z - 118996368210228363300676048906289
['1208592799579271656370937309676*v**2 - 3147776130315731199730384529369*v*w - 2356337368215113152101264218444*v*x - 898993905752910188276491254939*v*y + 1146730377719272587312070595758*v*z - 10564049454321325514484666963512*v - 661373146406234027472228052906*w**2 + 2671129549555574983951277186711*w*x + 1964280907975499260872509200755*w*y - 329975964092672975662381027479*w*z + 9056047779710431502629864484767*w + 1104574304021094802236612564371*x**2 - 664077220626218475096545708020*x*y - 1613053610314587590861794952294*x*z - 10615321287559500519085837096344*x - 1795695909756777116520504135645*y**2 - 674858244342682013215782983531*y*z - 11771343509188249076212222631446*y + 4494306329898928432095372082820*z**2 - 15467195856830384162519218532457*z - 118996368210228363300676048906289']
  is_equivalent = False
  total_successes = 0, success_rate = 0.0
DEGREE = 3:
METHOD = 'diofantos':


Whole evaluation from the beginning of the script took:
 5.4 seconds, i.e. 0.09 minutes or 0.002 hours.

Current time: 2026-03-28 11:19:49.765650
Sat Mar 28 11:19:50 AM CET 2026
this is oei.sh 1 poltrd-dp-loop3 0 999    doing   doones job_id 485320 task_id 1 * 1000 + 882 --exper_id poltrd-dp-loop3
