==============================================
Starting time (of array_subjob 485320_909):
Sat Mar 28 11:19:45 AM CET 2026
(True, True)
(True, False)
(True, False)
Current time: 2026-03-28 11:19:49.493630 

True
METHOD = 'diofantos'
DEGREE = 3
SCALE = 3000
  all_datasets = 2257
pds1909.csv:
  gt_rhs = '9*v - 7*y*z**2 + 9*y - 5'
d_max = 1
d_max = 2
d_max = 3
   target = 9*v - 7*y*z**2 + 9*y - 5
['9*v - 7*y*z**2 + 9*y - 5']
  is_equivalent = True
  total_successes = 1, success_rate = 1.0
DEGREE = 3:
METHOD = 'diofantos':


Whole evaluation from the beginning of the script took:
 149.6 seconds, i.e. 2.49 minutes or 0.042 hours.

Current time: 2026-03-28 11:22:19.081855
Sat Mar 28 11:22:19 AM CET 2026
this is oei.sh 1 poltrd-dp-loop3 0 999    doing   doones job_id 485320 task_id 1 * 1000 + 909 --exper_id poltrd-dp-loop3
