==============================================
Starting time (of array_subjob 485320_908):
Sat Mar 28 11:19:45 AM CET 2026
(True, True)
(True, False)
(True, False)
Current time: 2026-03-28 11:19:49.354480 

True
METHOD = 'diofantos'
DEGREE = 3
SCALE = 3000
  all_datasets = 2257
pds1908.csv:
  gt_rhs = '8*v*x + 7*w**2*x + 10'
d_max = 1
d_max = 2
   target = 1849376909704235190749427572*v**2 + 1038889239965743397944714940*v*w + 2593136460073736314545568592*v*x - 376921053542834750581851092*v*y + 885865385545585761535286894*v*z + 6660198544197732424310998832*v - 1118077335076060796938023631*w**2 + 1858210059162655896619466722*w*x + 1237628777584404233025937481*w*y - 667317003888313397548878983*w*z + 8392932622659839525902101653*w + 238776235875338572436918607*x**2 - 2973411260110948808790505887*x*y + 2049420973483466002349979366*x*z - 1049871944208129684256487871*x - 1308487175137973372172539565*y**2 + 1597021150994711001062698437*y*z - 671235392507679060505705706*y - 598688799766042470533655163*z**2 + 3262327120630801896876528361*z + 13358659370309741750189514780
['1849376909704235190749427572*v**2 + 1038889239965743397944714940*v*w + 2593136460073736314545568592*v*x - 376921053542834750581851092*v*y + 885865385545585761535286894*v*z + 6660198544197732424310998832*v - 1118077335076060796938023631*w**2 + 1858210059162655896619466722*w*x + 1237628777584404233025937481*w*y - 667317003888313397548878983*w*z + 8392932622659839525902101653*w + 238776235875338572436918607*x**2 - 2973411260110948808790505887*x*y + 2049420973483466002349979366*x*z - 1049871944208129684256487871*x - 1308487175137973372172539565*y**2 + 1597021150994711001062698437*y*z - 671235392507679060505705706*y - 598688799766042470533655163*z**2 + 3262327120630801896876528361*z + 13358659370309741750189514780']
  is_equivalent = False
  total_successes = 0, success_rate = 0.0
DEGREE = 3:
METHOD = 'diofantos':


Whole evaluation from the beginning of the script took:
 5.1 seconds, i.e. 0.09 minutes or 0.001 hours.

Current time: 2026-03-28 11:19:54.496028
Sat Mar 28 11:19:55 AM CET 2026
this is oei.sh 1 poltrd-dp-loop3 0 999    doing   doones job_id 485320 task_id 1 * 1000 + 908 --exper_id poltrd-dp-loop3
