==============================================
Starting time (of array_subjob 485320_971):
Sat Mar 28 11:20:04 AM CET 2026
(True, True)
(True, False)
(True, False)
Current time: 2026-03-28 11:20:08.169009 

True
METHOD = 'diofantos'
DEGREE = 3
SCALE = 3000
  all_datasets = 2257
pds1971.csv:
  gt_rhs = '7*v*z - 9*w*x**2 - 10'
d_max = 1
d_max = 2
d_max = 3
   target = 7*v*z - 9*w*x**2 - 10
['7*v*z - 9*w*x**2 - 10']
  is_equivalent = True
  total_successes = 1, success_rate = 1.0
DEGREE = 3:
METHOD = 'diofantos':


Whole evaluation from the beginning of the script took:
 146.0 seconds, i.e. 2.43 minutes or 0.041 hours.

Current time: 2026-03-28 11:22:34.190221
Sat Mar 28 11:22:34 AM CET 2026
this is oei.sh 1 poltrd-dp-loop3 0 999    doing   doones job_id 485320 task_id 1 * 1000 + 971 --exper_id poltrd-dp-loop3
