==============================================
Starting time (of array_subjob 485320_974):
Sat Mar 28 11:20:04 AM CET 2026
(True, True)
(True, False)
(True, False)
Current time: 2026-03-28 11:20:08.130151 

True
METHOD = 'diofantos'
DEGREE = 3
SCALE = 3000
  all_datasets = 2257
pds1974.csv:
  gt_rhs = '3*v**2*y**3*z + 3*w - 8'
d_max = 1
d_max = 2
   target = 10749092738262739161470820185*v**2 + 13416719007906912198975868160*v*w - 5168209837663988372160432712*v*x + 9408078901761016217500264161*v*y - 18035351209965182951835231973*v*z + 8729696473684765383901978238*v + 1632667013661562109475589959*w**2 - 6836298035013359529931098722*w*x + 4693338806271067881782239268*w*y - 10852049857401109480735731674*w*z - 8535941604906500392091232188*w - 5374231615683776233982108245*x**2 - 3108797316480424891252474547*x*y + 6153080814303887948100984057*x*z - 39676428326132873481011780132*x - 371404368133008795145772996*y**2 - 6692143934960924248062848209*y*z - 13547600411641486761462483918*y + 9218053637652194952425186298*z**2 - 12211079346708792511037081642*z + 83358706755036724473097660854
['10749092738262739161470820185*v**2 + 13416719007906912198975868160*v*w - 5168209837663988372160432712*v*x + 9408078901761016217500264161*v*y - 18035351209965182951835231973*v*z + 8729696473684765383901978238*v + 1632667013661562109475589959*w**2 - 6836298035013359529931098722*w*x + 4693338806271067881782239268*w*y - 10852049857401109480735731674*w*z - 8535941604906500392091232188*w - 5374231615683776233982108245*x**2 - 3108797316480424891252474547*x*y + 6153080814303887948100984057*x*z - 39676428326132873481011780132*x - 371404368133008795145772996*y**2 - 6692143934960924248062848209*y*z - 13547600411641486761462483918*y + 9218053637652194952425186298*z**2 - 12211079346708792511037081642*z + 83358706755036724473097660854']
  is_equivalent = False
  total_successes = 0, success_rate = 0.0
DEGREE = 3:
METHOD = 'diofantos':


Whole evaluation from the beginning of the script took:
 4.9 seconds, i.e. 0.08 minutes or 0.001 hours.

Current time: 2026-03-28 11:20:13.022428
Sat Mar 28 11:20:13 AM CET 2026
this is oei.sh 1 poltrd-dp-loop3 0 999    doing   doones job_id 485320 task_id 1 * 1000 + 974 --exper_id poltrd-dp-loop3
