==============================================
Starting time (of array_subjob 485320_995):
Sat Mar 28 11:20:05 AM CET 2026
(True, True)
(True, False)
(True, False)
Current time: 2026-03-28 11:20:09.370525 

True
METHOD = 'diofantos'
DEGREE = 3
SCALE = 3000
  all_datasets = 2257
pds1995.csv:
  gt_rhs = '9*v*x*z + v*z**2'
d_max = 1
d_max = 2
   target = 170454810603544288714393248783*v**2 + 130041646539912265929766009788*v*w - 727515983098786907151262888789*v*x + 318724421277611446145998006178*v*y + 664461740477176953640447289269*v*z + 2090639629000777417049715564063*v - 1002332548587976339884049222623*w**2 + 239508834951550246840402192556*w*x + 835570812667622130582083057250*w*y - 1646466444905385483031288435430*w*z - 3360741752946234078457714064331*w - 99422400946415958420924596294*x**2 - 342304506121721006169384099936*x*y + 93875401016024255715651246789*x*z - 4740871767919613375131318365771*x - 156928023570913689907443205374*y**2 + 46541786653789984374243539730*y*z + 4454758133835992598850449160610*y - 288152710171699222429215289900*z**2 - 10929716482254954477333557452938*z + 32617869244669207352083681664936
['170454810603544288714393248783*v**2 + 130041646539912265929766009788*v*w - 727515983098786907151262888789*v*x + 318724421277611446145998006178*v*y + 664461740477176953640447289269*v*z + 2090639629000777417049715564063*v - 1002332548587976339884049222623*w**2 + 239508834951550246840402192556*w*x + 835570812667622130582083057250*w*y - 1646466444905385483031288435430*w*z - 3360741752946234078457714064331*w - 99422400946415958420924596294*x**2 - 342304506121721006169384099936*x*y + 93875401016024255715651246789*x*z - 4740871767919613375131318365771*x - 156928023570913689907443205374*y**2 + 46541786653789984374243539730*y*z + 4454758133835992598850449160610*y - 288152710171699222429215289900*z**2 - 10929716482254954477333557452938*z + 32617869244669207352083681664936']
  is_equivalent = False
  total_successes = 0, success_rate = 0.0
DEGREE = 3:
METHOD = 'diofantos':


Whole evaluation from the beginning of the script took:
 5.2 seconds, i.e. 0.09 minutes or 0.001 hours.

Current time: 2026-03-28 11:20:14.586960
Sat Mar 28 11:20:15 AM CET 2026
this is oei.sh 1 poltrd-dp-loop3 0 999    doing   doones job_id 485320 task_id 1 * 1000 + 995 --exper_id poltrd-dp-loop3
