==============================================
Starting time (of array_subjob 64686437_100):
Mon Mar  2 11:39:53 AM CET 2026
(True, True)
(True, False)
(True, False)
Current time: 2026-03-02 11:39:55.958705 

True
METHOD = 'diofantos'
DEGREE = 3
SCALE = 3
  all_datasets = 2257
start = 100, end = 101
task_id = 100
pds0100.csv:
  gt_rhs = '5*v**2*y'
   target = 5*v**2*y
['5*v**2*y']
  is_equivalent = True
  total_successes = 1, success_rate = 1.0


Whole evaluation from the beginning of the script took:
 56.8 seconds, i.e. 0.95 minutes or 0.016 hours.

Current time: 2026-03-02 11:40:52.780562
Mon Mar  2 11:40:53 AM CET 2026
this is oei.sh 0 dopa-deg3 0 999    doing   doones job_id 64686437 task_id 0 * 1000 + 100 --exper_id dopa-deg3
