==============================================
Starting time (of array_subjob 64686437_271):
Mon Mar  2 11:39:54 AM CET 2026
(True, True)
(True, False)
(True, False)
Current time: 2026-03-02 11:39:56.655069 

True
METHOD = 'diofantos'
DEGREE = 3
SCALE = 3
  all_datasets = 2257
start = 271, end = 272
task_id = 271
pds0271.csv:
  gt_rhs = '-8*w**2*y + 10'
   target = -8*w**2*y + 10
['-8*w**2*y + 10']
  is_equivalent = True
  total_successes = 1, success_rate = 1.0


Whole evaluation from the beginning of the script took:
 60.2 seconds, i.e. 1.0 minutes or 0.017 hours.

Current time: 2026-03-02 11:40:56.879646
Mon Mar  2 11:40:57 AM CET 2026
this is oei.sh 0 dopa-deg3 0 999    doing   doones job_id 64686437 task_id 0 * 1000 + 271 --exper_id dopa-deg3
