==============================================
Starting time (of array_subjob 64686437_343):
Mon Mar  2 11:39:54 AM CET 2026
(True, True)
(True, False)
(True, False)
Current time: 2026-03-02 11:39:57.531880 

True
METHOD = 'diofantos'
DEGREE = 3
SCALE = 3
  all_datasets = 2257
start = 343, end = 344
task_id = 343
pds0343.csv:
  gt_rhs = '-v**3 - 4'
   target = -v**3 - 4
['-v**3 - 4']
  is_equivalent = True
  total_successes = 1, success_rate = 1.0


Whole evaluation from the beginning of the script took:
 57.8 seconds, i.e. 0.96 minutes or 0.016 hours.

Current time: 2026-03-02 11:40:55.307779
Mon Mar  2 11:40:55 AM CET 2026
this is oei.sh 0 dopa-deg3 0 999    doing   doones job_id 64686437 task_id 0 * 1000 + 343 --exper_id dopa-deg3
