==============================================
Starting time (of array_subjob 64686437_396):
Mon Mar  2 11:39:55 AM CET 2026
(True, True)
(True, False)
(True, False)
Current time: 2026-03-02 11:39:57.976918 

True
METHOD = 'diofantos'
DEGREE = 3
SCALE = 3
  all_datasets = 2257
start = 396, end = 397
task_id = 396
pds0396.csv:
  gt_rhs = '-3*w**2*x + 9'
   target = -3*w**2*x + 9
['-3*w**2*x + 9']
  is_equivalent = True
  total_successes = 1, success_rate = 1.0


Whole evaluation from the beginning of the script took:
 60.1 seconds, i.e. 1.0 minutes or 0.017 hours.

Current time: 2026-03-02 11:40:58.059095
Mon Mar  2 11:40:58 AM CET 2026
this is oei.sh 0 dopa-deg3 0 999    doing   doones job_id 64686437 task_id 0 * 1000 + 396 --exper_id dopa-deg3
