==============================================
Starting time (of array_subjob 64686437_391):
Mon Mar  2 11:39:55 AM CET 2026
(True, True)
(True, False)
(True, False)
Current time: 2026-03-02 11:39:58.191412 

True
METHOD = 'diofantos'
DEGREE = 3
SCALE = 3
  all_datasets = 2257
start = 391, end = 392
task_id = 391
pds0391.csv:
  gt_rhs = '4*y**2*z - 4'
   target = 4*y**2*z - 4
['4*y**2*z - 4']
  is_equivalent = True
  total_successes = 1, success_rate = 1.0


Whole evaluation from the beginning of the script took:
 64.4 seconds, i.e. 1.07 minutes or 0.018 hours.

Current time: 2026-03-02 11:41:02.573035
Mon Mar  2 11:41:02 AM CET 2026
this is oei.sh 0 dopa-deg3 0 999    doing   doones job_id 64686437 task_id 0 * 1000 + 391 --exper_id dopa-deg3
