==============================================
Starting time (of array_subjob 64686437_620):
Mon Mar  2 11:39:57 AM CET 2026
(True, True)
(True, False)
(True, False)
Current time: 2026-03-02 11:40:00.032959 

True
METHOD = 'diofantos'
DEGREE = 3
SCALE = 3
  all_datasets = 2257
start = 620, end = 621
task_id = 620
pds0620.csv:
  gt_rhs = '9*v*z + x*z + 8*x + 4*z'
   target = 9*v*z + x*z + 8*x + 4*z
['9*v*z + x*z + 8*x + 4*z']
  is_equivalent = True
  total_successes = 1, success_rate = 1.0


Whole evaluation from the beginning of the script took:
 56.3 seconds, i.e. 0.94 minutes or 0.016 hours.

Current time: 2026-03-02 11:40:56.292808
Mon Mar  2 11:40:56 AM CET 2026
this is oei.sh 0 dopa-deg3 0 999    doing   doones job_id 64686437 task_id 0 * 1000 + 620 --exper_id dopa-deg3
