==============================================
Starting time (of array_subjob 64686437_892):
Mon Mar  2 11:39:58 AM CET 2026
(True, True)
(True, False)
(True, False)
Current time: 2026-03-02 11:40:00.544807 

True
METHOD = 'diofantos'
DEGREE = 3
SCALE = 3
  all_datasets = 2257
start = 892, end = 893
task_id = 892
pds0892.csv:
  gt_rhs = '8*w*x - 2*w - 8*x'
   target = 8*w*x - 2*w - 8*x
['8*w*x - 2*w - 8*x']
  is_equivalent = True
  total_successes = 1, success_rate = 1.0


Whole evaluation from the beginning of the script took:
 61.1 seconds, i.e. 1.02 minutes or 0.017 hours.

Current time: 2026-03-02 11:41:01.669018
Mon Mar  2 11:41:02 AM CET 2026
this is oei.sh 0 dopa-deg3 0 999    doing   doones job_id 64686437 task_id 0 * 1000 + 892 --exper_id dopa-deg3
