==============================================
Starting time (of array_subjob 489336_1):
Wed Apr  1 12:55:52 PM CEST 2026
(True, True)
(True, False)
(True, False)
Current time: 2026-04-01 12:55:56.822340 

True
METHOD = 'diofantos'
DEGREE = 3
SCALE = 3000
  all_datasets = 1000
rds0001.csv:
  gt_rhs = '-9*v - 2'
d_max = 3
   target = -9*v - 2
['-9*v - 2']
  is_equivalent = True
  total_successes = 1, success_rate = 1.0
DEGREE = 3:
METHOD = 'diofantos':


Whole evaluation from the beginning of the script took:
 123.0 seconds, i.e. 2.05 minutes or 0.034 hours.

Current time: 2026-04-01 12:57:59.824875
Wed Apr  1 12:58:00 PM CEST 2026
this is oei.sh 0 ratios1k-dp-nl4 1 1    doing   doones job_id 489336 task_id 0 * 1000 + 1 --exper_id ratios1k-dp-nl4
