==============================================
Starting time (of array_subjob 64685437_43):
Mon Mar  2 11:39:49 AM CET 2026
(True, True)
(True, False)
(True, False)
Current time: 2026-03-02 11:39:52.513266 

True
METHOD = 'diofantos'
DEGREE = 3
SCALE = 3
  all_datasets = 2257
start = 1043, end = 1044
task_id = 1043
pds1043.csv:
  gt_rhs = '9*w*x + 3*x*y - 6*z - 7'
   target = 9*w*x + 3*x*y - 6*z - 7
['9*w*x + 3*x*y - 6*z - 7']
  is_equivalent = True
  total_successes = 1, success_rate = 1.0


Whole evaluation from the beginning of the script took:
 54.5 seconds, i.e. 0.91 minutes or 0.015 hours.

Current time: 2026-03-02 11:40:47.042307
Mon Mar  2 11:40:47 AM CET 2026
this is oei.sh 1 dopa-deg3 0 999    doing   doones job_id 64685437 task_id 1 * 1000 + 43 --exper_id dopa-deg3
