==============================================
Starting time (of array_subjob 64685437_82):
Mon Mar  2 11:39:50 AM CET 2026
(True, True)
(True, False)
(True, False)
Current time: 2026-03-02 11:39:52.518184 

True
METHOD = 'diofantos'
DEGREE = 3
SCALE = 3
  all_datasets = 2257
start = 1082, end = 1083
task_id = 1082
pds1082.csv:
  gt_rhs = '-3*v - 6*x*y'
   target = -3*v - 6*x*y
['-3*v - 6*x*y']
  is_equivalent = True
  total_successes = 1, success_rate = 1.0


Whole evaluation from the beginning of the script took:
 56.2 seconds, i.e. 0.94 minutes or 0.016 hours.

Current time: 2026-03-02 11:40:48.706968
Mon Mar  2 11:40:48 AM CET 2026
this is oei.sh 1 dopa-deg3 0 999    doing   doones job_id 64685437 task_id 1 * 1000 + 82 --exper_id dopa-deg3
