==============================================
Starting time (of array_subjob 64685437_166):
Mon Mar  2 11:39:50 AM CET 2026
(True, True)
(True, False)
(True, False)
Current time: 2026-03-02 11:39:53.907233 

True
METHOD = 'diofantos'
DEGREE = 3
SCALE = 3
  all_datasets = 2257
start = 1166, end = 1167
task_id = 1166
pds1166.csv:
  gt_rhs = '-6*w**4 - 6*y*z + 5'
   target = -23*v**3 + 3*v**2*w + 13*v**2*x - 19*v**2*y - 22*v**2*z + 8*v**2 + 60*v*w**2 + 13*v*w*x + 26*v*w*y + 24*v*w*z - 4*v*w - v*x**2 + 33*v*x*y - 6*v*x + 2*v*y**2 - 18*v*y*z + 5*v*y - 23*v*z**2 + 10*v*z - 14*v - 15*w**3 - 21*w**2*x + 23*w**2*y + 69*w**2*z - 57*w**2 + 16*w*x**2 + 18*w*x*y - 42*w*x*z + 12*w*x - 2*w*y**2 + 6*w*y*z - 10*w*y + 15*w*z**2 - 5*w*z + 10*w + 5*x**3 - 11*x**2*y + 15*x**2*z - 8*x**2 + 9*x*y**2 - 10*x*y*z - x*y + 9*x*z**2 + 9*x + 15*y**3 + 2*y**2*z - 2*y**2 - 34*y*z**2 - 3*y*z - 2*y - 23*z**3 + 2*z**2 - 17*z + 13
['-23*v**3 + 3*v**2*w + 13*v**2*x - 19*v**2*y - 22*v**2*z + 8*v**2 + 60*v*w**2 + 13*v*w*x + 26*v*w*y + 24*v*w*z - 4*v*w - v*x**2 + 33*v*x*y - 6*v*x + 2*v*y**2 - 18*v*y*z + 5*v*y - 23*v*z**2 + 10*v*z - 14*v - 15*w**3 - 21*w**2*x + 23*w**2*y + 69*w**2*z - 57*w**2 + 16*w*x**2 + 18*w*x*y - 42*w*x*z + 12*w*x - 2*w*y**2 + 6*w*y*z - 10*w*y + 15*w*z**2 - 5*w*z + 10*w + 5*x**3 - 11*x**2*y + 15*x**2*z - 8*x**2 + 9*x*y**2 - 10*x*y*z - x*y + 9*x*z**2 + 9*x + 15*y**3 + 2*y**2*z - 2*y**2 - 34*y*z**2 - 3*y*z - 2*y - 23*z**3 + 2*z**2 - 17*z + 13']
  is_equivalent = False
  total_successes = 0, success_rate = 0.0


Whole evaluation from the beginning of the script took:
 68985.2 seconds, i.e. 1149.75 minutes or 19.163 hours.

Current time: 2026-03-03 06:49:39.097614
Tue Mar  3 06:49:39 AM CET 2026
this is oei.sh 1 dopa-deg3 0 999    doing   doones job_id 64685437 task_id 1 * 1000 + 166 --exper_id dopa-deg3
