==============================================
Starting time (of array_subjob 64685437_312):
Mon Mar  2 11:39:51 AM CET 2026
(True, True)
(True, False)
(True, False)
Current time: 2026-03-02 11:39:53.782000 

True
METHOD = 'diofantos'
DEGREE = 3
SCALE = 3
  all_datasets = 2257
start = 1312, end = 1313
task_id = 1312
pds1312.csv:
  gt_rhs = '-4*x**2 - 3*x*y'
   target = -4*x**2 - 3*x*y
['-4*x**2 - 3*x*y']
  is_equivalent = True
  total_successes = 1, success_rate = 1.0


Whole evaluation from the beginning of the script took:
 57.5 seconds, i.e. 0.96 minutes or 0.016 hours.

Current time: 2026-03-02 11:40:51.300716
Mon Mar  2 11:40:51 AM CET 2026
this is oei.sh 1 dopa-deg3 0 999    doing   doones job_id 64685437 task_id 1 * 1000 + 312 --exper_id dopa-deg3
