==============================================
Starting time (of array_subjob 64685437_374):
Mon Mar  2 11:39:51 AM CET 2026
(True, True)
(True, False)
(True, False)
Current time: 2026-03-02 11:39:53.407715 

True
METHOD = 'diofantos'
DEGREE = 3
SCALE = 3
  all_datasets = 2257
start = 1374, end = 1375
task_id = 1374
pds1374.csv:
  gt_rhs = '8*w*z + 10*x*y - 5*z + 1'
   target = 8*w*z + 10*x*y - 5*z + 1
['8*w*z + 10*x*y - 5*z + 1']
  is_equivalent = True
  total_successes = 1, success_rate = 1.0


Whole evaluation from the beginning of the script took:
 62.2 seconds, i.e. 1.04 minutes or 0.017 hours.

Current time: 2026-03-02 11:40:55.594681
Mon Mar  2 11:40:55 AM CET 2026
this is oei.sh 1 dopa-deg3 0 999    doing   doones job_id 64685437 task_id 1 * 1000 + 374 --exper_id dopa-deg3
