==============================================
Starting time (of array_subjob 64685437_680):
Mon Mar  2 11:39:53 AM CET 2026
(True, True)
(True, False)
(True, False)
Current time: 2026-03-02 11:39:55.555500 

True
METHOD = 'diofantos'
DEGREE = 3
SCALE = 3
  all_datasets = 2257
start = 1680, end = 1681
task_id = 1680
pds1680.csv:
  gt_rhs = '7*v*x - 3*w + 8*x*z'
   target = 7*v*x - 3*w + 8*x*z
['7*v*x - 3*w + 8*x*z']
  is_equivalent = True
  total_successes = 1, success_rate = 1.0


Whole evaluation from the beginning of the script took:
 54.1 seconds, i.e. 0.9 minutes or 0.015 hours.

Current time: 2026-03-02 11:40:49.680304
Mon Mar  2 11:40:50 AM CET 2026
this is oei.sh 1 dopa-deg3 0 999    doing   doones job_id 64685437 task_id 1 * 1000 + 680 --exper_id dopa-deg3
