==============================================
Starting time (of array_subjob 64685437_841):
Mon Mar  2 11:39:53 AM CET 2026
(True, True)
(True, False)
(True, False)
Current time: 2026-03-02 11:39:55.431214 

True
METHOD = 'diofantos'
DEGREE = 3
SCALE = 3
  all_datasets = 2257
start = 1841, end = 1842
task_id = 1841
pds1841.csv:
  gt_rhs = '-10*v*w + 5*w*x - 3'
   target = -10*v*w + 5*w*x - 3
['-10*v*w + 5*w*x - 3']
  is_equivalent = True
  total_successes = 1, success_rate = 1.0


Whole evaluation from the beginning of the script took:
 60.4 seconds, i.e. 1.01 minutes or 0.017 hours.

Current time: 2026-03-02 11:40:55.835527
Mon Mar  2 11:40:56 AM CET 2026
this is oei.sh 1 dopa-deg3 0 999    doing   doones job_id 64685437 task_id 1 * 1000 + 841 --exper_id dopa-deg3
