==============================================
Starting time (of array_subjob 64685437_895):
Mon Mar  2 11:39:52 AM CET 2026
(True, True)
(True, False)
(True, False)
Current time: 2026-03-02 11:39:55.431412 

True
METHOD = 'diofantos'
DEGREE = 3
SCALE = 3
  all_datasets = 2257
start = 1895, end = 1896
task_id = 1895
pds1895.csv:
  gt_rhs = '8*w**2 - 6*w*x - 8*x - 6'
   target = 8*w**2 - 6*w*x - 8*x - 6
['8*w**2 - 6*w*x - 8*x - 6']
  is_equivalent = True
  total_successes = 1, success_rate = 1.0


Whole evaluation from the beginning of the script took:
 59.6 seconds, i.e. 0.99 minutes or 0.017 hours.

Current time: 2026-03-02 11:40:55.019685
Mon Mar  2 11:40:55 AM CET 2026
this is oei.sh 1 dopa-deg3 0 999    doing   doones job_id 64685437 task_id 1 * 1000 + 895 --exper_id dopa-deg3
