==============================================
Starting time (of array_subjob 484319_16):
Sat Mar 28 10:43:34 AM CET 2026
(True, True)
(True, False)
(True, False)
Current time: 2026-03-28 10:43:44.729377 

True
METHOD = 'diofantos'
DEGREE = 3
SCALE = 3000
  all_datasets = 2257
pds0016.csv:
  gt_rhs = '5*v**2*x + 7*v**2*y*z'
d_max = 1
d_max = 2
   target = 701102929955196626097492129751*v**2 - 2556315664277377733285482961078*v*w - 1397800851760647500864330605808*v*x - 363811954721136735159024321768*v*y + 523922014066562470273383440115*v*z + 559821313511805757915411990706*v - 469079719132054334558639818920*w**2 - 598273674584869266217054706013*w*x + 1470936847027266601461762349330*w*y - 1327410535860766434007541301569*w*z - 2924448387638149079547012316543*w - 493579598242114101899500756293*x**2 + 900858494091392023650266029874*x*y - 185875789350980191758833023723*x*z + 3807597770123981506353565129214*x + 628958571229927902009809396374*y**2 + 933878840263383050823177818347*y*z + 6525241611448110298922185279830*y - 55949945040232230183806756718*z**2 - 1483678843593543467962638654003*z - 5263586269227070080677729700375
['701102929955196626097492129751*v**2 - 2556315664277377733285482961078*v*w - 1397800851760647500864330605808*v*x - 363811954721136735159024321768*v*y + 523922014066562470273383440115*v*z + 559821313511805757915411990706*v - 469079719132054334558639818920*w**2 - 598273674584869266217054706013*w*x + 1470936847027266601461762349330*w*y - 1327410535860766434007541301569*w*z - 2924448387638149079547012316543*w - 493579598242114101899500756293*x**2 + 900858494091392023650266029874*x*y - 185875789350980191758833023723*x*z + 3807597770123981506353565129214*x + 628958571229927902009809396374*y**2 + 933878840263383050823177818347*y*z + 6525241611448110298922185279830*y - 55949945040232230183806756718*z**2 - 1483678843593543467962638654003*z - 5263586269227070080677729700375']
  is_equivalent = False
  total_successes = 0, success_rate = 0.0
DEGREE = 3:
METHOD = 'diofantos':


Whole evaluation from the beginning of the script took:
 5.1 seconds, i.e. 0.08 minutes or 0.001 hours.

Current time: 2026-03-28 10:43:49.781094
Sat Mar 28 10:43:50 AM CET 2026
this is oei.sh 0 poltrd-dp-loop3 0 999    doing   doones job_id 484319 task_id 0 * 1000 + 16 --exper_id poltrd-dp-loop3
