==============================================
Starting time (of array_subjob 484319_68):
Sat Mar 28 10:43:34 AM CET 2026
(True, True)
(True, False)
(True, False)
Current time: 2026-03-28 10:43:45.764820 

True
METHOD = 'diofantos'
DEGREE = 3
SCALE = 3000
  all_datasets = 2257
pds0068.csv:
  gt_rhs = '-3*v**2*x'
d_max = 1
d_max = 2
d_max = 3
   target = -3*v**2*x
['-3*v**2*x']
  is_equivalent = True
  total_successes = 1, success_rate = 1.0
DEGREE = 3:
METHOD = 'diofantos':


Whole evaluation from the beginning of the script took:
 165.7 seconds, i.e. 2.76 minutes or 0.046 hours.

Current time: 2026-03-28 10:46:31.468645
Sat Mar 28 10:46:31 AM CET 2026
this is oei.sh 0 poltrd-dp-loop3 0 999    doing   doones job_id 484319 task_id 0 * 1000 + 68 --exper_id poltrd-dp-loop3
