==============================================
Starting time (of array_subjob 484319_84):
Sat Mar 28 10:43:34 AM CET 2026
(True, True)
(True, False)
(True, False)
Current time: 2026-03-28 10:43:45.819139 

True
METHOD = 'diofantos'
DEGREE = 3
SCALE = 3000
  all_datasets = 2257
pds0084.csv:
  gt_rhs = '-9*x*y*z - 10*x + 7*z + 3'
d_max = 1
d_max = 2
   target = -435183027409610605858113751544*v**2 - 142126087630604213782106047188*v*w - 26409292376529760494755632146*v*x + 260596009351470643049709608844*v*y + 1091826801892188764242784846416*v*z - 1223897276864084277572658993706*v - 763402359761699257260992407252*w**2 + 278258218022590444310750389088*w*x + 93910280898473678066776810964*w*y + 407132585091138437106776050060*w*z - 237684823714691412511277820904*w + 268391159716402631850022691128*x**2 + 396009258954935878851426981754*x*y + 321382460943206639363411612894*x*z - 468817243776079527470636638242*x - 253096122104828758821727628686*y**2 + 565486365342130507362496054853*y*z - 2515582308779730259679995385948*y - 323871023028761068088817100020*z**2 + 281953343365752514747028731309*z + 38632319918094063329171826585163
['-435183027409610605858113751544*v**2 - 142126087630604213782106047188*v*w - 26409292376529760494755632146*v*x + 260596009351470643049709608844*v*y + 1091826801892188764242784846416*v*z - 1223897276864084277572658993706*v - 763402359761699257260992407252*w**2 + 278258218022590444310750389088*w*x + 93910280898473678066776810964*w*y + 407132585091138437106776050060*w*z - 237684823714691412511277820904*w + 268391159716402631850022691128*x**2 + 396009258954935878851426981754*x*y + 321382460943206639363411612894*x*z - 468817243776079527470636638242*x - 253096122104828758821727628686*y**2 + 565486365342130507362496054853*y*z - 2515582308779730259679995385948*y - 323871023028761068088817100020*z**2 + 281953343365752514747028731309*z + 38632319918094063329171826585163']
  is_equivalent = False
  total_successes = 0, success_rate = 0.0
DEGREE = 3:
METHOD = 'diofantos':


Whole evaluation from the beginning of the script took:
 5.3 seconds, i.e. 0.09 minutes or 0.001 hours.

Current time: 2026-03-28 10:43:51.144926
Sat Mar 28 10:43:51 AM CET 2026
this is oei.sh 0 poltrd-dp-loop3 0 999    doing   doones job_id 484319 task_id 0 * 1000 + 84 --exper_id poltrd-dp-loop3
