==============================================
Starting time (of array_subjob 484319_126):
Sat Mar 28 10:43:34 AM CET 2026
(True, True)
(True, False)
(True, False)
Current time: 2026-03-28 10:43:49.095192 

True
METHOD = 'diofantos'
DEGREE = 3
SCALE = 3000
  all_datasets = 2257
pds0126.csv:
  gt_rhs = '-5*v*w**2 + 4*w**2*x + 6*y + 5*z + 7'
d_max = 1
d_max = 2
   target = -67305601264613569246405103686*v**2 + 245091026833186946160433690191*v*w + 513449342273630893798297543096*v*x + 159303559987826051386459311710*v*y - 75271482391323979514942328478*v*z - 1126430212726320199166124052792*v + 98670920112520948476458624132*w**2 + 575963072222139249074111020492*w*x - 475314487605902142568288294222*w*y + 22684043510907279693945373430*w*z + 1065153672580475458736212324400*w + 213288954416022785463740880270*x**2 - 116280073237713984359106677136*x*y - 17005332157935346868785247398*x*z + 1163581009414539317659853773536*x - 307859655134919069106129036002*y**2 + 345064113996847493844233131376*y*z + 1614174159120837013360548369082*y - 57953315574239727222328495093*z**2 - 539897385502849227775898547682*z + 859158117106254342688363166127
['-67305601264613569246405103686*v**2 + 245091026833186946160433690191*v*w + 513449342273630893798297543096*v*x + 159303559987826051386459311710*v*y - 75271482391323979514942328478*v*z - 1126430212726320199166124052792*v + 98670920112520948476458624132*w**2 + 575963072222139249074111020492*w*x - 475314487605902142568288294222*w*y + 22684043510907279693945373430*w*z + 1065153672580475458736212324400*w + 213288954416022785463740880270*x**2 - 116280073237713984359106677136*x*y - 17005332157935346868785247398*x*z + 1163581009414539317659853773536*x - 307859655134919069106129036002*y**2 + 345064113996847493844233131376*y*z + 1614174159120837013360548369082*y - 57953315574239727222328495093*z**2 - 539897385502849227775898547682*z + 859158117106254342688363166127']
  is_equivalent = False
  total_successes = 0, success_rate = 0.0
DEGREE = 3:
METHOD = 'diofantos':


Whole evaluation from the beginning of the script took:
 5.9 seconds, i.e. 0.1 minutes or 0.002 hours.

Current time: 2026-03-28 10:43:55.009560
Sat Mar 28 10:43:55 AM CET 2026
this is oei.sh 0 poltrd-dp-loop3 0 999    doing   doones job_id 484319 task_id 0 * 1000 + 126 --exper_id poltrd-dp-loop3
