==============================================
Starting time (of array_subjob 484319_136):
Sat Mar 28 10:43:34 AM CET 2026
(True, True)
(True, False)
(True, False)
Current time: 2026-03-28 10:43:49.090125 

True
METHOD = 'diofantos'
DEGREE = 3
SCALE = 3000
  all_datasets = 2257
pds0136.csv:
  gt_rhs = '-7*v*x*z'
d_max = 1
d_max = 2
   target = 92562169573329666877006697460789*v**2 - 83655617005574511121301689036942*v*w + 9313946396575062166682955503157*v*x - 4969717488921784704998970096694*v*y + 12159285704142896927727895049137*v*z + 118420930835143064016984411647258*v + 15127509117768267863063366291246*w**2 + 68494102532989110802106294144951*w*x + 36100944416396226742202947129036*w*y + 116652819748914794938114662991830*w*z + 18016279185817270013893873963837*w + 12709718130435646072107858323469*x**2 + 8487581668804112869545383626579*x*y - 75768841632064862782925923861523*x*z + 208781663882726188485952038978683*x + 184798131571197332329400828628534*y**2 - 60478490882202148562774698157532*y*z + 221070640942530801167560842144551*y - 45039550234810378091734488693120*z**2 - 179497376951089530638485987654991*z - 7789696100457794469720496709826166
['92562169573329666877006697460789*v**2 - 83655617005574511121301689036942*v*w + 9313946396575062166682955503157*v*x - 4969717488921784704998970096694*v*y + 12159285704142896927727895049137*v*z + 118420930835143064016984411647258*v + 15127509117768267863063366291246*w**2 + 68494102532989110802106294144951*w*x + 36100944416396226742202947129036*w*y + 116652819748914794938114662991830*w*z + 18016279185817270013893873963837*w + 12709718130435646072107858323469*x**2 + 8487581668804112869545383626579*x*y - 75768841632064862782925923861523*x*z + 208781663882726188485952038978683*x + 184798131571197332329400828628534*y**2 - 60478490882202148562774698157532*y*z + 221070640942530801167560842144551*y - 45039550234810378091734488693120*z**2 - 179497376951089530638485987654991*z - 7789696100457794469720496709826166']
  is_equivalent = False
  total_successes = 0, success_rate = 0.0
DEGREE = 3:
METHOD = 'diofantos':


Whole evaluation from the beginning of the script took:
 5.7 seconds, i.e. 0.1 minutes or 0.002 hours.

Current time: 2026-03-28 10:43:54.803288
Sat Mar 28 10:43:55 AM CET 2026
this is oei.sh 0 poltrd-dp-loop3 0 999    doing   doones job_id 484319 task_id 0 * 1000 + 136 --exper_id poltrd-dp-loop3
