==============================================
Starting time (of array_subjob 484319_232):
Sat Mar 28 10:43:46 AM CET 2026
(True, True)
(True, False)
(True, False)
Current time: 2026-03-28 10:43:50.765181 

True
METHOD = 'diofantos'
DEGREE = 3
SCALE = 3000
  all_datasets = 2257
pds0232.csv:
  gt_rhs = '-3*v*y**2 - 10'
d_max = 1
d_max = 2
   target = -34239290706109210123469072714*v**2 + 38678180838362938202847204314*v*w + 84903095327635770979651846782*v*x - 119942430411805500899813880601*v*y - 16494896248115258100410378458*v*z - 176214939727062236407248656108*v - 9146799229051873475324463414*w**2 - 23846297332555611660007495514*w*x - 57738238158907333181111583894*w*y - 79399805535903564246871400686*w*z - 593976352982147870364413949888*w + 22619235136325183203787265528*x**2 - 21748098554320935984173929086*x*y - 58575069662057221893782024618*x*z + 69143976525097716384477510558*x - 58353344603874133212064129255*y**2 + 21062221287511163666699390424*y*z - 731398419687850211088380102929*y + 45439149735728300989751556034*z**2 + 6469339606758237966064485782*z - 1719020216792556244164048758008
['-34239290706109210123469072714*v**2 + 38678180838362938202847204314*v*w + 84903095327635770979651846782*v*x - 119942430411805500899813880601*v*y - 16494896248115258100410378458*v*z - 176214939727062236407248656108*v - 9146799229051873475324463414*w**2 - 23846297332555611660007495514*w*x - 57738238158907333181111583894*w*y - 79399805535903564246871400686*w*z - 593976352982147870364413949888*w + 22619235136325183203787265528*x**2 - 21748098554320935984173929086*x*y - 58575069662057221893782024618*x*z + 69143976525097716384477510558*x - 58353344603874133212064129255*y**2 + 21062221287511163666699390424*y*z - 731398419687850211088380102929*y + 45439149735728300989751556034*z**2 + 6469339606758237966064485782*z - 1719020216792556244164048758008']
  is_equivalent = False
  total_successes = 0, success_rate = 0.0
DEGREE = 3:
METHOD = 'diofantos':


Whole evaluation from the beginning of the script took:
 5.0 seconds, i.e. 0.08 minutes or 0.001 hours.

Current time: 2026-03-28 10:43:55.772766
Sat Mar 28 10:43:56 AM CET 2026
this is oei.sh 0 poltrd-dp-loop3 0 999    doing   doones job_id 484319 task_id 0 * 1000 + 232 --exper_id poltrd-dp-loop3
