==============================================
Starting time (of array_subjob 484319_304):
Sat Mar 28 10:43:52 AM CET 2026
(True, True)
(True, False)
(True, False)
Current time: 2026-03-28 10:43:58.270437 

True
METHOD = 'diofantos'
DEGREE = 3
SCALE = 3000
  all_datasets = 2257
pds0304.csv:
  gt_rhs = '-x*y + x + 3'
d_max = 1
d_max = 2
   target = -x*y + x + 3
['-x*y + x + 3']
  is_equivalent = True
  total_successes = 1, success_rate = 1.0
DEGREE = 3:
METHOD = 'diofantos':


Whole evaluation from the beginning of the script took:
 5.0 seconds, i.e. 0.08 minutes or 0.001 hours.

Current time: 2026-03-28 10:44:03.313381
Sat Mar 28 10:44:03 AM CET 2026
this is oei.sh 0 poltrd-dp-loop3 0 999    doing   doones job_id 484319 task_id 0 * 1000 + 304 --exper_id poltrd-dp-loop3
