==============================================
Starting time (of array_subjob 484319_374):
Sat Mar 28 10:43:56 AM CET 2026
(True, True)
(True, False)
(True, False)
Current time: 2026-03-28 10:44:05.830939 

True
METHOD = 'diofantos'
DEGREE = 3
SCALE = 3000
  all_datasets = 2257
pds0374.csv:
  gt_rhs = '-8*v*w*y + 2*v - 10*w + x - 9'
d_max = 1
d_max = 2
   target = -445949236400230983376862142592*v**2 + 1209363123236175159869200932320*v*w + 251003263521853361951731066288*v*x - 340210040689772390668068423056*v*y + 197841226500889270582383270272*v*z - 2916863949175153985191771196254*v + 284170676642545242085509725344*w**2 - 249116032139069753769477219512*w*x + 327128154114648494484390074096*w*y + 699364614590936978233966351432*w*z - 4848128217724136932344434124962*w + 721692858195008328167054290872*x**2 - 392527894054189595492223824160*x*y + 332046635687528500828494625488*x*z + 3144376051149026234542974219753*x + 145417531850434801017407157328*y**2 - 58547417717164068436556889776*y*z + 2688935457599531102414260324352*y - 981059816245781072108601939096*z**2 - 6697185839464765801327319371752*z + 23160625875495338724099529821063
['-445949236400230983376862142592*v**2 + 1209363123236175159869200932320*v*w + 251003263521853361951731066288*v*x - 340210040689772390668068423056*v*y + 197841226500889270582383270272*v*z - 2916863949175153985191771196254*v + 284170676642545242085509725344*w**2 - 249116032139069753769477219512*w*x + 327128154114648494484390074096*w*y + 699364614590936978233966351432*w*z - 4848128217724136932344434124962*w + 721692858195008328167054290872*x**2 - 392527894054189595492223824160*x*y + 332046635687528500828494625488*x*z + 3144376051149026234542974219753*x + 145417531850434801017407157328*y**2 - 58547417717164068436556889776*y*z + 2688935457599531102414260324352*y - 981059816245781072108601939096*z**2 - 6697185839464765801327319371752*z + 23160625875495338724099529821063']
  is_equivalent = False
  total_successes = 0, success_rate = 0.0
DEGREE = 3:
METHOD = 'diofantos':


Whole evaluation from the beginning of the script took:
 5.1 seconds, i.e. 0.09 minutes or 0.001 hours.

Current time: 2026-03-28 10:44:10.937253
Sat Mar 28 10:44:11 AM CET 2026
this is oei.sh 0 poltrd-dp-loop3 0 999    doing   doones job_id 484319 task_id 0 * 1000 + 374 --exper_id poltrd-dp-loop3
