==============================================
Starting time (of array_subjob 484319_397):
Sat Mar 28 10:43:57 AM CET 2026
(True, True)
(True, False)
(True, False)
Current time: 2026-03-28 10:44:04.988112 

True
METHOD = 'diofantos'
DEGREE = 3
SCALE = 3000
  all_datasets = 2257
pds0397.csv:
  gt_rhs = '-v*w*z + 9*w*x*y - 8*x + 6'
d_max = 1
d_max = 2
d_max = 3
   target = -v*w*z + 9*w*x*y - 8*x + 6
['-v*w*z + 9*w*x*y - 8*x + 6']
  is_equivalent = True
  total_successes = 1, success_rate = 1.0
DEGREE = 3:
METHOD = 'diofantos':


Whole evaluation from the beginning of the script took:
 163.1 seconds, i.e. 2.72 minutes or 0.045 hours.

Current time: 2026-03-28 10:46:48.079645
Sat Mar 28 10:46:48 AM CET 2026
this is oei.sh 0 poltrd-dp-loop3 0 999    doing   doones job_id 484319 task_id 0 * 1000 + 397 --exper_id poltrd-dp-loop3
