==============================================
Starting time (of array_subjob 484319_391):
Sat Mar 28 10:43:56 AM CET 2026
(True, True)
(True, False)
(True, False)
Current time: 2026-03-28 10:44:00.660652 

True
METHOD = 'diofantos'
DEGREE = 3
SCALE = 3000
  all_datasets = 2257
pds0391.csv:
  gt_rhs = '4*y**2*z - 4'
d_max = 1
d_max = 2
   target = -3184647624667419590110453179100*v**2 - 561169285213422435954485546930*v*w + 2078320007835734025431883806020*v*x - 281515449809878156565535274694*v*y - 3367196942151692335400864684668*v*z - 22196140847306963869241333047828*v - 1350846313291914273777608240860*w**2 - 1957315200394958460049633188062*w*x - 3091711721754550175408722138076*w*y - 4812950776200358478955713253094*w*z - 10217927803240387678096245248752*w + 5530954778996413322797178129318*x**2 + 12632926016486312609207130930216*x*y + 6275639514803876378413556132294*x*z + 34131439106981392280745673844678*x + 4646269033226891552474802122886*y**2 + 1530423455045877465861280619132*y*z + 6329740871553060426125192229346*y - 3169334463379208412011021407004*z**2 - 18319134143108355801158637910462*z + 19872792474398672533116064931336
['-3184647624667419590110453179100*v**2 - 561169285213422435954485546930*v*w + 2078320007835734025431883806020*v*x - 281515449809878156565535274694*v*y - 3367196942151692335400864684668*v*z - 22196140847306963869241333047828*v - 1350846313291914273777608240860*w**2 - 1957315200394958460049633188062*w*x - 3091711721754550175408722138076*w*y - 4812950776200358478955713253094*w*z - 10217927803240387678096245248752*w + 5530954778996413322797178129318*x**2 + 12632926016486312609207130930216*x*y + 6275639514803876378413556132294*x*z + 34131439106981392280745673844678*x + 4646269033226891552474802122886*y**2 + 1530423455045877465861280619132*y*z + 6329740871553060426125192229346*y - 3169334463379208412011021407004*z**2 - 18319134143108355801158637910462*z + 19872792474398672533116064931336']
  is_equivalent = False
  total_successes = 0, success_rate = 0.0
DEGREE = 3:
METHOD = 'diofantos':


Whole evaluation from the beginning of the script took:
 5.0 seconds, i.e. 0.08 minutes or 0.001 hours.

Current time: 2026-03-28 10:44:05.685076
Sat Mar 28 10:44:06 AM CET 2026
this is oei.sh 0 poltrd-dp-loop3 0 999    doing   doones job_id 484319 task_id 0 * 1000 + 391 --exper_id poltrd-dp-loop3
