==============================================
Starting time (of array_subjob 484319_422):
Sat Mar 28 10:43:57 AM CET 2026
(True, True)
(True, False)
(True, False)
Current time: 2026-03-28 10:44:06.314706 

True
METHOD = 'diofantos'
DEGREE = 3
SCALE = 3000
  all_datasets = 2257
pds0422.csv:
  gt_rhs = 'w*x*z - 4*x - 4'
d_max = 1
d_max = 2
d_max = 3
   target = w*x*z - 4*x - 4
['w*x*z - 4*x - 4']
  is_equivalent = True
  total_successes = 1, success_rate = 1.0
DEGREE = 3:
METHOD = 'diofantos':


Whole evaluation from the beginning of the script took:
 160.3 seconds, i.e. 2.67 minutes or 0.045 hours.

Current time: 2026-03-28 10:46:46.639220
Sat Mar 28 10:46:47 AM CET 2026
this is oei.sh 0 poltrd-dp-loop3 0 999    doing   doones job_id 484319 task_id 0 * 1000 + 422 --exper_id poltrd-dp-loop3
