==============================================
Starting time (of array_subjob 484319_437):
Sat Mar 28 10:43:57 AM CET 2026
(True, True)
(True, False)
(True, False)
Current time: 2026-03-28 10:44:01.176255 

True
METHOD = 'diofantos'
DEGREE = 3
SCALE = 3000
  all_datasets = 2257
pds0437.csv:
  gt_rhs = '-9*v**3*z'
d_max = 1
d_max = 2
   target = 127121699161353989520877193275*v**2 - 135086089430057960667796385822*v*w - 223740864306861104868836280154*v*x + 42625248687760119909200046114*v*y - 37562090897009956389356381749*v*z - 401040348769809532761391518011*v + 64368456493600716306044996001*w**2 + 215859989302607380579390199552*w*x + 126028830709529018409149301098*w*y - 103383284854500380852336678126*w*z + 1568221350097336956478757194455*w + 167025831672630631721545566351*x**2 - 159113229293713618300282722250*x*y + 170888859425108894419678792940*x*z - 99529816712238833179681520449*x + 300093830019201369193107323675*y**2 + 10925934455934498792060502146*y*z + 2482045841167198190403621687743*y - 19971970111059587206967842019*z**2 + 392132948625642194058871923361*z - 6743673554820944689005494782896
['127121699161353989520877193275*v**2 - 135086089430057960667796385822*v*w - 223740864306861104868836280154*v*x + 42625248687760119909200046114*v*y - 37562090897009956389356381749*v*z - 401040348769809532761391518011*v + 64368456493600716306044996001*w**2 + 215859989302607380579390199552*w*x + 126028830709529018409149301098*w*y - 103383284854500380852336678126*w*z + 1568221350097336956478757194455*w + 167025831672630631721545566351*x**2 - 159113229293713618300282722250*x*y + 170888859425108894419678792940*x*z - 99529816712238833179681520449*x + 300093830019201369193107323675*y**2 + 10925934455934498792060502146*y*z + 2482045841167198190403621687743*y - 19971970111059587206967842019*z**2 + 392132948625642194058871923361*z - 6743673554820944689005494782896']
  is_equivalent = False
  total_successes = 0, success_rate = 0.0
DEGREE = 3:
METHOD = 'diofantos':


Whole evaluation from the beginning of the script took:
 5.2 seconds, i.e. 0.09 minutes or 0.001 hours.

Current time: 2026-03-28 10:44:06.361650
Sat Mar 28 10:44:06 AM CET 2026
this is oei.sh 0 poltrd-dp-loop3 0 999    doing   doones job_id 484319 task_id 0 * 1000 + 437 --exper_id poltrd-dp-loop3
