==============================================
Starting time (of array_subjob 484319_453):
Sat Mar 28 10:44:01 AM CET 2026
(True, True)
(True, False)
(True, False)
Current time: 2026-03-28 10:44:04.162680 

True
METHOD = 'diofantos'
DEGREE = 3
SCALE = 3000
  all_datasets = 2257
pds0453.csv:
  gt_rhs = '-2*w**2 - 7*w*x*z + 8*w + 1'
d_max = 1
d_max = 2
   target = -40226167814958349001788610203*v**2 + 25485248303253427108056155076*v*w + 7815465417506814537987767613*v*x + 47382270574893360852588925342*v*y - 84486061502050512528865398966*v*z - 5896369181664343779958073462*v - 3559765401183565522278393590*w**2 + 32891968729726534764863824950*w*x + 73423867807773914669290863672*w*y - 27765963110747224664081799087*w*z + 406679158803137940441618661478*w + 22532963624192424445093881633*x**2 + 138255879963486592440578045790*x*y - 45798482337597676309973996180*x*z + 202219910265020119441801963272*x + 42132900430127908549943532108*y**2 + 81520390691294920655985376980*y*z + 729591020267542183744893610990*y - 80111147258118693032240093838*z**2 - 489827281246958681228784607686*z + 2051477390727017370754749029424
['-40226167814958349001788610203*v**2 + 25485248303253427108056155076*v*w + 7815465417506814537987767613*v*x + 47382270574893360852588925342*v*y - 84486061502050512528865398966*v*z - 5896369181664343779958073462*v - 3559765401183565522278393590*w**2 + 32891968729726534764863824950*w*x + 73423867807773914669290863672*w*y - 27765963110747224664081799087*w*z + 406679158803137940441618661478*w + 22532963624192424445093881633*x**2 + 138255879963486592440578045790*x*y - 45798482337597676309973996180*x*z + 202219910265020119441801963272*x + 42132900430127908549943532108*y**2 + 81520390691294920655985376980*y*z + 729591020267542183744893610990*y - 80111147258118693032240093838*z**2 - 489827281246958681228784607686*z + 2051477390727017370754749029424']
  is_equivalent = False
  total_successes = 0, success_rate = 0.0
DEGREE = 3:
METHOD = 'diofantos':


Whole evaluation from the beginning of the script took:
 4.4 seconds, i.e. 0.07 minutes or 0.001 hours.

Current time: 2026-03-28 10:44:08.542234
Sat Mar 28 10:44:09 AM CET 2026
this is oei.sh 0 poltrd-dp-loop3 0 999    doing   doones job_id 484319 task_id 0 * 1000 + 453 --exper_id poltrd-dp-loop3
