==============================================
Starting time (of array_subjob 484319_462):
Sat Mar 28 10:44:01 AM CET 2026
(True, True)
(True, False)
(True, False)
Current time: 2026-03-28 10:44:08.215862 

True
METHOD = 'diofantos'
DEGREE = 3
SCALE = 3000
  all_datasets = 2257
pds0462.csv:
  gt_rhs = '6*v*x**2*y**2*z'
d_max = 1
d_max = 2
   target = -65722499702322367008159164*v**2 + 9442318973087403077205554*v*w + 4122512931307913378736050*v*x + 82711811513255035461640430*v*y + 111573287665235049210095152*v*z - 94460739210003796969963312*v - 86562075324650479571663882*w**2 - 73942835939263036262876334*w*x - 13758973574656797496632474*w*y - 150231323039752783752001802*w*z + 739842721898196983800785540*w + 4202043741589605141915718*x**2 - 8472449581545836769741144*x*y - 105361067657524194432035986*x*z + 683537541231816479788786910*x + 39329477369414671667730016*y**2 - 78066337307554233697144486*y*z + 213215251590333410999087192*y - 192596199845643755678153576*z**2 + 903320264395300641898805480*z + 4481699547229820307539340312
['-65722499702322367008159164*v**2 + 9442318973087403077205554*v*w + 4122512931307913378736050*v*x + 82711811513255035461640430*v*y + 111573287665235049210095152*v*z - 94460739210003796969963312*v - 86562075324650479571663882*w**2 - 73942835939263036262876334*w*x - 13758973574656797496632474*w*y - 150231323039752783752001802*w*z + 739842721898196983800785540*w + 4202043741589605141915718*x**2 - 8472449581545836769741144*x*y - 105361067657524194432035986*x*z + 683537541231816479788786910*x + 39329477369414671667730016*y**2 - 78066337307554233697144486*y*z + 213215251590333410999087192*y - 192596199845643755678153576*z**2 + 903320264395300641898805480*z + 4481699547229820307539340312']
  is_equivalent = False
  total_successes = 0, success_rate = 0.0
DEGREE = 3:
METHOD = 'diofantos':


Whole evaluation from the beginning of the script took:
 5.4 seconds, i.e. 0.09 minutes or 0.002 hours.

Current time: 2026-03-28 10:44:13.651954
Sat Mar 28 10:44:14 AM CET 2026
this is oei.sh 0 poltrd-dp-loop3 0 999    doing   doones job_id 484319 task_id 0 * 1000 + 462 --exper_id poltrd-dp-loop3
