==============================================
Starting time (of array_subjob 484319_460):
Sat Mar 28 10:44:01 AM CET 2026
(True, True)
(True, False)
(True, False)
Current time: 2026-03-28 10:44:07.590394 

True
METHOD = 'diofantos'
DEGREE = 3
SCALE = 3000
  all_datasets = 2257
pds0460.csv:
  gt_rhs = '8*w*z**2'
d_max = 1
d_max = 2
   target = 131438057276606594299600125056*v**2 + 71744101269444487639028920112*v*w - 11890575489890181527185286224*v*x + 119774744171477494449878782160*v*y - 109949272817564349201690783296*v*z + 441571968270428154809281058656*v + 43047355547712887014290904320*w**2 + 234697288674645297093484350832*w*x + 63640240328915426517803120192*w*y + 331633879534298513903475087032*w*z + 1065709646961491474064889363648*w + 10112457192775716219608496128*x**2 + 198027286922540908147617615808*x*y - 140907338758980655595346750928*x*z + 409581719689752413953698925616*x - 20748667711194442817871811760*y**2 + 888627020084036697273877616*y*z - 467789784009606023300803140400*y - 182877588274535812873866145048*z**2 - 198555223498752277581835552232*z + 1307861445671084604816277314592
['131438057276606594299600125056*v**2 + 71744101269444487639028920112*v*w - 11890575489890181527185286224*v*x + 119774744171477494449878782160*v*y - 109949272817564349201690783296*v*z + 441571968270428154809281058656*v + 43047355547712887014290904320*w**2 + 234697288674645297093484350832*w*x + 63640240328915426517803120192*w*y + 331633879534298513903475087032*w*z + 1065709646961491474064889363648*w + 10112457192775716219608496128*x**2 + 198027286922540908147617615808*x*y - 140907338758980655595346750928*x*z + 409581719689752413953698925616*x - 20748667711194442817871811760*y**2 + 888627020084036697273877616*y*z - 467789784009606023300803140400*y - 182877588274535812873866145048*z**2 - 198555223498752277581835552232*z + 1307861445671084604816277314592']
  is_equivalent = False
  total_successes = 0, success_rate = 0.0
DEGREE = 3:
METHOD = 'diofantos':


Whole evaluation from the beginning of the script took:
 5.1 seconds, i.e. 0.09 minutes or 0.001 hours.

Current time: 2026-03-28 10:44:12.706303
Sat Mar 28 10:44:13 AM CET 2026
this is oei.sh 0 poltrd-dp-loop3 0 999    doing   doones job_id 484319 task_id 0 * 1000 + 460 --exper_id poltrd-dp-loop3
