==============================================
Starting time (of array_subjob 484319_489):
Sat Mar 28 10:44:04 AM CET 2026
(True, True)
(True, False)
(True, False)
Current time: 2026-03-28 10:44:09.104673 

True
METHOD = 'diofantos'
DEGREE = 3
SCALE = 3000
  all_datasets = 2257
pds0489.csv:
  gt_rhs = '10*w*y**3'
d_max = 1
d_max = 2
   target = -1934728800629597693298103696572*v**2 + 552412513439920677704746722000*v*w - 9018639124051758097593489951432*v*x - 4481367206365395728084684440680*v*y - 1342610085611009352166908461256*v*z - 5152144346824286845205910710868*v - 2686147867458385949479320203916*w**2 + 525220958242234655617061802564*w*x - 5299193361890123087554111262534*w*y + 2416630406527942888700355909372*w*z - 7743313707162460755676774841820*w + 3421639955909153096782891849632*x**2 + 6561178718033446550607325443864*x*y - 12950739274196683360287442658616*x*z + 47030717235171327810574680658944*x - 6270164344802865774867930483576*y**2 - 5884302950142334525805455370040*y*z + 724140640645617326676310781592*y + 8358422915402365979709910416096*z**2 - 74240351719657727481154965094128*z + 195030404541879329490851872568304
['-1934728800629597693298103696572*v**2 + 552412513439920677704746722000*v*w - 9018639124051758097593489951432*v*x - 4481367206365395728084684440680*v*y - 1342610085611009352166908461256*v*z - 5152144346824286845205910710868*v - 2686147867458385949479320203916*w**2 + 525220958242234655617061802564*w*x - 5299193361890123087554111262534*w*y + 2416630406527942888700355909372*w*z - 7743313707162460755676774841820*w + 3421639955909153096782891849632*x**2 + 6561178718033446550607325443864*x*y - 12950739274196683360287442658616*x*z + 47030717235171327810574680658944*x - 6270164344802865774867930483576*y**2 - 5884302950142334525805455370040*y*z + 724140640645617326676310781592*y + 8358422915402365979709910416096*z**2 - 74240351719657727481154965094128*z + 195030404541879329490851872568304']
  is_equivalent = False
  total_successes = 0, success_rate = 0.0
DEGREE = 3:
METHOD = 'diofantos':


Whole evaluation from the beginning of the script took:
 5.2 seconds, i.e. 0.09 minutes or 0.001 hours.

Current time: 2026-03-28 10:44:14.312990
Sat Mar 28 10:44:14 AM CET 2026
this is oei.sh 0 poltrd-dp-loop3 0 999    doing   doones job_id 484319 task_id 0 * 1000 + 489 --exper_id poltrd-dp-loop3
