==============================================
Starting time (of array_subjob 484319_518):
Sat Mar 28 10:44:07 AM CET 2026
(True, True)
(True, False)
(True, False)
Current time: 2026-03-28 10:44:11.442838 

True
METHOD = 'diofantos'
DEGREE = 3
SCALE = 3000
  all_datasets = 2257
pds0518.csv:
  gt_rhs = '-6*v*w + 4*v*x'
d_max = 1
d_max = 2
   target = -6*v*w + 4*v*x
['-6*v*w + 4*v*x']
  is_equivalent = True
  total_successes = 1, success_rate = 1.0
DEGREE = 3:
METHOD = 'diofantos':


Whole evaluation from the beginning of the script took:
 5.1 seconds, i.e. 0.09 minutes or 0.001 hours.

Current time: 2026-03-28 10:44:16.552310
Sat Mar 28 10:44:17 AM CET 2026
this is oei.sh 0 poltrd-dp-loop3 0 999    doing   doones job_id 484319 task_id 0 * 1000 + 518 --exper_id poltrd-dp-loop3
