==============================================
Starting time (of array_subjob 484319_525):
Sat Mar 28 10:44:07 AM CET 2026
(True, True)
(True, False)
(True, False)
Current time: 2026-03-28 10:44:11.668515 

True
METHOD = 'diofantos'
DEGREE = 3
SCALE = 3000
  all_datasets = 2257
pds0525.csv:
  gt_rhs = '2*y*z - 7*z'
d_max = 1
d_max = 2
   target = 2*y*z - 7*z
['2*y*z - 7*z']
  is_equivalent = True
  total_successes = 1, success_rate = 1.0
DEGREE = 3:
METHOD = 'diofantos':


Whole evaluation from the beginning of the script took:
 4.9 seconds, i.e. 0.08 minutes or 0.001 hours.

Current time: 2026-03-28 10:44:16.568459
Sat Mar 28 10:44:17 AM CET 2026
this is oei.sh 0 poltrd-dp-loop3 0 999    doing   doones job_id 484319 task_id 0 * 1000 + 525 --exper_id poltrd-dp-loop3
