==============================================
Starting time (of array_subjob 484319_546):
Sat Mar 28 10:44:11 AM CET 2026
(True, True)
(True, False)
(True, False)
Current time: 2026-03-28 10:44:16.078712 

True
METHOD = 'diofantos'
DEGREE = 3
SCALE = 3000
  all_datasets = 2257
pds0546.csv:
  gt_rhs = '-2*v**2 - 5*w + 6*x - 5*y*z - 8'
d_max = 1
d_max = 2
   target = -2*v**2 - 5*w + 6*x - 5*y*z - 8
['-2*v**2 - 5*w + 6*x - 5*y*z - 8']
  is_equivalent = True
  total_successes = 1, success_rate = 1.0
DEGREE = 3:
METHOD = 'diofantos':


Whole evaluation from the beginning of the script took:
 5.1 seconds, i.e. 0.08 minutes or 0.001 hours.

Current time: 2026-03-28 10:44:21.129413
Sat Mar 28 10:44:21 AM CET 2026
this is oei.sh 0 poltrd-dp-loop3 0 999    doing   doones job_id 484319 task_id 0 * 1000 + 546 --exper_id poltrd-dp-loop3
