==============================================
Starting time (of array_subjob 484319_575):
Sat Mar 28 10:44:12 AM CET 2026
(True, True)
(True, False)
(True, False)
Current time: 2026-03-28 10:44:17.500628 

True
METHOD = 'diofantos'
DEGREE = 3
SCALE = 3000
  all_datasets = 2257
pds0575.csv:
  gt_rhs = '-4*v*w*y + 2*x**2 + 2'
d_max = 1
d_max = 2
d_max = 3
   target = -4*v*w*y + 2*x**2 + 2
['-4*v*w*y + 2*x**2 + 2']
  is_equivalent = True
  total_successes = 1, success_rate = 1.0
DEGREE = 3:
METHOD = 'diofantos':


Whole evaluation from the beginning of the script took:
 173.4 seconds, i.e. 2.89 minutes or 0.048 hours.

Current time: 2026-03-28 10:47:10.896087
Sat Mar 28 10:47:11 AM CET 2026
this is oei.sh 0 poltrd-dp-loop3 0 999    doing   doones job_id 484319 task_id 0 * 1000 + 575 --exper_id poltrd-dp-loop3
