==============================================
Starting time (of array_subjob 484319_617):
Sat Mar 28 10:44:14 AM CET 2026
(True, True)
(True, False)
(True, False)
Current time: 2026-03-28 10:44:18.248969 

True
METHOD = 'diofantos'
DEGREE = 3
SCALE = 3000
  all_datasets = 2257
pds0617.csv:
  gt_rhs = '6*w'
d_max = 1
   target = 6*w
['6*w']
  is_equivalent = True
  total_successes = 1, success_rate = 1.0
DEGREE = 3:
METHOD = 'diofantos':


Whole evaluation from the beginning of the script took:
 0.6 seconds, i.e. 0.01 minutes or 0.0 hours.

Current time: 2026-03-28 10:44:18.801899
Sat Mar 28 10:44:19 AM CET 2026
this is oei.sh 0 poltrd-dp-loop3 0 999    doing   doones job_id 484319 task_id 0 * 1000 + 617 --exper_id poltrd-dp-loop3
