==============================================
Starting time (of array_subjob 484319_622):
Sat Mar 28 10:44:15 AM CET 2026
(True, True)
(True, False)
(True, False)
Current time: 2026-03-28 10:44:19.346089 

True
METHOD = 'diofantos'
DEGREE = 3
SCALE = 3000
  all_datasets = 2257
pds0622.csv:
  gt_rhs = 'v**2*y**2 + 10*v*x*y**2 - 7*x - 6*y*z'
d_max = 1
d_max = 2
   target = -1907337321073052590817793866086*v**2 - 336522464015569305305989006954*v*w - 2140820162544388717094736319466*v*x - 2187791918024459757560046338033*v*y + 532622536610514588269013809960*v*z - 22106368304967702707868557877578*v - 246886505075630531004268150268*w**2 + 440866407114095596495407033460*w*x - 3257606951638389075028044128666*w*y + 2024198823289830304225095694568*w*z + 2834558703464298526218433551454*w + 5652465813468676095892083135023*x**2 + 6147979915290064590478696023432*x*y - 4806276356159955940998751171160*x*z + 35753294711739546055453265510902*x + 5291308885722266086578742652647*y**2 - 380002887848330027692419812096*y*z + 35537782743606760842510107047767*y - 3546506014549366561639772315898*z**2 - 16287162005456474481962318028974*z + 10520914501590795043800874358096
['-1907337321073052590817793866086*v**2 - 336522464015569305305989006954*v*w - 2140820162544388717094736319466*v*x - 2187791918024459757560046338033*v*y + 532622536610514588269013809960*v*z - 22106368304967702707868557877578*v - 246886505075630531004268150268*w**2 + 440866407114095596495407033460*w*x - 3257606951638389075028044128666*w*y + 2024198823289830304225095694568*w*z + 2834558703464298526218433551454*w + 5652465813468676095892083135023*x**2 + 6147979915290064590478696023432*x*y - 4806276356159955940998751171160*x*z + 35753294711739546055453265510902*x + 5291308885722266086578742652647*y**2 - 380002887848330027692419812096*y*z + 35537782743606760842510107047767*y - 3546506014549366561639772315898*z**2 - 16287162005456474481962318028974*z + 10520914501590795043800874358096']
  is_equivalent = False
  total_successes = 0, success_rate = 0.0
DEGREE = 3:
METHOD = 'diofantos':


Whole evaluation from the beginning of the script took:
 5.4 seconds, i.e. 0.09 minutes or 0.001 hours.

Current time: 2026-03-28 10:44:24.729101
Sat Mar 28 10:44:25 AM CET 2026
this is oei.sh 0 poltrd-dp-loop3 0 999    doing   doones job_id 484319 task_id 0 * 1000 + 622 --exper_id poltrd-dp-loop3
