==============================================
Starting time (of array_subjob 484319_637):
Sat Mar 28 10:44:16 AM CET 2026
(True, True)
(True, False)
(True, False)
Current time: 2026-03-28 10:44:19.711928 

True
METHOD = 'diofantos'
DEGREE = 3
SCALE = 3000
  all_datasets = 2257
pds0637.csv:
  gt_rhs = '-7*w**2*z - 7*w - 10*z + 1'
d_max = 1
d_max = 2
d_max = 3
   target = -7*w**2*z - 7*w - 10*z + 1
['-7*w**2*z - 7*w - 10*z + 1']
  is_equivalent = True
  total_successes = 1, success_rate = 1.0
DEGREE = 3:
METHOD = 'diofantos':


Whole evaluation from the beginning of the script took:
 175.3 seconds, i.e. 2.92 minutes or 0.049 hours.

Current time: 2026-03-28 10:47:15.007668
Sat Mar 28 10:47:15 AM CET 2026
this is oei.sh 0 poltrd-dp-loop3 0 999    doing   doones job_id 484319 task_id 0 * 1000 + 637 --exper_id poltrd-dp-loop3
