==============================================
Starting time (of array_subjob 484319_650):
Sat Mar 28 10:44:17 AM CET 2026
(True, True)
(True, False)
(True, False)
Current time: 2026-03-28 10:44:21.516513 

True
METHOD = 'diofantos'
DEGREE = 3
SCALE = 3000
  all_datasets = 2257
pds0650.csv:
  gt_rhs = '-9*x**2*y*z - 10'
d_max = 1
d_max = 2
   target = -20407099371301849864342520667*v**2 - 20252456853999814815322329314*v*w + 438919650386531384940579822*v*x + 2331896964531786816743091052*v*y + 17028826655062234382125950912*v*z + 101913602061578399351929191007*v - 2063630462751759493478645877*w**2 + 19197234983031425832114482028*w*x + 8399747223514811711976822460*w*y + 6996351167728127209950123060*w*z - 98855135414191119018286766417*w + 28102118001281850907971552747*x**2 + 8665478804474212535045025054*x*y + 6090184071253271338673487146*x*z - 126948708516730838508005530547*x + 367337268267978706982702149*y**2 - 6663426696881924206842189307*y*z - 90950210336620378449364510887*y - 7070553232071501177217524549*z**2 - 136334594458522110419020179361*z - 114989142455758745983155342746
['-20407099371301849864342520667*v**2 - 20252456853999814815322329314*v*w + 438919650386531384940579822*v*x + 2331896964531786816743091052*v*y + 17028826655062234382125950912*v*z + 101913602061578399351929191007*v - 2063630462751759493478645877*w**2 + 19197234983031425832114482028*w*x + 8399747223514811711976822460*w*y + 6996351167728127209950123060*w*z - 98855135414191119018286766417*w + 28102118001281850907971552747*x**2 + 8665478804474212535045025054*x*y + 6090184071253271338673487146*x*z - 126948708516730838508005530547*x + 367337268267978706982702149*y**2 - 6663426696881924206842189307*y*z - 90950210336620378449364510887*y - 7070553232071501177217524549*z**2 - 136334594458522110419020179361*z - 114989142455758745983155342746']
  is_equivalent = False
  total_successes = 0, success_rate = 0.0
DEGREE = 3:
METHOD = 'diofantos':


Whole evaluation from the beginning of the script took:
 5.5 seconds, i.e. 0.09 minutes or 0.002 hours.

Current time: 2026-03-28 10:44:27.060128
Sat Mar 28 10:44:27 AM CET 2026
this is oei.sh 0 poltrd-dp-loop3 0 999    doing   doones job_id 484319 task_id 0 * 1000 + 650 --exper_id poltrd-dp-loop3
