==============================================
Starting time (of array_subjob 484319_702):
Sat Mar 28 10:44:23 AM CET 2026
(True, True)
(True, False)
(True, False)
Current time: 2026-03-28 10:44:27.898553 

True
METHOD = 'diofantos'
DEGREE = 3
SCALE = 3000
  all_datasets = 2257
pds0702.csv:
  gt_rhs = '2*w - 4*y**2*z + 1'
d_max = 1
d_max = 2
   target = 10929416942288032530434055982*v**2 - 1201586051391761986394903929076*v*w + 3126229795050546845746694427140*v*x - 649203878209663809603955685124*v*y - 1163316957104958742028874941902*v*z - 17553503219442707463299007831596*v - 457014207099186017802681235691*w**2 + 2842900839775779384318514335062*w*x + 4986758537339128805299769593558*w*y + 5173405445622010904716322531452*w*z - 19414532027676845030122206701219*w - 2173540111600312983777101788827*x**2 + 5109451693794606549292240472720*x*y + 6490780917603209476932988302472*x*z + 14846462718686008269727514076429*x + 5264021200418465751178119265751*y**2 + 8915821604577610983797430822036*y*z - 25528266686756060395202735751449*y - 1435079712729030936272866439049*z**2 - 21790739801633912034906328924759*z + 56065813027227318397636468489021
['10929416942288032530434055982*v**2 - 1201586051391761986394903929076*v*w + 3126229795050546845746694427140*v*x - 649203878209663809603955685124*v*y - 1163316957104958742028874941902*v*z - 17553503219442707463299007831596*v - 457014207099186017802681235691*w**2 + 2842900839775779384318514335062*w*x + 4986758537339128805299769593558*w*y + 5173405445622010904716322531452*w*z - 19414532027676845030122206701219*w - 2173540111600312983777101788827*x**2 + 5109451693794606549292240472720*x*y + 6490780917603209476932988302472*x*z + 14846462718686008269727514076429*x + 5264021200418465751178119265751*y**2 + 8915821604577610983797430822036*y*z - 25528266686756060395202735751449*y - 1435079712729030936272866439049*z**2 - 21790739801633912034906328924759*z + 56065813027227318397636468489021']
  is_equivalent = False
  total_successes = 0, success_rate = 0.0
DEGREE = 3:
METHOD = 'diofantos':


Whole evaluation from the beginning of the script took:
 5.0 seconds, i.e. 0.08 minutes or 0.001 hours.

Current time: 2026-03-28 10:44:32.883439
Sat Mar 28 10:44:33 AM CET 2026
this is oei.sh 0 poltrd-dp-loop3 0 999    doing   doones job_id 484319 task_id 0 * 1000 + 702 --exper_id poltrd-dp-loop3
