==============================================
Starting time (of array_subjob 484319_775):
Sat Mar 28 10:44:32 AM CET 2026
(True, True)
(True, False)
(True, False)
Current time: 2026-03-28 10:44:36.662414 

True
METHOD = 'diofantos'
DEGREE = 3
SCALE = 3000
  all_datasets = 2257
pds0775.csv:
  gt_rhs = '-3*v**2*w**2*x*y**2*z'
d_max = 1
d_max = 2
   target = -740719593369364610692966389318*v**2 - 1476970067358019430908284926126*v*w + 1224663256750247379033313416743*v*x - 156754802612403869562163766913*v*y + 199333641879291313866262864754*v*z - 6335059496217796907355384709823*v + 1790909387360803875388943527331*w**2 + 988397234498128363831587590309*w*x + 1630844131213102951010134917669*w*y - 1939050076148717002909876822816*w*z + 1091148417453625636040280383856*w - 810054357272441883669351551579*x**2 + 1495152830556743975743590612720*x*y + 2538869819061967381998803372189*x*z + 6429107428173732677036129941931*x + 1613019693449282421637372514911*y**2 - 1154403260751865475697550185807*y*z + 4108590510273529717315072934911*y - 1926280976622621129951428736650*z**2 - 9710602850031327767747324202295*z - 62059214889120502000358940143438
['-740719593369364610692966389318*v**2 - 1476970067358019430908284926126*v*w + 1224663256750247379033313416743*v*x - 156754802612403869562163766913*v*y + 199333641879291313866262864754*v*z - 6335059496217796907355384709823*v + 1790909387360803875388943527331*w**2 + 988397234498128363831587590309*w*x + 1630844131213102951010134917669*w*y - 1939050076148717002909876822816*w*z + 1091148417453625636040280383856*w - 810054357272441883669351551579*x**2 + 1495152830556743975743590612720*x*y + 2538869819061967381998803372189*x*z + 6429107428173732677036129941931*x + 1613019693449282421637372514911*y**2 - 1154403260751865475697550185807*y*z + 4108590510273529717315072934911*y - 1926280976622621129951428736650*z**2 - 9710602850031327767747324202295*z - 62059214889120502000358940143438']
  is_equivalent = False
  total_successes = 0, success_rate = 0.0
DEGREE = 3:
METHOD = 'diofantos':


Whole evaluation from the beginning of the script took:
 5.4 seconds, i.e. 0.09 minutes or 0.001 hours.

Current time: 2026-03-28 10:44:42.041994
Sat Mar 28 10:44:42 AM CET 2026
this is oei.sh 0 poltrd-dp-loop3 0 999    doing   doones job_id 484319 task_id 0 * 1000 + 775 --exper_id poltrd-dp-loop3
