==============================================
Starting time (of array_subjob 484319_840):
Sat Mar 28 10:44:42 AM CET 2026
(True, True)
(True, False)
(True, False)
Current time: 2026-03-28 10:44:45.775631 

True
METHOD = 'diofantos'
DEGREE = 3
SCALE = 3000
  all_datasets = 2257
pds0840.csv:
  gt_rhs = '-6*v*x**2 + 6*w - 8'
d_max = 1
d_max = 2
   target = 36377230217964190278203576664*v**2 + 147811744267208177725694540304*v*w - 31424913024818690884512692514*v*x + 83044968853762698101512517568*v*y - 40848591206355779570076169380*v*z - 254786990346888598004972673900*v - 47121695803655477467901464080*w**2 + 4701875787938733094958378280*w*x + 50219185392363993363016084440*w*y - 69179863792333918950819268158*w*z + 420102248856975440938955976876*w + 12014407612200630441327893136*x**2 - 134869750438781740172602623348*x*y - 1546551120800509454244337350*x*z - 267080315239907756237594790906*x + 111798033343682255105564012340*y**2 - 13713882268182689240103269088*y*z + 218916540655549797123488959116*y - 24526403268577741469325844992*z**2 - 418928881210699627412719065966*z - 1336330080712689313806920049866
['36377230217964190278203576664*v**2 + 147811744267208177725694540304*v*w - 31424913024818690884512692514*v*x + 83044968853762698101512517568*v*y - 40848591206355779570076169380*v*z - 254786990346888598004972673900*v - 47121695803655477467901464080*w**2 + 4701875787938733094958378280*w*x + 50219185392363993363016084440*w*y - 69179863792333918950819268158*w*z + 420102248856975440938955976876*w + 12014407612200630441327893136*x**2 - 134869750438781740172602623348*x*y - 1546551120800509454244337350*x*z - 267080315239907756237594790906*x + 111798033343682255105564012340*y**2 - 13713882268182689240103269088*y*z + 218916540655549797123488959116*y - 24526403268577741469325844992*z**2 - 418928881210699627412719065966*z - 1336330080712689313806920049866']
  is_equivalent = False
  total_successes = 0, success_rate = 0.0
DEGREE = 3:
METHOD = 'diofantos':


Whole evaluation from the beginning of the script took:
 5.3 seconds, i.e. 0.09 minutes or 0.001 hours.

Current time: 2026-03-28 10:44:51.028660
Sat Mar 28 10:44:51 AM CET 2026
this is oei.sh 0 poltrd-dp-loop3 0 999    doing   doones job_id 484319 task_id 0 * 1000 + 840 --exper_id poltrd-dp-loop3
