==============================================
Starting time (of array_subjob 484319_846):
Sat Mar 28 10:44:42 AM CET 2026
(True, True)
(True, False)
(True, False)
Current time: 2026-03-28 10:44:46.324284 

True
METHOD = 'diofantos'
DEGREE = 3
SCALE = 3000
  all_datasets = 2257
pds0846.csv:
  gt_rhs = '-4*w*y*z + 3*z'
d_max = 1
d_max = 2
d_max = 3
   target = -4*w*y*z + 3*z
['-4*w*y*z + 3*z']
  is_equivalent = True
  total_successes = 1, success_rate = 1.0
DEGREE = 3:
METHOD = 'diofantos':


Whole evaluation from the beginning of the script took:
 144.4 seconds, i.e. 2.41 minutes or 0.04 hours.

Current time: 2026-03-28 10:47:10.745593
Sat Mar 28 10:47:11 AM CET 2026
this is oei.sh 0 poltrd-dp-loop3 0 999    doing   doones job_id 484319 task_id 0 * 1000 + 846 --exper_id poltrd-dp-loop3
