==============================================
Starting time (of array_subjob 484319_850):
Sat Mar 28 10:44:43 AM CET 2026
(True, True)
(True, False)
(True, False)
Current time: 2026-03-28 10:44:47.128928 

True
METHOD = 'diofantos'
DEGREE = 3
SCALE = 3000
  all_datasets = 2257
pds0850.csv:
  gt_rhs = '7*v*w*y + 9*v*x + 8'
d_max = 1
d_max = 2
   target = 41169035405035245935566182565*v**2 - 63583445057100577500899830079*v*w - 110901525608100693813743577671*v*x + 95353176842142826274326202650*v*y + 193129027497798711812325979260*v*z + 625697533122462782727361043753*v - 33286495632816013257663331596*w**2 - 73638027203415041913932550034*w*x + 127971517834996649212238368057*w*y + 46180919642216986084138654705*w*z + 343590995820341485832211058287*w + 15517670414437619096796027485*x**2 + 19171081325621901907662988912*x*y - 80713932122437363591376617470*x*z - 93523821066714823419274177033*x - 46300355096365926401870376821*y**2 - 42707276227616880588615792741*y*z - 202784626049960490863099203099*y + 78996086562953996951844770699*z**2 + 497567911225270832027869572073*z - 153505586692850343805701298176
['41169035405035245935566182565*v**2 - 63583445057100577500899830079*v*w - 110901525608100693813743577671*v*x + 95353176842142826274326202650*v*y + 193129027497798711812325979260*v*z + 625697533122462782727361043753*v - 33286495632816013257663331596*w**2 - 73638027203415041913932550034*w*x + 127971517834996649212238368057*w*y + 46180919642216986084138654705*w*z + 343590995820341485832211058287*w + 15517670414437619096796027485*x**2 + 19171081325621901907662988912*x*y - 80713932122437363591376617470*x*z - 93523821066714823419274177033*x - 46300355096365926401870376821*y**2 - 42707276227616880588615792741*y*z - 202784626049960490863099203099*y + 78996086562953996951844770699*z**2 + 497567911225270832027869572073*z - 153505586692850343805701298176']
  is_equivalent = False
  total_successes = 0, success_rate = 0.0
DEGREE = 3:
METHOD = 'diofantos':


Whole evaluation from the beginning of the script took:
 5.3 seconds, i.e. 0.09 minutes or 0.001 hours.

Current time: 2026-03-28 10:44:52.464374
Sat Mar 28 10:44:52 AM CET 2026
this is oei.sh 0 poltrd-dp-loop3 0 999    doing   doones job_id 484319 task_id 0 * 1000 + 850 --exper_id poltrd-dp-loop3
