==============================================
Starting time (of array_subjob 484319_905):
Sat Mar 28 10:44:53 AM CET 2026
(True, True)
(True, False)
(True, False)
Current time: 2026-03-28 10:44:57.079266 

True
METHOD = 'diofantos'
DEGREE = 3
SCALE = 3000
  all_datasets = 2257
pds0905.csv:
  gt_rhs = '-4*x*y + 7*x*z + 7*z'
d_max = 1
d_max = 2
   target = -4*x*y + 7*x*z + 7*z
['-4*x*y + 7*x*z + 7*z']
  is_equivalent = True
  total_successes = 1, success_rate = 1.0
DEGREE = 3:
METHOD = 'diofantos':


Whole evaluation from the beginning of the script took:
 4.9 seconds, i.e. 0.08 minutes or 0.001 hours.

Current time: 2026-03-28 10:45:01.994529
Sat Mar 28 10:45:02 AM CET 2026
this is oei.sh 0 poltrd-dp-loop3 0 999    doing   doones job_id 484319 task_id 0 * 1000 + 905 --exper_id poltrd-dp-loop3
