==============================================
Starting time (of array_subjob 484319_935):
Sat Mar 28 10:44:58 AM CET 2026
(True, True)
(True, False)
(True, False)
Current time: 2026-03-28 10:45:02.294426 

True
METHOD = 'diofantos'
DEGREE = 3
SCALE = 3000
  all_datasets = 2257
pds0935.csv:
  gt_rhs = '-v*w**2 - 9*x*y*z - 10'
d_max = 1
d_max = 2
d_max = 3
   target = -v*w**2 - 9*x*y*z - 10
['-v*w**2 - 9*x*y*z - 10']
  is_equivalent = True
  total_successes = 1, success_rate = 1.0
DEGREE = 3:
METHOD = 'diofantos':


Whole evaluation from the beginning of the script took:
 162.4 seconds, i.e. 2.71 minutes or 0.045 hours.

Current time: 2026-03-28 10:47:44.742847
Sat Mar 28 10:47:45 AM CET 2026
this is oei.sh 0 poltrd-dp-loop3 0 999    doing   doones job_id 484319 task_id 0 * 1000 + 935 --exper_id poltrd-dp-loop3
