==============================================
Starting time (of array_subjob 484319_995):
Sat Mar 28 10:45:26 AM CET 2026
(True, True)
(True, False)
(True, False)
Current time: 2026-03-28 10:45:29.755663 

True
METHOD = 'diofantos'
DEGREE = 3
SCALE = 3000
  all_datasets = 2257
pds0995.csv:
  gt_rhs = '2*v*y**2 + 6*v*z'
d_max = 1
d_max = 2
   target = 7031508176785664466685847959*v**2 - 7519749451822006318838526898*v*w + 3512380285801746966999171070*v*x - 712088959602667127687407784*v*y - 3948977136939677650148546304*v*z - 62764693891346841849965376177*v + 3682481767249896356129155523*w**2 + 1408028577412230204233118224*w*x + 3623104542535420092621660598*w*y + 434051571562468818165020422*w*z + 41146538078861867712611115685*w + 2030833798464894759870219970*x**2 + 1223501442605036091952463206*x*y - 3053105177245280150791997396*x*z + 14479853403257511579953454904*x - 2396928084785336111153056189*y**2 + 2598951239457138267117157962*y*z + 12070496300897596030056035281*y - 1225028711914237165598232391*z**2 + 9989011808141581966042440891*z + 65013870667931189870034332924
['7031508176785664466685847959*v**2 - 7519749451822006318838526898*v*w + 3512380285801746966999171070*v*x - 712088959602667127687407784*v*y - 3948977136939677650148546304*v*z - 62764693891346841849965376177*v + 3682481767249896356129155523*w**2 + 1408028577412230204233118224*w*x + 3623104542535420092621660598*w*y + 434051571562468818165020422*w*z + 41146538078861867712611115685*w + 2030833798464894759870219970*x**2 + 1223501442605036091952463206*x*y - 3053105177245280150791997396*x*z + 14479853403257511579953454904*x - 2396928084785336111153056189*y**2 + 2598951239457138267117157962*y*z + 12070496300897596030056035281*y - 1225028711914237165598232391*z**2 + 9989011808141581966042440891*z + 65013870667931189870034332924']
  is_equivalent = False
  total_successes = 0, success_rate = 0.0
DEGREE = 3:
METHOD = 'diofantos':


Whole evaluation from the beginning of the script took:
 5.3 seconds, i.e. 0.09 minutes or 0.001 hours.

Current time: 2026-03-28 10:45:35.054843
Sat Mar 28 10:45:35 AM CET 2026
this is oei.sh 0 poltrd-dp-loop3 0 999    doing   doones job_id 484319 task_id 0 * 1000 + 995 --exper_id poltrd-dp-loop3
