==============================================
Starting time (of array_subjob 484319_1):
Sat Mar 28 10:43:33 AM CET 2026
(True, True)
(True, False)
(True, False)
Current time: 2026-03-28 10:43:44.774204 

True
METHOD = 'diofantos'
DEGREE = 3
SCALE = 3000
  all_datasets = 2257
pds0001.csv:
  gt_rhs = '-9*v*y - 2*x + 6'
d_max = 1
d_max = 2
   target = -9*v*y - 2*x + 6
['-9*v*y - 2*x + 6']
  is_equivalent = True
  total_successes = 1, success_rate = 1.0
DEGREE = 3:
METHOD = 'diofantos':


Whole evaluation from the beginning of the script took:
 4.8 seconds, i.e. 0.08 minutes or 0.001 hours.

Current time: 2026-03-28 10:43:49.603820
Sat Mar 28 10:43:50 AM CET 2026
this is oei.sh 0 poltrd-dp-loop3 0 999    doing   doones job_id 484319 task_id 0 * 1000 + 1 --exper_id poltrd-dp-loop3
