==============================================
Starting time (of array_subjob 484319_27):
Sat Mar 28 10:43:34 AM CET 2026
(True, True)
(True, False)
(True, False)
Current time: 2026-03-28 10:43:44.588788 

True
METHOD = 'diofantos'
DEGREE = 3
SCALE = 3000
  all_datasets = 2257
pds0027.csv:
  gt_rhs = '-3*v'
d_max = 1
   target = -3*v
['-3*v']
  is_equivalent = True
  total_successes = 1, success_rate = 1.0
DEGREE = 3:
METHOD = 'diofantos':


Whole evaluation from the beginning of the script took:
 0.6 seconds, i.e. 0.01 minutes or 0.0 hours.

Current time: 2026-03-28 10:43:45.227465
Sat Mar 28 10:43:45 AM CET 2026
this is oei.sh 0 poltrd-dp-loop3 0 999    doing   doones job_id 484319 task_id 0 * 1000 + 27 --exper_id poltrd-dp-loop3
