==============================================
Starting time (of array_subjob 484319_81):
Sat Mar 28 10:43:34 AM CET 2026
(True, True)
(True, False)
(True, False)
Current time: 2026-03-28 10:43:45.560605 

True
METHOD = 'diofantos'
DEGREE = 3
SCALE = 3000
  all_datasets = 2257
pds0081.csv:
  gt_rhs = '-4*x**2*y - 5*z'
d_max = 1
d_max = 2
d_max = 3
   target = -4*x**2*y - 5*z
['-4*x**2*y - 5*z']
  is_equivalent = True
  total_successes = 1, success_rate = 1.0
DEGREE = 3:
METHOD = 'diofantos':


Whole evaluation from the beginning of the script took:
 151.0 seconds, i.e. 2.52 minutes or 0.042 hours.

Current time: 2026-03-28 10:46:16.596584
Sat Mar 28 10:46:17 AM CET 2026
this is oei.sh 0 poltrd-dp-loop3 0 999    doing   doones job_id 484319 task_id 0 * 1000 + 81 --exper_id poltrd-dp-loop3
