==============================================
Starting time (of array_subjob 484319_96):
Sat Mar 28 10:43:34 AM CET 2026
(True, True)
(True, False)
(True, False)
Current time: 2026-03-28 10:43:45.921722 

True
METHOD = 'diofantos'
DEGREE = 3
SCALE = 3000
  all_datasets = 2257
pds0096.csv:
  gt_rhs = '6*w*x*y'
d_max = 1
d_max = 2
   target = 18601483732835344355096417603962*v**2 + 7870902112018595489099506106238*v*w - 42189741399602160772840900385404*v*x - 14608953619437973251008661809662*v*y - 23326563502611698145913958283714*v*z + 84989375029004126663782913539076*v - 9471884280187414465442649292704*w**2 + 15867525128167249095940415548416*w*x + 17104243386969211962734996162948*w*y + 17926397574328497593500242874650*w*z + 27310168040815057210345209240516*w - 40192250268560026373396842351*x**2 + 10434748862163567401485478356122*x*y + 6921532404202177266025853525192*x*z - 46736721345753515550611678098761*x + 10511231481670277528794790179532*y**2 + 3789802919987214634203559429096*y*z - 70073567381566056373418649299826*y - 8640003111240887579863050781175*z**2 + 61802708858898273566000482746127*z - 202323299852521391050955205947798
['18601483732835344355096417603962*v**2 + 7870902112018595489099506106238*v*w - 42189741399602160772840900385404*v*x - 14608953619437973251008661809662*v*y - 23326563502611698145913958283714*v*z + 84989375029004126663782913539076*v - 9471884280187414465442649292704*w**2 + 15867525128167249095940415548416*w*x + 17104243386969211962734996162948*w*y + 17926397574328497593500242874650*w*z + 27310168040815057210345209240516*w - 40192250268560026373396842351*x**2 + 10434748862163567401485478356122*x*y + 6921532404202177266025853525192*x*z - 46736721345753515550611678098761*x + 10511231481670277528794790179532*y**2 + 3789802919987214634203559429096*y*z - 70073567381566056373418649299826*y - 8640003111240887579863050781175*z**2 + 61802708858898273566000482746127*z - 202323299852521391050955205947798']
  is_equivalent = False
  total_successes = 0, success_rate = 0.0
DEGREE = 3:
METHOD = 'diofantos':


Whole evaluation from the beginning of the script took:
 5.4 seconds, i.e. 0.09 minutes or 0.001 hours.

Current time: 2026-03-28 10:43:51.312788
Sat Mar 28 10:43:51 AM CET 2026
this is oei.sh 0 poltrd-dp-loop3 0 999    doing   doones job_id 484319 task_id 0 * 1000 + 96 --exper_id poltrd-dp-loop3
