==============================================
Starting time (of array_subjob 484319_137):
Sat Mar 28 10:43:34 AM CET 2026
(True, True)
(True, False)
(True, False)
Current time: 2026-03-28 10:43:49.102031 

True
METHOD = 'diofantos'
DEGREE = 3
SCALE = 3000
  all_datasets = 2257
pds0137.csv:
  gt_rhs = '9*v*x + 10*v - 4*x - 1'
d_max = 1
d_max = 2
   target = 9*v*x + 10*v - 4*x - 1
['9*v*x + 10*v - 4*x - 1']
  is_equivalent = True
  total_successes = 1, success_rate = 1.0
DEGREE = 3:
METHOD = 'diofantos':


Whole evaluation from the beginning of the script took:
 5.8 seconds, i.e. 0.1 minutes or 0.002 hours.

Current time: 2026-03-28 10:43:54.949608
Sat Mar 28 10:43:55 AM CET 2026
this is oei.sh 0 poltrd-dp-loop3 0 999    doing   doones job_id 484319 task_id 0 * 1000 + 137 --exper_id poltrd-dp-loop3
