==============================================
Starting time (of array_subjob 484319_162):
Sat Mar 28 10:43:35 AM CET 2026
(True, True)
(True, False)
(True, False)
Current time: 2026-03-28 10:43:49.090607 

True
METHOD = 'diofantos'
DEGREE = 3
SCALE = 3000
  all_datasets = 2257
pds0162.csv:
  gt_rhs = 'v*y + 2*w + 7'
d_max = 1
d_max = 2
   target = v*y + 2*w + 7
['v*y + 2*w + 7']
  is_equivalent = True
  total_successes = 1, success_rate = 1.0
DEGREE = 3:
METHOD = 'diofantos':


Whole evaluation from the beginning of the script took:
 5.5 seconds, i.e. 0.09 minutes or 0.002 hours.

Current time: 2026-03-28 10:43:54.569524
Sat Mar 28 10:43:55 AM CET 2026
this is oei.sh 0 poltrd-dp-loop3 0 999    doing   doones job_id 484319 task_id 0 * 1000 + 162 --exper_id poltrd-dp-loop3
