==============================================
Starting time (of array_subjob 484319_243):
Sat Mar 28 10:43:46 AM CET 2026
(True, True)
(True, False)
(True, False)
Current time: 2026-03-28 10:43:51.167700 

True
METHOD = 'diofantos'
DEGREE = 3
SCALE = 3000
  all_datasets = 2257
pds0243.csv:
  gt_rhs = '5*x**2*y + 3*x*y - 6*y + 5'
d_max = 1
d_max = 2
   target = -457773784098554057924012734035*v**2 - 410963652145595747585048008285*v*w + 1173633473500563941340985300015*v*x - 143448890056103257309126905470*v*y - 376326778492783860051918345115*v*z - 3024557429638224166791322242685*v + 361153840973186595297771012410*w**2 - 314836778029843266631788060645*w*x + 526532335865922065508136568470*w*y - 121911070422589864008921185020*w*z + 2412741247610952181586999072850*w + 197979285163375032628547481535*x**2 + 495638372624864652280367099318*x*y + 502148273191382858442807076745*x*z - 4223857285655625936293338729850*x - 280654692612732728026913828135*y**2 - 253590099496069772288664455220*y*z + 695713261724604368103796288879*y + 70265390098525120830731287995*z**2 + 1350295348151115685004156132485*z + 7542680054017066803580389952995
['-457773784098554057924012734035*v**2 - 410963652145595747585048008285*v*w + 1173633473500563941340985300015*v*x - 143448890056103257309126905470*v*y - 376326778492783860051918345115*v*z - 3024557429638224166791322242685*v + 361153840973186595297771012410*w**2 - 314836778029843266631788060645*w*x + 526532335865922065508136568470*w*y - 121911070422589864008921185020*w*z + 2412741247610952181586999072850*w + 197979285163375032628547481535*x**2 + 495638372624864652280367099318*x*y + 502148273191382858442807076745*x*z - 4223857285655625936293338729850*x - 280654692612732728026913828135*y**2 - 253590099496069772288664455220*y*z + 695713261724604368103796288879*y + 70265390098525120830731287995*z**2 + 1350295348151115685004156132485*z + 7542680054017066803580389952995']
  is_equivalent = False
  total_successes = 0, success_rate = 0.0
DEGREE = 3:
METHOD = 'diofantos':


Whole evaluation from the beginning of the script took:
 5.1 seconds, i.e. 0.09 minutes or 0.001 hours.

Current time: 2026-03-28 10:43:56.285506
Sat Mar 28 10:43:56 AM CET 2026
this is oei.sh 0 poltrd-dp-loop3 0 999    doing   doones job_id 484319 task_id 0 * 1000 + 243 --exper_id poltrd-dp-loop3
