==============================================
Starting time (of array_subjob 484319_250):
Sat Mar 28 10:43:47 AM CET 2026
(True, True)
(True, False)
(True, False)
Current time: 2026-03-28 10:43:51.219325 

True
METHOD = 'diofantos'
DEGREE = 3
SCALE = 3000
  all_datasets = 2257
pds0250.csv:
  gt_rhs = '9*w + 9*y'
d_max = 1
   target = 9*w + 9*y
['9*w + 9*y']
  is_equivalent = True
  total_successes = 1, success_rate = 1.0
DEGREE = 3:
METHOD = 'diofantos':


Whole evaluation from the beginning of the script took:
 0.5 seconds, i.e. 0.01 minutes or 0.0 hours.

Current time: 2026-03-28 10:43:51.737844
Sat Mar 28 10:43:52 AM CET 2026
this is oei.sh 0 poltrd-dp-loop3 0 999    doing   doones job_id 484319 task_id 0 * 1000 + 250 --exper_id poltrd-dp-loop3
