==============================================
Starting time (of array_subjob 484319_338):
Sat Mar 28 10:43:56 AM CET 2026
(True, True)
(True, False)
(True, False)
Current time: 2026-03-28 10:44:04.647728 

True
METHOD = 'diofantos'
DEGREE = 3
SCALE = 3000
  all_datasets = 2257
pds0338.csv:
  gt_rhs = '-2*v*w**2'
d_max = 1
d_max = 2
d_max = 3
   target = -2*v*w**2
['-2*v*w**2']
  is_equivalent = True
  total_successes = 1, success_rate = 1.0
DEGREE = 3:
METHOD = 'diofantos':


Whole evaluation from the beginning of the script took:
 151.0 seconds, i.e. 2.52 minutes or 0.042 hours.

Current time: 2026-03-28 10:46:35.615501
Sat Mar 28 10:46:36 AM CET 2026
this is oei.sh 0 poltrd-dp-loop3 0 999    doing   doones job_id 484319 task_id 0 * 1000 + 338 --exper_id poltrd-dp-loop3
