==============================================
Starting time (of array_subjob 484319_349):
Sat Mar 28 10:43:56 AM CET 2026
(True, True)
(True, False)
(True, False)
Current time: 2026-03-28 10:44:04.866416 

True
METHOD = 'diofantos'
DEGREE = 3
SCALE = 3000
  all_datasets = 2257
pds0349.csv:
  gt_rhs = '3*y*z**2 - 1'
d_max = 1
d_max = 2
   target = 615964076114599560645570946158*v**2 - 2368967809796478623752061889969*v*w - 12423540267579776077139365397287*v*x + 6691171640290498695953910100784*v*y + 7594906078244629267626545923709*v*z - 8514422281377399532747368648643*v - 5036046427567689045749431852147*w**2 - 8610349757370598179953851372804*w*x - 3274072739988220345307173902675*w*y + 7489855675194084982383924407664*w*z - 24922892176469893608707744864593*w + 8960052384162706013872043745675*x**2 + 3255234797176974076448987913533*x*y - 14877990208771680975456365252902*x*z - 58432286420220791928243322719005*x - 9430194529954875890757476678252*y**2 + 958174950872825426898630198556*y*z - 4879031226788829671058492113153*y + 10206581764899764833065865060495*z**2 + 67986000502738600439662505525367*z + 215163050654953214384706129003793
['615964076114599560645570946158*v**2 - 2368967809796478623752061889969*v*w - 12423540267579776077139365397287*v*x + 6691171640290498695953910100784*v*y + 7594906078244629267626545923709*v*z - 8514422281377399532747368648643*v - 5036046427567689045749431852147*w**2 - 8610349757370598179953851372804*w*x - 3274072739988220345307173902675*w*y + 7489855675194084982383924407664*w*z - 24922892176469893608707744864593*w + 8960052384162706013872043745675*x**2 + 3255234797176974076448987913533*x*y - 14877990208771680975456365252902*x*z - 58432286420220791928243322719005*x - 9430194529954875890757476678252*y**2 + 958174950872825426898630198556*y*z - 4879031226788829671058492113153*y + 10206581764899764833065865060495*z**2 + 67986000502738600439662505525367*z + 215163050654953214384706129003793']
  is_equivalent = False
  total_successes = 0, success_rate = 0.0
DEGREE = 3:
METHOD = 'diofantos':


Whole evaluation from the beginning of the script took:
 5.4 seconds, i.e. 0.09 minutes or 0.001 hours.

Current time: 2026-03-28 10:44:10.222866
Sat Mar 28 10:44:10 AM CET 2026
this is oei.sh 0 poltrd-dp-loop3 0 999    doing   doones job_id 484319 task_id 0 * 1000 + 349 --exper_id poltrd-dp-loop3
