==============================================
Starting time (of array_subjob 484319_351):
Sat Mar 28 10:43:56 AM CET 2026
(True, True)
(True, False)
(True, False)
Current time: 2026-03-28 10:44:05.040857 

True
METHOD = 'diofantos'
DEGREE = 3
SCALE = 3000
  all_datasets = 2257
pds0351.csv:
  gt_rhs = '6*v**2*x*y**2*z**2 + 10*x - 4'
d_max = 1
d_max = 2
   target = 10965619410607210925142580338*v**2 - 8884060017200318683858410492*v*w - 9425818110980923932724653488*v*x - 19543886433535728133184281618*v*y - 13316310194710331341164966898*v*z - 89355334849237031477494451284*v + 17017809817053241399172785668*w**2 - 7931821749228340444133758620*w*x + 19112804513241836228280614022*w*y + 30653264032233946484806216232*w*z + 11731748507333023315993223318*w + 242240991896991028717001440*x**2 + 28196646298523618007006771944*x*y + 8579277025023280945269210940*x*z - 24366170813709525391153070814*x - 12563500583023705663561338544*y**2 - 21412478949418987601247607076*y*z + 31378597181257715322148609700*y + 5817248320721975168215993080*z**2 - 49912569345862512472638796512*z - 517077817463305930441077894796
['10965619410607210925142580338*v**2 - 8884060017200318683858410492*v*w - 9425818110980923932724653488*v*x - 19543886433535728133184281618*v*y - 13316310194710331341164966898*v*z - 89355334849237031477494451284*v + 17017809817053241399172785668*w**2 - 7931821749228340444133758620*w*x + 19112804513241836228280614022*w*y + 30653264032233946484806216232*w*z + 11731748507333023315993223318*w + 242240991896991028717001440*x**2 + 28196646298523618007006771944*x*y + 8579277025023280945269210940*x*z - 24366170813709525391153070814*x - 12563500583023705663561338544*y**2 - 21412478949418987601247607076*y*z + 31378597181257715322148609700*y + 5817248320721975168215993080*z**2 - 49912569345862512472638796512*z - 517077817463305930441077894796']
  is_equivalent = False
  total_successes = 0, success_rate = 0.0
DEGREE = 3:
METHOD = 'diofantos':


Whole evaluation from the beginning of the script took:
 5.1 seconds, i.e. 0.09 minutes or 0.001 hours.

Current time: 2026-03-28 10:44:10.147465
Sat Mar 28 10:44:10 AM CET 2026
this is oei.sh 0 poltrd-dp-loop3 0 999    doing   doones job_id 484319 task_id 0 * 1000 + 351 --exper_id poltrd-dp-loop3
