==============================================
Starting time (of array_subjob 484319_414):
Sat Mar 28 10:43:57 AM CET 2026
(True, True)
(True, False)
(True, False)
Current time: 2026-03-28 10:44:05.628257 

True
METHOD = 'diofantos'
DEGREE = 3
SCALE = 3000
  all_datasets = 2257
pds0414.csv:
  gt_rhs = '4*v*z - 4*x'
d_max = 1
d_max = 2
   target = 4*v*z - 4*x
['4*v*z - 4*x']
  is_equivalent = True
  total_successes = 1, success_rate = 1.0
DEGREE = 3:
METHOD = 'diofantos':


Whole evaluation from the beginning of the script took:
 4.9 seconds, i.e. 0.08 minutes or 0.001 hours.

Current time: 2026-03-28 10:44:10.506380
Sat Mar 28 10:44:10 AM CET 2026
this is oei.sh 0 poltrd-dp-loop3 0 999    doing   doones job_id 484319 task_id 0 * 1000 + 414 --exper_id poltrd-dp-loop3
