==============================================
Starting time (of array_subjob 484319_439):
Sat Mar 28 10:43:57 AM CET 2026
(True, True)
(True, False)
(True, False)
Current time: 2026-03-28 10:44:01.346240 

True
METHOD = 'diofantos'
DEGREE = 3
SCALE = 3000
  all_datasets = 2257
pds0439.csv:
  gt_rhs = '-3*w*x - 6*x*y*z - 2*y + 1'
d_max = 1
d_max = 2
   target = -25774862074002632927298324587*v**2 + 22158008187868500963593051036*v*w + 42945097957094155502310192274*v*x + 17721226159971583928494377552*v*y - 33978995883133822933221609256*v*z + 602989671466328114801916091707*v - 9248726724133232025370741010*w**2 + 90103663202946489818835917359*w*x + 75336242684987279705234538456*w*y - 83015053935679428686190622294*w*z + 493043884750604900361377241642*w + 126423567930634310801203205990*x**2 + 143355926173297599211884523616*x*y - 7030135139380906393027371362*x*z - 65686114718492795477870055534*x + 171726133107463464394573284159*y**2 + 11505405862672008867381517774*y*z + 466511551955402863680986768555*y - 102941554030262700924161452773*z**2 - 42034915334792200094947066283*z - 3662468124490394829033916269271
['-25774862074002632927298324587*v**2 + 22158008187868500963593051036*v*w + 42945097957094155502310192274*v*x + 17721226159971583928494377552*v*y - 33978995883133822933221609256*v*z + 602989671466328114801916091707*v - 9248726724133232025370741010*w**2 + 90103663202946489818835917359*w*x + 75336242684987279705234538456*w*y - 83015053935679428686190622294*w*z + 493043884750604900361377241642*w + 126423567930634310801203205990*x**2 + 143355926173297599211884523616*x*y - 7030135139380906393027371362*x*z - 65686114718492795477870055534*x + 171726133107463464394573284159*y**2 + 11505405862672008867381517774*y*z + 466511551955402863680986768555*y - 102941554030262700924161452773*z**2 - 42034915334792200094947066283*z - 3662468124490394829033916269271']
  is_equivalent = False
  total_successes = 0, success_rate = 0.0
DEGREE = 3:
METHOD = 'diofantos':


Whole evaluation from the beginning of the script took:
 5.2 seconds, i.e. 0.09 minutes or 0.001 hours.

Current time: 2026-03-28 10:44:06.558620
Sat Mar 28 10:44:07 AM CET 2026
this is oei.sh 0 poltrd-dp-loop3 0 999    doing   doones job_id 484319 task_id 0 * 1000 + 439 --exper_id poltrd-dp-loop3
