==============================================
Starting time (of array_subjob 484319_443):
Sat Mar 28 10:43:59 AM CET 2026
(True, True)
(True, False)
(True, False)
Current time: 2026-03-28 10:44:03.254903 

True
METHOD = 'diofantos'
DEGREE = 3
SCALE = 3000
  all_datasets = 2257
pds0443.csv:
  gt_rhs = '6*v*y*z + 9*z + 4'
d_max = 1
d_max = 2
   target = 42267925528911020198043630234*v**2 - 122676865730320472647451328738*v*w + 342638383860075222818852133282*v*x + 129483991100655185856402284958*v*y + 28456169334358183701457319076*v*z - 161398582420737146966566708920*v + 29326284174820461171586370034*w**2 - 31143062769618104900707183626*w*x - 153865498539369622728040077924*w*y - 93812141012029983703923852855*w*z - 842168521123528732067139480072*w + 28371364620275202533702881746*x**2 - 170623335796005862349189988828*x*y + 118587153852342664598061777624*x*z + 604199949402229629880630292688*x - 292085364778250115033702828036*y**2 + 132066702906219272662280058597*y*z + 614212522210772201762838046362*y - 105296095923943673694659047239*z**2 - 167790495020057984433842282244*z + 5218132073769281303159885358466
['42267925528911020198043630234*v**2 - 122676865730320472647451328738*v*w + 342638383860075222818852133282*v*x + 129483991100655185856402284958*v*y + 28456169334358183701457319076*v*z - 161398582420737146966566708920*v + 29326284174820461171586370034*w**2 - 31143062769618104900707183626*w*x - 153865498539369622728040077924*w*y - 93812141012029983703923852855*w*z - 842168521123528732067139480072*w + 28371364620275202533702881746*x**2 - 170623335796005862349189988828*x*y + 118587153852342664598061777624*x*z + 604199949402229629880630292688*x - 292085364778250115033702828036*y**2 + 132066702906219272662280058597*y*z + 614212522210772201762838046362*y - 105296095923943673694659047239*z**2 - 167790495020057984433842282244*z + 5218132073769281303159885358466']
  is_equivalent = False
  total_successes = 0, success_rate = 0.0
DEGREE = 3:
METHOD = 'diofantos':


Whole evaluation from the beginning of the script took:
 5.1 seconds, i.e. 0.09 minutes or 0.001 hours.

Current time: 2026-03-28 10:44:08.366305
Sat Mar 28 10:44:08 AM CET 2026
this is oei.sh 0 poltrd-dp-loop3 0 999    doing   doones job_id 484319 task_id 0 * 1000 + 443 --exper_id poltrd-dp-loop3
