==============================================
Starting time (of array_subjob 484319_442):
Sat Mar 28 10:43:58 AM CET 2026
(True, True)
(True, False)
(True, False)
Current time: 2026-03-28 10:44:02.552810 

True
METHOD = 'diofantos'
DEGREE = 3
SCALE = 3000
  all_datasets = 2257
pds0442.csv:
  gt_rhs = '4*v**3*w*x*y'
d_max = 1
d_max = 2
   target = 39453193882597975479983358176*v**2 - 120069068756080775504316729192*v*w + 34152005789588035591350759152*v*x - 105114983431353371736238922040*v*y + 23649010984262725138199546104*v*z + 1255178454786282735413792314904*v - 54219448151099094804922075232*w**2 - 45103218710394568039900242260*w*x + 38136178344066398744740514652*w*y + 48535513465392238603547743808*w*z - 244117243494902112167389788108*w - 20853265701190254560668286020*x**2 - 50029829042930678147863903044*x*y - 76806922014042858012386084224*x*z + 365926433998671818978513965216*x + 5833114713054658216135185016*y**2 + 190772554682137944437360480864*y*z - 80917090231048231087423982524*y - 114466764004775697701132074868*z**2 - 1277409383044180931694077964052*z + 5732262299510945038588102865556
['39453193882597975479983358176*v**2 - 120069068756080775504316729192*v*w + 34152005789588035591350759152*v*x - 105114983431353371736238922040*v*y + 23649010984262725138199546104*v*z + 1255178454786282735413792314904*v - 54219448151099094804922075232*w**2 - 45103218710394568039900242260*w*x + 38136178344066398744740514652*w*y + 48535513465392238603547743808*w*z - 244117243494902112167389788108*w - 20853265701190254560668286020*x**2 - 50029829042930678147863903044*x*y - 76806922014042858012386084224*x*z + 365926433998671818978513965216*x + 5833114713054658216135185016*y**2 + 190772554682137944437360480864*y*z - 80917090231048231087423982524*y - 114466764004775697701132074868*z**2 - 1277409383044180931694077964052*z + 5732262299510945038588102865556']
  is_equivalent = False
  total_successes = 0, success_rate = 0.0
DEGREE = 3:
METHOD = 'diofantos':


Whole evaluation from the beginning of the script took:
 4.9 seconds, i.e. 0.08 minutes or 0.001 hours.

Current time: 2026-03-28 10:44:07.481567
Sat Mar 28 10:44:08 AM CET 2026
this is oei.sh 0 poltrd-dp-loop3 0 999    doing   doones job_id 484319 task_id 0 * 1000 + 442 --exper_id poltrd-dp-loop3
