==============================================
Starting time (of array_subjob 484319_440):
Sat Mar 28 10:43:57 AM CET 2026
(True, True)
(True, False)
(True, False)
Current time: 2026-03-28 10:44:01.438549 

True
METHOD = 'diofantos'
DEGREE = 3
SCALE = 3000
  all_datasets = 2257
pds0440.csv:
  gt_rhs = '-7*v*w**2 + 7*v - x*y + 9'
d_max = 1
d_max = 2
d_max = 3
   target = -7*v*w**2 + 7*v - x*y + 9
['-7*v*w**2 + 7*v - x*y + 9']
  is_equivalent = True
  total_successes = 1, success_rate = 1.0
DEGREE = 3:
METHOD = 'diofantos':


Whole evaluation from the beginning of the script took:
 168.9 seconds, i.e. 2.81 minutes or 0.047 hours.

Current time: 2026-03-28 10:46:50.336071
Sat Mar 28 10:46:50 AM CET 2026
this is oei.sh 0 poltrd-dp-loop3 0 999    doing   doones job_id 484319 task_id 0 * 1000 + 440 --exper_id poltrd-dp-loop3
