==============================================
Starting time (of array_subjob 484319_451):
Sat Mar 28 10:44:00 AM CET 2026
(True, True)
(True, False)
(True, False)
Current time: 2026-03-28 10:44:04.028528 

True
METHOD = 'diofantos'
DEGREE = 3
SCALE = 3000
  all_datasets = 2257
pds0451.csv:
  gt_rhs = '-9*v*w - 7*y'
d_max = 1
d_max = 2
   target = -9*v*w - 7*y
['-9*v*w - 7*y']
  is_equivalent = True
  total_successes = 1, success_rate = 1.0
DEGREE = 3:
METHOD = 'diofantos':


Whole evaluation from the beginning of the script took:
 4.5 seconds, i.e. 0.07 minutes or 0.001 hours.

Current time: 2026-03-28 10:44:08.489842
Sat Mar 28 10:44:09 AM CET 2026
this is oei.sh 0 poltrd-dp-loop3 0 999    doing   doones job_id 484319 task_id 0 * 1000 + 451 --exper_id poltrd-dp-loop3
