==============================================
Starting time (of array_subjob 484319_469):
Sat Mar 28 10:44:02 AM CET 2026
(True, True)
(True, False)
(True, False)
Current time: 2026-03-28 10:44:06.636751 

True
METHOD = 'diofantos'
DEGREE = 3
SCALE = 3000
  all_datasets = 2257
pds0469.csv:
  gt_rhs = '-3*v*w*z - 6*y'
d_max = 1
d_max = 2
   target = -1730582547661296586447841147*v**2 + 165453737526761831647067543*v*w + 5694401377388901422576939765*v*x - 1903623490320516309547415920*v*y - 747549430420684642287618820*v*z - 28084531409091293613737750675*v - 5293334828575287750805325962*w**2 - 4901221644944831112035922705*w*x + 3670436069960171497143797882*w*y + 4957193658473625828673119724*w*z - 10837854861939171678096066120*w - 187440515447596062062401122*x**2 + 2028744022905492123232930455*x*y + 8117623089452942468579291417*x*z - 42595537129333448902988009429*x + 3299675862776914321003150254*y**2 + 1401428793357339761433626691*y*z + 10399509465982496427582466783*y + 2277676909245735164279356581*z**2 + 13047798693576642497761147643*z + 231460136755385401270348308088
['-1730582547661296586447841147*v**2 + 165453737526761831647067543*v*w + 5694401377388901422576939765*v*x - 1903623490320516309547415920*v*y - 747549430420684642287618820*v*z - 28084531409091293613737750675*v - 5293334828575287750805325962*w**2 - 4901221644944831112035922705*w*x + 3670436069960171497143797882*w*y + 4957193658473625828673119724*w*z - 10837854861939171678096066120*w - 187440515447596062062401122*x**2 + 2028744022905492123232930455*x*y + 8117623089452942468579291417*x*z - 42595537129333448902988009429*x + 3299675862776914321003150254*y**2 + 1401428793357339761433626691*y*z + 10399509465982496427582466783*y + 2277676909245735164279356581*z**2 + 13047798693576642497761147643*z + 231460136755385401270348308088']
  is_equivalent = False
  total_successes = 0, success_rate = 0.0
DEGREE = 3:
METHOD = 'diofantos':


Whole evaluation from the beginning of the script took:
 5.0 seconds, i.e. 0.08 minutes or 0.001 hours.

Current time: 2026-03-28 10:44:11.631960
Sat Mar 28 10:44:12 AM CET 2026
this is oei.sh 0 poltrd-dp-loop3 0 999    doing   doones job_id 484319 task_id 0 * 1000 + 469 --exper_id poltrd-dp-loop3
