==============================================
Starting time (of array_subjob 484319_487):
Sat Mar 28 10:44:04 AM CET 2026
(True, True)
(True, False)
(True, False)
Current time: 2026-03-28 10:44:08.630082 

True
METHOD = 'diofantos'
DEGREE = 3
SCALE = 3000
  all_datasets = 2257
pds0487.csv:
  gt_rhs = 'w**3*z**2 + 8'
d_max = 1
d_max = 2
   target = 10276978007460265572097360713*v**2 + 1284153009351785988314541370*v*w + 11055008780951219239269226700*v*x - 8358962466274587909545201788*v*y + 10893147753343090833951860550*v*z - 85475981150493586983857507367*v - 3775188000310147123113110738*w**2 + 66844438738212757160128432*w*x - 9591047861840150401416906501*w*y - 5531686579604159511410912896*w*z - 61282919039951460524708697897*w + 6859137245692201039961407135*x**2 + 5903390285871000658849420697*x*y + 6058288035098540950691389925*x*z + 12707618812907301419243872376*x - 20163250857159517210375593867*y**2 - 9867190953006243667012683301*y*z - 81091179211050728981524907378*y + 6673477095671132328743587992*z**2 - 58408306935315655064979614319*z - 148335205987569833740883684665
['10276978007460265572097360713*v**2 + 1284153009351785988314541370*v*w + 11055008780951219239269226700*v*x - 8358962466274587909545201788*v*y + 10893147753343090833951860550*v*z - 85475981150493586983857507367*v - 3775188000310147123113110738*w**2 + 66844438738212757160128432*w*x - 9591047861840150401416906501*w*y - 5531686579604159511410912896*w*z - 61282919039951460524708697897*w + 6859137245692201039961407135*x**2 + 5903390285871000658849420697*x*y + 6058288035098540950691389925*x*z + 12707618812907301419243872376*x - 20163250857159517210375593867*y**2 - 9867190953006243667012683301*y*z - 81091179211050728981524907378*y + 6673477095671132328743587992*z**2 - 58408306935315655064979614319*z - 148335205987569833740883684665']
  is_equivalent = False
  total_successes = 0, success_rate = 0.0
DEGREE = 3:
METHOD = 'diofantos':


Whole evaluation from the beginning of the script took:
 5.4 seconds, i.e. 0.09 minutes or 0.002 hours.

Current time: 2026-03-28 10:44:14.079620
Sat Mar 28 10:44:14 AM CET 2026
this is oei.sh 0 poltrd-dp-loop3 0 999    doing   doones job_id 484319 task_id 0 * 1000 + 487 --exper_id poltrd-dp-loop3
