==============================================
Starting time (of array_subjob 484319_499):
Sat Mar 28 10:44:04 AM CET 2026
(True, True)
(True, False)
(True, False)
Current time: 2026-03-28 10:44:09.717871 

True
METHOD = 'diofantos'
DEGREE = 3
SCALE = 3000
  all_datasets = 2257
pds0499.csv:
  gt_rhs = '-w - 5*x**2*y + 10'
d_max = 1
d_max = 2
   target = 2872617494074470948352323229663*v**2 - 13012946872151074002316801482934*v*w + 18151533551279834837506355576970*v*x + 1644218139414294334061894885510*v*y - 13654919106424024792308455325870*v*z + 59055162301185226189657981443915*v - 24992111353657077120022784244502*w**2 + 6658603361780648771861118696564*w*x + 10332304146991333335423449684994*w*y - 10185034544990056831693270553102*w*z + 143410383165385081941554466232307*w + 17070921230396677203965691838105*x**2 - 25084726846059597780847359770979*x*y - 29239028999984067146525384320746*x*z - 38665944364404170990553904906147*x + 7518709659838188390977844650216*y**2 + 14304535558530914562115586463650*y*z - 24023371564380168362859903868970*y + 10056668175180015486279822462681*z**2 + 11127101397267623256633572678867*z - 203782840321162822886613732287784
['2872617494074470948352323229663*v**2 - 13012946872151074002316801482934*v*w + 18151533551279834837506355576970*v*x + 1644218139414294334061894885510*v*y - 13654919106424024792308455325870*v*z + 59055162301185226189657981443915*v - 24992111353657077120022784244502*w**2 + 6658603361780648771861118696564*w*x + 10332304146991333335423449684994*w*y - 10185034544990056831693270553102*w*z + 143410383165385081941554466232307*w + 17070921230396677203965691838105*x**2 - 25084726846059597780847359770979*x*y - 29239028999984067146525384320746*x*z - 38665944364404170990553904906147*x + 7518709659838188390977844650216*y**2 + 14304535558530914562115586463650*y*z - 24023371564380168362859903868970*y + 10056668175180015486279822462681*z**2 + 11127101397267623256633572678867*z - 203782840321162822886613732287784']
  is_equivalent = False
  total_successes = 0, success_rate = 0.0
DEGREE = 3:
METHOD = 'diofantos':


Whole evaluation from the beginning of the script took:
 5.4 seconds, i.e. 0.09 minutes or 0.001 hours.

Current time: 2026-03-28 10:44:15.100152
Sat Mar 28 10:44:15 AM CET 2026
this is oei.sh 0 poltrd-dp-loop3 0 999    doing   doones job_id 484319 task_id 0 * 1000 + 499 --exper_id poltrd-dp-loop3
