==============================================
Starting time (of array_subjob 484319_491):
Sat Mar 28 10:44:04 AM CET 2026
(True, True)
(True, False)
(True, False)
Current time: 2026-03-28 10:44:09.261922 

True
METHOD = 'diofantos'
DEGREE = 3
SCALE = 3000
  all_datasets = 2257
pds0491.csv:
  gt_rhs = '5*v*x*z + 10*x'
d_max = 1
d_max = 2
d_max = 3
   target = 5*v*x*z + 10*x
['5*v*x*z + 10*x']
  is_equivalent = True
  total_successes = 1, success_rate = 1.0
DEGREE = 3:
METHOD = 'diofantos':


Whole evaluation from the beginning of the script took:
 154.1 seconds, i.e. 2.57 minutes or 0.043 hours.

Current time: 2026-03-28 10:46:43.336874
Sat Mar 28 10:46:43 AM CET 2026
this is oei.sh 0 poltrd-dp-loop3 0 999    doing   doones job_id 484319 task_id 0 * 1000 + 491 --exper_id poltrd-dp-loop3
