==============================================
Starting time (of array_subjob 484319_552):
Sat Mar 28 10:44:11 AM CET 2026
(True, True)
(True, False)
(True, False)
Current time: 2026-03-28 10:44:14.845444 

True
METHOD = 'diofantos'
DEGREE = 3
SCALE = 3000
  all_datasets = 2257
pds0552.csv:
  gt_rhs = '-v**3 - 10*x*z + 3*y - 2'
d_max = 1
d_max = 2
d_max = 3
   target = -v**3 - 10*x*z + 3*y - 2
['-v**3 - 10*x*z + 3*y - 2']
  is_equivalent = True
  total_successes = 1, success_rate = 1.0
DEGREE = 3:
METHOD = 'diofantos':


Whole evaluation from the beginning of the script took:
 166.2 seconds, i.e. 2.77 minutes or 0.046 hours.

Current time: 2026-03-28 10:47:01.037171
Sat Mar 28 10:47:01 AM CET 2026
this is oei.sh 0 poltrd-dp-loop3 0 999    doing   doones job_id 484319 task_id 0 * 1000 + 552 --exper_id poltrd-dp-loop3
