==============================================
Starting time (of array_subjob 484319_581):
Sat Mar 28 10:44:12 AM CET 2026
(True, True)
(True, False)
(True, False)
Current time: 2026-03-28 10:44:17.683791 

True
METHOD = 'diofantos'
DEGREE = 3
SCALE = 3000
  all_datasets = 2257
pds0581.csv:
  gt_rhs = '5*v*x*y + 6*w*x*y - 6'
d_max = 1
d_max = 2
d_max = 3
   target = 5*v*x*y + 6*w*x*y - 6
['5*v*x*y + 6*w*x*y - 6']
  is_equivalent = True
  total_successes = 1, success_rate = 1.0
DEGREE = 3:
METHOD = 'diofantos':


Whole evaluation from the beginning of the script took:
 164.0 seconds, i.e. 2.73 minutes or 0.046 hours.

Current time: 2026-03-28 10:47:01.715241
Sat Mar 28 10:47:02 AM CET 2026
this is oei.sh 0 poltrd-dp-loop3 0 999    doing   doones job_id 484319 task_id 0 * 1000 + 581 --exper_id poltrd-dp-loop3
