==============================================
Starting time (of array_subjob 484319_715):
Sat Mar 28 10:44:24 AM CET 2026
(True, True)
(True, False)
(True, False)
Current time: 2026-03-28 10:44:28.444374 

True
METHOD = 'diofantos'
DEGREE = 3
SCALE = 3000
  all_datasets = 2257
pds0715.csv:
  gt_rhs = '-7*v*y*z + 3*v - 2'
d_max = 1
d_max = 2
d_max = 3
   target = -7*v*y*z + 3*v - 2
['-7*v*y*z + 3*v - 2']
  is_equivalent = True
  total_successes = 1, success_rate = 1.0
DEGREE = 3:
METHOD = 'diofantos':


Whole evaluation from the beginning of the script took:
 153.0 seconds, i.e. 2.55 minutes or 0.042 hours.

Current time: 2026-03-28 10:47:01.402557
Sat Mar 28 10:47:01 AM CET 2026
this is oei.sh 0 poltrd-dp-loop3 0 999    doing   doones job_id 484319 task_id 0 * 1000 + 715 --exper_id poltrd-dp-loop3
