==============================================
Starting time (of array_subjob 484319_714):
Sat Mar 28 10:44:23 AM CET 2026
(True, True)
(True, False)
(True, False)
Current time: 2026-03-28 10:44:28.356750 

True
METHOD = 'diofantos'
DEGREE = 3
SCALE = 3000
  all_datasets = 2257
pds0714.csv:
  gt_rhs = '9*w**2 - w*y*z'
d_max = 1
d_max = 2
   target = -612878173851476491865421807279*v**2 - 209729309616097198578420049447*v*w - 290529323342039952726909679050*v*x - 337729704440260538996798175080*v*y - 189252425316543214045069640773*v*z - 319584503217507503562716114369*v + 885745744566844598908344243*w**2 + 325598179840964917388672146801*w*x - 277382567924367556178461617819*w*y + 419772942596032705392655852573*w*z + 52296612909223353028494672068*w + 45564345728921417004422513270*x**2 - 324668713795903882820185643172*x*y + 71187530963456578491170172715*x*z - 451343351161374011083036345412*x + 303749856963698262736999488582*y**2 + 94320264925952441162298108735*y*z + 1555591983061984123161328652482*y + 885235826688283890926846664734*z**2 - 379974627859485327473547667548*z - 7151879173831349310445561372034
['-612878173851476491865421807279*v**2 - 209729309616097198578420049447*v*w - 290529323342039952726909679050*v*x - 337729704440260538996798175080*v*y - 189252425316543214045069640773*v*z - 319584503217507503562716114369*v + 885745744566844598908344243*w**2 + 325598179840964917388672146801*w*x - 277382567924367556178461617819*w*y + 419772942596032705392655852573*w*z + 52296612909223353028494672068*w + 45564345728921417004422513270*x**2 - 324668713795903882820185643172*x*y + 71187530963456578491170172715*x*z - 451343351161374011083036345412*x + 303749856963698262736999488582*y**2 + 94320264925952441162298108735*y*z + 1555591983061984123161328652482*y + 885235826688283890926846664734*z**2 - 379974627859485327473547667548*z - 7151879173831349310445561372034']
  is_equivalent = False
  total_successes = 0, success_rate = 0.0
DEGREE = 3:
METHOD = 'diofantos':


Whole evaluation from the beginning of the script took:
 5.4 seconds, i.e. 0.09 minutes or 0.002 hours.

Current time: 2026-03-28 10:44:33.793145
Sat Mar 28 10:44:34 AM CET 2026
this is oei.sh 0 poltrd-dp-loop3 0 999    doing   doones job_id 484319 task_id 0 * 1000 + 714 --exper_id poltrd-dp-loop3
