==============================================
Starting time (of array_subjob 484319_735):
Sat Mar 28 10:44:26 AM CET 2026
(True, True)
(True, False)
(True, False)
Current time: 2026-03-28 10:44:29.793503 

True
METHOD = 'diofantos'
DEGREE = 3
SCALE = 3000
  all_datasets = 2257
pds0735.csv:
  gt_rhs = '-3*x*y*z - 5*y + 7'
d_max = 1
d_max = 2
d_max = 3
   target = -3*x*y*z - 5*y + 7
['-3*x*y*z - 5*y + 7']
  is_equivalent = True
  total_successes = 1, success_rate = 1.0
DEGREE = 3:
METHOD = 'diofantos':


Whole evaluation from the beginning of the script took:
 146.4 seconds, i.e. 2.44 minutes or 0.041 hours.

Current time: 2026-03-28 10:46:56.199834
Sat Mar 28 10:46:56 AM CET 2026
this is oei.sh 0 poltrd-dp-loop3 0 999    doing   doones job_id 484319 task_id 0 * 1000 + 735 --exper_id poltrd-dp-loop3
