==============================================
Starting time (of array_subjob 484319_760):
Sat Mar 28 10:44:30 AM CET 2026
(True, True)
(True, False)
(True, False)
Current time: 2026-03-28 10:44:34.084334 

True
METHOD = 'diofantos'
DEGREE = 3
SCALE = 3000
  all_datasets = 2257
pds0760.csv:
  gt_rhs = '-3*v*x*y*z**2 - 7*y'
d_max = 1
d_max = 2
   target = 729579428610129288205868706*v**2 + 2559030433132437861349092243*v*w + 780796985076790407990897204*v*x - 1643563035053405948617041213*v*y + 2482291229947936587264454878*v*z - 6591226922624240006334533286*v + 1405557445760430791894239176*w**2 + 164315370957010255923650214*w*x + 756248593702657909900819845*w*y + 699330188009007009594390420*w*z + 7880140679170640424967760304*w - 448294664042410994539369764*x**2 - 2020942425870476033777845839*x*y + 70468169735234650870161375*x*z + 6114608881179507791821891767*x + 68074010075567194986380394*y**2 - 203306731672724900527321482*y*z - 3741499814853882705177767728*y + 300692432655368305546695360*z**2 + 12551152295139740985738888132*z - 79679665898795954633597301012
['729579428610129288205868706*v**2 + 2559030433132437861349092243*v*w + 780796985076790407990897204*v*x - 1643563035053405948617041213*v*y + 2482291229947936587264454878*v*z - 6591226922624240006334533286*v + 1405557445760430791894239176*w**2 + 164315370957010255923650214*w*x + 756248593702657909900819845*w*y + 699330188009007009594390420*w*z + 7880140679170640424967760304*w - 448294664042410994539369764*x**2 - 2020942425870476033777845839*x*y + 70468169735234650870161375*x*z + 6114608881179507791821891767*x + 68074010075567194986380394*y**2 - 203306731672724900527321482*y*z - 3741499814853882705177767728*y + 300692432655368305546695360*z**2 + 12551152295139740985738888132*z - 79679665898795954633597301012']
  is_equivalent = False
  total_successes = 0, success_rate = 0.0
DEGREE = 3:
METHOD = 'diofantos':


Whole evaluation from the beginning of the script took:
 4.7 seconds, i.e. 0.08 minutes or 0.001 hours.

Current time: 2026-03-28 10:44:38.792649
Sat Mar 28 10:44:39 AM CET 2026
this is oei.sh 0 poltrd-dp-loop3 0 999    doing   doones job_id 484319 task_id 0 * 1000 + 760 --exper_id poltrd-dp-loop3
