==============================================
Starting time (of array_subjob 484319_785):
Sat Mar 28 10:44:33 AM CET 2026
(True, True)
(True, False)
(True, False)
Current time: 2026-03-28 10:44:37.432054 

True
METHOD = 'diofantos'
DEGREE = 3
SCALE = 3000
  all_datasets = 2257
pds0785.csv:
  gt_rhs = 'v*x*z + 2*y - 1'
d_max = 1
d_max = 2
d_max = 3
   target = v*x*z + 2*y - 1
['v*x*z + 2*y - 1']
  is_equivalent = True
  total_successes = 1, success_rate = 1.0
DEGREE = 3:
METHOD = 'diofantos':


Whole evaluation from the beginning of the script took:
 164.4 seconds, i.e. 2.74 minutes or 0.046 hours.

Current time: 2026-03-28 10:47:21.835190
Sat Mar 28 10:47:22 AM CET 2026
this is oei.sh 0 poltrd-dp-loop3 0 999    doing   doones job_id 484319 task_id 0 * 1000 + 785 --exper_id poltrd-dp-loop3
