==============================================
Starting time (of array_subjob 484319_809):
Sat Mar 28 10:44:35 AM CET 2026
(True, True)
(True, False)
(True, False)
Current time: 2026-03-28 10:44:38.970369 

True
METHOD = 'diofantos'
DEGREE = 3
SCALE = 3000
  all_datasets = 2257
pds0809.csv:
  gt_rhs = '9*v**2*y**2'
d_max = 1
d_max = 2
   target = 18222024505691734191922936993*v**2 - 60414075714656058262440734698*v*w + 53402482519904150737496391464*v*x + 29223077168906787958138136715*v*y - 34619638053523060936256221104*v*z + 390463498359346861701359842963*v - 77757461098957424326583663827*w**2 - 48935907258523903697971701704*w*x + 52623529935637562856909822738*w*y + 105426103420924920096702260346*w*z - 240702492512748389204112732911*w - 41356888943992783706268179869*x**2 + 18087508315686314125206055724*x*y + 53385962281790304758140503298*x*z + 66587606076625552135887260259*x - 55647176243403477981815123945*y**2 - 9920787572557074555751758548*y*z + 53177947481361407964798301173*y - 42274694847539924461440045880*z**2 - 148699978353665261987651836914*z + 5168280991887492928390514252956
['18222024505691734191922936993*v**2 - 60414075714656058262440734698*v*w + 53402482519904150737496391464*v*x + 29223077168906787958138136715*v*y - 34619638053523060936256221104*v*z + 390463498359346861701359842963*v - 77757461098957424326583663827*w**2 - 48935907258523903697971701704*w*x + 52623529935637562856909822738*w*y + 105426103420924920096702260346*w*z - 240702492512748389204112732911*w - 41356888943992783706268179869*x**2 + 18087508315686314125206055724*x*y + 53385962281790304758140503298*x*z + 66587606076625552135887260259*x - 55647176243403477981815123945*y**2 - 9920787572557074555751758548*y*z + 53177947481361407964798301173*y - 42274694847539924461440045880*z**2 - 148699978353665261987651836914*z + 5168280991887492928390514252956']
  is_equivalent = False
  total_successes = 0, success_rate = 0.0
DEGREE = 3:
METHOD = 'diofantos':


Whole evaluation from the beginning of the script took:
 5.5 seconds, i.e. 0.09 minutes or 0.002 hours.

Current time: 2026-03-28 10:44:44.485943
Sat Mar 28 10:44:45 AM CET 2026
this is oei.sh 0 poltrd-dp-loop3 0 999    doing   doones job_id 484319 task_id 0 * 1000 + 809 --exper_id poltrd-dp-loop3
