==============================================
Starting time (of array_subjob 484319_800):
Sat Mar 28 10:44:34 AM CET 2026
(True, True)
(True, False)
(True, False)
Current time: 2026-03-28 10:44:38.901866 

True
METHOD = 'diofantos'
DEGREE = 3
SCALE = 3000
  all_datasets = 2257
pds0800.csv:
  gt_rhs = '-4*v*x*y'
d_max = 1
d_max = 2
   target = 23735043380472457567152363801*v**2 + 26776064634994320982829767740*v*w - 70629753670428211418671545227*v*x + 77883629625359924301624222342*v*y - 25608178773389671587556964358*v*z + 488895870404892245124461850015*v - 9095418771288371171624802846*w**2 - 98709408592164947249486668559*w*x - 20510210253590063749309622884*w*y + 14458609780804531340912892627*w*z + 377992735584894872660699044450*w + 33853568665967332301929167198*x**2 - 15568766605359785809170670296*x*y + 27043079281610144144085159262*x*z + 163322933236247859845854530001*x - 57198276349430863221495265793*y**2 + 28437461296730774683877543515*y*z + 174984767753374405383790717341*y + 81511279914095536055730779208*z**2 + 7433449150432267140086110317*z - 2775737699238970603407007988078
['23735043380472457567152363801*v**2 + 26776064634994320982829767740*v*w - 70629753670428211418671545227*v*x + 77883629625359924301624222342*v*y - 25608178773389671587556964358*v*z + 488895870404892245124461850015*v - 9095418771288371171624802846*w**2 - 98709408592164947249486668559*w*x - 20510210253590063749309622884*w*y + 14458609780804531340912892627*w*z + 377992735584894872660699044450*w + 33853568665967332301929167198*x**2 - 15568766605359785809170670296*x*y + 27043079281610144144085159262*x*z + 163322933236247859845854530001*x - 57198276349430863221495265793*y**2 + 28437461296730774683877543515*y*z + 174984767753374405383790717341*y + 81511279914095536055730779208*z**2 + 7433449150432267140086110317*z - 2775737699238970603407007988078']
  is_equivalent = False
  total_successes = 0, success_rate = 0.0
DEGREE = 3:
METHOD = 'diofantos':


Whole evaluation from the beginning of the script took:
 5.2 seconds, i.e. 0.09 minutes or 0.001 hours.

Current time: 2026-03-28 10:44:44.149228
Sat Mar 28 10:44:44 AM CET 2026
this is oei.sh 0 poltrd-dp-loop3 0 999    doing   doones job_id 484319 task_id 0 * 1000 + 800 --exper_id poltrd-dp-loop3
