==============================================
Starting time (of array_subjob 484319_968):
Sat Mar 28 10:45:12 AM CET 2026
(True, True)
(True, False)
(True, False)
Current time: 2026-03-28 10:45:15.950914 

True
METHOD = 'diofantos'
DEGREE = 3
SCALE = 3000
  all_datasets = 2257
pds0968.csv:
  gt_rhs = '-10*v**2*z + 4*v - 4'
d_max = 1
d_max = 2
   target = -210630891043602251720263807624*v**2 - 182178628789294328907085073862*v*w + 336322618352213567383208742106*v*x + 268851812713758664063988390736*v*y + 222370374617669689096273650546*v*z + 620317595020334611932190299328*v + 43016052082824241362902225802*w**2 - 64678161104521016936356201150*w*x + 675242515910850076763347641172*w*y + 476482028280086453248782396622*w*z + 608220966067173487287584189656*w - 363226865513493841764459032490*x**2 + 67711777167744753332226389732*x*y - 60815213002969331711924845690*x*z - 1203302157940202491168412978186*x - 33957468379828648312554276578*y**2 - 349057864369866946649633646996*y*z + 3991891250050593636715589632658*y - 224034208502821467531387389814*z**2 + 1708908819092057291487173436426*z + 15548479153729375091945175582848
['-210630891043602251720263807624*v**2 - 182178628789294328907085073862*v*w + 336322618352213567383208742106*v*x + 268851812713758664063988390736*v*y + 222370374617669689096273650546*v*z + 620317595020334611932190299328*v + 43016052082824241362902225802*w**2 - 64678161104521016936356201150*w*x + 675242515910850076763347641172*w*y + 476482028280086453248782396622*w*z + 608220966067173487287584189656*w - 363226865513493841764459032490*x**2 + 67711777167744753332226389732*x*y - 60815213002969331711924845690*x*z - 1203302157940202491168412978186*x - 33957468379828648312554276578*y**2 - 349057864369866946649633646996*y*z + 3991891250050593636715589632658*y - 224034208502821467531387389814*z**2 + 1708908819092057291487173436426*z + 15548479153729375091945175582848']
  is_equivalent = False
  total_successes = 0, success_rate = 0.0
DEGREE = 3:
METHOD = 'diofantos':


Whole evaluation from the beginning of the script took:
 5.3 seconds, i.e. 0.09 minutes or 0.001 hours.

Current time: 2026-03-28 10:45:21.262552
Sat Mar 28 10:45:21 AM CET 2026
this is oei.sh 0 poltrd-dp-loop3 0 999    doing   doones job_id 484319 task_id 0 * 1000 + 968 --exper_id poltrd-dp-loop3
