==============================================
Starting time (of array_subjob 64684964_12):
Mon Mar  2 11:39:06 AM CET 2026
(True, True)
(True, False)
(True, False)
Current time: 2026-03-02 11:39:09.781868 

True
METHOD = 'diofantos'
DEGREE = 3
SCALE = 3
  all_datasets = 2257
start = 2012, end = 2013
task_id = 2012
pds2012.csv:
  gt_rhs = '-3*v*w - 4*v + 9*y - 7'
   target = -3*v*w - 4*v + 9*y - 7
['-3*v*w - 4*v + 9*y - 7']
  is_equivalent = True
  total_successes = 1, success_rate = 1.0


Whole evaluation from the beginning of the script took:
 54.8 seconds, i.e. 0.91 minutes or 0.015 hours.

Current time: 2026-03-02 11:40:04.554968
Mon Mar  2 11:40:04 AM CET 2026
this is oei.sh 2 dopa-deg3 0 260    doing   doones job_id 64684964 task_id 2 * 1000 + 12 --exper_id dopa-deg3
