==============================================
Starting time (of array_subjob 64684964_25):
Mon Mar  2 11:39:06 AM CET 2026
(True, True)
(True, False)
(True, False)
Current time: 2026-03-02 11:39:09.779449 

True
METHOD = 'diofantos'
DEGREE = 3
SCALE = 3
  all_datasets = 2257
start = 2025, end = 2026
task_id = 2025
pds2025.csv:
  gt_rhs = '8*w*x - 10*z'
   target = 8*w*x - 10*z
['8*w*x - 10*z']
  is_equivalent = True
  total_successes = 1, success_rate = 1.0


Whole evaluation from the beginning of the script took:
 54.9 seconds, i.e. 0.92 minutes or 0.015 hours.

Current time: 2026-03-02 11:40:04.687742
Mon Mar  2 11:40:04 AM CET 2026
this is oei.sh 2 dopa-deg3 0 260    doing   doones job_id 64684964 task_id 2 * 1000 + 25 --exper_id dopa-deg3
