==============================================
Starting time (of array_subjob 64684964_31):
Mon Mar  2 11:39:06 AM CET 2026
(True, True)
(True, False)
(True, False)
Current time: 2026-03-02 11:39:09.781581 

True
METHOD = 'diofantos'
DEGREE = 3
SCALE = 3
  all_datasets = 2257
start = 2031, end = 2032
task_id = 2031
pds2031.csv:
  gt_rhs = '10*z'
   target = 10*z
['10*z']
  is_equivalent = True
  total_successes = 1, success_rate = 1.0


Whole evaluation from the beginning of the script took:
 53.3 seconds, i.e. 0.89 minutes or 0.015 hours.

Current time: 2026-03-02 11:40:03.094354
Mon Mar  2 11:40:03 AM CET 2026
this is oei.sh 2 dopa-deg3 0 260    doing   doones job_id 64684964 task_id 2 * 1000 + 31 --exper_id dopa-deg3
