==============================================
Starting time (of array_subjob 64684964_46):
Mon Mar  2 11:39:06 AM CET 2026
(True, True)
(True, False)
(True, False)
Current time: 2026-03-02 11:39:09.781062 

True
METHOD = 'diofantos'
DEGREE = 3
SCALE = 3
  all_datasets = 2257
start = 2046, end = 2047
task_id = 2046
pds2046.csv:
  gt_rhs = '-4*v - 9*w*y*z + 6*y + 6'
   target = -4*v - 9*w*y*z + 6*y + 6
['-4*v - 9*w*y*z + 6*y + 6']
  is_equivalent = True
  total_successes = 1, success_rate = 1.0


Whole evaluation from the beginning of the script took:
 50.9 seconds, i.e. 0.85 minutes or 0.014 hours.

Current time: 2026-03-02 11:40:00.634164
Mon Mar  2 11:40:00 AM CET 2026
this is oei.sh 2 dopa-deg3 0 260    doing   doones job_id 64684964 task_id 2 * 1000 + 46 --exper_id dopa-deg3
