==============================================
Starting time (of array_subjob 64684964_61):
Mon Mar  2 11:39:06 AM CET 2026
(True, True)
(True, False)
(True, False)
Current time: 2026-03-02 11:39:09.777155 

True
METHOD = 'diofantos'
DEGREE = 3
SCALE = 3
  all_datasets = 2257
start = 2061, end = 2062
task_id = 2061
pds2061.csv:
  gt_rhs = '3*v**2 - 2*v*w - 1'
   target = 3*v**2 - 2*v*w - 1
['3*v**2 - 2*v*w - 1']
  is_equivalent = True
  total_successes = 1, success_rate = 1.0


Whole evaluation from the beginning of the script took:
 48.3 seconds, i.e. 0.81 minutes or 0.013 hours.

Current time: 2026-03-02 11:39:58.079403
Mon Mar  2 11:39:58 AM CET 2026
this is oei.sh 2 dopa-deg3 0 260    doing   doones job_id 64684964 task_id 2 * 1000 + 61 --exper_id dopa-deg3
