==============================================
Starting time (of array_subjob 64684964_78):
Mon Mar  2 11:39:06 AM CET 2026
(True, True)
(True, False)
(True, False)
Current time: 2026-03-02 11:39:09.777089 

True
METHOD = 'diofantos'
DEGREE = 3
SCALE = 3
  all_datasets = 2257
start = 2078, end = 2079
task_id = 2078
pds2078.csv:
  gt_rhs = '3*v + 3*z + 2'
   target = 3*v + 3*z + 2
['3*v + 3*z + 2']
  is_equivalent = True
  total_successes = 1, success_rate = 1.0


Whole evaluation from the beginning of the script took:
 52.2 seconds, i.e. 0.87 minutes or 0.014 hours.

Current time: 2026-03-02 11:40:01.934571
Mon Mar  2 11:40:02 AM CET 2026
this is oei.sh 2 dopa-deg3 0 260    doing   doones job_id 64684964 task_id 2 * 1000 + 78 --exper_id dopa-deg3
