==============================================
Starting time (of array_subjob 64684964_95):
Mon Mar  2 11:39:06 AM CET 2026
(True, True)
(True, False)
(True, False)
Current time: 2026-03-02 11:39:09.777467 

True
METHOD = 'diofantos'
DEGREE = 3
SCALE = 3
  all_datasets = 2257
start = 2095, end = 2096
task_id = 2095
pds2095.csv:
  gt_rhs = '-8*v**2 - 10'
   target = -8*v**2 - 10
['-8*v**2 - 10']
  is_equivalent = True
  total_successes = 1, success_rate = 1.0


Whole evaluation from the beginning of the script took:
 54.2 seconds, i.e. 0.9 minutes or 0.015 hours.

Current time: 2026-03-02 11:40:03.986220
Mon Mar  2 11:40:04 AM CET 2026
this is oei.sh 2 dopa-deg3 0 260    doing   doones job_id 64684964 task_id 2 * 1000 + 95 --exper_id dopa-deg3
