==============================================
Starting time (of array_subjob 64684964_134):
Mon Mar  2 11:39:06 AM CET 2026
(True, True)
(True, False)
(True, False)
Current time: 2026-03-02 11:39:09.780623 

True
METHOD = 'diofantos'
DEGREE = 3
SCALE = 3
  all_datasets = 2257
start = 2134, end = 2135
task_id = 2134
pds2134.csv:
  gt_rhs = '-3*w*x*y + 4*x + 10*y*z + 6*z'
   target = -3*w*x*y + 4*x + 10*y*z + 6*z
['-3*w*x*y + 4*x + 10*y*z + 6*z']
  is_equivalent = True
  total_successes = 1, success_rate = 1.0


Whole evaluation from the beginning of the script took:
 49.8 seconds, i.e. 0.83 minutes or 0.014 hours.

Current time: 2026-03-02 11:39:59.617208
Mon Mar  2 11:39:59 AM CET 2026
this is oei.sh 2 dopa-deg3 0 260    doing   doones job_id 64684964 task_id 2 * 1000 + 134 --exper_id dopa-deg3
