==============================================
Starting time (of array_subjob 64684964_188):
Mon Mar  2 11:39:07 AM CET 2026
(True, True)
(True, False)
(True, False)
Current time: 2026-03-02 11:39:12.015598 

True
METHOD = 'diofantos'
DEGREE = 3
SCALE = 3
  all_datasets = 2257
start = 2188, end = 2189
task_id = 2188
pds2188.csv:
  gt_rhs = '-w*x - 4*x*z + 3*x + 4'
   target = -w*x - 4*x*z + 3*x + 4
['-w*x - 4*x*z + 3*x + 4']
  is_equivalent = True
  total_successes = 1, success_rate = 1.0


Whole evaluation from the beginning of the script took:
 83.7 seconds, i.e. 1.39 minutes or 0.023 hours.

Current time: 2026-03-02 11:40:35.688623
Mon Mar  2 11:40:36 AM CET 2026
this is oei.sh 2 dopa-deg3 0 260    doing   doones job_id 64684964 task_id 2 * 1000 + 188 --exper_id dopa-deg3
