==============================================
Starting time (of array_subjob 64684964_195):
Mon Mar  2 11:39:07 AM CET 2026
(True, True)
(True, False)
(True, False)
Current time: 2026-03-02 11:39:11.999934 

True
METHOD = 'diofantos'
DEGREE = 3
SCALE = 3
  all_datasets = 2257
start = 2195, end = 2196
task_id = 2195
pds2195.csv:
  gt_rhs = '-10*v**2*y + 7*v*w'
   target = -10*v**2*y + 7*v*w
['-10*v**2*y + 7*v*w']
  is_equivalent = True
  total_successes = 1, success_rate = 1.0


Whole evaluation from the beginning of the script took:
 84.1 seconds, i.e. 1.4 minutes or 0.023 hours.

Current time: 2026-03-02 11:40:36.090832
Mon Mar  2 11:40:36 AM CET 2026
this is oei.sh 2 dopa-deg3 0 260    doing   doones job_id 64684964 task_id 2 * 1000 + 195 --exper_id dopa-deg3
