==============================================
Starting time (of array_subjob 64684964_230):
Mon Mar  2 11:39:07 AM CET 2026
(True, True)
(True, False)
(True, False)
Current time: 2026-03-02 11:39:12.035326 

True
METHOD = 'diofantos'
DEGREE = 3
SCALE = 3
  all_datasets = 2257
start = 2230, end = 2231
task_id = 2230
pds2230.csv:
  gt_rhs = '-6*v - 7*x*y*z + 1'
   target = -6*v - 7*x*y*z + 1
['-6*v - 7*x*y*z + 1']
  is_equivalent = True
  total_successes = 1, success_rate = 1.0


Whole evaluation from the beginning of the script took:
 82.7 seconds, i.e. 1.38 minutes or 0.023 hours.

Current time: 2026-03-02 11:40:34.688863
Mon Mar  2 11:40:35 AM CET 2026
this is oei.sh 2 dopa-deg3 0 260    doing   doones job_id 64684964 task_id 2 * 1000 + 230 --exper_id dopa-deg3
