==============================================
Starting time (of array_subjob 64684964_256):
Mon Mar  2 11:39:07 AM CET 2026
(True, True)
(True, False)
(True, False)
Current time: 2026-03-02 11:39:11.769306 

True
METHOD = 'diofantos'
DEGREE = 3
SCALE = 3
  all_datasets = 2257
start = 2256, end = 2257
task_id = 2256
pds2256.csv:
  gt_rhs = '9*v**2 - 10*v*x*z'
   target = 9*v**2 - 10*v*x*z
['9*v**2 - 10*v*x*z']
  is_equivalent = True
  total_successes = 1, success_rate = 1.0


Whole evaluation from the beginning of the script took:
 81.3 seconds, i.e. 1.35 minutes or 0.023 hours.

Current time: 2026-03-02 11:40:33.042860
Mon Mar  2 11:40:33 AM CET 2026
this is oei.sh 2 dopa-deg3 0 260    doing   doones job_id 64684964 task_id 2 * 1000 + 256 --exper_id dopa-deg3
