==============================================
Starting time (of array_subjob 64686437_14):
Mon Mar  2 11:39:53 AM CET 2026
(True, True)
(True, False)
(True, False)
Current time: 2026-03-02 11:39:55.424799 

True
METHOD = 'diofantos'
DEGREE = 3
SCALE = 3
  all_datasets = 2257
start = 14, end = 15
task_id = 14
pds0014.csv:
  gt_rhs = '-7*w*x*y'
   target = -7*w*x*y
['-7*w*x*y']
  is_equivalent = True
  total_successes = 1, success_rate = 1.0


Whole evaluation from the beginning of the script took:
 52.3 seconds, i.e. 0.87 minutes or 0.015 hours.

Current time: 2026-03-02 11:40:47.704347
Mon Mar  2 11:40:48 AM CET 2026
this is oei.sh 0 dopa-deg3 0 999    doing   doones job_id 64686437 task_id 0 * 1000 + 14 --exper_id dopa-deg3
