==============================================
Starting time (of array_subjob 64686437_76):
Mon Mar  2 11:39:53 AM CET 2026
(True, True)
(True, False)
(True, False)
Current time: 2026-03-02 11:39:56.096264 

True
METHOD = 'diofantos'
DEGREE = 3
SCALE = 3
  all_datasets = 2257
start = 76, end = 77
task_id = 76
pds0076.csv:
  gt_rhs = '-10*v*w - 7*y + 10'
   target = -10*v*w - 7*y + 10
['-10*v*w - 7*y + 10']
  is_equivalent = True
  total_successes = 1, success_rate = 1.0


Whole evaluation from the beginning of the script took:
 60.1 seconds, i.e. 1.0 minutes or 0.017 hours.

Current time: 2026-03-02 11:40:56.217577
Mon Mar  2 11:40:56 AM CET 2026
this is oei.sh 0 dopa-deg3 0 999    doing   doones job_id 64686437 task_id 0 * 1000 + 76 --exper_id dopa-deg3
