==============================================
Starting time (of array_subjob 64686437_225):
Mon Mar  2 11:39:54 AM CET 2026
(True, True)
(True, False)
(True, False)
Current time: 2026-03-02 11:39:56.591421 

True
METHOD = 'diofantos'
DEGREE = 3
SCALE = 3
  all_datasets = 2257
start = 225, end = 226
task_id = 225
pds0225.csv:
  gt_rhs = '-8*v*z + 6*w*y'
   target = -8*v*z + 6*w*y
['-8*v*z + 6*w*y']
  is_equivalent = True
  total_successes = 1, success_rate = 1.0


Whole evaluation from the beginning of the script took:
 57.9 seconds, i.e. 0.97 minutes or 0.016 hours.

Current time: 2026-03-02 11:40:54.516225
Mon Mar  2 11:40:54 AM CET 2026
this is oei.sh 0 dopa-deg3 0 999    doing   doones job_id 64686437 task_id 0 * 1000 + 225 --exper_id dopa-deg3
