==============================================
Starting time (of array_subjob 64686437_244):
Mon Mar  2 11:39:54 AM CET 2026
(True, True)
(True, False)
(True, False)
Current time: 2026-03-02 11:39:56.764658 

True
METHOD = 'diofantos'
DEGREE = 3
SCALE = 3
  all_datasets = 2257
start = 244, end = 245
task_id = 244
pds0244.csv:
  gt_rhs = '9*w*y*z - 8*x*z - 6*y + 1'
   target = 9*w*y*z - 8*x*z - 6*y + 1
['9*w*y*z - 8*x*z - 6*y + 1']
  is_equivalent = True
  total_successes = 1, success_rate = 1.0


Whole evaluation from the beginning of the script took:
 57.5 seconds, i.e. 0.96 minutes or 0.016 hours.

Current time: 2026-03-02 11:40:54.272608
Mon Mar  2 11:40:54 AM CET 2026
this is oei.sh 0 dopa-deg3 0 999    doing   doones job_id 64686437 task_id 0 * 1000 + 244 --exper_id dopa-deg3
