==============================================
Starting time (of array_subjob 64686437_272):
Mon Mar  2 11:39:54 AM CET 2026
(True, True)
(True, False)
(True, False)
Current time: 2026-03-02 11:39:56.765875 

True
METHOD = 'diofantos'
DEGREE = 3
SCALE = 3
  all_datasets = 2257
start = 272, end = 273
task_id = 272
pds0272.csv:
  gt_rhs = '6*v*w + 6*w*y + 3'
   target = 6*v*w + 6*w*y + 3
['6*v*w + 6*w*y + 3']
  is_equivalent = True
  total_successes = 1, success_rate = 1.0


Whole evaluation from the beginning of the script took:
 54.4 seconds, i.e. 0.91 minutes or 0.015 hours.

Current time: 2026-03-02 11:40:51.140490
Mon Mar  2 11:40:51 AM CET 2026
this is oei.sh 0 dopa-deg3 0 999    doing   doones job_id 64686437 task_id 0 * 1000 + 272 --exper_id dopa-deg3
