==============================================
Starting time (of array_subjob 64686437_327):
Mon Mar  2 11:39:55 AM CET 2026
(True, True)
(True, False)
(True, False)
Current time: 2026-03-02 11:39:58.109802 

True
METHOD = 'diofantos'
DEGREE = 3
SCALE = 3
  all_datasets = 2257
start = 327, end = 328
task_id = 327
pds0327.csv:
  gt_rhs = '10*w*z - 8*x**2'
   target = 10*w*z - 8*x**2
['10*w*z - 8*x**2']
  is_equivalent = True
  total_successes = 1, success_rate = 1.0


Whole evaluation from the beginning of the script took:
 58.5 seconds, i.e. 0.97 minutes or 0.016 hours.

Current time: 2026-03-02 11:40:56.580762
Mon Mar  2 11:40:56 AM CET 2026
this is oei.sh 0 dopa-deg3 0 999    doing   doones job_id 64686437 task_id 0 * 1000 + 327 --exper_id dopa-deg3
