==============================================
Starting time (of array_subjob 64686437_336):
Mon Mar  2 11:39:55 AM CET 2026
(True, True)
(True, False)
(True, False)
Current time: 2026-03-02 11:39:57.513921 

True
METHOD = 'diofantos'
DEGREE = 3
SCALE = 3
  all_datasets = 2257
start = 336, end = 337
task_id = 336
pds0336.csv:
  gt_rhs = '-3*w**2 + 7*z**2 + 2'
   target = -3*w**2 + 7*z**2 + 2
['-3*w**2 + 7*z**2 + 2']
  is_equivalent = True
  total_successes = 1, success_rate = 1.0


Whole evaluation from the beginning of the script took:
 58.5 seconds, i.e. 0.97 minutes or 0.016 hours.

Current time: 2026-03-02 11:40:56.007126
Mon Mar  2 11:40:56 AM CET 2026
this is oei.sh 0 dopa-deg3 0 999    doing   doones job_id 64686437 task_id 0 * 1000 + 336 --exper_id dopa-deg3
