==============================================
Starting time (of array_subjob 64686437_378):
Mon Mar  2 11:39:55 AM CET 2026
(True, True)
(True, False)
(True, False)
Current time: 2026-03-02 11:39:57.527765 

True
METHOD = 'diofantos'
DEGREE = 3
SCALE = 3
  all_datasets = 2257
start = 378, end = 379
task_id = 378
pds0378.csv:
  gt_rhs = '-3*x*z - 6*y + 8'
   target = -3*x*z - 6*y + 8
['-3*x*z - 6*y + 8']
  is_equivalent = True
  total_successes = 1, success_rate = 1.0


Whole evaluation from the beginning of the script took:
 60.3 seconds, i.e. 1.0 minutes or 0.017 hours.

Current time: 2026-03-02 11:40:57.795170
Mon Mar  2 11:40:58 AM CET 2026
this is oei.sh 0 dopa-deg3 0 999    doing   doones job_id 64686437 task_id 0 * 1000 + 378 --exper_id dopa-deg3
