==============================================
Starting time (of array_subjob 64686437_426):
Mon Mar  2 11:39:55 AM CET 2026
(True, True)
(True, False)
(True, False)
Current time: 2026-03-02 11:39:58.184089 

True
METHOD = 'diofantos'
DEGREE = 3
SCALE = 3
  all_datasets = 2257
start = 426, end = 427
task_id = 426
pds0426.csv:
  gt_rhs = '5*v**2*w + v - 3*w*y - 9'
   target = 5*v**2*w + v - 3*w*y - 9
['5*v**2*w + v - 3*w*y - 9']
  is_equivalent = True
  total_successes = 1, success_rate = 1.0


Whole evaluation from the beginning of the script took:
 54.0 seconds, i.e. 0.9 minutes or 0.015 hours.

Current time: 2026-03-02 11:40:52.173713
Mon Mar  2 11:40:52 AM CET 2026
this is oei.sh 0 dopa-deg3 0 999    doing   doones job_id 64686437 task_id 0 * 1000 + 426 --exper_id dopa-deg3
