==============================================
Starting time (of array_subjob 64686437_475):
Mon Mar  2 11:39:56 AM CET 2026
(True, True)
(True, False)
(True, False)
Current time: 2026-03-02 11:39:58.455770 

True
METHOD = 'diofantos'
DEGREE = 3
SCALE = 3
  all_datasets = 2257
start = 475, end = 476
task_id = 475
pds0475.csv:
  gt_rhs = 'v + 5*w*x*z + 4*x - 1'
   target = v + 5*w*x*z + 4*x - 1
['v + 5*w*x*z + 4*x - 1']
  is_equivalent = True
  total_successes = 1, success_rate = 1.0


Whole evaluation from the beginning of the script took:
 54.6 seconds, i.e. 0.91 minutes or 0.015 hours.

Current time: 2026-03-02 11:40:53.015998
Mon Mar  2 11:40:53 AM CET 2026
this is oei.sh 0 dopa-deg3 0 999    doing   doones job_id 64686437 task_id 0 * 1000 + 475 --exper_id dopa-deg3
