==============================================
Starting time (of array_subjob 64686437_517):
Mon Mar  2 11:39:56 AM CET 2026
(True, True)
(True, False)
(True, False)
Current time: 2026-03-02 11:39:58.329429 

True
METHOD = 'diofantos'
DEGREE = 3
SCALE = 3
  all_datasets = 2257
start = 517, end = 518
task_id = 517
pds0517.csv:
  gt_rhs = 'w*z - w'
   target = w*z - w
['w*z - w']
  is_equivalent = True
  total_successes = 1, success_rate = 1.0


Whole evaluation from the beginning of the script took:
 55.4 seconds, i.e. 0.92 minutes or 0.015 hours.

Current time: 2026-03-02 11:40:53.773127
Mon Mar  2 11:40:54 AM CET 2026
this is oei.sh 0 dopa-deg3 0 999    doing   doones job_id 64686437 task_id 0 * 1000 + 517 --exper_id dopa-deg3
