==============================================
Starting time (of array_subjob 64686437_512):
Mon Mar  2 11:39:56 AM CET 2026
(True, True)
(True, False)
(True, False)
Current time: 2026-03-02 11:39:58.396581 

True
METHOD = 'diofantos'
DEGREE = 3
SCALE = 3
  all_datasets = 2257
start = 512, end = 513
task_id = 512
pds0512.csv:
  gt_rhs = '-6*v*y**2'
   target = -6*v*y**2
['-6*v*y**2']
  is_equivalent = True
  total_successes = 1, success_rate = 1.0


Whole evaluation from the beginning of the script took:
 59.5 seconds, i.e. 0.99 minutes or 0.017 hours.

Current time: 2026-03-02 11:40:57.885824
Mon Mar  2 11:40:58 AM CET 2026
this is oei.sh 0 dopa-deg3 0 999    doing   doones job_id 64686437 task_id 0 * 1000 + 512 --exper_id dopa-deg3
