==============================================
Starting time (of array_subjob 64686437_580):
Mon Mar  2 11:39:57 AM CET 2026
(True, True)
(True, False)
(True, False)
Current time: 2026-03-02 11:39:59.897032 

True
METHOD = 'diofantos'
DEGREE = 3
SCALE = 3
  all_datasets = 2257
start = 580, end = 581
task_id = 580
pds0580.csv:
  gt_rhs = '-10*y*z + 2'
   target = -10*y*z + 2
['-10*y*z + 2']
  is_equivalent = True
  total_successes = 1, success_rate = 1.0


Whole evaluation from the beginning of the script took:
 62.3 seconds, i.e. 1.04 minutes or 0.017 hours.

Current time: 2026-03-02 11:41:02.193808
Mon Mar  2 11:41:02 AM CET 2026
this is oei.sh 0 dopa-deg3 0 999    doing   doones job_id 64686437 task_id 0 * 1000 + 580 --exper_id dopa-deg3
