==============================================
Starting time (of array_subjob 64686437_627):
Mon Mar  2 11:39:57 AM CET 2026
(True, True)
(True, False)
(True, False)
Current time: 2026-03-02 11:40:00.046366 

True
METHOD = 'diofantos'
DEGREE = 3
SCALE = 3
  all_datasets = 2257
start = 627, end = 628
task_id = 627
pds0627.csv:
  gt_rhs = '-v*w + 2*v - 9*x + 9*y**2 - 5*y + 1'
   target = -v*w + 2*v - 9*x + 9*y**2 - 5*y + 1
['-v*w + 2*v - 9*x + 9*y**2 - 5*y + 1']
  is_equivalent = True
  total_successes = 1, success_rate = 1.0


Whole evaluation from the beginning of the script took:
 61.2 seconds, i.e. 1.02 minutes or 0.017 hours.

Current time: 2026-03-02 11:41:01.217979
Mon Mar  2 11:41:01 AM CET 2026
this is oei.sh 0 dopa-deg3 0 999    doing   doones job_id 64686437 task_id 0 * 1000 + 627 --exper_id dopa-deg3
