==============================================
Starting time (of array_subjob 64686437_676):
Mon Mar  2 11:39:57 AM CET 2026
(True, True)
(True, False)
(True, False)
Current time: 2026-03-02 11:39:59.879027 

True
METHOD = 'diofantos'
DEGREE = 3
SCALE = 3
  all_datasets = 2257
start = 676, end = 677
task_id = 676
pds0676.csv:
  gt_rhs = '-8*x*y - 6*z + 3'
   target = -8*x*y - 6*z + 3
['-8*x*y - 6*z + 3']
  is_equivalent = True
  total_successes = 1, success_rate = 1.0


Whole evaluation from the beginning of the script took:
 56.1 seconds, i.e. 0.94 minutes or 0.016 hours.

Current time: 2026-03-02 11:40:55.985796
Mon Mar  2 11:40:56 AM CET 2026
this is oei.sh 0 dopa-deg3 0 999    doing   doones job_id 64686437 task_id 0 * 1000 + 676 --exper_id dopa-deg3
