==============================================
Starting time (of array_subjob 64686437_697):
Mon Mar  2 11:39:57 AM CET 2026
(True, True)
(True, False)
(True, False)
Current time: 2026-03-02 11:39:59.887407 

True
METHOD = 'diofantos'
DEGREE = 3
SCALE = 3
  all_datasets = 2257
start = 697, end = 698
task_id = 697
pds0697.csv:
  gt_rhs = '6*w - 9*x*y - 4*y - 2'
   target = 6*w - 9*x*y - 4*y - 2
['6*w - 9*x*y - 4*y - 2']
  is_equivalent = True
  total_successes = 1, success_rate = 1.0


Whole evaluation from the beginning of the script took:
 57.2 seconds, i.e. 0.95 minutes or 0.016 hours.

Current time: 2026-03-02 11:40:57.049069
Mon Mar  2 11:40:57 AM CET 2026
this is oei.sh 0 dopa-deg3 0 999    doing   doones job_id 64686437 task_id 0 * 1000 + 697 --exper_id dopa-deg3
