==============================================
Starting time (of array_subjob 64686437_719):
Mon Mar  2 11:39:57 AM CET 2026
(True, True)
(True, False)
(True, False)
Current time: 2026-03-02 11:40:00.204993 

True
METHOD = 'diofantos'
DEGREE = 3
SCALE = 3
  all_datasets = 2257
start = 719, end = 720
task_id = 719
pds0719.csv:
  gt_rhs = '-3*v*z + 2*y + 1'
   target = -3*v*z + 2*y + 1
['-3*v*z + 2*y + 1']
  is_equivalent = True
  total_successes = 1, success_rate = 1.0


Whole evaluation from the beginning of the script took:
 61.6 seconds, i.e. 1.03 minutes or 0.017 hours.

Current time: 2026-03-02 11:41:01.772353
Mon Mar  2 11:41:02 AM CET 2026
this is oei.sh 0 dopa-deg3 0 999    doing   doones job_id 64686437 task_id 0 * 1000 + 719 --exper_id dopa-deg3
