==============================================
Starting time (of array_subjob 64686437_729):
Mon Mar  2 11:39:57 AM CET 2026
(True, True)
(True, False)
(True, False)
Current time: 2026-03-02 11:40:00.272482 

True
METHOD = 'diofantos'
DEGREE = 3
SCALE = 3
  all_datasets = 2257
start = 729, end = 730
task_id = 729
pds0729.csv:
  gt_rhs = '-2*w**2 + 9*w*z'
   target = -2*w**2 + 9*w*z
['-2*w**2 + 9*w*z']
  is_equivalent = True
  total_successes = 1, success_rate = 1.0


Whole evaluation from the beginning of the script took:
 62.0 seconds, i.e. 1.03 minutes or 0.017 hours.

Current time: 2026-03-02 11:41:02.296806
Mon Mar  2 11:41:02 AM CET 2026
this is oei.sh 0 dopa-deg3 0 999    doing   doones job_id 64686437 task_id 0 * 1000 + 729 --exper_id dopa-deg3
