==============================================
Starting time (of array_subjob 64686437_754):
Mon Mar  2 11:39:57 AM CET 2026
(True, True)
(True, False)
(True, False)
Current time: 2026-03-02 11:39:59.998062 

True
METHOD = 'diofantos'
DEGREE = 3
SCALE = 3
  all_datasets = 2257
start = 754, end = 755
task_id = 754
pds0754.csv:
  gt_rhs = '-5*w - x*y**2 + 9'
   target = -5*w - x*y**2 + 9
['-5*w - x*y**2 + 9']
  is_equivalent = True
  total_successes = 1, success_rate = 1.0


Whole evaluation from the beginning of the script took:
 62.0 seconds, i.e. 1.03 minutes or 0.017 hours.

Current time: 2026-03-02 11:41:01.962046
Mon Mar  2 11:41:02 AM CET 2026
this is oei.sh 0 dopa-deg3 0 999    doing   doones job_id 64686437 task_id 0 * 1000 + 754 --exper_id dopa-deg3
