==============================================
Starting time (of array_subjob 64686437_756):
Mon Mar  2 11:39:56 AM CET 2026
(True, True)
(True, False)
(True, False)
Current time: 2026-03-02 11:39:59.902903 

True
METHOD = 'diofantos'
DEGREE = 3
SCALE = 3
  all_datasets = 2257
start = 756, end = 757
task_id = 756
pds0756.csv:
  gt_rhs = '4*x - 8*y**2 - 8'
   target = 4*x - 8*y**2 - 8
['4*x - 8*y**2 - 8']
  is_equivalent = True
  total_successes = 1, success_rate = 1.0


Whole evaluation from the beginning of the script took:
 64.8 seconds, i.e. 1.08 minutes or 0.018 hours.

Current time: 2026-03-02 11:41:04.693422
Mon Mar  2 11:41:05 AM CET 2026
this is oei.sh 0 dopa-deg3 0 999    doing   doones job_id 64686437 task_id 0 * 1000 + 756 --exper_id dopa-deg3
