==============================================
Starting time (of array_subjob 64686437_790):
Mon Mar  2 11:39:57 AM CET 2026
(True, True)
(True, False)
(True, False)
Current time: 2026-03-02 11:40:00.015927 

True
METHOD = 'diofantos'
DEGREE = 3
SCALE = 3
  all_datasets = 2257
start = 790, end = 791
task_id = 790
pds0790.csv:
  gt_rhs = '-7*v*x + 2*w + 2*y**2 + 4*z + 6'
   target = -7*v*x + 2*w + 2*y**2 + 4*z + 6
['-7*v*x + 2*w + 2*y**2 + 4*z + 6']
  is_equivalent = True
  total_successes = 1, success_rate = 1.0


Whole evaluation from the beginning of the script took:
 58.3 seconds, i.e. 0.97 minutes or 0.016 hours.

Current time: 2026-03-02 11:40:58.343624
Mon Mar  2 11:40:58 AM CET 2026
this is oei.sh 0 dopa-deg3 0 999    doing   doones job_id 64686437 task_id 0 * 1000 + 790 --exper_id dopa-deg3
