==============================================
Starting time (of array_subjob 64686437_804):
Mon Mar  2 11:39:56 AM CET 2026
(True, True)
(True, False)
(True, False)
Current time: 2026-03-02 11:39:59.903978 

True
METHOD = 'diofantos'
DEGREE = 3
SCALE = 3
  all_datasets = 2257
start = 804, end = 805
task_id = 804
pds0804.csv:
  gt_rhs = '-10*v*w + 2*v*z + 7'
   target = -10*v*w + 2*v*z + 7
['-10*v*w + 2*v*z + 7']
  is_equivalent = True
  total_successes = 1, success_rate = 1.0


Whole evaluation from the beginning of the script took:
 54.5 seconds, i.e. 0.91 minutes or 0.015 hours.

Current time: 2026-03-02 11:40:54.374732
Mon Mar  2 11:40:54 AM CET 2026
this is oei.sh 0 dopa-deg3 0 999    doing   doones job_id 64686437 task_id 0 * 1000 + 804 --exper_id dopa-deg3
