==============================================
Starting time (of array_subjob 64686437_848):
Mon Mar  2 11:39:57 AM CET 2026
(True, True)
(True, False)
(True, False)
Current time: 2026-03-02 11:39:59.871557 

True
METHOD = 'diofantos'
DEGREE = 3
SCALE = 3
  all_datasets = 2257
start = 848, end = 849
task_id = 848
pds0848.csv:
  gt_rhs = '6*y'
   target = 6*y
['6*y']
  is_equivalent = True
  total_successes = 1, success_rate = 1.0


Whole evaluation from the beginning of the script took:
 54.9 seconds, i.e. 0.91 minutes or 0.015 hours.

Current time: 2026-03-02 11:40:54.724419
Mon Mar  2 11:40:55 AM CET 2026
this is oei.sh 0 dopa-deg3 0 999    doing   doones job_id 64686437 task_id 0 * 1000 + 848 --exper_id dopa-deg3
