==============================================
Starting time (of array_subjob 64686437_865):
Mon Mar  2 11:39:58 AM CET 2026
(True, True)
(True, False)
(True, False)
Current time: 2026-03-02 11:40:00.344301 

True
METHOD = 'diofantos'
DEGREE = 3
SCALE = 3
  all_datasets = 2257
start = 865, end = 866
task_id = 865
pds0865.csv:
  gt_rhs = '4*z'
   target = 4*z
['4*z']
  is_equivalent = True
  total_successes = 1, success_rate = 1.0


Whole evaluation from the beginning of the script took:
 63.8 seconds, i.e. 1.06 minutes or 0.018 hours.

Current time: 2026-03-02 11:41:04.185330
Mon Mar  2 11:41:04 AM CET 2026
this is oei.sh 0 dopa-deg3 0 999    doing   doones job_id 64686437 task_id 0 * 1000 + 865 --exper_id dopa-deg3
