==============================================
Starting time (of array_subjob 64686437_869):
Mon Mar  2 11:39:58 AM CET 2026
(True, True)
(True, False)
(True, False)
Current time: 2026-03-02 11:40:00.557071 

True
METHOD = 'diofantos'
DEGREE = 3
SCALE = 3
  all_datasets = 2257
start = 869, end = 870
task_id = 869
pds0869.csv:
  gt_rhs = '-4*v + w*y*z'
   target = -4*v + w*y*z
['-4*v + w*y*z']
  is_equivalent = True
  total_successes = 1, success_rate = 1.0


Whole evaluation from the beginning of the script took:
 57.2 seconds, i.e. 0.95 minutes or 0.016 hours.

Current time: 2026-03-02 11:40:57.712340
Mon Mar  2 11:40:58 AM CET 2026
this is oei.sh 0 dopa-deg3 0 999    doing   doones job_id 64686437 task_id 0 * 1000 + 869 --exper_id dopa-deg3
