==============================================
Starting time (of array_subjob 64686437_904):
Mon Mar  2 11:39:58 AM CET 2026
(True, True)
(True, False)
(True, False)
Current time: 2026-03-02 11:40:00.528852 

True
METHOD = 'diofantos'
DEGREE = 3
SCALE = 3
  all_datasets = 2257
start = 904, end = 905
task_id = 904
pds0904.csv:
  gt_rhs = '9*y**2 + 10*y'
   target = 9*y**2 + 10*y
['9*y**2 + 10*y']
  is_equivalent = True
  total_successes = 1, success_rate = 1.0


Whole evaluation from the beginning of the script took:
 63.5 seconds, i.e. 1.06 minutes or 0.018 hours.

Current time: 2026-03-02 11:41:04.000778
Mon Mar  2 11:41:04 AM CET 2026
this is oei.sh 0 dopa-deg3 0 999    doing   doones job_id 64686437 task_id 0 * 1000 + 904 --exper_id dopa-deg3
