==============================================
Starting time (of array_subjob 64686437_942):
Mon Mar  2 11:39:58 AM CET 2026
(True, True)
(True, False)
(True, False)
Current time: 2026-03-02 11:40:00.559368 

True
METHOD = 'diofantos'
DEGREE = 3
SCALE = 3
  all_datasets = 2257
start = 942, end = 943
task_id = 942
pds0942.csv:
  gt_rhs = '-2*v*w*y + 8*x**2'
   target = -2*v*w*y + 8*x**2
['-2*v*w*y + 8*x**2']
  is_equivalent = True
  total_successes = 1, success_rate = 1.0


Whole evaluation from the beginning of the script took:
 57.3 seconds, i.e. 0.96 minutes or 0.016 hours.

Current time: 2026-03-02 11:40:57.893962
Mon Mar  2 11:40:58 AM CET 2026
this is oei.sh 0 dopa-deg3 0 999    doing   doones job_id 64686437 task_id 0 * 1000 + 942 --exper_id dopa-deg3
