==============================================
Starting time (of array_subjob 64686437_945):
Mon Mar  2 11:39:58 AM CET 2026
(True, True)
(True, False)
(True, False)
Current time: 2026-03-02 11:40:00.594520 

True
METHOD = 'diofantos'
DEGREE = 3
SCALE = 3
  all_datasets = 2257
start = 945, end = 946
task_id = 945
pds0945.csv:
  gt_rhs = '4*v*x*y - 7*w*y + 3*w + 1'
   target = 4*v*x*y - 7*w*y + 3*w + 1
['4*v*x*y - 7*w*y + 3*w + 1']
  is_equivalent = True
  total_successes = 1, success_rate = 1.0


Whole evaluation from the beginning of the script took:
 60.8 seconds, i.e. 1.01 minutes or 0.017 hours.

Current time: 2026-03-02 11:41:01.437839
Mon Mar  2 11:41:01 AM CET 2026
this is oei.sh 0 dopa-deg3 0 999    doing   doones job_id 64686437 task_id 0 * 1000 + 945 --exper_id dopa-deg3
