==============================================
Starting time (of array_subjob 64686437_994):
Mon Mar  2 11:39:57 AM CET 2026
(True, True)
(True, False)
(True, False)
Current time: 2026-03-02 11:40:00.654852 

True
METHOD = 'diofantos'
DEGREE = 3
SCALE = 3
  all_datasets = 2257
start = 994, end = 995
task_id = 994
pds0994.csv:
  gt_rhs = '9*v + 2*w*z + 2*z + 8'
   target = 9*v + 2*w*z + 2*z + 8
['9*v + 2*w*z + 2*z + 8']
  is_equivalent = True
  total_successes = 1, success_rate = 1.0


Whole evaluation from the beginning of the script took:
 52.5 seconds, i.e. 0.87 minutes or 0.015 hours.

Current time: 2026-03-02 11:40:53.154571
Mon Mar  2 11:40:53 AM CET 2026
this is oei.sh 0 dopa-deg3 0 999    doing   doones job_id 64686437 task_id 0 * 1000 + 994 --exper_id dopa-deg3
