==============================================
Starting time (of array_subjob 64685437_172):
Mon Mar  2 11:39:50 AM CET 2026
(True, True)
(True, False)
(True, False)
Current time: 2026-03-02 11:39:54.217869 

True
METHOD = 'diofantos'
DEGREE = 3
SCALE = 3
  all_datasets = 2257
start = 1172, end = 1173
task_id = 1172
pds1172.csv:
  gt_rhs = '5*v - 2*x*y**2 + y + 7'
   target = 5*v - 2*x*y**2 + y + 7
['5*v - 2*x*y**2 + y + 7']
  is_equivalent = True
  total_successes = 1, success_rate = 1.0


Whole evaluation from the beginning of the script took:
 87.6 seconds, i.e. 1.46 minutes or 0.024 hours.

Current time: 2026-03-02 11:41:21.795571
Mon Mar  2 11:41:22 AM CET 2026
this is oei.sh 1 dopa-deg3 0 999    doing   doones job_id 64685437 task_id 1 * 1000 + 172 --exper_id dopa-deg3
