==============================================
Starting time (of array_subjob 64685437_268):
Mon Mar  2 11:39:51 AM CET 2026
(True, True)
(True, False)
(True, False)
Current time: 2026-03-02 11:39:53.603174 

True
METHOD = 'diofantos'
DEGREE = 3
SCALE = 3
  all_datasets = 2257
start = 1268, end = 1269
task_id = 1268
pds1268.csv:
  gt_rhs = '7*v*x - 6*x**2*z'
   target = 7*v*x - 6*x**2*z
['7*v*x - 6*x**2*z']
  is_equivalent = True
  total_successes = 1, success_rate = 1.0


Whole evaluation from the beginning of the script took:
 62.9 seconds, i.e. 1.05 minutes or 0.017 hours.

Current time: 2026-03-02 11:40:56.529471
Mon Mar  2 11:40:56 AM CET 2026
this is oei.sh 1 dopa-deg3 0 999    doing   doones job_id 64685437 task_id 1 * 1000 + 268 --exper_id dopa-deg3
