==============================================
Starting time (of array_subjob 64685437_313):
Mon Mar  2 11:39:50 AM CET 2026
(True, True)
(True, False)
(True, False)
Current time: 2026-03-02 11:39:53.165252 

True
METHOD = 'diofantos'
DEGREE = 3
SCALE = 3
  all_datasets = 2257
start = 1313, end = 1314
task_id = 1313
pds1313.csv:
  gt_rhs = 'w*z + 8*x + 4*y - 2'
   target = w*z + 8*x + 4*y - 2
['w*z + 8*x + 4*y - 2']
  is_equivalent = True
  total_successes = 1, success_rate = 1.0


Whole evaluation from the beginning of the script took:
 60.5 seconds, i.e. 1.01 minutes or 0.017 hours.

Current time: 2026-03-02 11:40:53.698546
Mon Mar  2 11:40:54 AM CET 2026
this is oei.sh 1 dopa-deg3 0 999    doing   doones job_id 64685437 task_id 1 * 1000 + 313 --exper_id dopa-deg3
