==============================================
Starting time (of array_subjob 64685437_324):
Mon Mar  2 11:39:51 AM CET 2026
(True, True)
(True, False)
(True, False)
Current time: 2026-03-02 11:39:53.827325 

True
METHOD = 'diofantos'
DEGREE = 3
SCALE = 3
  all_datasets = 2257
start = 1324, end = 1325
task_id = 1324
pds1324.csv:
  gt_rhs = '-2*w*z - 5*w + 4*x + 8*z - 10'
   target = -2*w*z - 5*w + 4*x + 8*z - 10
['-2*w*z - 5*w + 4*x + 8*z - 10']
  is_equivalent = True
  total_successes = 1, success_rate = 1.0


Whole evaluation from the beginning of the script took:
 58.0 seconds, i.e. 0.97 minutes or 0.016 hours.

Current time: 2026-03-02 11:40:51.862178
Mon Mar  2 11:40:52 AM CET 2026
this is oei.sh 1 dopa-deg3 0 999    doing   doones job_id 64685437 task_id 1 * 1000 + 324 --exper_id dopa-deg3
