==============================================
Starting time (of array_subjob 64685437_337):
Mon Mar  2 11:39:51 AM CET 2026
(True, True)
(True, False)
(True, False)
Current time: 2026-03-02 11:39:53.927482 

True
METHOD = 'diofantos'
DEGREE = 3
SCALE = 3
  all_datasets = 2257
start = 1337, end = 1338
task_id = 1337
pds1337.csv:
  gt_rhs = 'v*w + 6*x*y*z'
   target = v*w + 6*x*y*z
['v*w + 6*x*y*z']
  is_equivalent = True
  total_successes = 1, success_rate = 1.0


Whole evaluation from the beginning of the script took:
 64.7 seconds, i.e. 1.08 minutes or 0.018 hours.

Current time: 2026-03-02 11:40:58.653694
Mon Mar  2 11:40:59 AM CET 2026
this is oei.sh 1 dopa-deg3 0 999    doing   doones job_id 64685437 task_id 1 * 1000 + 337 --exper_id dopa-deg3
