==============================================
Starting time (of array_subjob 64685437_353):
Mon Mar  2 11:39:51 AM CET 2026
(True, True)
(True, False)
(True, False)
Current time: 2026-03-02 11:39:53.735979 

True
METHOD = 'diofantos'
DEGREE = 3
SCALE = 3
  all_datasets = 2257
start = 1353, end = 1354
task_id = 1353
pds1353.csv:
  gt_rhs = '4*v*w*x + v*y - 10'
   target = 4*v*w*x + v*y - 10
['4*v*w*x + v*y - 10']
  is_equivalent = True
  total_successes = 1, success_rate = 1.0


Whole evaluation from the beginning of the script took:
 54.2 seconds, i.e. 0.9 minutes or 0.015 hours.

Current time: 2026-03-02 11:40:47.906103
Mon Mar  2 11:40:48 AM CET 2026
this is oei.sh 1 dopa-deg3 0 999    doing   doones job_id 64685437 task_id 1 * 1000 + 353 --exper_id dopa-deg3
