==============================================
Starting time (of array_subjob 64685437_415):
Mon Mar  2 11:39:50 AM CET 2026
(True, True)
(True, False)
(True, False)
Current time: 2026-03-02 11:39:53.535040 

True
METHOD = 'diofantos'
DEGREE = 3
SCALE = 3
  all_datasets = 2257
start = 1415, end = 1416
task_id = 1415
pds1415.csv:
  gt_rhs = '7*v + 8*w*x*z + 7*w + 2'
   target = 7*v + 8*w*x*z + 7*w + 2
['7*v + 8*w*x*z + 7*w + 2']
  is_equivalent = True
  total_successes = 1, success_rate = 1.0


Whole evaluation from the beginning of the script took:
 55.7 seconds, i.e. 0.93 minutes or 0.015 hours.

Current time: 2026-03-02 11:40:49.204734
Mon Mar  2 11:40:49 AM CET 2026
this is oei.sh 1 dopa-deg3 0 999    doing   doones job_id 64685437 task_id 1 * 1000 + 415 --exper_id dopa-deg3
