==============================================
Starting time (of array_subjob 64685437_433):
Mon Mar  2 11:39:51 AM CET 2026
(True, True)
(True, False)
(True, False)
Current time: 2026-03-02 11:39:53.947621 

True
METHOD = 'diofantos'
DEGREE = 3
SCALE = 3
  all_datasets = 2257
start = 1433, end = 1434
task_id = 1433
pds1433.csv:
  gt_rhs = '-9*v*w + 10*x - 3*z + 2'
   target = -9*v*w + 10*x - 3*z + 2
['-9*v*w + 10*x - 3*z + 2']
  is_equivalent = True
  total_successes = 1, success_rate = 1.0


Whole evaluation from the beginning of the script took:
 54.5 seconds, i.e. 0.91 minutes or 0.015 hours.

Current time: 2026-03-02 11:40:48.462139
Mon Mar  2 11:40:48 AM CET 2026
this is oei.sh 1 dopa-deg3 0 999    doing   doones job_id 64685437 task_id 1 * 1000 + 433 --exper_id dopa-deg3
