==============================================
Starting time (of array_subjob 64685437_446):
Mon Mar  2 11:39:51 AM CET 2026
(True, True)
(True, False)
(True, False)
Current time: 2026-03-02 11:39:53.580027 

True
METHOD = 'diofantos'
DEGREE = 3
SCALE = 3
  all_datasets = 2257
start = 1446, end = 1447
task_id = 1446
pds1446.csv:
  gt_rhs = '-9*v - 2*w*x**2*y - 10'
   target = -5*v**3 - 5*v**2*w - 9*v**2*x + 16*v**2*y + 2*v**2*z - 9*v**2 - 2*v*w**2 + 7*v*w*x + 7*v*w*y + 12*v*w*z - 7*v*w + 2*v*x**2 + 3*v*x*y - v*x*z + 4*v*x + v*y**2 - 9*v*y*z + v*y + 2*v*z**2 - 4*v*z + v + 6*w**3 + 2*w**2*x + 9*w**2*y + 6*w**2*z - w**2 - 4*w*x**2 + 8*w*x*y - 7*w*x*z - 3*w*x - 5*w*y**2 - 15*w*y*z + 13*w*y + 7*w*z**2 + 9*w*z + 11*w + 6*x**3 - 8*x**2*y - x**2*z + 8*x**2 - 5*x*y**2 - 5*x*y*z - 9*x*y - 9*x*z**2 + 7*x*z + 13*x - 16*y**3 - 8*y**2*z - y**2 + 15*y*z**2 + y*z - 4*y + 4*z**3 - 9*z**2 - 5*z - 2
['-5*v**3 - 5*v**2*w - 9*v**2*x + 16*v**2*y + 2*v**2*z - 9*v**2 - 2*v*w**2 + 7*v*w*x + 7*v*w*y + 12*v*w*z - 7*v*w + 2*v*x**2 + 3*v*x*y - v*x*z + 4*v*x + v*y**2 - 9*v*y*z + v*y + 2*v*z**2 - 4*v*z + v + 6*w**3 + 2*w**2*x + 9*w**2*y + 6*w**2*z - w**2 - 4*w*x**2 + 8*w*x*y - 7*w*x*z - 3*w*x - 5*w*y**2 - 15*w*y*z + 13*w*y + 7*w*z**2 + 9*w*z + 11*w + 6*x**3 - 8*x**2*y - x**2*z + 8*x**2 - 5*x*y**2 - 5*x*y*z - 9*x*y - 9*x*z**2 + 7*x*z + 13*x - 16*y**3 - 8*y**2*z - y**2 + 15*y*z**2 + y*z - 4*y + 4*z**3 - 9*z**2 - 5*z - 2']
  is_equivalent = False
  total_successes = 0, success_rate = 0.0


Whole evaluation from the beginning of the script took:
 49310.8 seconds, i.e. 821.85 minutes or 13.697 hours.

Current time: 2026-03-03 01:21:44.367011
Tue Mar  3 01:21:44 AM CET 2026
this is oei.sh 1 dopa-deg3 0 999    doing   doones job_id 64685437 task_id 1 * 1000 + 446 --exper_id dopa-deg3
