==============================================
Starting time (of array_subjob 64685437_452):
Mon Mar  2 11:39:51 AM CET 2026
(True, True)
(True, False)
(True, False)
Current time: 2026-03-02 11:39:53.728140 

True
METHOD = 'diofantos'
DEGREE = 3
SCALE = 3
  all_datasets = 2257
start = 1452, end = 1453
task_id = 1452
pds1452.csv:
  gt_rhs = 'v*w*z - 7*w - 10*z'
   target = v*w*z - 7*w - 10*z
['v*w*z - 7*w - 10*z']
  is_equivalent = True
  total_successes = 1, success_rate = 1.0


Whole evaluation from the beginning of the script took:
 57.6 seconds, i.e. 0.96 minutes or 0.016 hours.

Current time: 2026-03-02 11:40:51.354810
Mon Mar  2 11:40:51 AM CET 2026
this is oei.sh 1 dopa-deg3 0 999    doing   doones job_id 64685437 task_id 1 * 1000 + 452 --exper_id dopa-deg3
