==============================================
Starting time (of array_subjob 64685437_519):
Mon Mar  2 11:39:52 AM CET 2026
(True, True)
(True, False)
(True, False)
Current time: 2026-03-02 11:39:54.924973 

True
METHOD = 'diofantos'
DEGREE = 3
SCALE = 3
  all_datasets = 2257
start = 1519, end = 1520
task_id = 1519
pds1519.csv:
  gt_rhs = '4*v - 3'
   target = 4*v - 3
['4*v - 3']
  is_equivalent = True
  total_successes = 1, success_rate = 1.0


Whole evaluation from the beginning of the script took:
 60.7 seconds, i.e. 1.01 minutes or 0.017 hours.

Current time: 2026-03-02 11:40:55.581806
Mon Mar  2 11:40:55 AM CET 2026
this is oei.sh 1 dopa-deg3 0 999    doing   doones job_id 64685437 task_id 1 * 1000 + 519 --exper_id dopa-deg3
