==============================================
Starting time (of array_subjob 64685437_532):
Mon Mar  2 11:39:51 AM CET 2026
(True, True)
(True, False)
(True, False)
Current time: 2026-03-02 11:39:54.621212 

True
METHOD = 'diofantos'
DEGREE = 3
SCALE = 3
  all_datasets = 2257
start = 1532, end = 1533
task_id = 1532
pds1532.csv:
  gt_rhs = '-5*v*w*y + 7*w**2*x - 5*z'
   target = -5*v*w*y + 7*w**2*x - 5*z
['-5*v*w*y + 7*w**2*x - 5*z']
  is_equivalent = True
  total_successes = 1, success_rate = 1.0


Whole evaluation from the beginning of the script took:
 54.5 seconds, i.e. 0.91 minutes or 0.015 hours.

Current time: 2026-03-02 11:40:49.090776
Mon Mar  2 11:40:49 AM CET 2026
this is oei.sh 1 dopa-deg3 0 999    doing   doones job_id 64685437 task_id 1 * 1000 + 532 --exper_id dopa-deg3
