==============================================
Starting time (of array_subjob 64685437_581):
Mon Mar  2 11:39:51 AM CET 2026
(True, True)
(True, False)
(True, False)
Current time: 2026-03-02 11:39:54.617260 

True
METHOD = 'diofantos'
DEGREE = 3
SCALE = 3
  all_datasets = 2257
start = 1581, end = 1582
task_id = 1581
pds1581.csv:
  gt_rhs = '8*v*x*y - 10*w + 4*y'
   target = 8*v*x*y - 10*w + 4*y
['8*v*x*y - 10*w + 4*y']
  is_equivalent = True
  total_successes = 1, success_rate = 1.0


Whole evaluation from the beginning of the script took:
 57.4 seconds, i.e. 0.96 minutes or 0.016 hours.

Current time: 2026-03-02 11:40:52.015316
Mon Mar  2 11:40:52 AM CET 2026
this is oei.sh 1 dopa-deg3 0 999    doing   doones job_id 64685437 task_id 1 * 1000 + 581 --exper_id dopa-deg3
