==============================================
Starting time (of array_subjob 64685437_598):
Mon Mar  2 11:39:52 AM CET 2026
(True, True)
(True, False)
(True, False)
Current time: 2026-03-02 11:39:54.939746 

True
METHOD = 'diofantos'
DEGREE = 3
SCALE = 3
  all_datasets = 2257
start = 1598, end = 1599
task_id = 1598
pds1598.csv:
  gt_rhs = '5*v*x - 3*w*x*z + 3'
   target = 5*v*x - 3*w*x*z + 3
['5*v*x - 3*w*x*z + 3']
  is_equivalent = True
  total_successes = 1, success_rate = 1.0


Whole evaluation from the beginning of the script took:
 53.6 seconds, i.e. 0.89 minutes or 0.015 hours.

Current time: 2026-03-02 11:40:48.542350
Mon Mar  2 11:40:48 AM CET 2026
this is oei.sh 1 dopa-deg3 0 999    doing   doones job_id 64685437 task_id 1 * 1000 + 598 --exper_id dopa-deg3
