==============================================
Starting time (of array_subjob 64685437_692):
Mon Mar  2 11:39:52 AM CET 2026
(True, True)
(True, False)
(True, False)
Current time: 2026-03-02 11:39:55.194095 

True
METHOD = 'diofantos'
DEGREE = 3
SCALE = 3
  all_datasets = 2257
start = 1692, end = 1693
task_id = 1692
pds1692.csv:
  gt_rhs = '4*w**3 + 7*y*z'
   target = 4*w**3 + 7*y*z
['4*w**3 + 7*y*z']
  is_equivalent = True
  total_successes = 1, success_rate = 1.0


Whole evaluation from the beginning of the script took:
 63.1 seconds, i.e. 1.05 minutes or 0.018 hours.

Current time: 2026-03-02 11:40:58.248604
Mon Mar  2 11:40:58 AM CET 2026
this is oei.sh 1 dopa-deg3 0 999    doing   doones job_id 64685437 task_id 1 * 1000 + 692 --exper_id dopa-deg3
