==============================================
Starting time (of array_subjob 64685437_725):
Mon Mar  2 11:39:53 AM CET 2026
(True, True)
(True, False)
(True, False)
Current time: 2026-03-02 11:39:55.576126 

True
METHOD = 'diofantos'
DEGREE = 3
SCALE = 3
  all_datasets = 2257
start = 1725, end = 1726
task_id = 1725
pds1725.csv:
  gt_rhs = '-3*v*y*z + 8*y'
   target = -3*v*y*z + 8*y
['-3*v*y*z + 8*y']
  is_equivalent = True
  total_successes = 1, success_rate = 1.0


Whole evaluation from the beginning of the script took:
 60.2 seconds, i.e. 1.0 minutes or 0.017 hours.

Current time: 2026-03-02 11:40:55.730059
Mon Mar  2 11:40:56 AM CET 2026
this is oei.sh 1 dopa-deg3 0 999    doing   doones job_id 64685437 task_id 1 * 1000 + 725 --exper_id dopa-deg3
