==============================================
Starting time (of array_subjob 64685437_724):
Mon Mar  2 11:39:52 AM CET 2026
(True, True)
(True, False)
(True, False)
Current time: 2026-03-02 11:39:55.193808 

True
METHOD = 'diofantos'
DEGREE = 3
SCALE = 3
  all_datasets = 2257
start = 1724, end = 1725
task_id = 1724
pds1724.csv:
  gt_rhs = '-4*v + 6*w*y*z + 2*w + 5'
   target = -4*v + 6*w*y*z + 2*w + 5
['-4*v + 6*w*y*z + 2*w + 5']
  is_equivalent = True
  total_successes = 1, success_rate = 1.0


Whole evaluation from the beginning of the script took:
 61.0 seconds, i.e. 1.02 minutes or 0.017 hours.

Current time: 2026-03-02 11:40:56.229337
Mon Mar  2 11:40:56 AM CET 2026
this is oei.sh 1 dopa-deg3 0 999    doing   doones job_id 64685437 task_id 1 * 1000 + 724 --exper_id dopa-deg3
