==============================================
Starting time (of array_subjob 64685437_761):
Mon Mar  2 11:39:53 AM CET 2026
(True, True)
(True, False)
(True, False)
Current time: 2026-03-02 11:39:55.773976 

True
METHOD = 'diofantos'
DEGREE = 3
SCALE = 3
  all_datasets = 2257
start = 1761, end = 1762
task_id = 1761
pds1761.csv:
  gt_rhs = '-v*x*y + 5*w*y - 6'
   target = -v*x*y + 5*w*y - 6
['-v*x*y + 5*w*y - 6']
  is_equivalent = True
  total_successes = 1, success_rate = 1.0


Whole evaluation from the beginning of the script took:
 54.3 seconds, i.e. 0.91 minutes or 0.015 hours.

Current time: 2026-03-02 11:40:50.091505
Mon Mar  2 11:40:50 AM CET 2026
this is oei.sh 1 dopa-deg3 0 999    doing   doones job_id 64685437 task_id 1 * 1000 + 761 --exper_id dopa-deg3
