==============================================
Starting time (of array_subjob 64685437_778):
Mon Mar  2 11:39:53 AM CET 2026
(True, True)
(True, False)
(True, False)
Current time: 2026-03-02 11:39:55.769834 

True
METHOD = 'diofantos'
DEGREE = 3
SCALE = 3
  all_datasets = 2257
start = 1778, end = 1779
task_id = 1778
pds1778.csv:
  gt_rhs = '9*v*z + 9*w*y - 5*x*z**2'
   target = 9*v*z + 9*w*y - 5*x*z**2
['9*v*z + 9*w*y - 5*x*z**2']
  is_equivalent = True
  total_successes = 1, success_rate = 1.0


Whole evaluation from the beginning of the script took:
 59.7 seconds, i.e. 0.99 minutes or 0.017 hours.

Current time: 2026-03-02 11:40:55.420405
Mon Mar  2 11:40:55 AM CET 2026
this is oei.sh 1 dopa-deg3 0 999    doing   doones job_id 64685437 task_id 1 * 1000 + 778 --exper_id dopa-deg3
