==============================================
Starting time (of array_subjob 64684964_20):
Mon Mar  2 11:39:06 AM CET 2026
(True, True)
(True, False)
(True, False)
Current time: 2026-03-02 11:39:09.781756 

True
METHOD = 'diofantos'
DEGREE = 3
SCALE = 3
  all_datasets = 2257
start = 2020, end = 2021
task_id = 2020
pds2020.csv:
  gt_rhs = '7*v*z + 5*x*z - 7'
   target = 7*v*z + 5*x*z - 7
['7*v*z + 5*x*z - 7']
  is_equivalent = True
  total_successes = 1, success_rate = 1.0


Whole evaluation from the beginning of the script took:
 54.8 seconds, i.e. 0.91 minutes or 0.015 hours.

Current time: 2026-03-02 11:40:04.606994
Mon Mar  2 11:40:04 AM CET 2026
this is oei.sh 2 dopa-deg3 0 260    doing   doones job_id 64684964 task_id 2 * 1000 + 20 --exper_id dopa-deg3
