==============================================
Starting time (of array_subjob 64684964_50):
Mon Mar  2 11:39:06 AM CET 2026
(True, True)
(True, False)
(True, False)
Current time: 2026-03-02 11:39:09.777447 

True
METHOD = 'diofantos'
DEGREE = 3
SCALE = 3
  all_datasets = 2257
start = 2050, end = 2051
task_id = 2050
pds2050.csv:
  gt_rhs = '3*v*w*x + 5*v + 3*y'
   target = 3*v*w*x + 5*v + 3*y
['3*v*w*x + 5*v + 3*y']
  is_equivalent = True
  total_successes = 1, success_rate = 1.0


Whole evaluation from the beginning of the script took:
 53.7 seconds, i.e. 0.9 minutes or 0.015 hours.

Current time: 2026-03-02 11:40:03.510665
Mon Mar  2 11:40:03 AM CET 2026
this is oei.sh 2 dopa-deg3 0 260    doing   doones job_id 64684964 task_id 2 * 1000 + 50 --exper_id dopa-deg3
