==============================================
Starting time (of array_subjob 64684964_69):
Mon Mar  2 11:39:06 AM CET 2026
(True, True)
(True, False)
(True, False)
Current time: 2026-03-02 11:39:09.777598 

True
METHOD = 'diofantos'
DEGREE = 3
SCALE = 3
  all_datasets = 2257
start = 2069, end = 2070
task_id = 2069
pds2069.csv:
  gt_rhs = 'w*x + 2*x**2 - 8'
   target = w*x + 2*x**2 - 8
['w*x + 2*x**2 - 8']
  is_equivalent = True
  total_successes = 1, success_rate = 1.0


Whole evaluation from the beginning of the script took:
 54.3 seconds, i.e. 0.9 minutes or 0.015 hours.

Current time: 2026-03-02 11:40:04.036562
Mon Mar  2 11:40:04 AM CET 2026
this is oei.sh 2 dopa-deg3 0 260    doing   doones job_id 64684964 task_id 2 * 1000 + 69 --exper_id dopa-deg3
