==============================================
Starting time (of array_subjob 64684964_79):
Mon Mar  2 11:39:06 AM CET 2026
(True, True)
(True, False)
(True, False)
Current time: 2026-03-02 11:39:09.776939 

True
METHOD = 'diofantos'
DEGREE = 3
SCALE = 3
  all_datasets = 2257
start = 2079, end = 2080
task_id = 2079
pds2079.csv:
  gt_rhs = '-9*v - 2*w*z + 5*w + 8'
   target = -9*v - 2*w*z + 5*w + 8
['-9*v - 2*w*z + 5*w + 8']
  is_equivalent = True
  total_successes = 1, success_rate = 1.0


Whole evaluation from the beginning of the script took:
 51.5 seconds, i.e. 0.86 minutes or 0.014 hours.

Current time: 2026-03-02 11:40:01.278459
Mon Mar  2 11:40:01 AM CET 2026
this is oei.sh 2 dopa-deg3 0 260    doing   doones job_id 64684964 task_id 2 * 1000 + 79 --exper_id dopa-deg3
