==============================================
Starting time (of array_subjob 64684964_115):
Mon Mar  2 11:39:06 AM CET 2026
(True, True)
(True, False)
(True, False)
Current time: 2026-03-02 11:39:09.780325 

True
METHOD = 'diofantos'
DEGREE = 3
SCALE = 3
  all_datasets = 2257
start = 2115, end = 2116
task_id = 2115
pds2115.csv:
  gt_rhs = '-v**2 - 2*w*y + 6'
   target = -v**2 - 2*w*y + 6
['-v**2 - 2*w*y + 6']
  is_equivalent = True
  total_successes = 1, success_rate = 1.0


Whole evaluation from the beginning of the script took:
 52.1 seconds, i.e. 0.87 minutes or 0.014 hours.

Current time: 2026-03-02 11:40:01.896746
Mon Mar  2 11:40:02 AM CET 2026
this is oei.sh 2 dopa-deg3 0 260    doing   doones job_id 64684964 task_id 2 * 1000 + 115 --exper_id dopa-deg3
