==============================================
Starting time (of array_subjob 64684964_136):
Mon Mar  2 11:39:06 AM CET 2026
(True, True)
(True, False)
(True, False)
Current time: 2026-03-02 11:39:09.779342 

True
METHOD = 'diofantos'
DEGREE = 3
SCALE = 3
  all_datasets = 2257
start = 2136, end = 2137
task_id = 2136
pds2136.csv:
  gt_rhs = '-4*v*w*x - y'
   target = -4*v*w*x - y
['-4*v*w*x - y']
  is_equivalent = True
  total_successes = 1, success_rate = 1.0


Whole evaluation from the beginning of the script took:
 59.3 seconds, i.e. 0.99 minutes or 0.016 hours.

Current time: 2026-03-02 11:40:09.065022
Mon Mar  2 11:40:09 AM CET 2026
this is oei.sh 2 dopa-deg3 0 260    doing   doones job_id 64684964 task_id 2 * 1000 + 136 --exper_id dopa-deg3
