==============================================
Starting time (of array_subjob 64684964_210):
Mon Mar  2 11:39:07 AM CET 2026
(True, True)
(True, False)
(True, False)
Current time: 2026-03-02 11:39:11.983894 

True
METHOD = 'diofantos'
DEGREE = 3
SCALE = 3
  all_datasets = 2257
start = 2210, end = 2211
task_id = 2210
pds2210.csv:
  gt_rhs = '-5*w*y*z - 4*x*y'
   target = -5*w*y*z - 4*x*y
['-5*w*y*z - 4*x*y']
  is_equivalent = True
  total_successes = 1, success_rate = 1.0


Whole evaluation from the beginning of the script took:
 88.1 seconds, i.e. 1.47 minutes or 0.024 hours.

Current time: 2026-03-02 11:40:40.060500
Mon Mar  2 11:40:40 AM CET 2026
this is oei.sh 2 dopa-deg3 0 260    doing   doones job_id 64684964 task_id 2 * 1000 + 210 --exper_id dopa-deg3
