==============================================
Starting time (of array_subjob 64685437_145):
Mon Mar  2 11:39:50 AM CET 2026
(True, True)
(True, False)
(True, False)
Current time: 2026-03-02 11:39:54.193291 

True
METHOD = 'diofantos'
DEGREE = 3
SCALE = 3
  all_datasets = 2257
start = 1145, end = 1146
task_id = 1145
pds1145.csv:
  gt_rhs = '-8*v*x*z**4 + 10'
   target = 83*v**3 - 45*v**2*w - 102*v**2*x - 175*v**2*y + 122*v**2*z + 64*v**2 - 155*v*w**2 + 275*v*w*x + 223*v*w*y + 241*v*w*z - 105*v*w + 73*v*x**2 - 67*v*x*y - 14*v*x*z - 119*v*x - 87*v*y**2 - 425*v*y*z - 47*v*y - 296*v*z**2 + 54*v*z - 198*w**3 - 139*w**2*x - 5*w**2*y + 207*w**2*z - 3*w**2 + 138*w*x**2 + 343*w*x*y + 123*w*x*z - 42*w*x - 164*w*y**2 - 109*w*y*z - 16*w*y - 469*w*z**2 + 10*w*z - 4*w + 137*x**3 + 238*x**2*y + 63*x**2*z - 144*x**2 + 40*x*y**2 + 240*x*y*z - 98*x*y - 23*x*z**2 - 71*x*z - 13*x - 63*y**3 - 306*y**2*z - 63*y**2 - 390*y*z**2 - 24*y*z - 3*y + 177*z**3 + 23*z**2 + 7*z - 17
['83*v**3 - 45*v**2*w - 102*v**2*x - 175*v**2*y + 122*v**2*z + 64*v**2 - 155*v*w**2 + 275*v*w*x + 223*v*w*y + 241*v*w*z - 105*v*w + 73*v*x**2 - 67*v*x*y - 14*v*x*z - 119*v*x - 87*v*y**2 - 425*v*y*z - 47*v*y - 296*v*z**2 + 54*v*z - 198*w**3 - 139*w**2*x - 5*w**2*y + 207*w**2*z - 3*w**2 + 138*w*x**2 + 343*w*x*y + 123*w*x*z - 42*w*x - 164*w*y**2 - 109*w*y*z - 16*w*y - 469*w*z**2 + 10*w*z - 4*w + 137*x**3 + 238*x**2*y + 63*x**2*z - 144*x**2 + 40*x*y**2 + 240*x*y*z - 98*x*y - 23*x*z**2 - 71*x*z - 13*x - 63*y**3 - 306*y**2*z - 63*y**2 - 390*y*z**2 - 24*y*z - 3*y + 177*z**3 + 23*z**2 + 7*z - 17']
  is_equivalent = False
  total_successes = 0, success_rate = 0.0


Whole evaluation from the beginning of the script took:
 38777.5 seconds, i.e. 646.29 minutes or 10.772 hours.

Current time: 2026-03-02 22:26:11.737757
Mon Mar  2 10:26:12 PM CET 2026
this is oei.sh 1 dopa-deg3 0 999    doing   doones job_id 64685437 task_id 1 * 1000 + 145 --exper_id dopa-deg3
