==============================================
Starting time (of array_subjob 64685437_158):
Mon Mar  2 11:39:50 AM CET 2026
(True, True)
(True, False)
(True, False)
Current time: 2026-03-02 11:39:54.229661 

True
METHOD = 'diofantos'
DEGREE = 3
SCALE = 3
  all_datasets = 2257
start = 1158, end = 1159
task_id = 1158
pds1158.csv:
  gt_rhs = '-6*x*y**2 + 9*y - 2*z - 4'
   target = -6*x*y**2 + 9*y - 2*z - 4
['-6*x*y**2 + 9*y - 2*z - 4']
  is_equivalent = True
  total_successes = 1, success_rate = 1.0


Whole evaluation from the beginning of the script took:
 95.0 seconds, i.e. 1.58 minutes or 0.026 hours.

Current time: 2026-03-02 11:41:29.272619
Mon Mar  2 11:41:30 AM CET 2026
this is oei.sh 1 dopa-deg3 0 999    doing   doones job_id 64685437 task_id 1 * 1000 + 158 --exper_id dopa-deg3
