==============================================
Starting time (of array_subjob 64685437_210):
Mon Mar  2 11:39:51 AM CET 2026
(True, True)
(True, False)
(True, False)
Current time: 2026-03-02 11:39:53.716625 

True
METHOD = 'diofantos'
DEGREE = 3
SCALE = 3
  all_datasets = 2257
start = 1210, end = 1211
task_id = 1210
pds1210.csv:
  gt_rhs = '-8*w*x**4'
   target = 16*v**3 - 116*v**2*w + 122*v**2*x - 18*v**2*y + 23*v**2*z + 11*v**2 + 107*v*w**2 + 5*v*w*x - 78*v*w*y + 50*v*w*z + 5*v*w + 39*v*x**2 + 36*v*x*y + 79*v*x*z + 30*v*x + 50*v*y**2 + 28*v*y*z - 23*v*y - 6*v*z**2 - 4*v*z + 24*v + 38*w**3 + 27*w**2*y - 124*w**2*z + 30*w**2 - 351*w*x**2 + 50*w*x*y - 98*w*x*z + 16*w*x + 69*w*y**2 - 49*w*y*z - 39*w*y - 18*w*z**2 + 27*w*z + 17*w - 20*x**3 - 25*x**2*y - 54*x**2*z + 97*x**2 + 5*x*y**2 + 62*x*y*z + 20*x*y - 48*x*z**2 + 15*x*z + 14*x + 14*y**3 + 148*y**2*z + 4*y**2 - 88*y*z**2 - 26*y*z + 5*y + 7*z**3 + 35*z**2 + 17*z + 17
['16*v**3 - 116*v**2*w + 122*v**2*x - 18*v**2*y + 23*v**2*z + 11*v**2 + 107*v*w**2 + 5*v*w*x - 78*v*w*y + 50*v*w*z + 5*v*w + 39*v*x**2 + 36*v*x*y + 79*v*x*z + 30*v*x + 50*v*y**2 + 28*v*y*z - 23*v*y - 6*v*z**2 - 4*v*z + 24*v + 38*w**3 + 27*w**2*y - 124*w**2*z + 30*w**2 - 351*w*x**2 + 50*w*x*y - 98*w*x*z + 16*w*x + 69*w*y**2 - 49*w*y*z - 39*w*y - 18*w*z**2 + 27*w*z + 17*w - 20*x**3 - 25*x**2*y - 54*x**2*z + 97*x**2 + 5*x*y**2 + 62*x*y*z + 20*x*y - 48*x*z**2 + 15*x*z + 14*x + 14*y**3 + 148*y**2*z + 4*y**2 - 88*y*z**2 - 26*y*z + 5*y + 7*z**3 + 35*z**2 + 17*z + 17']
  is_equivalent = False
  total_successes = 0, success_rate = 0.0


Whole evaluation from the beginning of the script took:
 152089.1 seconds, i.e. 2534.82 minutes or 42.247 hours.

Current time: 2026-03-04 05:54:42.828776
Wed Mar  4 05:54:43 AM CET 2026
this is oei.sh 1 dopa-deg3 0 999    doing   doones job_id 64685437 task_id 1 * 1000 + 210 --exper_id dopa-deg3
