==============================================
Starting time (of array_subjob 64685437_325):
Mon Mar  2 11:39:50 AM CET 2026
(True, True)
(True, False)
(True, False)
Current time: 2026-03-02 11:39:53.164150 

True
METHOD = 'diofantos'
DEGREE = 3
SCALE = 3
  all_datasets = 2257
start = 1325, end = 1326
task_id = 1325
pds1325.csv:
  gt_rhs = '7*v*x*z + 2*z'
   target = 7*v*x*z + 2*z
['7*v*x*z + 2*z']
  is_equivalent = True
  total_successes = 1, success_rate = 1.0


Whole evaluation from the beginning of the script took:
 56.5 seconds, i.e. 0.94 minutes or 0.016 hours.

Current time: 2026-03-02 11:40:49.628768
Mon Mar  2 11:40:49 AM CET 2026
this is oei.sh 1 dopa-deg3 0 999    doing   doones job_id 64685437 task_id 1 * 1000 + 325 --exper_id dopa-deg3
