==============================================
Starting time (of array_subjob 64685437_438):
Mon Mar  2 11:39:51 AM CET 2026
(True, True)
(True, False)
(True, False)
Current time: 2026-03-02 11:39:53.664912 

True
METHOD = 'diofantos'
DEGREE = 3
SCALE = 3
  all_datasets = 2257
start = 1438, end = 1439
task_id = 1438
pds1438.csv:
  gt_rhs = '-10*v*w*x - 2*v*z**2'
   target = -10*v*w*x - 2*v*z**2
['-10*v*w*x - 2*v*z**2']
  is_equivalent = True
  total_successes = 1, success_rate = 1.0


Whole evaluation from the beginning of the script took:
 56.9 seconds, i.e. 0.95 minutes or 0.016 hours.

Current time: 2026-03-02 11:40:50.533010
Mon Mar  2 11:40:50 AM CET 2026
this is oei.sh 1 dopa-deg3 0 999    doing   doones job_id 64685437 task_id 1 * 1000 + 438 --exper_id dopa-deg3
