==============================================
Starting time (of array_subjob 64685437_437):
Mon Mar  2 11:39:51 AM CET 2026
(True, True)
(True, False)
(True, False)
Current time: 2026-03-02 11:39:53.534101 

True
METHOD = 'diofantos'
DEGREE = 3
SCALE = 3
  all_datasets = 2257
start = 1437, end = 1438
task_id = 1437
pds1437.csv:
  gt_rhs = '10*v*x + 3*v'
   target = 10*v*x + 3*v
['10*v*x + 3*v']
  is_equivalent = True
  total_successes = 1, success_rate = 1.0


Whole evaluation from the beginning of the script took:
 58.8 seconds, i.e. 0.98 minutes or 0.016 hours.

Current time: 2026-03-02 11:40:52.361323
Mon Mar  2 11:40:52 AM CET 2026
this is oei.sh 1 dopa-deg3 0 999    doing   doones job_id 64685437 task_id 1 * 1000 + 437 --exper_id dopa-deg3
