==============================================
Starting time (of array_subjob 64685437_718):
Mon Mar  2 11:39:53 AM CET 2026
(True, True)
(True, False)
(True, False)
Current time: 2026-03-02 11:39:55.327787 

True
METHOD = 'diofantos'
DEGREE = 3
SCALE = 3
  all_datasets = 2257
start = 1718, end = 1719
task_id = 1718
pds1718.csv:
  gt_rhs = '2*v*w*y*z - 3*z**3'
   target = -9*v**3 - 4*v**2*w - 7*v**2*x + v**2*y + 3*v**2*z - 4*v**2 - v*w**2 - v*w*x + 9*v*w*y + v*w*z - 9*v*w - 2*v*x**2 + 11*v*x*y - 11*v*x*z - 10*v*x - 5*v*y**2 + 3*v*y*z - v*y + 5*v*z**2 - 6*v*z + 11*v - 12*w**3 + 3*w**2*x - 7*w**2*y - 6*w**2*z - 10*w**2 - 4*w*x**2 - 6*w*x*y + 7*w*x*z + 2*w*x + 7*w*y**2 + 2*w*y*z - 18*w*y + 16*w*z**2 + 8*w*z + 14*w - 5*x**3 + x**2*y - 19*x**2*z - 4*x**2 + 16*x*y**2 + 11*x*y*z + 2*x*y + 3*x*z**2 - 11*x*z - 14*x + 3*y**3 + 6*y**2*z + 5*y**2 + 11*y*z**2 - 5*y*z - 6*y + 9*z**3 - 9*z**2 + 5*z - 6
['-9*v**3 - 4*v**2*w - 7*v**2*x + v**2*y + 3*v**2*z - 4*v**2 - v*w**2 - v*w*x + 9*v*w*y + v*w*z - 9*v*w - 2*v*x**2 + 11*v*x*y - 11*v*x*z - 10*v*x - 5*v*y**2 + 3*v*y*z - v*y + 5*v*z**2 - 6*v*z + 11*v - 12*w**3 + 3*w**2*x - 7*w**2*y - 6*w**2*z - 10*w**2 - 4*w*x**2 - 6*w*x*y + 7*w*x*z + 2*w*x + 7*w*y**2 + 2*w*y*z - 18*w*y + 16*w*z**2 + 8*w*z + 14*w - 5*x**3 + x**2*y - 19*x**2*z - 4*x**2 + 16*x*y**2 + 11*x*y*z + 2*x*y + 3*x*z**2 - 11*x*z - 14*x + 3*y**3 + 6*y**2*z + 5*y**2 + 11*y*z**2 - 5*y*z - 6*y + 9*z**3 - 9*z**2 + 5*z - 6']
  is_equivalent = False
  total_successes = 0, success_rate = 0.0


Whole evaluation from the beginning of the script took:
 128990.4 seconds, i.e. 2149.84 minutes or 35.831 hours.

Current time: 2026-03-03 23:29:45.766056
Tue Mar  3 11:29:46 PM CET 2026
this is oei.sh 1 dopa-deg3 0 999    doing   doones job_id 64685437 task_id 1 * 1000 + 718 --exper_id dopa-deg3
