==============================================
Starting time (of array_subjob 64685437_736):
Mon Mar  2 11:39:53 AM CET 2026
(True, True)
(True, False)
(True, False)
Current time: 2026-03-02 11:39:55.336862 

True
METHOD = 'diofantos'
DEGREE = 3
SCALE = 3
  all_datasets = 2257
start = 1736, end = 1737
task_id = 1736
pds1736.csv:
  gt_rhs = '-2*v**2*w*z - 4*w**2'
   target = v**3 - 10*v**2*w - 10*v**2*x + v**2*y + 5*v**2*z + 3*v**2 - 9*v*w**2 - 7*v*w*x + 11*v*w*y - 13*v*w*z - 3*v*w - v*x**2 + 8*v*x*y + 3*v*x*z + 7*v*x + 4*v*y**2 + 10*v*y*z + 9*v*y - 7*v*z**2 + 18*v*z + 10*v - 3*w**2*x + 13*w**2*y - 4*w**2*z + w**2 + 3*w*x**2 - w*x*y - 3*w*x*z - 8*w*x - 11*w*y**2 + 5*w*y*z + 13*w*y - w*z**2 - 15*w + 6*x**3 - 5*x**2*y + 8*x**2*z + 5*x**2 + 2*x*y**2 - 18*x*y*z + 5*x*y + 5*x*z**2 + 5*x*z + 9*x + y**3 - 6*y**2*z - 4*y**2 + 6*y*z**2 + 19*y*z + 15*y - 6*z**3 + 9*z**2 + 9*z + 4
['v**3 - 10*v**2*w - 10*v**2*x + v**2*y + 5*v**2*z + 3*v**2 - 9*v*w**2 - 7*v*w*x + 11*v*w*y - 13*v*w*z - 3*v*w - v*x**2 + 8*v*x*y + 3*v*x*z + 7*v*x + 4*v*y**2 + 10*v*y*z + 9*v*y - 7*v*z**2 + 18*v*z + 10*v - 3*w**2*x + 13*w**2*y - 4*w**2*z + w**2 + 3*w*x**2 - w*x*y - 3*w*x*z - 8*w*x - 11*w*y**2 + 5*w*y*z + 13*w*y - w*z**2 - 15*w + 6*x**3 - 5*x**2*y + 8*x**2*z + 5*x**2 + 2*x*y**2 - 18*x*y*z + 5*x*y + 5*x*z**2 + 5*x*z + 9*x + y**3 - 6*y**2*z - 4*y**2 + 6*y*z**2 + 19*y*z + 15*y - 6*z**3 + 9*z**2 + 9*z + 4']
  is_equivalent = False
  total_successes = 0, success_rate = 0.0


Whole evaluation from the beginning of the script took:
 88864.2 seconds, i.e. 1481.07 minutes or 24.685 hours.

Current time: 2026-03-03 12:20:59.540910
Tue Mar  3 12:21:00 PM CET 2026
this is oei.sh 1 dopa-deg3 0 999    doing   doones job_id 64685437 task_id 1 * 1000 + 736 --exper_id dopa-deg3
