==============================================
Starting time (of array_subjob 64685437_805):
Mon Mar  2 11:39:52 AM CET 2026
(True, True)
(True, False)
(True, False)
Current time: 2026-03-02 11:39:55.207631 

True
METHOD = 'diofantos'
DEGREE = 3
SCALE = 3
  all_datasets = 2257
start = 1805, end = 1806
task_id = 1805
pds1805.csv:
  gt_rhs = '-w - 10*x*y*z**2'
   target = 10*v**3 + 11*v**2*w + 12*v**2*x + 12*v**2*y + 19*v**2*z + 7*v**2 + v*w**2 + 9*v*w*x - 17*v*w*y - 23*v*w*z - 17*v*w + 16*v*x**2 + 8*v*x*y + v*x*z + 9*v*x - 12*v*y**2 + 7*v*y*z + 8*v*y + 22*v*z**2 + 4*v*z - 4*v + 6*w**3 - 6*w**2*x + 9*w**2*y - 9*w**2*z + 7*w**2 + 10*w*x**2 + 6*w*x*y - 11*w*x*z + 3*w*x - 6*w*y**2 - 10*w*y*z + 20*w*y - 18*w*z**2 + 22*w*z - 11*w + 5*x**3 - 11*x**2*y + 24*x**2*z + 25*x**2 + 10*x*y**2 - 15*x*y*z - 4*x*y - 6*x*z**2 - 13*x*z + 11*x + 6*y**3 - 4*y**2*z + 38*y**2 + 6*y*z**2 + 8*y*z - y - 21*z**3 - 6*z**2 + 12*z + 9
['10*v**3 + 11*v**2*w + 12*v**2*x + 12*v**2*y + 19*v**2*z + 7*v**2 + v*w**2 + 9*v*w*x - 17*v*w*y - 23*v*w*z - 17*v*w + 16*v*x**2 + 8*v*x*y + v*x*z + 9*v*x - 12*v*y**2 + 7*v*y*z + 8*v*y + 22*v*z**2 + 4*v*z - 4*v + 6*w**3 - 6*w**2*x + 9*w**2*y - 9*w**2*z + 7*w**2 + 10*w*x**2 + 6*w*x*y - 11*w*x*z + 3*w*x - 6*w*y**2 - 10*w*y*z + 20*w*y - 18*w*z**2 + 22*w*z - 11*w + 5*x**3 - 11*x**2*y + 24*x**2*z + 25*x**2 + 10*x*y**2 - 15*x*y*z - 4*x*y - 6*x*z**2 - 13*x*z + 11*x + 6*y**3 - 4*y**2*z + 38*y**2 + 6*y*z**2 + 8*y*z - y - 21*z**3 - 6*z**2 + 12*z + 9']
  is_equivalent = False
  total_successes = 0, success_rate = 0.0


Whole evaluation from the beginning of the script took:
 105285.7 seconds, i.e. 1754.76 minutes or 29.246 hours.

Current time: 2026-03-03 16:54:40.912261
Tue Mar  3 04:54:41 PM CET 2026
this is oei.sh 1 dopa-deg3 0 999    doing   doones job_id 64685437 task_id 1 * 1000 + 805 --exper_id dopa-deg3
