==============================================
Starting time (of array_subjob 64684964_49):
Mon Mar  2 11:39:06 AM CET 2026
(True, True)
(True, False)
(True, False)
Current time: 2026-03-02 11:39:09.770992 

True
METHOD = 'diofantos'
DEGREE = 3
SCALE = 3
  all_datasets = 2257
start = 2049, end = 2050
task_id = 2049
pds2049.csv:
  gt_rhs = '-3*v*y - 7*y*z - 6'
   target = -3*v*y - 7*y*z - 6
['-3*v*y - 7*y*z - 6']
  is_equivalent = True
  total_successes = 1, success_rate = 1.0


Whole evaluation from the beginning of the script took:
 53.1 seconds, i.e. 0.88 minutes or 0.015 hours.

Current time: 2026-03-02 11:40:02.860130
Mon Mar  2 11:40:03 AM CET 2026
this is oei.sh 2 dopa-deg3 0 260    doing   doones job_id 64684964 task_id 2 * 1000 + 49 --exper_id dopa-deg3
