==============================================
Starting time (of array_subjob 64684964_81):
Mon Mar  2 11:39:06 AM CET 2026
(True, True)
(True, False)
(True, False)
Current time: 2026-03-02 11:39:09.777402 

True
METHOD = 'diofantos'
DEGREE = 3
SCALE = 3
  all_datasets = 2257
start = 2081, end = 2082
task_id = 2081
pds2081.csv:
  gt_rhs = '-9*v*y - 6*v + 9*z**2 + 7*z - 3'
   target = -9*v*y - 6*v + 9*z**2 + 7*z - 3
['-9*v*y - 6*v + 9*z**2 + 7*z - 3']
  is_equivalent = True
  total_successes = 1, success_rate = 1.0


Whole evaluation from the beginning of the script took:
 57.1 seconds, i.e. 0.95 minutes or 0.016 hours.

Current time: 2026-03-02 11:40:06.899875
Mon Mar  2 11:40:07 AM CET 2026
this is oei.sh 2 dopa-deg3 0 260    doing   doones job_id 64684964 task_id 2 * 1000 + 81 --exper_id dopa-deg3
