==============================================
Starting time (of array_subjob 64684964_133):
Mon Mar  2 11:39:06 AM CET 2026
(True, True)
(True, False)
(True, False)
Current time: 2026-03-02 11:39:09.782653 

True
METHOD = 'diofantos'
DEGREE = 3
SCALE = 3
  all_datasets = 2257
start = 2133, end = 2134
task_id = 2133
pds2133.csv:
  gt_rhs = '-4*w*z + 7*w - 9*x*y**2'
   target = -4*w*z + 7*w - 9*x*y**2
['-4*w*z + 7*w - 9*x*y**2']
  is_equivalent = True
  total_successes = 1, success_rate = 1.0


Whole evaluation from the beginning of the script took:
 51.2 seconds, i.e. 0.85 minutes or 0.014 hours.

Current time: 2026-03-02 11:40:00.944372
Mon Mar  2 11:40:01 AM CET 2026
this is oei.sh 2 dopa-deg3 0 260    doing   doones job_id 64684964 task_id 2 * 1000 + 133 --exper_id dopa-deg3
