==============================================
Starting time (of array_subjob 64684964_158):
Mon Mar  2 11:39:07 AM CET 2026
(True, True)
(True, False)
(True, False)
Current time: 2026-03-02 11:39:11.852467 

True
METHOD = 'diofantos'
DEGREE = 3
SCALE = 3
  all_datasets = 2257
start = 2158, end = 2159
task_id = 2158
pds2158.csv:
  gt_rhs = '2*v*y*z + 2*w + 3'
   target = 2*v*y*z + 2*w + 3
['2*v*y*z + 2*w + 3']
  is_equivalent = True
  total_successes = 1, success_rate = 1.0


Whole evaluation from the beginning of the script took:
 92.8 seconds, i.e. 1.55 minutes or 0.026 hours.

Current time: 2026-03-02 11:40:44.653352
Mon Mar  2 11:40:45 AM CET 2026
this is oei.sh 2 dopa-deg3 0 260    doing   doones job_id 64684964 task_id 2 * 1000 + 158 --exper_id dopa-deg3
