==============================================
Starting time (of array_subjob 64684964_233):
Mon Mar  2 11:39:07 AM CET 2026
(True, True)
(True, False)
(True, False)
Current time: 2026-03-02 11:39:12.032656 

True
METHOD = 'diofantos'
DEGREE = 3
SCALE = 3
  all_datasets = 2257
start = 2233, end = 2234
task_id = 2233
pds2233.csv:
  gt_rhs = '-10*v + 8*w**2 - 2*x*z + 8'
   target = -10*v + 8*w**2 - 2*x*z + 8
['-10*v + 8*w**2 - 2*x*z + 8']
  is_equivalent = True
  total_successes = 1, success_rate = 1.0


Whole evaluation from the beginning of the script took:
 79.9 seconds, i.e. 1.33 minutes or 0.022 hours.

Current time: 2026-03-02 11:40:31.934792
Mon Mar  2 11:40:32 AM CET 2026
this is oei.sh 2 dopa-deg3 0 260    doing   doones job_id 64684964 task_id 2 * 1000 + 233 --exper_id dopa-deg3
