==============================================
Starting time (of array_subjob 64684964_232):
Mon Mar  2 11:39:07 AM CET 2026
(True, True)
(True, False)
(True, False)
Current time: 2026-03-02 11:39:12.034435 

True
METHOD = 'diofantos'
DEGREE = 3
SCALE = 3
  all_datasets = 2257
start = 2232, end = 2233
task_id = 2232
pds2232.csv:
  gt_rhs = '-9*w*y + 3*w + 7*z'
   target = -9*w*y + 3*w + 7*z
['-9*w*y + 3*w + 7*z']
  is_equivalent = True
  total_successes = 1, success_rate = 1.0


Whole evaluation from the beginning of the script took:
 83.2 seconds, i.e. 1.39 minutes or 0.023 hours.

Current time: 2026-03-02 11:40:35.262463
Mon Mar  2 11:40:35 AM CET 2026
this is oei.sh 2 dopa-deg3 0 260    doing   doones job_id 64684964 task_id 2 * 1000 + 232 --exper_id dopa-deg3
