==============================================
Starting time (of array_subjob 444571_18):
Fri Jan  9 03:26:34 PM CET 2026
(True, True)
(True, False)
(True, False)
164
97 18 A000069  ... TASK ID, task_id, seq_id


CORELIST: True, METHOD: MB, SINDy: False (True also in case of MAVI), GROUND_TRUTH: False, SINDy_default: True, DEBUG: False, OEISformer: False
n_of_terms_ed: 200, N_OF_TERMS_ED: 200
Library: n, max_order 20, max_degree: 3, threshold: 0.1, 
n_more_terms: 10

Attempting doone for A000069


eq = 'x^100 - 250040465660327295/1037391575729869544*x^99 - 155610516638174607/518695787864934772*x^98 - 374371476518218857/1037391575729869544*x^97 + 593570585412927875/1037391575729869544*x^96 - 95681442150100068/129673946966233693*x^95 - 113086493549521032/129673946966233693*x^94 - 131026686805144188/129673946966233693*x^93 - 17246088838487414733/1037391575729869544*x^92 + 1404820766135104275/1037391575729869544*x^91 + 574594964404584345/518695787864934772*x^90 + 880249744456135485/1037391575729869544*x^89 - 7693567263055286055/518695787864934772*x^88 + 7448126908407561/2423812092826798*x^87 + 3404977577723139/1211906046413399*x^86 + 656076622756957869/259347893932467386*x^85 - 10491286717742976879/1037391575729869544*x^84 + 2129809627188749163/518695787864934772*x^83 + 488100017173113690/129673946966233693*x^82 + 1764033942019606857/518695787864934772*x^81 - 9626649254519410215/1037391575729869544*x^80 + 635310594785427666/129673946966233693*x^79 + 591899498951928264/129673946966233693*x^78 + 545674295081503542/129673946966233693*x^77 - 5618866817104919151/1037391575729869544*x^76 + 5287700878784626653/1037391575729869544*x^75 + 2434999564671586383/518695787864934772*x^74 + 4427371763961542643/1037391575729869544*x^73 - 2796582572739680931/518695787864934772*x^72 + 1319062573318025661/259347893932467386*x^71 + 607435314452186523/129673946966233693*x^70 + 1104612205689807651/259347893932467386*x^69 - 2448697231853122605/1037391575729869544*x^68 + 575229267161733570/129673946966233693*x^67 + 1021523848165883259/259347893932467386*x^66 + 442989157383728391/129673946966233693*x^65 - 3400583540451657003/1037391575729869544*x^64 + 446430470102531280/129673946966233693*x^63 + 375252849366863808/129673946966233693*x^62 + 300753658489251696/129673946966233693*x^61 - 4892613906295148407/259347893932467386*x^60 + 1224765602784005889/259347893932467386*x^59 + 523374283579784595/129673946966233693*x^58 + 859989343453208751/259347893932467386*x^57 - 2326172897457293249/129673946966233693*x^56 + 722787105133597554/129673946966233693*x^55 + 634249028298591852/129673946966233693*x^54 + 541143792518412270/129673946966233693*x^53 - 3370853380608496685/259347893932467386*x^52 + 730949254681036881/129673946966233693*x^51 + 634006509048217272/129673946966233693*x^50 + 532169060747893131/129673946966233693*x^49 - 3389605576910463605/259347893932467386*x^48 + 721185630025180536/129673946966233693*x^47 + 632527587625090368/129673946966233693*x^46 + 539330066031009192/129673946966233693*x^45 - 2302584910530827181/259347893932467386*x^44 + 1278660179266206639/259347893932467386*x^43 + 547786907471651685/129673946966233693*x^42 + 903514597945285761/259347893932467386*x^41 - 1235150463975765525/129673946966233693*x^40 + 559495929825641166/129673946966233693*x^39 + 478779479518462884/129673946966233693*x^38 + 394141731127044402/129673946966233693*x^37 - 1770586820330494929/259347893932467386*x^36 + 3566703318592075263/1037391575729869544*x^35 + 1475062626873054423/518695787864934772*x^34 + 2304884806550278473/1037391575729869544*x^33 - 7857064027149432327/1037391575729869544*x^32 + 358720387239744228/129673946966233693*x^31 + 296771067639884328/129673946966233693*x^30 + 231961507084460988/129673946966233693*x^29 - 2511287438998782585/518695787864934772*x^28 + 1010389987816042695/518695787864934772*x^27 + 391686750998262549/259347893932467386*x^26 + 546387692459309769/518695787864934772*x^25 - 1428017058647633187/259347893932467386*x^24 + 176084670650762115/129673946966233693*x^23 + 132747217540368978/129673946966233693*x^22 + 87541381225131981/129673946966233693*x^21 - 1943218869156572707/518695787864934772*x^20 + 101093898903589170/129673946966233693*x^19 + 65123593226948841/129673946966233693*x^18 + 27672420862024860/129673946966233693*x^17 - 2141467598879497405/518695787864934772*x^16 + 62311356821274672/129673946966233693*x^15 + 39758151374594472/129673946966233693*x^14 + 16282287555151872/129673946966233693*x^13 - 1082844099071098391/518695787864934772*x^12 + 89803559869329381/518695787864934772*x^11 + 9504725677316583/259347893932467386*x^10 - 54529565819031189/518695787864934772*x^9 - 588431728621772059/259347893932467386*x^8 + 5634994048779777/129673946966233693*x^7 - 4013186564823426/129673946966233693*x^6 - 14025817235667777/129673946966233693*x^5 - 620636574650953321/518695787864934772*x^4 - 48773127654255957/1037391575729869544*x^3 - 47219976849321177/518695787864934772*x^2 - 141735271770954387/1037391575729869544*x - 1232379852532067045/1037391575729869544\n' 
is Disco: True 


Exiting after running sage code with zero division:
Traceback (most recent call last):
  File "/ceph/grid/home/bgec/oeis/doones.py", line 873, in <module>
    doone(task_id=task_id, seq_id=seq_id, linear=True)
  File "/ceph/grid/home/bgec/oeis/doones.py", line 650, in doone
    1/0
    ~^~
ZeroDivisionError: division by zero
Fri Jan  9 03:27:07 PM CET 2026
this is oei.sh        doing   doones job_id 444571 task_id 18 --exper_id 
