==============================================
Starting time (of array_subjob 447940_13):
Fri Jan  9 06:05:10 PM CET 2026
(True, True)
(True, False)
(True, False)
164
97 13 A000043  ... TASK ID, task_id, seq_id


CORELIST: True, METHOD: MB, SINDy: False (True also in case of MAVI), GROUND_TRUTH: False, SINDy_default: True, DEBUG: False, OEISformer: False
n_of_terms_ed: 200, N_OF_TERMS_ED: 200
Library: n, max_order 20, max_degree: 3, threshold: 0.1, 
n_more_terms: 10

Attempting doone for A000043


eq = 'x^23 - 125486438499459133756810753272973225417270729591309628978629623354153974274391787675095260923/283023858195343272596300150066147719945313099965071598399032361597684219121234144064174099209*x^22 - 23606180402514808127203855782340830382567889586509062398032970326069663576882778019630774554/283023858195343272596300150066147719945313099965071598399032361597684219121234144064174099209*x^21 + 109829710665617782761258783222868940442442609300508008023635880031778038222622933674756892582/283023858195343272596300150066147719945313099965071598399032361597684219121234144064174099209*x^20 - 111213861600812156947990162535291283364355556100041415496247307045804529608295823599863603500/283023858195343272596300150066147719945313099965071598399032361597684219121234144064174099209*x^19 + 783831631180543705964953442787274291186370742795780200565005641105823875772842422283998262701/283023858195343272596300150066147719945313099965071598399032361597684219121234144064174099209*x^18 + 91065138186387901650916244644486572860038647374311937266884912134238921477857682899131450602/283023858195343272596300150066147719945313099965071598399032361597684219121234144064174099209*x^17 - 493791703321503991269966475159472583635976517550819696197835962624225193325604490905833538935/283023858195343272596300150066147719945313099965071598399032361597684219121234144064174099209*x^16 - 564012755730408341096820002838656372989352374807919456305923934373359448232448773990185957198/283023858195343272596300150066147719945313099965071598399032361597684219121234144064174099209*x^15 - 1856199247249696886728446165978979212935773143223811750963395572798818810932417910565662948011/283023858195343272596300150066147719945313099965071598399032361597684219121234144064174099209*x^14 + 3298390164761289878743711158184603960318682691219597179277444495028751186034693659190021333495/283023858195343272596300150066147719945313099965071598399032361597684219121234144064174099209*x^13 - 3939618612465372801004839788065143060886023399184517412985972021776959517321822253286956856793/283023858195343272596300150066147719945313099965071598399032361597684219121234144064174099209*x^12 + 5548386784012081878006463544179415119570277990888969804959084117101499422369602726777772338250/283023858195343272596300150066147719945313099965071598399032361597684219121234144064174099209*x^11 - 1856343031175550786532524830663622368271270729018356359141917040287073004298341529163513849796/283023858195343272596300150066147719945313099965071598399032361597684219121234144064174099209*x^10 + 3783099960776005856386980804883136875288703192166803197628358526580870175651417285864005729350/283023858195343272596300150066147719945313099965071598399032361597684219121234144064174099209*x^9 + 5469822461234565048162225199340310486893472404753352284109292783832991787828831258051366638478/283023858195343272596300150066147719945313099965071598399032361597684219121234144064174099209*x^8 - 6848469606674642696257555149077348418373808237057511256060734774037138369322455222665479675276/283023858195343272596300150066147719945313099965071598399032361597684219121234144064174099209*x^7 - 20570041847353812491236742510236945278721000860815889625824491213503335075121931801430242173920/283023858195343272596300150066147719945313099965071598399032361597684219121234144064174099209*x^6 - 59543799704529834383451811054257849844354418818635755615522554595188942538483763285538163035755/283023858195343272596300150066147719945313099965071598399032361597684219121234144064174099209*x^5 - 159537976189161418816075855404785809365948435453662198535251735076827828363752954696132051411947/283023858195343272596300150066147719945313099965071598399032361597684219121234144064174099209*x^4 + 258337373939894666630179739456657805922293668956382794390423399344762448759578574754446659662436/283023858195343272596300150066147719945313099965071598399032361597684219121234144064174099209*x^3 + 139418257052863878456960447508186069665146290179220358315115250115656593104610979091643977807638/283023858195343272596300150066147719945313099965071598399032361597684219121234144064174099209*x^2 + 18790353602589083744979144787910702921625812393321078428015102063179847639776212514505028989757/283023858195343272596300150066147719945313099965071598399032361597684219121234144064174099209*x - 1727599674509768321116385431858325561737392598685981708702171599812207901528432670487295920004968/283023858195343272596300150066147719945313099965071598399032361597684219121234144064174099209\n' 
is Disco: True 


Exiting after running sage code with zero division:
Traceback (most recent call last):
  File "/ceph/grid/home/bgec/oeis/doones.py", line 873, in <module>
    doone(task_id=task_id, seq_id=seq_id, linear=True)
  File "/ceph/grid/home/bgec/oeis/doones.py", line 650, in doone
    1/0
    ~^~
ZeroDivisionError: division by zero
Fri Jan  9 06:05:25 PM CET 2026
this is oei.sh        doing   doones job_id 447940 task_id 13 --exper_id 
