==============================================
Starting time (of array_subjob 444571_12):
Fri Jan  9 03:26:34 PM CET 2026
(True, True)
(True, False)
(True, False)
164
97 12 A000041  ... TASK ID, task_id, seq_id


CORELIST: True, METHOD: MB, SINDy: False (True also in case of MAVI), GROUND_TRUTH: False, SINDy_default: True, DEBUG: False, OEISformer: False
n_of_terms_ed: 200, N_OF_TERMS_ED: 200
Library: n, max_order 20, max_degree: 3, threshold: 0.1, 
n_more_terms: 10

Attempting doone for A000041


eq = 'x^100 - 18615/114389*x^99 - 207270/114389*x^98 + 102220/114389*x^97 - 80305/114389*x^96 + 51118/114389*x^95 + 15560/114389*x^94 - 89999/114389*x^93 + 34784/114389*x^92 - 191772/114389*x^91 - 46546/114389*x^90 + 50917/114389*x^89 + 199767/114389*x^88 + 124136/114389*x^87 + 8057/10399*x^86 + 97235/114389*x^85 + 230726/114389*x^84 + 289665/114389*x^83 + 211797/114389*x^82 + 200022/114389*x^81 + 258980/114389*x^80 - 202655/114389*x^79 + 24274/114389*x^78 - 415990/114389*x^77 - 574408/114389*x^76 - 832086/114389*x^75 - 803723/114389*x^74 - 1236228/114389*x^73 - 1104297/114389*x^72 - 998298/114389*x^71 - 102741/10399*x^70 - 295259/114389*x^69 - 85010/114389*x^68 + 594887/114389*x^67 + 1533731/114389*x^66 + 2426603/114389*x^65 + 2701698/114389*x^64 + 4134485/114389*x^63 + 3937649/114389*x^62 + 4342122/114389*x^61 + 3347556/114389*x^60 + 3091335/114389*x^59 + 1296776/114389*x^58 - 391412/114389*x^57 - 3032765/114389*x^56 - 4948544/114389*x^55 - 7539174/114389*x^54 - 9505065/114389*x^53 - 10919582/114389*x^52 - 10930879/114389*x^51 - 10060091/114389*x^50 - 8041839/114389*x^49 - 448049/10399*x^48 - 1093017/114389*x^47 + 5173779/114389*x^46 + 8711292/114389*x^45 + 14482408/114389*x^44 + 17954477/114389*x^43 + 1884707/10399*x^42 + 19863373/114389*x^41 + 19199096/114389*x^40 + 13739095/114389*x^39 + 8986144/114389*x^38 + 1172377/114389*x^37 - 6441533/114389*x^36 - 14348496/114389*x^35 - 20363554/114389*x^34 - 25256217/114389*x^33 - 26749936/114389*x^32 - 25268754/114389*x^31 - 21916288/114389*x^30 - 15171467/114389*x^29 - 7759687/114389*x^28 + 1507739/114389*x^27 + 8892677/114389*x^26 + 1513886/10399*x^25 + 20342122/114389*x^24 + 23255053/114389*x^23 + 21326407/114389*x^22 + 19862947/114389*x^21 + 13805361/114389*x^20 + 8146177/114389*x^19 + 1213562/114389*x^18 - 3643841/114389*x^17 - 788833/10399*x^16 - 10897930/114389*x^15 - 11903456/114389*x^14 - 11325962/114389*x^13 - 8450334/114389*x^12 - 6794542/114389*x^11 - 3560825/114389*x^10 - 1036465/114389*x^9 + 1520327/114389*x^8 + 2052876/114389*x^7 + 2769535/114389*x^6 + 2839367/114389*x^5 + 2498478/114389*x^4 + 1472324/114389*x^3 + 1036966/114389*x^2 + 169182/114389*x + 418621/114389\n' 
is Disco: True 


Exiting after running sage code with zero division:
Traceback (most recent call last):
  File "/ceph/grid/home/bgec/oeis/doones.py", line 873, in <module>
    doone(task_id=task_id, seq_id=seq_id, linear=True)
  File "/ceph/grid/home/bgec/oeis/doones.py", line 650, in doone
    1/0
    ~^~
ZeroDivisionError: division by zero
Fri Jan  9 03:27:11 PM CET 2026
this is oei.sh        doing   doones job_id 444571 task_id 12 --exper_id 
