==============================================
Starting time (of array_subjob 444571_71):
Fri Jan  9 03:26:34 PM CET 2026
(True, True)
(True, False)
(True, False)
164
97 71 A001003  ... TASK ID, task_id, seq_id


CORELIST: True, METHOD: MB, SINDy: False (True also in case of MAVI), GROUND_TRUTH: False, SINDy_default: True, DEBUG: False, OEISformer: False
n_of_terms_ed: 200, N_OF_TERMS_ED: 200
Library: n, max_order 20, max_degree: 3, threshold: 0.1, 
n_more_terms: 10

Attempting doone for A001003


eq = 'x^100 - 298*x^99 + 43758*x^98 - 4220762*x^97 + 300812617*x^96 - 16893797808*x^95 + 778641167216*x^94 - 30288872687216*x^93 + 1014939436856604*x^92 - 29755475103119624*x^91 + 772637390536182808*x^90 - 17945142863877467784*x^89 + 375835878175346919564*x^88 - 7146079267078945373136*x^87 + 124063160805613953833616*x^86 - 1976297886024360443939472*x^85 + 29009255282796960059942586*x^84 - 393820682804730684451519956*x^83 + 4960719828825767033165724124*x^82 - 58145537142001884601074171124*x^81 + 635791406421804262950082226202*x^80 - 6500106469372816930783362246288*x^79 + 62260276218309600993147021897168*x^78 - 559723090765407854983923044328912*x^77 + 4730582436894904511347787622633372*x^76 - 37642013292216201449211518864918760*x^75 + 282373121537193005394000515308813752*x^74 - 1999337032641591171677013728064815592*x^73 + 13376136897605812657574522052114382188*x^72 - 84641270285607581277576341615896013808*x^71 + 507018864185972394636673824910462915632*x^70 - 2877416857577742306785532756254798866224*x^69 + 15482106107824956980948053563463869827799*x^68 - 79028924098053723114784288790195229284406*x^67 + 382932043728604623233560387844383480807986*x^66 - 1762221482663017873409897302397385337705542*x^65 + 7705492921036973898481746184565443638605631*x^64 - 32026948809680551551900841785727624488170976*x^63 + 126577749503928026465880834501182038000528224*x^62 - 475834467188053849251632853600573613255202144*x^61 + 1701848302196053903841716559275407741597079288*x^60 - 5792185446372174199352150377965026843100750864*x^59 + 18762568981374531316796785622783015459569220144*x^58 - 57852741272025579268692291851207431548220591376*x^57 + 169814007567905665067109507398290687273517324376*x^56 - 474526191008826901698343901511440817273041239328*x^55 + 1262369780153268338678112005630804209149626053792*x^54 - 3196973863081414914215698204510698233872259428512*x^53 + 7707047516688407484535593082458073670867860418508*x^52 - 17684303441290020532580937435627980043620456356248*x^51 + 38616918958302053767036048076286417557655805046280*x^50 - 80237996852173772582126916559471673383042260486744*x^49 + 158599798806134212665087857724201727011387074776524*x^48 - 298151316892754038414051654518828464482053776648736*x^47 + 532914829198162750173937283838130671438376893039776*x^46 - 905367757212746674686577801869100785977129761368224*x^45 + 1461440027992344229092045834358526197490680341378648*x^44 - 2240533286654027134547963177865291080130507638956048*x^43 + 3260952783448526004862103582254076793667187261387312*x^42 - 4503505333290117147688616465206323241868531323590672*x^41 + 5898501795040568987463433832531256232836524517702904*x^40 - 7322681578229816863400631324692342462738878347089632*x^39 + 8611294234692843066248794609659357324853284860050272*x^38 - 9586232857211113563454518282171334146408415754904928*x^37 + 10094809256462817769788062122436561662389760535502143*x^36 - 10048121835100503949402589554588631926937064253289526*x^35 + 9446037544479962473995466333666434241284448080974898*x^34 - 8379297143876554122801388282529835592754059955770758*x^33 + 7007221258689272688427311093208655885270825711925207*x^32 - 5518506561379441353373721887218022413564317343384432*x^31 + 4088459408617300947021267792772880303017192706239536*x^30 - 2846100441955415470043757394665108574241833135163184*x^29 + 1859282062520860251297048479318341048970818408802924*x^28 - 1138297105252089326435988875397726014889013724138216*x^27 + 652148805930623171440413898812277095848013213639096*x^26 - 349087201062231947885758000646868435476040271900776*x^25 + 174291940026091755014942088741299954868088682041500*x^24 - 81016789665611143596145645137524371413497577795600*x^23 + 34990965921686340129313300622303245494984659240400*x^22 - 14011043130426397279813043632899351649259987010000*x^21 + 5188955441304012952342198314615841824875385612570*x^20 - 1772733289774789867566577646758957042450627403220*x^19 + 557059640448470265036743359279426886581517677020*x^18 - 160493618144653359006033644625893601435869755380*x^17 + 42242741243267568814663147028912253204179622330*x^16 - 10116531742475810808611894346143771351467970640*x^15 + 2194371726055763839735427860141727002511663760*x^14 - 428861079909696676448092383589632218614550160*x^13 + 75063113734589453021115891076406457753107340*x^12 - 11683418052544797720489257176263730737471240*x^11 + 1603624991502880910830002927186086941095960*x^10 - 192143326412574668701248164469647605606920*x^9 + 19847799367891608252854805446900873710620*x^8 - 1739804057871878901271047975985874834480*x^7 + 126770008930766231157253763669343591280*x^6 - 7464753242335163521582364323620320880*x^5 + 341008152666195534837825135877169225*x^4 - 11330261064839914390577533249457450*x^3 + 243388915243820045087367015437550*x^2 - 2535301200456458802993406410650*x + 1\n' 
is Disco: True 


Exiting after running sage code with zero division:
Traceback (most recent call last):
  File "/ceph/grid/home/bgec/oeis/doones.py", line 873, in <module>
    doone(task_id=task_id, seq_id=seq_id, linear=True)
  File "/ceph/grid/home/bgec/oeis/doones.py", line 650, in doone
    1/0
    ~^~
ZeroDivisionError: division by zero
Fri Jan  9 03:30:53 PM CET 2026
this is oei.sh        doing   doones job_id 444571 task_id 71 --exper_id 
