==============================================
Starting time (of array_subjob 444571_144):
Fri Jan  9 03:26:47 PM CET 2026
(True, True)
(True, False)
(True, False)
164
97 144 A010060  ... TASK ID, task_id, seq_id


CORELIST: True, METHOD: MB, SINDy: False (True also in case of MAVI), GROUND_TRUTH: False, SINDy_default: True, DEBUG: False, OEISformer: False
n_of_terms_ed: 200, N_OF_TERMS_ED: 200
Library: n, max_order 20, max_degree: 3, threshold: 0.1, 
n_more_terms: 10

Attempting doone for A010060


eq = 'x^100 - 9988039/30724297*x^99 - 11741728/30724297*x^98 - 13495417/30724297*x^97 + 15323232/30724297*x^96 - 27294752/30724297*x^95 - 31106048/30724297*x^94 - 34917344/30724297*x^93 - 516764462/30724297*x^92 + 72937915/30724297*x^91 + 61089220/30724297*x^90 + 49240525/30724297*x^89 - 438364607/30724297*x^88 + 145579756/30724297*x^87 + 130252432/30724297*x^86 + 114925108/30724297*x^85 - 281706377/30724297*x^84 + 178901734/30724297*x^83 + 159393484/30724297*x^82 + 139885234/30724297*x^81 - 259103669/30724297*x^80 + 199147024/30724297*x^79 + 7787168/1335839*x^78 + 159062704/30724297*x^77 - 146463710/30724297*x^76 + 190939573/30724297*x^75 + 168749452/30724297*x^74 + 146559331/30724297*x^73 - 159747413/30724297*x^72 + 176875540/30724297*x^71 + 155272720/30724297*x^70 + 133669900/30724297*x^69 - 78509021/30724297*x^68 + 137931856/30724297*x^67 + 114390532/30724297*x^66 + 90849208/30724297*x^65 - 122356463/30724297*x^64 + 93057664/30724297*x^63 + 69401344/30724297*x^62 + 45745024/30724297*x^61 - 613671496/30724297*x^60 + 155644644/30724297*x^59 + 124513584/30724297*x^58 + 93382524/30724297*x^57 - 570469556/30724297*x^56 + 194411024/30724297*x^55 + 161883584/30724297*x^54 + 129356144/30724297*x^53 - 409955948/30724297*x^52 + 193718088/30724297*x^51 + 6906864/1335839*x^50 + 123997656/30724297*x^49 - 415215868/30724297*x^48 + 188556736/30724297*x^47 + 156226432/30724297*x^46 + 123896128/30724297*x^45 - 287458952/30724297*x^44 + 6888068/1335839*x^43 + 126473104/30724297*x^42 + 94520644/30724297*x^41 - 314633084/30724297*x^40 + 133452784/30724297*x^39 + 105525184/30724297*x^38 + 3373808/1335839*x^37 - 650515/85583*x^36 + 98262343/30724297*x^35 + 72745552/30724297*x^34 + 47228761/30724297*x^33 - 260125268/30724297*x^32 + 75450400/30724297*x^31 + 55079680/30724297*x^30 + 34708960/30724297*x^29 - 21068/3721*x^28 + 45993886/30724297*x^27 + 28243432/30724297*x^26 + 10492978/30724297*x^25 - 194642438/30724297*x^24 + 28841944/30724297*x^23 + 15535264/30724297*x^22 + 2228584/30724297*x^21 - 136102710/30724297*x^20 + 11312528/30724297*x^19 + 765752/30724297*x^18 - 9781024/30724297*x^17 - 144744578/30724297*x^16 + 6038400/30724297*x^15 - 532800/30724297*x^14 - 7104000/30724297*x^13 - 76035548/30724297*x^12 - 2093830/30724297*x^11 - 6981160/30724297*x^10 - 11868490/30724297*x^9 - 78812250/30724297*x^8 - 2882744/30724297*x^7 - 5478368/30724297*x^6 - 8073992/30724297*x^5 - 683571/503677*x^4 - 3885037/30724297*x^3 - 5334808/30724297*x^2 - 6784579/30724297*x - 39110606/30724297\n' 
is Disco: True 


Exiting after running sage code with zero division:
Traceback (most recent call last):
  File "/ceph/grid/home/bgec/oeis/doones.py", line 873, in <module>
    doone(task_id=task_id, seq_id=seq_id, linear=True)
  File "/ceph/grid/home/bgec/oeis/doones.py", line 650, in doone
    1/0
    ~^~
ZeroDivisionError: division by zero
Fri Jan  9 03:26:51 PM CET 2026
this is oei.sh        doing   doones job_id 444571 task_id 144 --exper_id 
