==============================================
Starting time (of array_subjob 65474260_63):
Tue Mar 24 03:16:28 PM CET 2026
(True, True)
(True, False)
(True, False)
Current time: 2026-03-24 15:16:30.857628 

True
METHOD = 'diofantos'
DEGREE = 4
SCALE = 3000
  all_datasets = 2257
pds0063.csv:
  gt_rhs = '-7*v*w*x*z'
d_max = 1
d_max = 2
   target = 357775962880717149856930427311*v**2 - 29734810546501046903810863734*v*w - 82091837101853969364438930651*v*x - 1785414093622275116476772707499*v*y + 887519843051247072331344252635*v*z + 5200061943078271396178382977344*v - 587131083396703577387431756835*w**2 + 841123724026960414773210429537*w*x + 230560392665516618300642585765*w*y + 231413647027584297952928202674*w*z - 4137891171495131140980614671518*w + 843328571523136085246275861460*x**2 - 547485278615867084917797508160*x*y - 376115993861213248974807303785*x*z + 2482165197424195654416086567772*x - 369291615469872862860402668077*y**2 + 391699655625210042050425810542*y*z + 3633635961301711535750745506363*y - 66932569921513534096108331312*z**2 - 1018793279109036304021540928285*z - 9399251320287114140899399734750
['357775962880717149856930427311*v**2 - 29734810546501046903810863734*v*w - 82091837101853969364438930651*v*x - 1785414093622275116476772707499*v*y + 887519843051247072331344252635*v*z + 5200061943078271396178382977344*v - 587131083396703577387431756835*w**2 + 841123724026960414773210429537*w*x + 230560392665516618300642585765*w*y + 231413647027584297952928202674*w*z - 4137891171495131140980614671518*w + 843328571523136085246275861460*x**2 - 547485278615867084917797508160*x*y - 376115993861213248974807303785*x*z + 2482165197424195654416086567772*x - 369291615469872862860402668077*y**2 + 391699655625210042050425810542*y*z + 3633635961301711535750745506363*y - 66932569921513534096108331312*z**2 - 1018793279109036304021540928285*z - 9399251320287114140899399734750']
  is_equivalent = False
  total_successes = 0, success_rate = 0.0
DEGREE = 4:
METHOD = 'diofantos':


Whole evaluation from the beginning of the script took:
 2.6 seconds, i.e. 0.04 minutes or 0.001 hours.

Current time: 2026-03-24 15:16:33.409872
Tue Mar 24 03:16:33 PM CET 2026
this is oei.sh 0 sth-dp4-1h 0 999    doing   doones job_id 65474260 task_id 0 * 1000 + 63 --exper_id sth-dp4-1h
