==============================================
Starting time (of array_subjob 65474260_69):
Tue Mar 24 03:16:27 PM CET 2026
(True, True)
(True, False)
(True, False)
Current time: 2026-03-24 15:16:29.736103 

True
METHOD = 'diofantos'
DEGREE = 4
SCALE = 3000
  all_datasets = 2257
pds0069.csv:
  gt_rhs = 'v*y - 5*y'
d_max = 1
d_max = 2
   target = v*y - 5*y
['v*y - 5*y']
  is_equivalent = True
  total_successes = 1, success_rate = 1.0
DEGREE = 4:
METHOD = 'diofantos':


Whole evaluation from the beginning of the script took:
 1.8 seconds, i.e. 0.03 minutes or 0.0 hours.

Current time: 2026-03-24 15:16:31.497795
Tue Mar 24 03:16:31 PM CET 2026
this is oei.sh 0 sth-dp4-1h 0 999    doing   doones job_id 65474260 task_id 0 * 1000 + 69 --exper_id sth-dp4-1h
