==============================================
Starting time (of array_subjob 65474260_79):
Tue Mar 24 03:16:27 PM CET 2026
(True, True)
(True, False)
(True, False)
Current time: 2026-03-24 15:16:29.925655 

True
METHOD = 'diofantos'
DEGREE = 4
SCALE = 3000
  all_datasets = 2257
pds0079.csv:
  gt_rhs = 'v - 7*x'
d_max = 1
   target = v - 7*x
['v - 7*x']
  is_equivalent = True
  total_successes = 1, success_rate = 1.0
DEGREE = 4:
METHOD = 'diofantos':


Whole evaluation from the beginning of the script took:
 0.3 seconds, i.e. 0.01 minutes or 0.0 hours.

Current time: 2026-03-24 15:16:30.253233
Tue Mar 24 03:16:30 PM CET 2026
this is oei.sh 0 sth-dp4-1h 0 999    doing   doones job_id 65474260 task_id 0 * 1000 + 79 --exper_id sth-dp4-1h
