==============================================
Starting time (of array_subjob 65474260_167):
Tue Mar 24 03:19:16 PM CET 2026
(True, True)
(True, False)
(True, False)
Current time: 2026-03-24 15:19:18.767985 

True
METHOD = 'diofantos'
DEGREE = 4
SCALE = 3000
  all_datasets = 2257
pds0167.csv:
  gt_rhs = '6*w*x*y - 8'
d_max = 1
d_max = 2
   target = 8561179213687482218562079019*v**2 + 481211445410333838577142233964*v*w - 1462051183581892267557478649432*v*x - 236748993202483061461272344072*v*y - 526607811008865520002637411176*v*z - 5842958772190438371610726315791*v + 292758352502775333596760225715*w**2 + 201756484731009591582262177228*w*x - 409968305250870284605774228598*w*y - 247999962717942151793241003502*w*z + 5138825716029641761956169892005*w - 207061664086338512192186834601*x**2 - 131564641697786872946902972570*x*y - 885553831027083003054049644388*x*z - 7653573683027740709600133783565*x - 87594493940954631659778490824*y**2 + 323827036117039792918399948078*y*z - 3899462268034253675701647067040*y + 142639444819963972823686231992*z**2 - 7863783368949003029028657316668*z - 20545439479316530404925165725976
['8561179213687482218562079019*v**2 + 481211445410333838577142233964*v*w - 1462051183581892267557478649432*v*x - 236748993202483061461272344072*v*y - 526607811008865520002637411176*v*z - 5842958772190438371610726315791*v + 292758352502775333596760225715*w**2 + 201756484731009591582262177228*w*x - 409968305250870284605774228598*w*y - 247999962717942151793241003502*w*z + 5138825716029641761956169892005*w - 207061664086338512192186834601*x**2 - 131564641697786872946902972570*x*y - 885553831027083003054049644388*x*z - 7653573683027740709600133783565*x - 87594493940954631659778490824*y**2 + 323827036117039792918399948078*y*z - 3899462268034253675701647067040*y + 142639444819963972823686231992*z**2 - 7863783368949003029028657316668*z - 20545439479316530404925165725976']
  is_equivalent = False
  total_successes = 0, success_rate = 0.0
DEGREE = 4:
METHOD = 'diofantos':


Whole evaluation from the beginning of the script took:
 1.9 seconds, i.e. 0.03 minutes or 0.001 hours.

Current time: 2026-03-24 15:19:20.636022
Tue Mar 24 03:19:21 PM CET 2026
this is oei.sh 0 sth-dp4-1h 0 999    doing   doones job_id 65474260 task_id 0 * 1000 + 167 --exper_id sth-dp4-1h
