==============================================
Starting time (of array_subjob 65474260_216):
Tue Mar 24 03:21:08 PM CET 2026
(True, True)
(True, False)
(True, False)
Current time: 2026-03-24 15:21:12.657761 

True
METHOD = 'diofantos'
DEGREE = 4
SCALE = 3000
  all_datasets = 2257
pds0216.csv:
  gt_rhs = '-8*v*y*z + 6'
d_max = 1
d_max = 2
d_max = 3
   target = -8*v*y*z + 6
['-8*v*y*z + 6']
  is_equivalent = True
  total_successes = 1, success_rate = 1.0
DEGREE = 4:
METHOD = 'diofantos':


Whole evaluation from the beginning of the script took:
 95.0 seconds, i.e. 1.58 minutes or 0.026 hours.

Current time: 2026-03-24 15:22:47.688317
Tue Mar 24 03:22:48 PM CET 2026
this is oei.sh 0 sth-dp4-1h 0 999    doing   doones job_id 65474260 task_id 0 * 1000 + 216 --exper_id sth-dp4-1h
