==============================================
Starting time (of array_subjob 65474260_259):
Tue Mar 24 03:23:03 PM CET 2026
(True, True)
(True, False)
(True, False)
Current time: 2026-03-24 15:23:06.451476 

True
METHOD = 'diofantos'
DEGREE = 4
SCALE = 3000
  all_datasets = 2257
pds0259.csv:
  gt_rhs = '10*v*x - 7*w*y'
d_max = 1
d_max = 2
   target = 10*v*x - 7*w*y
['10*v*x - 7*w*y']
  is_equivalent = True
  total_successes = 1, success_rate = 1.0
DEGREE = 4:
METHOD = 'diofantos':


Whole evaluation from the beginning of the script took:
 2.2 seconds, i.e. 0.04 minutes or 0.001 hours.

Current time: 2026-03-24 15:23:08.625059
Tue Mar 24 03:23:09 PM CET 2026
this is oei.sh 0 sth-dp4-1h 0 999    doing   doones job_id 65474260 task_id 0 * 1000 + 259 --exper_id sth-dp4-1h
