==============================================
Starting time (of array_subjob 65474260_260):
Tue Mar 24 03:23:03 PM CET 2026
(True, True)
(True, False)
(True, False)
Current time: 2026-03-24 15:23:06.602080 

True
METHOD = 'diofantos'
DEGREE = 4
SCALE = 3000
  all_datasets = 2257
pds0260.csv:
  gt_rhs = '9*x*y**2 - 1'
d_max = 1
d_max = 2
   target = 11260745419376159558821290733*v**2 - 29463168473739811241129450458*v*w - 138024962855654670549086667696*v*x - 21229527391290018269261340304*v*y + 76304843601961087747735661376*v*z + 535090803345301409667059460051*v - 47091701770377155436890370761*w**2 + 58528110607409115616873066680*w*x + 92063612177058358656976188174*w*y + 14262147449404983633318763874*w*z + 137375286064952831741389976599*w + 4737328490073990415529522048*x**2 - 59007869209612649944366461903*x*y - 190037574116726274281755059886*x*z - 571480338043350642697220370138*x - 3712063970311343742698617369*y**2 - 27157545003194530962562855740*y*z - 314173708144167633290369566145*y - 25432564536796146874245299558*z**2 - 7801304595536032606215034670*z + 3576083158495628212298239499747
['11260745419376159558821290733*v**2 - 29463168473739811241129450458*v*w - 138024962855654670549086667696*v*x - 21229527391290018269261340304*v*y + 76304843601961087747735661376*v*z + 535090803345301409667059460051*v - 47091701770377155436890370761*w**2 + 58528110607409115616873066680*w*x + 92063612177058358656976188174*w*y + 14262147449404983633318763874*w*z + 137375286064952831741389976599*w + 4737328490073990415529522048*x**2 - 59007869209612649944366461903*x*y - 190037574116726274281755059886*x*z - 571480338043350642697220370138*x - 3712063970311343742698617369*y**2 - 27157545003194530962562855740*y*z - 314173708144167633290369566145*y - 25432564536796146874245299558*z**2 - 7801304595536032606215034670*z + 3576083158495628212298239499747']
  is_equivalent = False
  total_successes = 0, success_rate = 0.0
DEGREE = 4:
METHOD = 'diofantos':


Whole evaluation from the beginning of the script took:
 2.1 seconds, i.e. 0.04 minutes or 0.001 hours.

Current time: 2026-03-24 15:23:08.739872
Tue Mar 24 03:23:09 PM CET 2026
this is oei.sh 0 sth-dp4-1h 0 999    doing   doones job_id 65474260 task_id 0 * 1000 + 260 --exper_id sth-dp4-1h
