==============================================
Starting time (of array_subjob 65474260_343):
Tue Mar 24 03:24:58 PM CET 2026
(True, True)
(True, False)
(True, False)
Current time: 2026-03-24 15:25:01.171627 

True
METHOD = 'diofantos'
DEGREE = 4
SCALE = 3000
  all_datasets = 2257
pds0343.csv:
  gt_rhs = '-v**3 - 4'
d_max = 1
d_max = 2
   target = -1011645235440233136161039586222*v**2 + 96478894283411753534510514034*v*w - 1034441647537670558234310528538*v*x - 745665377795807870380430514498*v*y - 2186414848783964586642523694770*v*z - 6667821054607107402369315425303*v - 114750774909530989955623938009*w**2 - 1334221218064359826454347468612*w*x - 844064912130168934788452102648*w*y - 149913368269597497970245504138*w*z + 6299042074427367247900289205333*w + 472185165557626949801702733999*x**2 - 1477332347366028452555533242596*x*y - 2117712872382371603566021001292*x*z - 16275352772698105904166946668953*x - 399737454455418370691065936004*y**2 + 40313095874108460847108006382*y*z - 533231050542950809939679397484*y - 1209336768964095413262139422240*z**2 - 1753311164904921813881372918010*z + 33235814256405522214770447466984
['-1011645235440233136161039586222*v**2 + 96478894283411753534510514034*v*w - 1034441647537670558234310528538*v*x - 745665377795807870380430514498*v*y - 2186414848783964586642523694770*v*z - 6667821054607107402369315425303*v - 114750774909530989955623938009*w**2 - 1334221218064359826454347468612*w*x - 844064912130168934788452102648*w*y - 149913368269597497970245504138*w*z + 6299042074427367247900289205333*w + 472185165557626949801702733999*x**2 - 1477332347366028452555533242596*x*y - 2117712872382371603566021001292*x*z - 16275352772698105904166946668953*x - 399737454455418370691065936004*y**2 + 40313095874108460847108006382*y*z - 533231050542950809939679397484*y - 1209336768964095413262139422240*z**2 - 1753311164904921813881372918010*z + 33235814256405522214770447466984']
  is_equivalent = False
  total_successes = 0, success_rate = 0.0
DEGREE = 4:
METHOD = 'diofantos':


Whole evaluation from the beginning of the script took:
 3.1 seconds, i.e. 0.05 minutes or 0.001 hours.

Current time: 2026-03-24 15:25:04.238088
Tue Mar 24 03:25:04 PM CET 2026
this is oei.sh 0 sth-dp4-1h 0 999    doing   doones job_id 65474260 task_id 0 * 1000 + 343 --exper_id sth-dp4-1h
