==============================================
Starting time (of array_subjob 65474260_413):
Tue Mar 24 03:27:54 PM CET 2026
(True, True)
(True, False)
(True, False)
Current time: 2026-03-24 15:27:57.962904 

True
METHOD = 'diofantos'
DEGREE = 4
SCALE = 3000
  all_datasets = 2257
pds0413.csv:
  gt_rhs = '-3*w**2*x'
d_max = 1
d_max = 2
   target = -19033992928297181342797488103*v**2 - 41155439535011283601534511290*v*w - 28265699462000034042201489670*v*x - 60906150059861099083895756514*v*y + 32491783952129395620427524822*v*z - 199238083953436684603205833345*v + 12081871880090605109323193136*w**2 - 162190780826976183044193559229*w*x + 8001531961177932163161389410*w*y + 101968976727820697955302555262*w*z - 545396127151889999592376994338*w - 86181564264890134764151990182*x**2 - 140088669892882796417072105388*x*y + 50525792327123601909489492838*x*z - 233611534469215299153651834008*x + 74799081274471694202514791982*y**2 - 42848445893467425471689602074*y*z + 119989761623719126180362456386*y - 24845505262599532335592546428*z**2 - 188782559813453331288292530804*z + 1913806433565740013106795996854
['-19033992928297181342797488103*v**2 - 41155439535011283601534511290*v*w - 28265699462000034042201489670*v*x - 60906150059861099083895756514*v*y + 32491783952129395620427524822*v*z - 199238083953436684603205833345*v + 12081871880090605109323193136*w**2 - 162190780826976183044193559229*w*x + 8001531961177932163161389410*w*y + 101968976727820697955302555262*w*z - 545396127151889999592376994338*w - 86181564264890134764151990182*x**2 - 140088669892882796417072105388*x*y + 50525792327123601909489492838*x*z - 233611534469215299153651834008*x + 74799081274471694202514791982*y**2 - 42848445893467425471689602074*y*z + 119989761623719126180362456386*y - 24845505262599532335592546428*z**2 - 188782559813453331288292530804*z + 1913806433565740013106795996854']
  is_equivalent = False
  total_successes = 0, success_rate = 0.0
DEGREE = 4:
METHOD = 'diofantos':


Whole evaluation from the beginning of the script took:
 3.1 seconds, i.e. 0.05 minutes or 0.001 hours.

Current time: 2026-03-24 15:28:01.111754
Tue Mar 24 03:28:01 PM CET 2026
this is oei.sh 0 sth-dp4-1h 0 999    doing   doones job_id 65474260 task_id 0 * 1000 + 413 --exper_id sth-dp4-1h
