==============================================
Starting time (of array_subjob 65474260_435):
Tue Mar 24 03:28:51 PM CET 2026
(True, True)
(True, False)
(True, False)
Current time: 2026-03-24 15:28:54.549611 

True
METHOD = 'diofantos'
DEGREE = 4
SCALE = 3000
  all_datasets = 2257
pds0435.csv:
  gt_rhs = '4*v*w*y + 9*v*y'
d_max = 1
d_max = 2
   target = -925437765887929819735679348948*v**2 + 2483465070995916357504359514812*v*w - 3855238794850669622208435306476*v*x + 3576883316528449135524931219633*v*y - 678556131853421366415966345136*v*z - 6883244545654352127034054590876*v - 1689903324500447791733320085720*w**2 + 534919518105222057765636964972*w*x + 594409554904703937243282556824*w*y + 286154088541227535536057180768*w*z + 8097326702051101790201143516876*w - 709060629628820169870978069476*x**2 + 963039858851120406153451737528*x*y - 638400785044296775462874060568*x*z - 11973956279883316308523343132696*x + 278214196062531226377739053900*y**2 + 82026917778830453493713929048*y*z + 17027760191435410809925194247116*y - 508584958702621187359779410438*z**2 - 10811314453680038490975720184134*z + 45918416802483141818951679750264
['-925437765887929819735679348948*v**2 + 2483465070995916357504359514812*v*w - 3855238794850669622208435306476*v*x + 3576883316528449135524931219633*v*y - 678556131853421366415966345136*v*z - 6883244545654352127034054590876*v - 1689903324500447791733320085720*w**2 + 534919518105222057765636964972*w*x + 594409554904703937243282556824*w*y + 286154088541227535536057180768*w*z + 8097326702051101790201143516876*w - 709060629628820169870978069476*x**2 + 963039858851120406153451737528*x*y - 638400785044296775462874060568*x*z - 11973956279883316308523343132696*x + 278214196062531226377739053900*y**2 + 82026917778830453493713929048*y*z + 17027760191435410809925194247116*y - 508584958702621187359779410438*z**2 - 10811314453680038490975720184134*z + 45918416802483141818951679750264']
  is_equivalent = False
  total_successes = 0, success_rate = 0.0
DEGREE = 4:
METHOD = 'diofantos':


Whole evaluation from the beginning of the script took:
 3.3 seconds, i.e. 0.06 minutes or 0.001 hours.

Current time: 2026-03-24 15:28:57.869788
Tue Mar 24 03:28:58 PM CET 2026
this is oei.sh 0 sth-dp4-1h 0 999    doing   doones job_id 65474260 task_id 0 * 1000 + 435 --exper_id sth-dp4-1h
