==============================================
Starting time (of array_subjob 65474260_447):
Tue Mar 24 03:28:51 PM CET 2026
(True, True)
(True, False)
(True, False)
Current time: 2026-03-24 15:28:53.720375 

True
METHOD = 'diofantos'
DEGREE = 4
SCALE = 3000
  all_datasets = 2257
pds0447.csv:
  gt_rhs = '-7*w*x*y**2 - 5*w*y'
d_max = 1
d_max = 2
   target = -176663095428065941547304918538*v**2 + 147929805340723711584140041776*v*w + 13812594313917356362361455885*v*x - 21451119293461933505777605236*v*y - 3346241036845965366875290018*v*z - 764928917009548717212816306901*v + 97144507768228836375729646668*w**2 + 114466311795202775494461969363*w*x + 6487896846532116372194368694*w*y - 49674535006646831846818984970*w*z - 307146506558851814889381088547*w - 34089466811206835374558169829*x**2 - 31921260649333828771810153311*x*y + 26537107194510266488035867604*x*z - 254927538357429344668647719881*x + 13340299916558328192595185788*y**2 + 24866546315326200870422756908*y*z + 510619245026104060034429398757*y - 139526521067053859725808941475*z**2 + 110529743050141487819353554297*z + 8438936948739679526407170446604
['-176663095428065941547304918538*v**2 + 147929805340723711584140041776*v*w + 13812594313917356362361455885*v*x - 21451119293461933505777605236*v*y - 3346241036845965366875290018*v*z - 764928917009548717212816306901*v + 97144507768228836375729646668*w**2 + 114466311795202775494461969363*w*x + 6487896846532116372194368694*w*y - 49674535006646831846818984970*w*z - 307146506558851814889381088547*w - 34089466811206835374558169829*x**2 - 31921260649333828771810153311*x*y + 26537107194510266488035867604*x*z - 254927538357429344668647719881*x + 13340299916558328192595185788*y**2 + 24866546315326200870422756908*y*z + 510619245026104060034429398757*y - 139526521067053859725808941475*z**2 + 110529743050141487819353554297*z + 8438936948739679526407170446604']
  is_equivalent = False
  total_successes = 0, success_rate = 0.0
DEGREE = 4:
METHOD = 'diofantos':


Whole evaluation from the beginning of the script took:
 2.0 seconds, i.e. 0.03 minutes or 0.001 hours.

Current time: 2026-03-24 15:28:55.706690
Tue Mar 24 03:28:56 PM CET 2026
this is oei.sh 0 sth-dp4-1h 0 999    doing   doones job_id 65474260 task_id 0 * 1000 + 447 --exper_id sth-dp4-1h
