==============================================
Starting time (of array_subjob 65474260_446):
Tue Mar 24 03:28:51 PM CET 2026
(True, True)
(True, False)
(True, False)
Current time: 2026-03-24 15:28:54.202133 

True
METHOD = 'diofantos'
DEGREE = 4
SCALE = 3000
  all_datasets = 2257
pds0446.csv:
  gt_rhs = '-7*v*x**3 + 9'
d_max = 1
d_max = 2
   target = -293531965299806038168803998550*v**2 + 433747237529076196356161321682*v*w - 202871340760478835725587259101*v*x + 473791814105161472246426012400*v*y - 56823286576734932265546540360*v*z + 182774542687361441362931487006*v - 108259081407349680483945731787*w**2 + 84323623280870154793512637020*w*x - 104357989906311561403221496524*w*y + 190225038644125922202677270322*w*z - 1639695140451745937995896247215*w + 13334090290924863500999694021*x**2 + 187797810705976522448191208028*x*y - 199095198202978727705647733868*x*z + 61232374132727321428997181231*x + 196528609199892069648006304602*y**2 + 39286250000447508235426140618*y*z - 578515524506956386553238498622*y - 161892827581806973743479292588*z**2 + 397578639736265329920138402318*z - 2945342854510784137999937091681
['-293531965299806038168803998550*v**2 + 433747237529076196356161321682*v*w - 202871340760478835725587259101*v*x + 473791814105161472246426012400*v*y - 56823286576734932265546540360*v*z + 182774542687361441362931487006*v - 108259081407349680483945731787*w**2 + 84323623280870154793512637020*w*x - 104357989906311561403221496524*w*y + 190225038644125922202677270322*w*z - 1639695140451745937995896247215*w + 13334090290924863500999694021*x**2 + 187797810705976522448191208028*x*y - 199095198202978727705647733868*x*z + 61232374132727321428997181231*x + 196528609199892069648006304602*y**2 + 39286250000447508235426140618*y*z - 578515524506956386553238498622*y - 161892827581806973743479292588*z**2 + 397578639736265329920138402318*z - 2945342854510784137999937091681']
  is_equivalent = False
  total_successes = 0, success_rate = 0.0
DEGREE = 4:
METHOD = 'diofantos':


Whole evaluation from the beginning of the script took:
 2.0 seconds, i.e. 0.03 minutes or 0.001 hours.

Current time: 2026-03-24 15:28:56.156311
Tue Mar 24 03:28:56 PM CET 2026
this is oei.sh 0 sth-dp4-1h 0 999    doing   doones job_id 65474260 task_id 0 * 1000 + 446 --exper_id sth-dp4-1h
