==============================================
Starting time (of array_subjob 65474260_445):
Tue Mar 24 03:28:51 PM CET 2026
(True, True)
(True, False)
(True, False)
Current time: 2026-03-24 15:28:54.136921 

True
METHOD = 'diofantos'
DEGREE = 4
SCALE = 3000
  all_datasets = 2257
pds0445.csv:
  gt_rhs = '-2*v*x - 3*w*z - 10'
d_max = 1
d_max = 2
   target = -2*v*x - 3*w*z - 10
['-2*v*x - 3*w*z - 10']
  is_equivalent = True
  total_successes = 1, success_rate = 1.0
DEGREE = 4:
METHOD = 'diofantos':


Whole evaluation from the beginning of the script took:
 2.0 seconds, i.e. 0.03 minutes or 0.001 hours.

Current time: 2026-03-24 15:28:56.108057
Tue Mar 24 03:28:56 PM CET 2026
this is oei.sh 0 sth-dp4-1h 0 999    doing   doones job_id 65474260 task_id 0 * 1000 + 445 --exper_id sth-dp4-1h
