==============================================
Starting time (of array_subjob 65474260_466):
Tue Mar 24 03:29:50 PM CET 2026
(True, True)
(True, False)
(True, False)
Current time: 2026-03-24 15:29:54.066166 

True
METHOD = 'diofantos'
DEGREE = 4
SCALE = 3000
  all_datasets = 2257
pds0466.csv:
  gt_rhs = '6*v**2*w**2*x**2*z - 8*w*x*y - 6*x**2*z - 4'
d_max = 1
d_max = 2
   target = -47672823932218908715148408276*v**2 + 58242117174400861473603888756*v*w - 6952893076023364479347950256*v*x - 33722074213251371952841873356*v*y - 1693448087959013499432273320*v*z + 139663485458979573918158508296*v + 3768987502728827592654882538*w**2 - 23791418546207410767383872468*w*x + 38554190104473612555287560944*w*y + 7060081985318439110149407952*w*z - 246784007378199243449010828286*w + 50858732060747025358949814264*x**2 - 85585209627544263027374328360*x*y - 59970052801870815605368355258*x*z - 305918553206009655400078513972*x + 92692157927240712050055077350*y**2 + 35749730955115046112852115184*y*z + 275214978223156299253638087690*y - 6120459064447614564967462226*z**2 - 40771717221882345976070399122*z - 1353149683565153213725057143476
['-47672823932218908715148408276*v**2 + 58242117174400861473603888756*v*w - 6952893076023364479347950256*v*x - 33722074213251371952841873356*v*y - 1693448087959013499432273320*v*z + 139663485458979573918158508296*v + 3768987502728827592654882538*w**2 - 23791418546207410767383872468*w*x + 38554190104473612555287560944*w*y + 7060081985318439110149407952*w*z - 246784007378199243449010828286*w + 50858732060747025358949814264*x**2 - 85585209627544263027374328360*x*y - 59970052801870815605368355258*x*z - 305918553206009655400078513972*x + 92692157927240712050055077350*y**2 + 35749730955115046112852115184*y*z + 275214978223156299253638087690*y - 6120459064447614564967462226*z**2 - 40771717221882345976070399122*z - 1353149683565153213725057143476']
  is_equivalent = False
  total_successes = 0, success_rate = 0.0
DEGREE = 4:
METHOD = 'diofantos':


Whole evaluation from the beginning of the script took:
 3.4 seconds, i.e. 0.06 minutes or 0.001 hours.

Current time: 2026-03-24 15:29:57.504920
Tue Mar 24 03:29:58 PM CET 2026
this is oei.sh 0 sth-dp4-1h 0 999    doing   doones job_id 65474260 task_id 0 * 1000 + 466 --exper_id sth-dp4-1h
