==============================================
Starting time (of array_subjob 65474260_477):
Tue Mar 24 03:30:46 PM CET 2026
(True, True)
(True, False)
(True, False)
Current time: 2026-03-24 15:30:48.467308 

True
METHOD = 'diofantos'
DEGREE = 4
SCALE = 3000
  all_datasets = 2257
pds0477.csv:
  gt_rhs = '7*y**2 + 10*y*z**2 - 5'
d_max = 1
d_max = 2
d_max = 3
   target = 7*y**2 + 10*y*z**2 - 5
['7*y**2 + 10*y*z**2 - 5']
  is_equivalent = True
  total_successes = 1, success_rate = 1.0
DEGREE = 4:
METHOD = 'diofantos':


Whole evaluation from the beginning of the script took:
 55.9 seconds, i.e. 0.93 minutes or 0.016 hours.

Current time: 2026-03-24 15:31:44.329532
Tue Mar 24 03:31:45 PM CET 2026
this is oei.sh 0 sth-dp4-1h 0 999    doing   doones job_id 65474260 task_id 0 * 1000 + 477 --exper_id sth-dp4-1h
