==============================================
Starting time (of array_subjob 65474260_472):
Tue Mar 24 03:30:45 PM CET 2026
(True, True)
(True, False)
(True, False)
Current time: 2026-03-24 15:30:48.141769 

True
METHOD = 'diofantos'
DEGREE = 4
SCALE = 3000
  all_datasets = 2257
pds0472.csv:
  gt_rhs = '-6*v**2 + 10*v*w*x'
d_max = 1
d_max = 2
   target = 627545087213984049494890054*v**2 - 773459366207885200983092300*v*w - 469584970475974354453248170*v*x + 5342593263334348615520039120*v*y - 4683499887831129451138668500*v*z - 16028810796549437615550774970*v - 12789103260768168450802610*w**2 - 251529017571775441409079690*w*x + 955878554631628494018037920*w*y + 1176668918655806378696579950*w*z - 4166350655640057538173494540*w - 198742131809368384060483485*x**2 - 487144461950016299423648605*x*y + 166685774986131348118520825*x*z - 2282944360774866409282314190*x + 1458987163268879390920978180*y**2 - 6088111490816671076272625060*y*z + 8391902929418206495659142215*y + 2276571316400917491717538100*z**2 + 4912202231180146407194707845*z + 15421152090223760539119562635
['627545087213984049494890054*v**2 - 773459366207885200983092300*v*w - 469584970475974354453248170*v*x + 5342593263334348615520039120*v*y - 4683499887831129451138668500*v*z - 16028810796549437615550774970*v - 12789103260768168450802610*w**2 - 251529017571775441409079690*w*x + 955878554631628494018037920*w*y + 1176668918655806378696579950*w*z - 4166350655640057538173494540*w - 198742131809368384060483485*x**2 - 487144461950016299423648605*x*y + 166685774986131348118520825*x*z - 2282944360774866409282314190*x + 1458987163268879390920978180*y**2 - 6088111490816671076272625060*y*z + 8391902929418206495659142215*y + 2276571316400917491717538100*z**2 + 4912202231180146407194707845*z + 15421152090223760539119562635']
  is_equivalent = False
  total_successes = 0, success_rate = 0.0
DEGREE = 4:
METHOD = 'diofantos':


Whole evaluation from the beginning of the script took:
 1.9 seconds, i.e. 0.03 minutes or 0.001 hours.

Current time: 2026-03-24 15:30:50.090297
Tue Mar 24 03:30:50 PM CET 2026
this is oei.sh 0 sth-dp4-1h 0 999    doing   doones job_id 65474260 task_id 0 * 1000 + 472 --exper_id sth-dp4-1h
