==============================================
Starting time (of array_subjob 65474260_508):
Tue Mar 24 03:31:42 PM CET 2026
(True, True)
(True, False)
(True, False)
Current time: 2026-03-24 15:31:45.950274 

True
METHOD = 'diofantos'
DEGREE = 4
SCALE = 3000
  all_datasets = 2257
pds0508.csv:
  gt_rhs = '-10*v*x*y - 5*x + 7'
d_max = 1
d_max = 2
   target = -891774429165767340620001639*v**2 + 756404660065422391555785397*v*w - 605888040358630554407675941*v*x + 3427319187060941018773224087*v*y + 3726015035138767730970972144*v*z + 17035503572017194892867366296*v - 1590133358001936517444215764*w**2 + 1641303078246956734832050817*w*x - 1179601386670366350049566986*w*y - 3411211978690477570111941187*w*z - 10552716393446681334944345671*w + 2295225681145755609703211626*x**2 - 4904454618194299787663970159*x*y - 522266201580108665497678087*x*z - 1926830394809965172823824500*x - 2902745530873518266054075684*y**2 - 2455262120911012200832729701*y*z - 8681145322207116173849727357*y - 1821996632882031470448623856*z**2 - 10490614124609226441532315461*z + 8303583286688609842718803332
['-891774429165767340620001639*v**2 + 756404660065422391555785397*v*w - 605888040358630554407675941*v*x + 3427319187060941018773224087*v*y + 3726015035138767730970972144*v*z + 17035503572017194892867366296*v - 1590133358001936517444215764*w**2 + 1641303078246956734832050817*w*x - 1179601386670366350049566986*w*y - 3411211978690477570111941187*w*z - 10552716393446681334944345671*w + 2295225681145755609703211626*x**2 - 4904454618194299787663970159*x*y - 522266201580108665497678087*x*z - 1926830394809965172823824500*x - 2902745530873518266054075684*y**2 - 2455262120911012200832729701*y*z - 8681145322207116173849727357*y - 1821996632882031470448623856*z**2 - 10490614124609226441532315461*z + 8303583286688609842718803332']
  is_equivalent = False
  total_successes = 0, success_rate = 0.0
DEGREE = 4:
METHOD = 'diofantos':


Whole evaluation from the beginning of the script took:
 2.2 seconds, i.e. 0.04 minutes or 0.001 hours.

Current time: 2026-03-24 15:31:48.135108
Tue Mar 24 03:31:49 PM CET 2026
this is oei.sh 0 sth-dp4-1h 0 999    doing   doones job_id 65474260 task_id 0 * 1000 + 508 --exper_id sth-dp4-1h
