==============================================
Starting time (of array_subjob 65474260_512):
Tue Mar 24 03:31:42 PM CET 2026
(True, True)
(True, False)
(True, False)
Current time: 2026-03-24 15:31:44.913942 

True
METHOD = 'diofantos'
DEGREE = 4
SCALE = 3000
  all_datasets = 2257
pds0512.csv:
  gt_rhs = '-6*v*y**2'
d_max = 1
d_max = 2
   target = 3766062400699536271957689827*v**2 + 11499740774472397272003399501*v*w - 32406965399353220050064056367*v*x - 8020657483032045368370668677*v*y + 16263468379135874844772545624*v*z + 8702697186993126261082560119*v - 13543141276594132880943408551*w**2 - 23190122043496748088942831052*w*x - 67138294184750637887774536431*w*y + 24771262071183703742934866114*w*z - 263860179436350029892013264072*w + 12601060430775229252961591042*x**2 + 2722822124301670232182223977*x*y + 6666525163839693986129981880*x*z - 65683727101980505743527499521*x - 36322453532610956192619764964*y**2 + 25033713754997696924818906736*y*z - 270622593787576574413536941438*y + 4989038691845152653282092036*z**2 + 111212932328671132887809354284*z - 433004773321159252091495522996
['3766062400699536271957689827*v**2 + 11499740774472397272003399501*v*w - 32406965399353220050064056367*v*x - 8020657483032045368370668677*v*y + 16263468379135874844772545624*v*z + 8702697186993126261082560119*v - 13543141276594132880943408551*w**2 - 23190122043496748088942831052*w*x - 67138294184750637887774536431*w*y + 24771262071183703742934866114*w*z - 263860179436350029892013264072*w + 12601060430775229252961591042*x**2 + 2722822124301670232182223977*x*y + 6666525163839693986129981880*x*z - 65683727101980505743527499521*x - 36322453532610956192619764964*y**2 + 25033713754997696924818906736*y*z - 270622593787576574413536941438*y + 4989038691845152653282092036*z**2 + 111212932328671132887809354284*z - 433004773321159252091495522996']
  is_equivalent = False
  total_successes = 0, success_rate = 0.0
DEGREE = 4:
METHOD = 'diofantos':


Whole evaluation from the beginning of the script took:
 1.9 seconds, i.e. 0.03 minutes or 0.001 hours.

Current time: 2026-03-24 15:31:46.857077
Tue Mar 24 03:31:47 PM CET 2026
this is oei.sh 0 sth-dp4-1h 0 999    doing   doones job_id 65474260 task_id 0 * 1000 + 512 --exper_id sth-dp4-1h
