==============================================
Starting time (of array_subjob 65474260_533):
Tue Mar 24 03:32:39 PM CET 2026
(True, True)
(True, False)
(True, False)
Current time: 2026-03-24 15:32:41.431398 

True
METHOD = 'diofantos'
DEGREE = 4
SCALE = 3000
  all_datasets = 2257
pds0533.csv:
  gt_rhs = '-5*z**3'
d_max = 1
d_max = 2
   target = -89435482074720607266220884330*v**2 - 72095056513825863759873530052*v*w + 195015133075458241385201364198*v*x - 146813754571414002702379107762*v*y - 178203370018868993171649179196*v*z - 129898994783445509896509779550*v + 7404750165470022552736153095*w**2 + 49726368003568468816628507886*w*x - 162777425801557246781083778154*w*y - 137077143206313336004386247602*w*z + 668299572064377655262861218545*w + 376001066264594263314587969373*x**2 - 154313575704105134579191243824*x*y - 46357278888653984013673055454*x*z + 967467934695848621649366835305*x - 165324854984998177386702896151*y**2 + 106850375451042970101046148622*y*z + 871299269113689722081330006859*y + 49318171143604863490712331063*z**2 - 125015146052276137959788100500*z - 815563508498126081286245181060
['-89435482074720607266220884330*v**2 - 72095056513825863759873530052*v*w + 195015133075458241385201364198*v*x - 146813754571414002702379107762*v*y - 178203370018868993171649179196*v*z - 129898994783445509896509779550*v + 7404750165470022552736153095*w**2 + 49726368003568468816628507886*w*x - 162777425801557246781083778154*w*y - 137077143206313336004386247602*w*z + 668299572064377655262861218545*w + 376001066264594263314587969373*x**2 - 154313575704105134579191243824*x*y - 46357278888653984013673055454*x*z + 967467934695848621649366835305*x - 165324854984998177386702896151*y**2 + 106850375451042970101046148622*y*z + 871299269113689722081330006859*y + 49318171143604863490712331063*z**2 - 125015146052276137959788100500*z - 815563508498126081286245181060']
  is_equivalent = False
  total_successes = 0, success_rate = 0.0
DEGREE = 4:
METHOD = 'diofantos':


Whole evaluation from the beginning of the script took:
 1.9 seconds, i.e. 0.03 minutes or 0.001 hours.

Current time: 2026-03-24 15:32:43.327928
Tue Mar 24 03:32:43 PM CET 2026
this is oei.sh 0 sth-dp4-1h 0 999    doing   doones job_id 65474260 task_id 0 * 1000 + 533 --exper_id sth-dp4-1h
