==============================================
Starting time (of array_subjob 65474260_563):
Tue Mar 24 03:33:36 PM CET 2026
(True, True)
(True, False)
(True, False)
Current time: 2026-03-24 15:33:39.694329 

True
METHOD = 'diofantos'
DEGREE = 4
SCALE = 3000
  all_datasets = 2257
pds0563.csv:
  gt_rhs = '5*v**2 - 10*w**2 - 3'
d_max = 1
d_max = 2
   target = 5*v**2 - 10*w**2 - 3
['5*v**2 - 10*w**2 - 3']
  is_equivalent = True
  total_successes = 1, success_rate = 1.0
DEGREE = 4:
METHOD = 'diofantos':


Whole evaluation from the beginning of the script took:
 2.0 seconds, i.e. 0.03 minutes or 0.001 hours.

Current time: 2026-03-24 15:33:41.729522
Tue Mar 24 03:33:42 PM CET 2026
this is oei.sh 0 sth-dp4-1h 0 999    doing   doones job_id 65474260 task_id 0 * 1000 + 563 --exper_id sth-dp4-1h
