==============================================
Starting time (of array_subjob 65474260_578):
Tue Mar 24 03:34:31 PM CET 2026
(True, True)
(True, False)
(True, False)
Current time: 2026-03-24 15:34:33.944546 

True
METHOD = 'diofantos'
DEGREE = 4
SCALE = 3000
  all_datasets = 2257
pds0578.csv:
  gt_rhs = '4*v + w + 8*x*z - 6'
d_max = 1
d_max = 2
   target = 4*v + w + 8*x*z - 6
['4*v + w + 8*x*z - 6']
  is_equivalent = True
  total_successes = 1, success_rate = 1.0
DEGREE = 4:
METHOD = 'diofantos':


Whole evaluation from the beginning of the script took:
 1.9 seconds, i.e. 0.03 minutes or 0.001 hours.

Current time: 2026-03-24 15:34:35.796673
Tue Mar 24 03:34:36 PM CET 2026
this is oei.sh 0 sth-dp4-1h 0 999    doing   doones job_id 65474260 task_id 0 * 1000 + 578 --exper_id sth-dp4-1h
