==============================================
Starting time (of array_subjob 65474260_583):
Tue Mar 24 03:34:32 PM CET 2026
(True, True)
(True, False)
(True, False)
Current time: 2026-03-24 15:34:36.097804 

True
METHOD = 'diofantos'
DEGREE = 4
SCALE = 3000
  all_datasets = 2257
pds0583.csv:
  gt_rhs = '8*x*y**2'
d_max = 1
d_max = 2
   target = -7669646826454352963512815642*v**2 + 30187208706846511738298845237*v*w - 37488329055919583484037703546*v*x - 25652396518528443986323390688*v*y - 81349591702789688031803852512*v*z + 396880266342670549573106922560*v + 4176527986500384751507574055*w**2 + 48581076472011983304105812095*w*x + 39853385124794595107561256914*w*y - 7448483934457804661806271802*w*z + 89827335712072032149984214559*w + 1093865059463955395042172980*x**2 - 8170323545211936599944755506*x*y - 16077437064696958281136224890*x*z - 14878447582043989460158795740*x - 59453979642174096469091310578*y**2 + 18346232059112471375210441490*y*z + 216738300334826716509213517966*y - 39909899849152048897981965762*z**2 - 419843832379730800320730871598*z + 3605005834438141356380720714254
['-7669646826454352963512815642*v**2 + 30187208706846511738298845237*v*w - 37488329055919583484037703546*v*x - 25652396518528443986323390688*v*y - 81349591702789688031803852512*v*z + 396880266342670549573106922560*v + 4176527986500384751507574055*w**2 + 48581076472011983304105812095*w*x + 39853385124794595107561256914*w*y - 7448483934457804661806271802*w*z + 89827335712072032149984214559*w + 1093865059463955395042172980*x**2 - 8170323545211936599944755506*x*y - 16077437064696958281136224890*x*z - 14878447582043989460158795740*x - 59453979642174096469091310578*y**2 + 18346232059112471375210441490*y*z + 216738300334826716509213517966*y - 39909899849152048897981965762*z**2 - 419843832379730800320730871598*z + 3605005834438141356380720714254']
  is_equivalent = False
  total_successes = 0, success_rate = 0.0
DEGREE = 4:
METHOD = 'diofantos':


Whole evaluation from the beginning of the script took:
 3.2 seconds, i.e. 0.05 minutes or 0.001 hours.

Current time: 2026-03-24 15:34:39.300222
Tue Mar 24 03:34:39 PM CET 2026
this is oei.sh 0 sth-dp4-1h 0 999    doing   doones job_id 65474260 task_id 0 * 1000 + 583 --exper_id sth-dp4-1h
