==============================================
Starting time (of array_subjob 65474260_666):
Tue Mar 24 03:36:25 PM CET 2026
(True, True)
(True, False)
(True, False)
Current time: 2026-03-24 15:36:28.438121 

True
METHOD = 'diofantos'
DEGREE = 4
SCALE = 3000
  all_datasets = 2257
pds0666.csv:
  gt_rhs = '-6*v*z - 10*w*y - 10*x'
d_max = 1
d_max = 2
   target = -6*v*z - 10*w*y - 10*x
['-6*v*z - 10*w*y - 10*x']
  is_equivalent = True
  total_successes = 1, success_rate = 1.0
DEGREE = 4:
METHOD = 'diofantos':


Whole evaluation from the beginning of the script took:
 1.9 seconds, i.e. 0.03 minutes or 0.001 hours.

Current time: 2026-03-24 15:36:30.350000
Tue Mar 24 03:36:31 PM CET 2026
this is oei.sh 0 sth-dp4-1h 0 999    doing   doones job_id 65474260 task_id 0 * 1000 + 666 --exper_id sth-dp4-1h
