==============================================
Starting time (of array_subjob 65474260_684):
Tue Mar 24 03:37:20 PM CET 2026
(True, True)
(True, False)
(True, False)
Current time: 2026-03-24 15:37:23.212087 

True
METHOD = 'diofantos'
DEGREE = 4
SCALE = 3000
  all_datasets = 2257
pds0684.csv:
  gt_rhs = '7*v**2*x - 10*v*y*z + 9*z + 9'
d_max = 1
d_max = 2
d_max = 3
   target = 7*v**2*x - 10*v*y*z + 9*z + 9
['7*v**2*x - 10*v*y*z + 9*z + 9']
  is_equivalent = True
  total_successes = 1, success_rate = 1.0
DEGREE = 4:
METHOD = 'diofantos':


Whole evaluation from the beginning of the script took:
 90.7 seconds, i.e. 1.51 minutes or 0.025 hours.

Current time: 2026-03-24 15:38:53.957856
Tue Mar 24 03:38:54 PM CET 2026
this is oei.sh 0 sth-dp4-1h 0 999    doing   doones job_id 65474260 task_id 0 * 1000 + 684 --exper_id sth-dp4-1h
