==============================================
Starting time (of array_subjob 65474260_700):
Tue Mar 24 03:37:20 PM CET 2026
(True, True)
(True, False)
(True, False)
Current time: 2026-03-24 15:37:23.113896 

True
METHOD = 'diofantos'
DEGREE = 4
SCALE = 3000
  all_datasets = 2257
pds0700.csv:
  gt_rhs = '7*x*y**3 + 3'
d_max = 1
d_max = 2
   target = 2555111322474117476399867129103*v**2 + 1969374120707245488654243292908*v*w + 2519248107988392211264160952870*v*x - 11427616003593609785902896503964*v*y + 223182589472144122979373669321*v*z + 24699159783641914615845841295304*v - 2174243510382896220016668761772*w**2 - 1126285854712463597327090164368*w*x - 1510271256799062882538464343692*w*y - 2473416385484112938390818891608*w*z + 50862364705116981632485592390598*w + 3424717487105640953521449774297*x**2 - 6093074985250853949769699029905*x*y - 9619687348885466405072730926058*x*z + 6414025943577710382661224072921*x + 393959663194198647680794111011*y**2 - 1099927915251239574514329223860*y*z - 5697105784745742597117546541869*y + 3502449622460889054135776358204*z**2 + 20244364781754715803899524490244*z - 132307101749944837741183591233441
['2555111322474117476399867129103*v**2 + 1969374120707245488654243292908*v*w + 2519248107988392211264160952870*v*x - 11427616003593609785902896503964*v*y + 223182589472144122979373669321*v*z + 24699159783641914615845841295304*v - 2174243510382896220016668761772*w**2 - 1126285854712463597327090164368*w*x - 1510271256799062882538464343692*w*y - 2473416385484112938390818891608*w*z + 50862364705116981632485592390598*w + 3424717487105640953521449774297*x**2 - 6093074985250853949769699029905*x*y - 9619687348885466405072730926058*x*z + 6414025943577710382661224072921*x + 393959663194198647680794111011*y**2 - 1099927915251239574514329223860*y*z - 5697105784745742597117546541869*y + 3502449622460889054135776358204*z**2 + 20244364781754715803899524490244*z - 132307101749944837741183591233441']
  is_equivalent = False
  total_successes = 0, success_rate = 0.0
DEGREE = 4:
METHOD = 'diofantos':


Whole evaluation from the beginning of the script took:
 2.3 seconds, i.e. 0.04 minutes or 0.001 hours.

Current time: 2026-03-24 15:37:25.379438
Tue Mar 24 03:37:26 PM CET 2026
this is oei.sh 0 sth-dp4-1h 0 999    doing   doones job_id 65474260 task_id 0 * 1000 + 700 --exper_id sth-dp4-1h
