==============================================
Starting time (of array_subjob 65474260_795):
Tue Mar 24 03:40:08 PM CET 2026
(True, True)
(True, False)
(True, False)
Current time: 2026-03-24 15:40:11.678570 

True
METHOD = 'diofantos'
DEGREE = 4
SCALE = 3000
  all_datasets = 2257
pds0795.csv:
  gt_rhs = '6*x**2*y**2 - 10'
d_max = 1
d_max = 2
   target = 453672530056080376887760242*v**2 - 1092543167478630613809147293*v*w + 36557882518385548513310841*v*x - 142299541020873567347016224*v*y - 320372277875924573469183702*v*z + 744973178398809109598058908*v + 81145341903880623763671847*w**2 - 90022639392592092633000880*w*x + 358336455311030829925891560*w*y + 1023095057830282374867829331*w*z + 1647626000816304027956336078*w - 52910919945568977050258275*x**2 - 235220589055397488406670934*x*y + 54781196906413498153997941*x*z - 143100223457462894714955274*x - 215769207142831253504690668*y**2 + 511730806900514402472123592*y*z + 2522194455240393643794766672*y + 152835124015259920166005178*z**2 + 670624631434216266355666686*z + 1627619734384521177884857430
['453672530056080376887760242*v**2 - 1092543167478630613809147293*v*w + 36557882518385548513310841*v*x - 142299541020873567347016224*v*y - 320372277875924573469183702*v*z + 744973178398809109598058908*v + 81145341903880623763671847*w**2 - 90022639392592092633000880*w*x + 358336455311030829925891560*w*y + 1023095057830282374867829331*w*z + 1647626000816304027956336078*w - 52910919945568977050258275*x**2 - 235220589055397488406670934*x*y + 54781196906413498153997941*x*z - 143100223457462894714955274*x - 215769207142831253504690668*y**2 + 511730806900514402472123592*y*z + 2522194455240393643794766672*y + 152835124015259920166005178*z**2 + 670624631434216266355666686*z + 1627619734384521177884857430']
  is_equivalent = False
  total_successes = 0, success_rate = 0.0
DEGREE = 4:
METHOD = 'diofantos':


Whole evaluation from the beginning of the script took:
 3.0 seconds, i.e. 0.05 minutes or 0.001 hours.

Current time: 2026-03-24 15:40:14.638632
Tue Mar 24 03:40:15 PM CET 2026
this is oei.sh 0 sth-dp4-1h 0 999    doing   doones job_id 65474260 task_id 0 * 1000 + 795 --exper_id sth-dp4-1h
