==============================================
Starting time (of array_subjob 65474260_796):
Tue Mar 24 03:40:07 PM CET 2026
(True, True)
(True, False)
(True, False)
Current time: 2026-03-24 15:40:09.395911 

True
METHOD = 'diofantos'
DEGREE = 4
SCALE = 3000
  all_datasets = 2257
pds0796.csv:
  gt_rhs = '-8*v**2 + 5*v*z + 2'
d_max = 1
d_max = 2
   target = -8*v**2 + 5*v*z + 2
['-8*v**2 + 5*v*z + 2']
  is_equivalent = True
  total_successes = 1, success_rate = 1.0
DEGREE = 4:
METHOD = 'diofantos':


Whole evaluation from the beginning of the script took:
 1.9 seconds, i.e. 0.03 minutes or 0.001 hours.

Current time: 2026-03-24 15:40:11.308340
Tue Mar 24 03:40:11 PM CET 2026
this is oei.sh 0 sth-dp4-1h 0 999    doing   doones job_id 65474260 task_id 0 * 1000 + 796 --exper_id sth-dp4-1h
