==============================================
Starting time (of array_subjob 65474260_802):
Tue Mar 24 03:40:08 PM CET 2026
(True, True)
(True, False)
(True, False)
Current time: 2026-03-24 15:40:10.620549 

True
METHOD = 'diofantos'
DEGREE = 4
SCALE = 3000
  all_datasets = 2257
pds0802.csv:
  gt_rhs = '-7*w*y**2 - 5*z + 1'
d_max = 1
d_max = 2
   target = -2798440586210975815463528073*v**2 - 3207267717377635299180703662*v*w + 1488411116669478522252833765*v*x - 447909406677951463592094920*v*y + 2566155333740615946375948741*v*z - 2289370277956192035705543742*v + 1521392608260752421303533718*w**2 - 1185758366820908815881065270*w*x - 2052388202187737264446468522*w*y + 334670123409831952018421799*w*z - 5473646535549451365390392322*w + 2081331698841017670154147528*x**2 + 1138491934370795260918676654*x*y + 2119399969549473963208448060*x*z + 1115797099481259067196529787*x - 288223714934245752695726447*y**2 - 134244624459876200015441793*y*z + 6602526256367353472331199104*y + 341376203404635899159548558*z**2 + 7096825681722698674912771134*z - 63943357854645236966728813464
['-2798440586210975815463528073*v**2 - 3207267717377635299180703662*v*w + 1488411116669478522252833765*v*x - 447909406677951463592094920*v*y + 2566155333740615946375948741*v*z - 2289370277956192035705543742*v + 1521392608260752421303533718*w**2 - 1185758366820908815881065270*w*x - 2052388202187737264446468522*w*y + 334670123409831952018421799*w*z - 5473646535549451365390392322*w + 2081331698841017670154147528*x**2 + 1138491934370795260918676654*x*y + 2119399969549473963208448060*x*z + 1115797099481259067196529787*x - 288223714934245752695726447*y**2 - 134244624459876200015441793*y*z + 6602526256367353472331199104*y + 341376203404635899159548558*z**2 + 7096825681722698674912771134*z - 63943357854645236966728813464']
  is_equivalent = False
  total_successes = 0, success_rate = 0.0
DEGREE = 4:
METHOD = 'diofantos':


Whole evaluation from the beginning of the script took:
 2.0 seconds, i.e. 0.03 minutes or 0.001 hours.

Current time: 2026-03-24 15:40:12.650973
Tue Mar 24 03:40:13 PM CET 2026
this is oei.sh 0 sth-dp4-1h 0 999    doing   doones job_id 65474260 task_id 0 * 1000 + 802 --exper_id sth-dp4-1h
