==============================================
Starting time (of array_subjob 65474260_828):
Tue Mar 24 03:41:01 PM CET 2026
(True, True)
(True, False)
(True, False)
Current time: 2026-03-24 15:41:03.872007 

True
METHOD = 'diofantos'
DEGREE = 4
SCALE = 3000
  all_datasets = 2257
pds0828.csv:
  gt_rhs = '-6*v*w**2*z + 3*w*z - 2*x**2 + 2'
d_max = 1
d_max = 2
   target = 310755887150885164342245866289*v**2 + 655242177761465829202668104880*v*w + 9537037246611051710977872324*v*x + 434234751676403999981244639744*v*y - 139384403616160023660659933430*v*z + 2785122811211670989948610302991*v - 416669345761266070580787372387*w**2 - 1032848222549640674263171078539*w*x + 784173772141967936114507785527*w*y - 1948657295974068276764075981676*w*z - 1777011224967607107581680056312*w + 653090089306602771887269695382*x**2 + 64338945630206615081025450708*x*y - 676622443677989297392411491939*x*z + 17744669032789139354258972376*x - 194670328159787020184927929815*y**2 + 1159600259183108080629333036909*y*z + 1039515232662894467994692367639*y - 851529106422891318913721387682*z**2 - 2105930372926370097103758116844*z - 21326439050750479836839154866224
['310755887150885164342245866289*v**2 + 655242177761465829202668104880*v*w + 9537037246611051710977872324*v*x + 434234751676403999981244639744*v*y - 139384403616160023660659933430*v*z + 2785122811211670989948610302991*v - 416669345761266070580787372387*w**2 - 1032848222549640674263171078539*w*x + 784173772141967936114507785527*w*y - 1948657295974068276764075981676*w*z - 1777011224967607107581680056312*w + 653090089306602771887269695382*x**2 + 64338945630206615081025450708*x*y - 676622443677989297392411491939*x*z + 17744669032789139354258972376*x - 194670328159787020184927929815*y**2 + 1159600259183108080629333036909*y*z + 1039515232662894467994692367639*y - 851529106422891318913721387682*z**2 - 2105930372926370097103758116844*z - 21326439050750479836839154866224']
  is_equivalent = False
  total_successes = 0, success_rate = 0.0
DEGREE = 4:
METHOD = 'diofantos':


Whole evaluation from the beginning of the script took:
 3.1 seconds, i.e. 0.05 minutes or 0.001 hours.

Current time: 2026-03-24 15:41:07.019829
Tue Mar 24 03:41:07 PM CET 2026
this is oei.sh 0 sth-dp4-1h 0 999    doing   doones job_id 65474260 task_id 0 * 1000 + 828 --exper_id sth-dp4-1h
