==============================================
Starting time (of array_subjob 65474260_895):
Tue Mar 24 03:41:53 PM CET 2026
(True, True)
(True, False)
(True, False)
Current time: 2026-03-24 15:41:56.458789 

True
METHOD = 'diofantos'
DEGREE = 4
SCALE = 3000
  all_datasets = 2257
pds0895.csv:
  gt_rhs = '8*v*x*z + 5*y**2 - 8*y'
d_max = 1
d_max = 2
d_max = 3
   target = 8*v*x*z + 5*y**2 - 8*y
['8*v*x*z + 5*y**2 - 8*y']
  is_equivalent = True
  total_successes = 1, success_rate = 1.0
DEGREE = 4:
METHOD = 'diofantos':


Whole evaluation from the beginning of the script took:
 55.4 seconds, i.e. 0.92 minutes or 0.015 hours.

Current time: 2026-03-24 15:42:51.895314
Tue Mar 24 03:42:52 PM CET 2026
this is oei.sh 0 sth-dp4-1h 0 999    doing   doones job_id 65474260 task_id 0 * 1000 + 895 --exper_id sth-dp4-1h
