==============================================
Starting time (of array_subjob 65474260_907):
Tue Mar 24 03:42:49 PM CET 2026
(True, True)
(True, False)
(True, False)
Current time: 2026-03-24 15:42:52.879527 

True
METHOD = 'diofantos'
DEGREE = 4
SCALE = 3000
  all_datasets = 2257
pds0907.csv:
  gt_rhs = '6*v*x*z + 7*w - 10*x - 5'
d_max = 1
d_max = 2
   target = -164008118344143925114440451456*v**2 + 99330233327211409709406649436*v*w - 236215333067852621928890376105*v*x - 19507933613020575972760101*v*y - 465811170142898551460460931315*v*z + 671471229703429230035825107804*v + 270718703993758485157199529844*w**2 + 114772020716413525395883972017*w*x - 127852822051533229392661171801*w*y - 513863948641663814363958798791*w*z + 326579192294804839059172139839*w - 586516839822407361663300556531*x**2 + 147196226598729159714729907788*x*y - 119414023677149102528151564922*x*z + 272252433775763268851341923107*x - 103459651542259510758535435335*y**2 + 44574203565154674044072841818*y*z - 200184516033884128773621529913*y - 315617753217335304430509410623*z**2 + 150587423752832700247268042953*z + 24551968095476281664503547454671
['-164008118344143925114440451456*v**2 + 99330233327211409709406649436*v*w - 236215333067852621928890376105*v*x - 19507933613020575972760101*v*y - 465811170142898551460460931315*v*z + 671471229703429230035825107804*v + 270718703993758485157199529844*w**2 + 114772020716413525395883972017*w*x - 127852822051533229392661171801*w*y - 513863948641663814363958798791*w*z + 326579192294804839059172139839*w - 586516839822407361663300556531*x**2 + 147196226598729159714729907788*x*y - 119414023677149102528151564922*x*z + 272252433775763268851341923107*x - 103459651542259510758535435335*y**2 + 44574203565154674044072841818*y*z - 200184516033884128773621529913*y - 315617753217335304430509410623*z**2 + 150587423752832700247268042953*z + 24551968095476281664503547454671']
  is_equivalent = False
  total_successes = 0, success_rate = 0.0
DEGREE = 4:
METHOD = 'diofantos':


Whole evaluation from the beginning of the script took:
 3.5 seconds, i.e. 0.06 minutes or 0.001 hours.

Current time: 2026-03-24 15:42:56.360306
Tue Mar 24 03:42:56 PM CET 2026
this is oei.sh 0 sth-dp4-1h 0 999    doing   doones job_id 65474260 task_id 0 * 1000 + 907 --exper_id sth-dp4-1h
