==============================================
Starting time (of array_subjob 65474260_931):
Tue Mar 24 03:42:48 PM CET 2026
(True, True)
(True, False)
(True, False)
Current time: 2026-03-24 15:42:51.205552 

True
METHOD = 'diofantos'
DEGREE = 4
SCALE = 3000
  all_datasets = 2257
pds0931.csv:
  gt_rhs = '7*v*w*y + 3*v*x*z - 7'
d_max = 1
d_max = 2
   target = 506238408212877886650040957776*v**2 + 57575766574028886428677756322*v*w - 1870883107022627205857008712986*v*x - 657165089224941354798000645704*v*y - 1388161254862482302256496191629*v*z - 966459358477475632327716103398*v + 22195615239530887250400517264*w**2 - 113447716301195896529627966766*w*x - 376549655845268234095906990942*w*y + 477619756963764272356738406605*w*z + 1678779836112845448898304664826*w + 271122483788559538903077905431*x**2 - 571176580812573768932103199098*x*y + 2213723256091336391797573813051*x*z + 5228005069185658174571632251921*x - 1003654141624840934854392637217*y**2 + 2426223994014178755911803892149*y*z + 9268194605477838804039044200831*y + 1517296546775382155575886996723*z**2 + 4277251188026364095844968924039*z - 20823259688033058840724531417559
['506238408212877886650040957776*v**2 + 57575766574028886428677756322*v*w - 1870883107022627205857008712986*v*x - 657165089224941354798000645704*v*y - 1388161254862482302256496191629*v*z - 966459358477475632327716103398*v + 22195615239530887250400517264*w**2 - 113447716301195896529627966766*w*x - 376549655845268234095906990942*w*y + 477619756963764272356738406605*w*z + 1678779836112845448898304664826*w + 271122483788559538903077905431*x**2 - 571176580812573768932103199098*x*y + 2213723256091336391797573813051*x*z + 5228005069185658174571632251921*x - 1003654141624840934854392637217*y**2 + 2426223994014178755911803892149*y*z + 9268194605477838804039044200831*y + 1517296546775382155575886996723*z**2 + 4277251188026364095844968924039*z - 20823259688033058840724531417559']
  is_equivalent = False
  total_successes = 0, success_rate = 0.0
DEGREE = 4:
METHOD = 'diofantos':


Whole evaluation from the beginning of the script took:
 2.0 seconds, i.e. 0.03 minutes or 0.001 hours.

Current time: 2026-03-24 15:42:53.219436
Tue Mar 24 03:42:53 PM CET 2026
this is oei.sh 0 sth-dp4-1h 0 999    doing   doones job_id 65474260 task_id 0 * 1000 + 931 --exper_id sth-dp4-1h
