==============================================
Starting time (of array_subjob 65474260_945):
Tue Mar 24 03:42:48 PM CET 2026
(True, True)
(True, False)
(True, False)
Current time: 2026-03-24 15:42:51.435225 

True
METHOD = 'diofantos'
DEGREE = 4
SCALE = 3000
  all_datasets = 2257
pds0945.csv:
  gt_rhs = '4*v*x*y - 7*w*y + 3*w + 1'
d_max = 1
d_max = 2
d_max = 3
   target = 4*v*x*y - 7*w*y + 3*w + 1
['4*v*x*y - 7*w*y + 3*w + 1']
  is_equivalent = True
  total_successes = 1, success_rate = 1.0
DEGREE = 4:
METHOD = 'diofantos':


Whole evaluation from the beginning of the script took:
 54.6 seconds, i.e. 0.91 minutes or 0.015 hours.

Current time: 2026-03-24 15:43:46.062631
Tue Mar 24 03:43:46 PM CET 2026
this is oei.sh 0 sth-dp4-1h 0 999    doing   doones job_id 65474260 task_id 0 * 1000 + 945 --exper_id sth-dp4-1h
