==============================================
Starting time (of array_subjob 64686437_42):
Wed Mar  4 11:57:20 AM CET 2026
(True, True)
(True, False)
(True, False)
Current time: 2026-03-04 11:57:27.459066 

True
METHOD = 'diofantos'
DEGREE = 3
SCALE = 3
  all_datasets = 2257
start = 42, end = 43
task_id = 42
pds0042.csv:
  gt_rhs = '-8*v*y*z'
   target = -8*v*y*z
['-8*v*y*z']
  is_equivalent = True
  total_successes = 1, success_rate = 1.0


Whole evaluation from the beginning of the script took:
 51.1 seconds, i.e. 0.85 minutes or 0.014 hours.

Current time: 2026-03-04 11:58:18.524241
Wed Mar  4 11:58:19 AM CET 2026
this is oei.sh 0 dopa-deg3 0 999    doing   doones job_id 64686437 task_id 0 * 1000 + 42 --exper_id dopa-deg3
