==============================================
Starting time (of array_subjob 64686437_66):
Wed Mar  4 11:57:20 AM CET 2026
(True, True)
(True, False)
(True, False)
Current time: 2026-03-04 11:57:27.447351 

True
METHOD = 'diofantos'
DEGREE = 3
SCALE = 3
  all_datasets = 2257
start = 66, end = 67
task_id = 66
pds0066.csv:
  gt_rhs = '-10*x**3 - 2'
   target = -10*x**3 - 2
['-10*x**3 - 2']
  is_equivalent = True
  total_successes = 1, success_rate = 1.0


Whole evaluation from the beginning of the script took:
 53.7 seconds, i.e. 0.9 minutes or 0.015 hours.

Current time: 2026-03-04 11:58:21.156707
Wed Mar  4 11:58:21 AM CET 2026
this is oei.sh 0 dopa-deg3 0 999    doing   doones job_id 64686437 task_id 0 * 1000 + 66 --exper_id dopa-deg3
