==============================================
Starting time (of array_subjob 64686437_71):
Wed Mar  4 11:57:20 AM CET 2026
(True, True)
(True, False)
(True, False)
Current time: 2026-03-04 11:57:27.469491 

True
METHOD = 'diofantos'
DEGREE = 3
SCALE = 3
  all_datasets = 2257
start = 71, end = 72
task_id = 71
pds0071.csv:
  gt_rhs = '-6*v**2'
   target = -6*v**2
['-6*v**2']
  is_equivalent = True
  total_successes = 1, success_rate = 1.0


Whole evaluation from the beginning of the script took:
 56.7 seconds, i.e. 0.95 minutes or 0.016 hours.

Current time: 2026-03-04 11:58:24.182533
Wed Mar  4 11:58:24 AM CET 2026
this is oei.sh 0 dopa-deg3 0 999    doing   doones job_id 64686437 task_id 0 * 1000 + 71 --exper_id dopa-deg3
