==============================================
Starting time (of array_subjob 64686437_314):
Mon Mar  2 11:39:55 AM CET 2026
(True, True)
(True, False)
(True, False)
Current time: 2026-03-02 11:39:58.133679 

True
METHOD = 'diofantos'
DEGREE = 3
SCALE = 3
  all_datasets = 2257
start = 314, end = 315
task_id = 314
pds0314.csv:
  gt_rhs = '2*v*w**4*y**2'
   target = 143*v**3 + 119*v**2*w + 417*v**2*x + 115*v**2*y + 752*v**2*z - 202*v**2 + 1767*v*w**2 - 52*v*w*x - 179*v*w*y - 611*v*w*z - 80*v*w - 597*v*x**2 - 629*v*x*y - 141*v*x*z - 36*v*x + 442*v*y**2 - 67*v*y*z - 81*v*y + 151*v*z**2 - 55*v*z + 15*v + 27*w**3 + 216*w**2*x - 163*w**2*y + 469*w**2*z - 213*w**2 + 216*w*x**2 - 347*w*x*y - 651*w*x*z + 27*w*x - 1849*w*y**2 - 1413*w*y*z + 354*w*y - 139*w*z**2 + 133*w*z + 15*w - 483*x**3 + 201*x**2*y - 375*x**2*z - 38*x**2 - 506*x*y**2 + 295*x*y*z - 259*x*y + 455*x*z**2 - 161*x*z - 14*x - 166*y**3 - 419*y**2*z - 99*y**2 + 592*y*z**2 - 166*y*z + 18*y - 97*z**3 - 164*z**2 + 18*z + 3
['143*v**3 + 119*v**2*w + 417*v**2*x + 115*v**2*y + 752*v**2*z - 202*v**2 + 1767*v*w**2 - 52*v*w*x - 179*v*w*y - 611*v*w*z - 80*v*w - 597*v*x**2 - 629*v*x*y - 141*v*x*z - 36*v*x + 442*v*y**2 - 67*v*y*z - 81*v*y + 151*v*z**2 - 55*v*z + 15*v + 27*w**3 + 216*w**2*x - 163*w**2*y + 469*w**2*z - 213*w**2 + 216*w*x**2 - 347*w*x*y - 651*w*x*z + 27*w*x - 1849*w*y**2 - 1413*w*y*z + 354*w*y - 139*w*z**2 + 133*w*z + 15*w - 483*x**3 + 201*x**2*y - 375*x**2*z - 38*x**2 - 506*x*y**2 + 295*x*y*z - 259*x*y + 455*x*z**2 - 161*x*z - 14*x - 166*y**3 - 419*y**2*z - 99*y**2 + 592*y*z**2 - 166*y*z + 18*y - 97*z**3 - 164*z**2 + 18*z + 3']
  is_equivalent = False
  total_successes = 0, success_rate = 0.0


Whole evaluation from the beginning of the script took:
 96721.7 seconds, i.e. 1612.03 minutes or 26.867 hours.

Current time: 2026-03-03 14:31:59.795782
Tue Mar  3 02:32:00 PM CET 2026
this is oei.sh 0 dopa-deg3 0 999    doing   doones job_id 64686437 task_id 0 * 1000 + 314 --exper_id dopa-deg3
