==============================================
Starting time (of array_subjob 64686437_416):
Mon Mar  2 11:39:55 AM CET 2026
(True, True)
(True, False)
(True, False)
Current time: 2026-03-02 11:39:57.860531 

True
METHOD = 'diofantos'
DEGREE = 3
SCALE = 3
  all_datasets = 2257
start = 416, end = 417
task_id = 416
pds0416.csv:
  gt_rhs = '-8*v**2*w*y*z'
   target = -40*v**3 + 48*v**2*w + 6*v**2*x - 17*v**2*y - 2*v**2*z + 32*v*w**2 + 7*v*w*x - 20*v*w*y - 13*v*w*z - 2*v*w + 65*v*x**2 + 21*v*x*y + 21*v*x*z - 24*v*x - 25*v*y**2 + 60*v*y*z - 8*v*y - 101*v*z**2 + 15*v*z - 25*w**3 + 26*w**2*x + 47*w**2*y - 4*w**2*z - 9*w**2 - 21*w*x**2 - 71*w*x*y + 12*w*x*z - 2*w*x + 35*w*y**2 - 107*w*y*z + 9*w*y + 38*w*z**2 - 23*w*z - 4*w + 12*x**3 + 23*x**2*y - 2*x**2*z + 11*x**2 - 23*x*y**2 + 38*x*y*z + 23*x*y - 27*x*z**2 + 34*x*z - 10*x + 4*y**3 + 11*y**2*z + 4*y**2 - 11*y*z**2 + 20*y*z - 12*y + 30*z**3 + 18*z**2 - 2*z + 8
['-40*v**3 + 48*v**2*w + 6*v**2*x - 17*v**2*y - 2*v**2*z + 32*v*w**2 + 7*v*w*x - 20*v*w*y - 13*v*w*z - 2*v*w + 65*v*x**2 + 21*v*x*y + 21*v*x*z - 24*v*x - 25*v*y**2 + 60*v*y*z - 8*v*y - 101*v*z**2 + 15*v*z - 25*w**3 + 26*w**2*x + 47*w**2*y - 4*w**2*z - 9*w**2 - 21*w*x**2 - 71*w*x*y + 12*w*x*z - 2*w*x + 35*w*y**2 - 107*w*y*z + 9*w*y + 38*w*z**2 - 23*w*z - 4*w + 12*x**3 + 23*x**2*y - 2*x**2*z + 11*x**2 - 23*x*y**2 + 38*x*y*z + 23*x*y - 27*x*z**2 + 34*x*z - 10*x + 4*y**3 + 11*y**2*z + 4*y**2 - 11*y*z**2 + 20*y*z - 12*y + 30*z**3 + 18*z**2 - 2*z + 8']
  is_equivalent = False
  total_successes = 0, success_rate = 0.0


Whole evaluation from the beginning of the script took:
 100756.9 seconds, i.e. 1679.28 minutes or 27.988 hours.

Current time: 2026-03-03 15:39:14.742183
Tue Mar  3 03:39:15 PM CET 2026
this is oei.sh 0 dopa-deg3 0 999    doing   doones job_id 64686437 task_id 0 * 1000 + 416 --exper_id dopa-deg3
