==============================================
Starting time (of array_subjob 64686437_436):
Mon Mar  2 11:39:56 AM CET 2026
(True, True)
(True, False)
(True, False)
Current time: 2026-03-02 11:39:58.418946 

True
METHOD = 'diofantos'
DEGREE = 3
SCALE = 3
  all_datasets = 2257
start = 436, end = 437
task_id = 436
pds0436.csv:
  gt_rhs = '-8*v*w**2 + 3*x + 7*y + 2'
   target = -8*v*w**2 + 3*x + 7*y + 2
['-8*v*w**2 + 3*x + 7*y + 2']
  is_equivalent = True
  total_successes = 1, success_rate = 1.0


Whole evaluation from the beginning of the script took:
 60.7 seconds, i.e. 1.01 minutes or 0.017 hours.

Current time: 2026-03-02 11:40:59.142465
Mon Mar  2 11:40:59 AM CET 2026
this is oei.sh 0 dopa-deg3 0 999    doing   doones job_id 64686437 task_id 0 * 1000 + 436 --exper_id dopa-deg3
