==============================================
Starting time (of array_subjob 64686437_446):
Mon Mar  2 11:39:55 AM CET 2026
(True, True)
(True, False)
(True, False)
Current time: 2026-03-02 11:39:57.864319 

True
METHOD = 'diofantos'
DEGREE = 3
SCALE = 3
  all_datasets = 2257
start = 446, end = 447
task_id = 446
pds0446.csv:
  gt_rhs = '-7*v*x**3 + 9'
   target = -4*v**3 + 35*v**2*w + 12*v**2*x - 21*v**2*y - 6*v**2*z + 15*v**2 + 9*v*w**2 + 23*v*w*x + 19*v*w*y + 13*v*w*z + 7*v*w + 12*v*x**2 - 4*v*x*y + 18*v*x*z - 15*v*x + 9*v*y**2 - 2*v*y*z - 26*v*y + 12*v*z**2 - 14*v*z + 15*v - 33*w**3 - 6*w**2*x + 12*w**2*y + 3*w**2*z + 18*w**2 + 17*w*x**2 - 3*w*x*y - 18*w*x*z - 13*w*x + 26*w*y**2 - 8*w*y*z + 14*w*y - 6*w*z**2 + 10*w*z - 3*w - 8*x**3 + 5*x**2*y - 5*x**2*z - x**2 - 7*x*y**2 + 10*x*y*z - 4*x*y + 26*x*z**2 - 5*x*z - 7*x - 8*y**3 - 15*y**2*z - 8*y**2 - 12*y*z**2 + 9*y*z + 8*y + 10*z**3 + 5*z**2 + 3*z + 5
['-4*v**3 + 35*v**2*w + 12*v**2*x - 21*v**2*y - 6*v**2*z + 15*v**2 + 9*v*w**2 + 23*v*w*x + 19*v*w*y + 13*v*w*z + 7*v*w + 12*v*x**2 - 4*v*x*y + 18*v*x*z - 15*v*x + 9*v*y**2 - 2*v*y*z - 26*v*y + 12*v*z**2 - 14*v*z + 15*v - 33*w**3 - 6*w**2*x + 12*w**2*y + 3*w**2*z + 18*w**2 + 17*w*x**2 - 3*w*x*y - 18*w*x*z - 13*w*x + 26*w*y**2 - 8*w*y*z + 14*w*y - 6*w*z**2 + 10*w*z - 3*w - 8*x**3 + 5*x**2*y - 5*x**2*z - x**2 - 7*x*y**2 + 10*x*y*z - 4*x*y + 26*x*z**2 - 5*x*z - 7*x - 8*y**3 - 15*y**2*z - 8*y**2 - 12*y*z**2 + 9*y*z + 8*y + 10*z**3 + 5*z**2 + 3*z + 5']
  is_equivalent = False
  total_successes = 0, success_rate = 0.0


Whole evaluation from the beginning of the script took:
 160839.6 seconds, i.e. 2680.66 minutes or 44.678 hours.

Current time: 2026-03-04 08:20:37.431449
Wed Mar  4 08:20:37 AM CET 2026
this is oei.sh 0 dopa-deg3 0 999    doing   doones job_id 64686437 task_id 0 * 1000 + 446 --exper_id dopa-deg3
