==============================================
Starting time (of array_subjob 64686437_599):
Mon Mar  2 11:39:57 AM CET 2026
(True, True)
(True, False)
(True, False)
Current time: 2026-03-02 11:40:00.097557 

True
METHOD = 'diofantos'
DEGREE = 3
SCALE = 3
  all_datasets = 2257
start = 599, end = 600
task_id = 599
pds0599.csv:
  gt_rhs = '2*v*z - 5*x*y + y + 8'
   target = 2*v*z - 5*x*y + y + 8
['2*v*z - 5*x*y + y + 8']
  is_equivalent = True
  total_successes = 1, success_rate = 1.0


Whole evaluation from the beginning of the script took:
 62.3 seconds, i.e. 1.04 minutes or 0.017 hours.

Current time: 2026-03-02 11:41:02.354793
Mon Mar  2 11:41:02 AM CET 2026
this is oei.sh 0 dopa-deg3 0 999    doing   doones job_id 64686437 task_id 0 * 1000 + 599 --exper_id dopa-deg3
