==============================================
Starting time (of array_subjob 64686437_656):
Mon Mar  2 11:39:57 AM CET 2026
(True, True)
(True, False)
(True, False)
Current time: 2026-03-02 11:39:59.874695 

True
METHOD = 'diofantos'
DEGREE = 3
SCALE = 3
  all_datasets = 2257
start = 656, end = 657
task_id = 656
pds0656.csv:
  gt_rhs = '5*v*z + 10*v + 2*x'
   target = 5*v*z + 10*v + 2*x
['5*v*z + 10*v + 2*x']
  is_equivalent = True
  total_successes = 1, success_rate = 1.0


Whole evaluation from the beginning of the script took:
 60.4 seconds, i.e. 1.01 minutes or 0.017 hours.

Current time: 2026-03-02 11:41:00.248761
Mon Mar  2 11:41:00 AM CET 2026
this is oei.sh 0 dopa-deg3 0 999    doing   doones job_id 64686437 task_id 0 * 1000 + 656 --exper_id dopa-deg3
