==============================================
Starting time (of array_subjob 64686437_847):
Mon Mar  2 11:39:57 AM CET 2026
(True, True)
(True, False)
(True, False)
Current time: 2026-03-02 11:39:59.987280 

True
METHOD = 'diofantos'
DEGREE = 3
SCALE = 3
  all_datasets = 2257
start = 847, end = 848
task_id = 847
pds0847.csv:
  gt_rhs = '5*v*w - 4*v - 5*x + 2*z - 9'
   target = 5*v*w - 4*v - 5*x + 2*z - 9
['5*v*w - 4*v - 5*x + 2*z - 9']
  is_equivalent = True
  total_successes = 1, success_rate = 1.0


Whole evaluation from the beginning of the script took:
 63.6 seconds, i.e. 1.06 minutes or 0.018 hours.

Current time: 2026-03-02 11:41:03.594879
Mon Mar  2 11:41:03 AM CET 2026
this is oei.sh 0 dopa-deg3 0 999    doing   doones job_id 64686437 task_id 0 * 1000 + 847 --exper_id dopa-deg3
