==============================================
Starting time (of array_subjob 64686437_943):
Mon Mar  2 11:39:57 AM CET 2026
(True, True)
(True, False)
(True, False)
Current time: 2026-03-02 11:39:59.933476 

True
METHOD = 'diofantos'
DEGREE = 3
SCALE = 3
  all_datasets = 2257
start = 943, end = 944
task_id = 943
pds0943.csv:
  gt_rhs = '-3*v*x*z - 2*y'
   target = -3*v*x*z - 2*y
['-3*v*x*z - 2*y']
  is_equivalent = True
  total_successes = 1, success_rate = 1.0


Whole evaluation from the beginning of the script took:
 62.7 seconds, i.e. 1.04 minutes or 0.017 hours.

Current time: 2026-03-02 11:41:02.633120
Mon Mar  2 11:41:03 AM CET 2026
this is oei.sh 0 dopa-deg3 0 999    doing   doones job_id 64686437 task_id 0 * 1000 + 943 --exper_id dopa-deg3
