==============================================
Starting time (of array_subjob 64685437_79):
Mon Mar  2 11:39:50 AM CET 2026
(True, True)
(True, False)
(True, False)
Current time: 2026-03-02 11:39:52.515211 

True
METHOD = 'diofantos'
DEGREE = 3
SCALE = 3
  all_datasets = 2257
start = 1079, end = 1080
task_id = 1079
pds1079.csv:
  gt_rhs = '4*x*y**2 + 2*y + 2'
   target = 4*x*y**2 + 2*y + 2
['4*x*y**2 + 2*y + 2']
  is_equivalent = True
  total_successes = 1, success_rate = 1.0


Whole evaluation from the beginning of the script took:
 52.3 seconds, i.e. 0.87 minutes or 0.015 hours.

Current time: 2026-03-02 11:40:44.822598
Mon Mar  2 11:40:45 AM CET 2026
this is oei.sh 1 dopa-deg3 0 999    doing   doones job_id 64685437 task_id 1 * 1000 + 79 --exper_id dopa-deg3
