==============================================
Starting time (of array_subjob 64685437_187):
Mon Mar  2 11:39:51 AM CET 2026
(True, True)
(True, False)
(True, False)
Current time: 2026-03-02 11:39:53.614187 

True
METHOD = 'diofantos'
DEGREE = 3
SCALE = 3
  all_datasets = 2257
start = 1187, end = 1188
task_id = 1187
pds1187.csv:
  gt_rhs = '4*v**2 + 6*x + 8*z'
   target = 4*v**2 + 6*x + 8*z
['4*v**2 + 6*x + 8*z']
  is_equivalent = True
  total_successes = 1, success_rate = 1.0


Whole evaluation from the beginning of the script took:
 63.1 seconds, i.e. 1.05 minutes or 0.018 hours.

Current time: 2026-03-02 11:40:56.689752
Mon Mar  2 11:40:57 AM CET 2026
this is oei.sh 1 dopa-deg3 0 999    doing   doones job_id 64685437 task_id 1 * 1000 + 187 --exper_id dopa-deg3
