==============================================
Starting time (of array_subjob 64685437_193):
Mon Mar  2 11:39:51 AM CET 2026
(True, True)
(True, False)
(True, False)
Current time: 2026-03-02 11:39:53.627810 

True
METHOD = 'diofantos'
DEGREE = 3
SCALE = 3
  all_datasets = 2257
start = 1193, end = 1194
task_id = 1193
pds1193.csv:
  gt_rhs = '-3*v*w*x - 7*v + 9*y + 2'
   target = -3*v*w*x - 7*v + 9*y + 2
['-3*v*w*x - 7*v + 9*y + 2']
  is_equivalent = True
  total_successes = 1, success_rate = 1.0


Whole evaluation from the beginning of the script took:
 66.3 seconds, i.e. 1.11 minutes or 0.018 hours.

Current time: 2026-03-02 11:40:59.931650
Mon Mar  2 11:41:00 AM CET 2026
this is oei.sh 1 dopa-deg3 0 999    doing   doones job_id 64685437 task_id 1 * 1000 + 193 --exper_id dopa-deg3
