==============================================
Starting time (of array_subjob 64685437_356):
Mon Mar  2 11:39:51 AM CET 2026
(True, True)
(True, False)
(True, False)
Current time: 2026-03-02 11:39:53.689188 

True
METHOD = 'diofantos'
DEGREE = 3
SCALE = 3
  all_datasets = 2257
start = 1356, end = 1357
task_id = 1356
pds1356.csv:
  gt_rhs = '-6*v*y - 8*w*x + 6*z + 7'
   target = -6*v*y - 8*w*x + 6*z + 7
['-6*v*y - 8*w*x + 6*z + 7']
  is_equivalent = True
  total_successes = 1, success_rate = 1.0


Whole evaluation from the beginning of the script took:
 53.4 seconds, i.e. 0.89 minutes or 0.015 hours.

Current time: 2026-03-02 11:40:47.128854
Mon Mar  2 11:40:47 AM CET 2026
this is oei.sh 1 dopa-deg3 0 999    doing   doones job_id 64685437 task_id 1 * 1000 + 356 --exper_id dopa-deg3
