==============================================
Starting time (of array_subjob 64685437_505):
Wed Mar  4 11:57:20 AM CET 2026
(True, True)
(True, False)
(True, False)
Current time: 2026-03-04 11:57:27.451895 

True
METHOD = 'diofantos'
DEGREE = 3
SCALE = 3
  all_datasets = 2257
start = 1505, end = 1506
task_id = 1505
pds1505.csv:
  gt_rhs = '4*v*y*z + x'
   target = 4*v*y*z + x
['4*v*y*z + x']
  is_equivalent = True
  total_successes = 1, success_rate = 1.0


Whole evaluation from the beginning of the script took:
 54.6 seconds, i.e. 0.91 minutes or 0.015 hours.

Current time: 2026-03-04 11:58:22.007142
Wed Mar  4 11:58:22 AM CET 2026
this is oei.sh 1 dopa-deg3 0 999    doing   doones job_id 64685437 task_id 1 * 1000 + 505 --exper_id dopa-deg3
