==============================================
Starting time (of array_subjob 64685437_596):
Mon Mar  2 11:39:52 AM CET 2026
(True, True)
(True, False)
(True, False)
Current time: 2026-03-02 11:39:54.996676 

True
METHOD = 'diofantos'
DEGREE = 3
SCALE = 3
  all_datasets = 2257
start = 1596, end = 1597
task_id = 1596
pds1596.csv:
  gt_rhs = '6*v**2*x - 5*x**2 + 8'
   target = 6*v**2*x - 5*x**2 + 8
['6*v**2*x - 5*x**2 + 8']
  is_equivalent = True
  total_successes = 1, success_rate = 1.0


Whole evaluation from the beginning of the script took:
 60.3 seconds, i.e. 1.0 minutes or 0.017 hours.

Current time: 2026-03-02 11:40:55.267105
Mon Mar  2 11:40:55 AM CET 2026
this is oei.sh 1 dopa-deg3 0 999    doing   doones job_id 64685437 task_id 1 * 1000 + 596 --exper_id dopa-deg3
