==============================================
Starting time (of array_subjob 64685437_622):
Mon Mar  2 11:39:52 AM CET 2026
(True, True)
(True, False)
(True, False)
Current time: 2026-03-02 11:39:54.870822 

True
METHOD = 'diofantos'
DEGREE = 3
SCALE = 3
  all_datasets = 2257
start = 1622, end = 1623
task_id = 1622
pds1622.csv:
  gt_rhs = '-3*v**2*w*x**3'
   target = -416*v**3 + 51*v**2*w + 182*v**2*x + 310*v**2*y + 136*v**2*z - 517*v**2 - 73*v*w**2 + 124*v*w*x - 17*v*w*y - 359*v*w*z + 467*v*w - 291*v*x**2 - 516*v*x*y + 107*v*x*z + 640*v*x + 262*v*y**2 - 252*v*y*z + 188*v*y + 209*v*z**2 - 115*v*z + 25*v + 11*w**3 - 369*w**2*x - 188*w**2*y + 538*w**2*z - 389*w**2 + 307*w*x**2 - 294*w*x*y + 297*w*x*z - 461*w*x - 241*w*y**2 + 134*w*y*z - 60*w*y - 164*w*z**2 + 228*w*z + 3*w + 134*x**3 + 224*x**2*y + 38*x**2*z - 406*x**2 - 327*x*y**2 + 59*x*y*z - 298*x*y + 3*x*z**2 + 219*x*z - 32*x - 114*y**3 - 400*y**2*z - 106*y**2 + 152*y*z**2 + 104*y*z - 2*y + 7*z**3 - 483*z**2 + 12*z - 2
['-416*v**3 + 51*v**2*w + 182*v**2*x + 310*v**2*y + 136*v**2*z - 517*v**2 - 73*v*w**2 + 124*v*w*x - 17*v*w*y - 359*v*w*z + 467*v*w - 291*v*x**2 - 516*v*x*y + 107*v*x*z + 640*v*x + 262*v*y**2 - 252*v*y*z + 188*v*y + 209*v*z**2 - 115*v*z + 25*v + 11*w**3 - 369*w**2*x - 188*w**2*y + 538*w**2*z - 389*w**2 + 307*w*x**2 - 294*w*x*y + 297*w*x*z - 461*w*x - 241*w*y**2 + 134*w*y*z - 60*w*y - 164*w*z**2 + 228*w*z + 3*w + 134*x**3 + 224*x**2*y + 38*x**2*z - 406*x**2 - 327*x*y**2 + 59*x*y*z - 298*x*y + 3*x*z**2 + 219*x*z - 32*x - 114*y**3 - 400*y**2*z - 106*y**2 + 152*y*z**2 + 104*y*z - 2*y + 7*z**3 - 483*z**2 + 12*z - 2']
  is_equivalent = False
  total_successes = 0, success_rate = 0.0


Whole evaluation from the beginning of the script took:
 134804.4 seconds, i.e. 2246.74 minutes or 37.446 hours.

Current time: 2026-03-04 01:06:39.318537
Wed Mar  4 01:06:39 AM CET 2026
this is oei.sh 1 dopa-deg3 0 999    doing   doones job_id 64685437 task_id 1 * 1000 + 622 --exper_id dopa-deg3
