==============================================
Starting time (of array_subjob 64685437_726):
Mon Mar  2 11:39:53 AM CET 2026
(True, True)
(True, False)
(True, False)
Current time: 2026-03-02 11:39:55.508752 

True
METHOD = 'diofantos'
DEGREE = 3
SCALE = 3
  all_datasets = 2257
start = 1726, end = 1727
task_id = 1726
pds1726.csv:
  gt_rhs = '-8*w**2*x*y**3*z + 7*x*z - 7'
   target = -8010*v**3 - 4918*v**2*w + 361*v**2*x + 2235*v**2*y + 4750*v**2*z + 3817*v**2 + 2809*v*w**2 + 206*v*w*x + 3278*v*w*y - 6922*v*w*z - 2667*v*w - 2566*v*x**2 - 10478*v*x*y + 1287*v*x*z + 2828*v*x + 8253*v*y**2 - 14132*v*y*z - 2401*v*y - 1063*v*z**2 + 2583*v*z - 154*v + 5784*w**3 - 324*w**2*x - 1839*w**2*y + 6553*w**2*z + 2306*w**2 + 3265*w*x**2 + 2979*w*x*y - 1337*w*x*z - 2291*w*x - 1747*w*y**2 + 6611*w*y*z + 2705*w*y - 3249*w*z**2 - 1474*w*z + 188*w - 3819*x**3 + 8017*x**2*y - 3594*x**2*z + 4122*x**2 - 1697*x*y**2 - 4215*x*y*z - 2426*x*y + 6712*x*z**2 + 1801*x*z - 404*x - 5321*y**3 + 9688*y**2*z + 4239*y**2 + 6110*y*z**2 - 3012*y*z + 333*y - 482*z**3 + 2290*z**2 - 400*z + 132
['-8010*v**3 - 4918*v**2*w + 361*v**2*x + 2235*v**2*y + 4750*v**2*z + 3817*v**2 + 2809*v*w**2 + 206*v*w*x + 3278*v*w*y - 6922*v*w*z - 2667*v*w - 2566*v*x**2 - 10478*v*x*y + 1287*v*x*z + 2828*v*x + 8253*v*y**2 - 14132*v*y*z - 2401*v*y - 1063*v*z**2 + 2583*v*z - 154*v + 5784*w**3 - 324*w**2*x - 1839*w**2*y + 6553*w**2*z + 2306*w**2 + 3265*w*x**2 + 2979*w*x*y - 1337*w*x*z - 2291*w*x - 1747*w*y**2 + 6611*w*y*z + 2705*w*y - 3249*w*z**2 - 1474*w*z + 188*w - 3819*x**3 + 8017*x**2*y - 3594*x**2*z + 4122*x**2 - 1697*x*y**2 - 4215*x*y*z - 2426*x*y + 6712*x*z**2 + 1801*x*z - 404*x - 5321*y**3 + 9688*y**2*z + 4239*y**2 + 6110*y*z**2 - 3012*y*z + 333*y - 482*z**3 + 2290*z**2 - 400*z + 132']
  is_equivalent = False
  total_successes = 0, success_rate = 0.0


Whole evaluation from the beginning of the script took:
 75619.8 seconds, i.e. 1260.33 minutes or 21.005 hours.

Current time: 2026-03-03 08:40:15.295966
Tue Mar  3 08:40:15 AM CET 2026
this is oei.sh 1 dopa-deg3 0 999    doing   doones job_id 64685437 task_id 1 * 1000 + 726 --exper_id dopa-deg3
