==============================================
Starting time (of array_subjob 64685437_727):
Mon Mar  2 11:39:53 AM CET 2026
(True, True)
(True, False)
(True, False)
Current time: 2026-03-02 11:39:55.434696 

True
METHOD = 'diofantos'
DEGREE = 3
SCALE = 3
  all_datasets = 2257
start = 1727, end = 1728
task_id = 1727
pds1727.csv:
  gt_rhs = '-6*v - 5*w*x - y - 10'
   target = -6*v - 5*w*x - y - 10
['-6*v - 5*w*x - y - 10']
  is_equivalent = True
  total_successes = 1, success_rate = 1.0


Whole evaluation from the beginning of the script took:
 59.4 seconds, i.e. 0.99 minutes or 0.016 hours.

Current time: 2026-03-02 11:40:54.804460
Mon Mar  2 11:40:55 AM CET 2026
this is oei.sh 1 dopa-deg3 0 999    doing   doones job_id 64685437 task_id 1 * 1000 + 727 --exper_id dopa-deg3
