==============================================
Starting time (of array_subjob 64685437_802):
Mon Mar  2 11:39:53 AM CET 2026
(True, True)
(True, False)
(True, False)
Current time: 2026-03-02 11:39:55.756356 

True
METHOD = 'diofantos'
DEGREE = 3
SCALE = 3
  all_datasets = 2257
start = 1802, end = 1803
task_id = 1802
pds1802.csv:
  gt_rhs = '10*w*z**3 + w - 3'
   target = -2*v**3 + 7*v**2*w - 5*v**2*x + 14*v**2*y + 3*v**2*z + 8*v**2 + 37*v*w**2 + 10*v*w*x - 15*v*w*y + 13*v*w*z + 7*v*w - 34*v*x**2 + 2*v*x*y - 7*v*x*z - 9*v*x - 8*v*y**2 + 10*v*y*z - 3*v*y + 25*v*z**2 - 5*v*z + 3*v - 34*w**3 - 17*w**2*x - 6*w**2*y - 44*w**2*z + 17*w**2 + 21*w*x**2 + 11*w*x*y - 16*w*x*z - 5*w*x + 33*w*y**2 - 56*w*y*z + 6*w*y + 14*w*z**2 + 20*w*z - 3*w + 4*x**3 - 4*x**2*y + 14*x**2*z - 20*x**2 + 5*x*y**2 - 31*x*y*z - 8*x*y + 15*x*z**2 + 10*x*z - 7*x + 29*y**3 + 4*y**2*z - 26*y**2 - 38*y*z**2 + 12*y*z + 10*y + 18*z**3 + 8*z + 8
['-2*v**3 + 7*v**2*w - 5*v**2*x + 14*v**2*y + 3*v**2*z + 8*v**2 + 37*v*w**2 + 10*v*w*x - 15*v*w*y + 13*v*w*z + 7*v*w - 34*v*x**2 + 2*v*x*y - 7*v*x*z - 9*v*x - 8*v*y**2 + 10*v*y*z - 3*v*y + 25*v*z**2 - 5*v*z + 3*v - 34*w**3 - 17*w**2*x - 6*w**2*y - 44*w**2*z + 17*w**2 + 21*w*x**2 + 11*w*x*y - 16*w*x*z - 5*w*x + 33*w*y**2 - 56*w*y*z + 6*w*y + 14*w*z**2 + 20*w*z - 3*w + 4*x**3 - 4*x**2*y + 14*x**2*z - 20*x**2 + 5*x*y**2 - 31*x*y*z - 8*x*y + 15*x*z**2 + 10*x*z - 7*x + 29*y**3 + 4*y**2*z - 26*y**2 - 38*y*z**2 + 12*y*z + 10*y + 18*z**3 + 8*z + 8']
  is_equivalent = False
  total_successes = 0, success_rate = 0.0


Whole evaluation from the beginning of the script took:
 158630.2 seconds, i.e. 2643.84 minutes or 44.064 hours.

Current time: 2026-03-04 07:43:46.005578
Wed Mar  4 07:43:46 AM CET 2026
this is oei.sh 1 dopa-deg3 0 999    doing   doones job_id 64685437 task_id 1 * 1000 + 802 --exper_id dopa-deg3
