==============================================
Starting time (of array_subjob 64685437_966):
Mon Mar  2 11:39:53 AM CET 2026
(True, True)
(True, False)
(True, False)
Current time: 2026-03-02 11:39:55.794032 

True
METHOD = 'diofantos'
DEGREE = 3
SCALE = 3
  all_datasets = 2257
start = 1966, end = 1967
task_id = 1966
pds1966.csv:
  gt_rhs = '-2*v*w*x**3'
   target = 4*v**3 - v**2*w - v**2*x - 5*v**2*y - 10*v**2*z + 20*v**2 + v*w**2 - 43*v*w*x - v*w*y - 11*v*w*z + v*w - 13*v*x**2 + 5*v*x*y - 15*v*x*z + 13*v*x - 2*v*y**2 + 7*v*y*z + 5*v*y - 5*v*z**2 - 8*v*z - 11*v - 14*w**3 + 20*w**2*x + 2*w**2*y - 19*w**2*z - 10*w**2 + 5*w*x**2 - 30*w*x*y + 20*w*x*z - 9*w*x - 12*w*y**2 + 8*w*y*z + 22*w*y + w*z**2 + 12*w*z - 6*w + 2*x**3 + 8*x**2*y + 20*x**2*z + 8*x**2 - 7*x*y**2 - 6*x*y*z + 5*x*z**2 - 2*x*z + 12*x + 10*y**3 + 8*y**2*z + 21*y**2 - 12*y*z**2 + 3*y*z - 4*y - 9*z**3 + 3*z**2 + 22*z - 6
['4*v**3 - v**2*w - v**2*x - 5*v**2*y - 10*v**2*z + 20*v**2 + v*w**2 - 43*v*w*x - v*w*y - 11*v*w*z + v*w - 13*v*x**2 + 5*v*x*y - 15*v*x*z + 13*v*x - 2*v*y**2 + 7*v*y*z + 5*v*y - 5*v*z**2 - 8*v*z - 11*v - 14*w**3 + 20*w**2*x + 2*w**2*y - 19*w**2*z - 10*w**2 + 5*w*x**2 - 30*w*x*y + 20*w*x*z - 9*w*x - 12*w*y**2 + 8*w*y*z + 22*w*y + w*z**2 + 12*w*z - 6*w + 2*x**3 + 8*x**2*y + 20*x**2*z + 8*x**2 - 7*x*y**2 - 6*x*y*z + 5*x*z**2 - 2*x*z + 12*x + 10*y**3 + 8*y**2*z + 21*y**2 - 12*y*z**2 + 3*y*z - 4*y - 9*z**3 + 3*z**2 + 22*z - 6']
  is_equivalent = False
  total_successes = 0, success_rate = 0.0


Whole evaluation from the beginning of the script took:
 54269.2 seconds, i.e. 904.49 minutes or 15.075 hours.

Current time: 2026-03-03 02:44:24.972145
Tue Mar  3 02:44:25 AM CET 2026
this is oei.sh 1 dopa-deg3 0 999    doing   doones job_id 64685437 task_id 1 * 1000 + 966 --exper_id dopa-deg3
