==============================================
Starting time (of array_subjob 444571_120):
Fri Jan  9 03:26:35 PM CET 2026
(True, True)
(True, False)
(True, False)
164
97 120 A003484  ... TASK ID, task_id, seq_id


CORELIST: True, METHOD: MB, SINDy: False (True also in case of MAVI), GROUND_TRUTH: False, SINDy_default: True, DEBUG: False, OEISformer: False
n_of_terms_ed: 200, N_OF_TERMS_ED: 200
Library: n, max_order 20, max_degree: 3, threshold: 0.1, 
n_more_terms: 10

Attempting doone for A003484


eq = 'x^100 + 19/24*x^99 + 95/24*x^98 + 19/24*x^97 - 163/8*x^96 - 2/9*x^91 - 10/9*x^90 - 2/9*x^89 + 6*x^88 - 4/3*x^84 - 23/18*x^83 - 115/18*x^82 - 23/18*x^81 + 199/6*x^80 - 2/9*x^75 - 10/9*x^74 - 2/9*x^73 + 6*x^72 + 17/3*x^68 + 307/72*x^67 + 1535/72*x^66 + 307/72*x^65 - 2627/24*x^64 + x^36 + 19/24*x^35 + 95/24*x^34 + 19/24*x^33 - 163/8*x^32 + 2/3*x^27 + 10/3*x^26 + 2/3*x^25 - 18*x^24 + 4*x^20 + 23/6*x^19 + 115/6*x^18 + 23/6*x^17 - 199/2*x^16 + 2/3*x^11 + 10/3*x^10 + 2/3*x^9 - 18*x^8 - 13*x^4 - 77/8*x^3 - 385/8*x^2 - 77/8*x + 1975/8\n' 
is Disco: True 


Exiting after running sage code with zero division:
Traceback (most recent call last):
  File "/ceph/grid/home/bgec/oeis/doones.py", line 873, in <module>
    doone(task_id=task_id, seq_id=seq_id, linear=True)
  File "/ceph/grid/home/bgec/oeis/doones.py", line 650, in doone
    1/0
    ~^~
ZeroDivisionError: division by zero
Fri Jan  9 03:27:17 PM CET 2026
this is oei.sh        doing   doones job_id 444571 task_id 120 --exper_id 
