==============================================
Starting time (of array_subjob 444571_159):
Fri Jan  9 03:27:05 PM CET 2026
(True, True)
(True, False)
(True, False)
164
97 159 A070939  ... TASK ID, task_id, seq_id


CORELIST: True, METHOD: MB, SINDy: False (True also in case of MAVI), GROUND_TRUTH: False, SINDy_default: True, DEBUG: False, OEISformer: False
n_of_terms_ed: 200, N_OF_TERMS_ED: 200
Library: n, max_order 20, max_degree: 3, threshold: 0.1, 
n_more_terms: 10

Attempting doone for A070939


eq = 'x^100 - 7*x^98 + 7*x^96 - 8*x^92 + 7*x^90 - 7*x^88 - x^84 + 7*x^82 - 7*x^80 + x^68 - 7*x^66 + 7*x^64 + 8*x^28 - 7*x^26 + 7*x^24 + x^20 - 7*x^18 + 7*x^16 - x^4 + 7*x^2 - 7\n' 
is Disco: True 


Exiting after running sage code with zero division:
Traceback (most recent call last):
  File "/ceph/grid/home/bgec/oeis/doones.py", line 873, in <module>
    doone(task_id=task_id, seq_id=seq_id, linear=True)
  File "/ceph/grid/home/bgec/oeis/doones.py", line 650, in doone
    1/0
    ~^~
ZeroDivisionError: division by zero
Fri Jan  9 03:27:14 PM CET 2026
this is oei.sh        doing   doones job_id 444571 task_id 159 --exper_id 
