==============================================
Starting time (of array_subjob 65439395_106):
Mon Mar 23 03:57:58 PM CET 2026
(True, True)
(True, False)
(True, False)
Current time: 2026-03-23 15:58:03.021293 

True
METHOD = 'diofantos'
DEGREE = 4
SCALE = 3000
  all_datasets = 2257
pds0106.csv:
  gt_rhs = '-10*v**2*w*x*y + 4*v*z'
d_max = 1
d_max = 2
   target = -277627719765855711490464513076*v**2 - 349562408955574790442018802553*v*w + 269191447597848667282352589666*v*x + 309170020859129282303496283276*v*y - 261159974191780568331284745405*v*z - 2070545128899608772638834287949*v - 3298159369879479780158540436*w**2 - 574054630341886446660812089916*w*x - 66680019761838190132461988818*w*y + 332299186947611232765950547664*w*z - 5205372148085060971360162167524*w - 12849793579020246244792977910*x**2 + 516940790341071876432343040646*x*y - 438372768582048127682519904021*x*z + 1856242199962378692418423585833*x - 218096026898795193921542283348*y**2 + 40016751353334839978754831991*y*z + 6553360585283511154314540482039*y - 93826736310582704435410808008*z**2 - 3536238554963661337644710856763*z + 16226110513159619846554124075677
['-277627719765855711490464513076*v**2 - 349562408955574790442018802553*v*w + 269191447597848667282352589666*v*x + 309170020859129282303496283276*v*y - 261159974191780568331284745405*v*z - 2070545128899608772638834287949*v - 3298159369879479780158540436*w**2 - 574054630341886446660812089916*w*x - 66680019761838190132461988818*w*y + 332299186947611232765950547664*w*z - 5205372148085060971360162167524*w - 12849793579020246244792977910*x**2 + 516940790341071876432343040646*x*y - 438372768582048127682519904021*x*z + 1856242199962378692418423585833*x - 218096026898795193921542283348*y**2 + 40016751353334839978754831991*y*z + 6553360585283511154314540482039*y - 93826736310582704435410808008*z**2 - 3536238554963661337644710856763*z + 16226110513159619846554124075677']
  is_equivalent = False
  total_successes = 0, success_rate = 0.0
DEGREE = 4:
METHOD = 'diofantos':


Whole evaluation from the beginning of the script took:
 4.0 seconds, i.e. 0.07 minutes or 0.001 hours.

Current time: 2026-03-23 15:58:07.003743
Mon Mar 23 03:58:07 PM CET 2026
this is oei.sh 0 sth-dp-d4 101 999    doing   doones job_id 65439395 task_id 0 * 1000 + 106 --exper_id sth-dp-d4
