==============================================
Starting time (of array_subjob 65439395_121):
Mon Mar 23 03:57:57 PM CET 2026
(True, True)
(True, False)
(True, False)
Current time: 2026-03-23 15:58:01.222410 

True
METHOD = 'diofantos'
DEGREE = 4
SCALE = 3000
  all_datasets = 2257
pds0121.csv:
  gt_rhs = '8*w**2*y + 3*y*z - 9'
d_max = 1
d_max = 2
d_max = 3
   target = 8*w**2*y + 3*y*z - 9
['8*w**2*y + 3*y*z - 9']
  is_equivalent = True
  total_successes = 1, success_rate = 1.0
DEGREE = 4:
METHOD = 'diofantos':


Whole evaluation from the beginning of the script took:
 118.5 seconds, i.e. 1.98 minutes or 0.033 hours.

Current time: 2026-03-23 15:59:59.726161
Mon Mar 23 04:00:00 PM CET 2026
this is oei.sh 0 sth-dp-d4 101 999    doing   doones job_id 65439395 task_id 0 * 1000 + 121 --exper_id sth-dp-d4
