==============================================
Starting time (of array_subjob 65439395_139):
Mon Mar 23 03:57:57 PM CET 2026
(True, True)
(True, False)
(True, False)
Current time: 2026-03-23 15:58:01.441826 

True
METHOD = 'diofantos'
DEGREE = 4
SCALE = 3000
  all_datasets = 2257
pds0139.csv:
  gt_rhs = '5*v*w + 2'
d_max = 1
d_max = 2
   target = 5*v*w + 2
['5*v*w + 2']
  is_equivalent = True
  total_successes = 1, success_rate = 1.0
DEGREE = 4:
METHOD = 'diofantos':


Whole evaluation from the beginning of the script took:
 4.3 seconds, i.e. 0.07 minutes or 0.001 hours.

Current time: 2026-03-23 15:58:05.743092
Mon Mar 23 03:58:06 PM CET 2026
this is oei.sh 0 sth-dp-d4 101 999    doing   doones job_id 65439395 task_id 0 * 1000 + 139 --exper_id sth-dp-d4
