==============================================
Starting time (of array_subjob 65439395_234):
Mon Mar 23 03:57:57 PM CET 2026
(True, True)
(True, False)
(True, False)
Current time: 2026-03-23 15:58:00.406799 

True
METHOD = 'diofantos'
DEGREE = 4
SCALE = 3000
  all_datasets = 2257
pds0234.csv:
  gt_rhs = '-5*v*w*z - v'
d_max = 1
d_max = 2
   target = 231121913799732184617560464365*v**2 + 114001059373618250498079300726*v*w + 210747042623091470075463525113*v*x + 153081491483626868096239672014*v*y + 207031127428768011136058540097*v*z + 1596597602780009459070491454605*v + 101259527261783592191950123351*w**2 + 47449210189171190166975988669*w*x - 39502930751232170197454697426*w*y + 97713313244362699984303731254*w*z + 1049521336671124520983952637454*w + 31232966863629651191131580097*x**2 - 2443207917503003703226547257*x*y + 149662502613146393982617579281*x*z + 1525695731255708764105728946373*x - 227310572000273011706143670909*y**2 - 15158332593296666538729502861*y*z + 1841818852790810140220096896144*y + 45405785811622843575043305473*z**2 + 416169891732616814193538501555*z + 1198092801343118510028722376354
['231121913799732184617560464365*v**2 + 114001059373618250498079300726*v*w + 210747042623091470075463525113*v*x + 153081491483626868096239672014*v*y + 207031127428768011136058540097*v*z + 1596597602780009459070491454605*v + 101259527261783592191950123351*w**2 + 47449210189171190166975988669*w*x - 39502930751232170197454697426*w*y + 97713313244362699984303731254*w*z + 1049521336671124520983952637454*w + 31232966863629651191131580097*x**2 - 2443207917503003703226547257*x*y + 149662502613146393982617579281*x*z + 1525695731255708764105728946373*x - 227310572000273011706143670909*y**2 - 15158332593296666538729502861*y*z + 1841818852790810140220096896144*y + 45405785811622843575043305473*z**2 + 416169891732616814193538501555*z + 1198092801343118510028722376354']
  is_equivalent = False
  total_successes = 0, success_rate = 0.0
DEGREE = 4:
METHOD = 'diofantos':


Whole evaluation from the beginning of the script took:
 2.3 seconds, i.e. 0.04 minutes or 0.001 hours.

Current time: 2026-03-23 15:58:02.716136
Mon Mar 23 03:58:03 PM CET 2026
this is oei.sh 0 sth-dp-d4 101 999    doing   doones job_id 65439395 task_id 0 * 1000 + 234 --exper_id sth-dp-d4
