==============================================
Starting time (of array_subjob 65439395_288):
Mon Mar 23 03:57:58 PM CET 2026
(True, True)
(True, False)
(True, False)
Current time: 2026-03-23 15:58:01.616381 

True
METHOD = 'diofantos'
DEGREE = 4
SCALE = 3000
  all_datasets = 2257
pds0288.csv:
  gt_rhs = '-3*v**3*w**4*y*z**2'
d_max = 1
d_max = 2
   target = 18007350680871693538718285993*v**2 + 5969088443563034540595821808*v*w + 2055993232396312092695124214*v*x - 22725559546171597671416524216*v*y + 29068502413969918598270086754*v*z - 30660493514514983999222346923*v - 15042731801617732209813356663*w**2 + 24298885011252669662214195022*w*x - 4266983617765585876942414486*w*y - 24310110637596376376134976852*w*z + 296918585309086917259291680637*w - 32438971550351826102244381891*x**2 + 19039403624550676048442443998*x*y + 28560799986447233217388700582*x*z - 198029931190756253613112431623*x + 21045412127853844063728555651*y**2 - 31361135200498846197633710170*y*z + 163158737759661352759470018801*y - 18639480506242428027485736561*z**2 + 8373853170509791448559128291*z - 76544070141173163928742947786
['18007350680871693538718285993*v**2 + 5969088443563034540595821808*v*w + 2055993232396312092695124214*v*x - 22725559546171597671416524216*v*y + 29068502413969918598270086754*v*z - 30660493514514983999222346923*v - 15042731801617732209813356663*w**2 + 24298885011252669662214195022*w*x - 4266983617765585876942414486*w*y - 24310110637596376376134976852*w*z + 296918585309086917259291680637*w - 32438971550351826102244381891*x**2 + 19039403624550676048442443998*x*y + 28560799986447233217388700582*x*z - 198029931190756253613112431623*x + 21045412127853844063728555651*y**2 - 31361135200498846197633710170*y*z + 163158737759661352759470018801*y - 18639480506242428027485736561*z**2 + 8373853170509791448559128291*z - 76544070141173163928742947786']
  is_equivalent = False
  total_successes = 0, success_rate = 0.0
DEGREE = 4:
METHOD = 'diofantos':


Whole evaluation from the beginning of the script took:
 2.2 seconds, i.e. 0.04 minutes or 0.001 hours.

Current time: 2026-03-23 15:58:03.813229
Mon Mar 23 03:58:04 PM CET 2026
this is oei.sh 0 sth-dp-d4 101 999    doing   doones job_id 65439395 task_id 0 * 1000 + 288 --exper_id sth-dp-d4
