==============================================
Starting time (of array_subjob 65439395_287):
Mon Mar 23 03:57:59 PM CET 2026
(True, True)
(True, False)
(True, False)
Current time: 2026-03-23 15:58:02.005560 

True
METHOD = 'diofantos'
DEGREE = 4
SCALE = 3000
  all_datasets = 2257
pds0287.csv:
  gt_rhs = 'v*w*z - 10*w + 9'
d_max = 1
d_max = 2
   target = 3133525350516393320834740749*v**2 + 4784292405215864551590447973*v*w - 5652453193757210661967165902*v*x + 1356940625906034560447324014*v*y + 9255600896328943880987042177*v*z + 5269181475389668871119592004*v - 2836211003561219424334950119*w**2 + 2871514665150431384418699266*w*x - 3178041960447094635849751756*w*y - 901198241104561792414467394*w*z - 16189011250488344714920141101*w + 2670442021480313547549083663*x**2 + 2233936301356527020474061394*x*y - 6941483769605841987203917062*x*z + 20855701307966538179902576825*x - 2727107747455893150304018392*y**2 - 589096659850747886311595913*y*z - 21063899821354561547965039887*y + 3243747357105247427439699372*z**2 - 12827349035369341760620256836*z + 35941375312060051533557185491
['3133525350516393320834740749*v**2 + 4784292405215864551590447973*v*w - 5652453193757210661967165902*v*x + 1356940625906034560447324014*v*y + 9255600896328943880987042177*v*z + 5269181475389668871119592004*v - 2836211003561219424334950119*w**2 + 2871514665150431384418699266*w*x - 3178041960447094635849751756*w*y - 901198241104561792414467394*w*z - 16189011250488344714920141101*w + 2670442021480313547549083663*x**2 + 2233936301356527020474061394*x*y - 6941483769605841987203917062*x*z + 20855701307966538179902576825*x - 2727107747455893150304018392*y**2 - 589096659850747886311595913*y*z - 21063899821354561547965039887*y + 3243747357105247427439699372*z**2 - 12827349035369341760620256836*z + 35941375312060051533557185491']
  is_equivalent = False
  total_successes = 0, success_rate = 0.0
DEGREE = 4:
METHOD = 'diofantos':


Whole evaluation from the beginning of the script took:
 2.3 seconds, i.e. 0.04 minutes or 0.001 hours.

Current time: 2026-03-23 15:58:04.288720
Mon Mar 23 03:58:04 PM CET 2026
this is oei.sh 0 sth-dp-d4 101 999    doing   doones job_id 65439395 task_id 0 * 1000 + 287 --exper_id sth-dp-d4
