==============================================
Starting time (of array_subjob 65439395_369):
Mon Mar 23 03:57:59 PM CET 2026
(True, True)
(True, False)
(True, False)
Current time: 2026-03-23 15:58:01.867521 

True
METHOD = 'diofantos'
DEGREE = 4
SCALE = 3000
  all_datasets = 2257
pds0369.csv:
  gt_rhs = '-6*x**2*y*z'
d_max = 1
d_max = 2
   target = -53491119858566737628129751605464*v**2 + 11829912372489511889474124164512*v*w - 36058386083440340726085095029752*v*x - 126719632400095547046602599426480*v*y - 41163483127545558085912349318784*v*z - 442450549185550165046862803226224*v + 15373646993454758417149519715614*w**2 - 129666317921930404653479258376868*w*x + 9413021814737117805873497436332*w*y - 42572458129062459870942490966376*w*z - 486568899479475405381069397328402*w + 75537793303908432248969865057700*x**2 + 104856249154718028389588220697532*x*y - 18963885406196639191483700359070*x*z + 612250711715419544583083553440068*x + 19231529061313902273203779134656*y**2 + 58375349793411799388349988569292*y*z + 112223530581716720010091419728360*y - 10379052669040675885759840308212*z**2 - 254379291203973409082659668634648*z - 489175275724080039222471217745852
['-53491119858566737628129751605464*v**2 + 11829912372489511889474124164512*v*w - 36058386083440340726085095029752*v*x - 126719632400095547046602599426480*v*y - 41163483127545558085912349318784*v*z - 442450549185550165046862803226224*v + 15373646993454758417149519715614*w**2 - 129666317921930404653479258376868*w*x + 9413021814737117805873497436332*w*y - 42572458129062459870942490966376*w*z - 486568899479475405381069397328402*w + 75537793303908432248969865057700*x**2 + 104856249154718028389588220697532*x*y - 18963885406196639191483700359070*x*z + 612250711715419544583083553440068*x + 19231529061313902273203779134656*y**2 + 58375349793411799388349988569292*y*z + 112223530581716720010091419728360*y - 10379052669040675885759840308212*z**2 - 254379291203973409082659668634648*z - 489175275724080039222471217745852']
  is_equivalent = False
  total_successes = 0, success_rate = 0.0
DEGREE = 4:
METHOD = 'diofantos':


Whole evaluation from the beginning of the script took:
 2.3 seconds, i.e. 0.04 minutes or 0.001 hours.

Current time: 2026-03-23 15:58:04.158894
Mon Mar 23 03:58:04 PM CET 2026
this is oei.sh 0 sth-dp-d4 101 999    doing   doones job_id 65439395 task_id 0 * 1000 + 369 --exper_id sth-dp-d4
