==============================================
Starting time (of array_subjob 65439395_389):
Mon Mar 23 03:57:59 PM CET 2026
(True, True)
(True, False)
(True, False)
Current time: 2026-03-23 15:58:02.166142 

True
METHOD = 'diofantos'
DEGREE = 4
SCALE = 3000
  all_datasets = 2257
pds0389.csv:
  gt_rhs = '2*v**2*x*y'
d_max = 1
d_max = 2
   target = -521763698341072589672822977540*v**2 + 1021662185525714242064586785296*v*w - 683184215443303214094048982394*v*x + 811688661406705024685121488008*v*y + 558367971172408889037780669398*v*z - 1372356616478334501341495150272*v - 1346622781126946562481750714378*w**2 - 484021798770808084544282485942*w*x + 419917417489161140027746377448*w*y - 1283583141633418465774134553576*w*z - 3059156824483633915802893420738*w - 10162596081577340169155974704*x**2 + 278038784136395037787519031938*x*y + 269501198199764870067063008336*x*z + 3820935985977353256601111474538*x + 1246047938074061054805890871470*y**2 - 807658625269330587357671859128*y*z - 447122869687147001780914105922*y - 213618957524514749963618376196*z**2 + 697317804775154827089490756510*z + 25971987584740944971474393607684
['-521763698341072589672822977540*v**2 + 1021662185525714242064586785296*v*w - 683184215443303214094048982394*v*x + 811688661406705024685121488008*v*y + 558367971172408889037780669398*v*z - 1372356616478334501341495150272*v - 1346622781126946562481750714378*w**2 - 484021798770808084544282485942*w*x + 419917417489161140027746377448*w*y - 1283583141633418465774134553576*w*z - 3059156824483633915802893420738*w - 10162596081577340169155974704*x**2 + 278038784136395037787519031938*x*y + 269501198199764870067063008336*x*z + 3820935985977353256601111474538*x + 1246047938074061054805890871470*y**2 - 807658625269330587357671859128*y*z - 447122869687147001780914105922*y - 213618957524514749963618376196*z**2 + 697317804775154827089490756510*z + 25971987584740944971474393607684']
  is_equivalent = False
  total_successes = 0, success_rate = 0.0
DEGREE = 4:
METHOD = 'diofantos':


Whole evaluation from the beginning of the script took:
 2.3 seconds, i.e. 0.04 minutes or 0.001 hours.

Current time: 2026-03-23 15:58:04.468268
Mon Mar 23 03:58:05 PM CET 2026
this is oei.sh 0 sth-dp-d4 101 999    doing   doones job_id 65439395 task_id 0 * 1000 + 389 --exper_id sth-dp-d4
