==============================================
Starting time (of array_subjob 65439395_496):
Mon Mar 23 03:57:59 PM CET 2026
(True, True)
(True, False)
(True, False)
Current time: 2026-03-23 15:58:01.838402 

True
METHOD = 'diofantos'
DEGREE = 4
SCALE = 3000
  all_datasets = 2257
pds0496.csv:
  gt_rhs = '3*w*y**2 - 6'
d_max = 1
d_max = 2
   target = -224097839989954676563063331661*v**2 + 24727432321753714314506742033*v*w - 165102786011174826319085005443*v*x - 148309069834848783837929687058*v*y - 91735447507143074408772547815*v*z + 463896608190140697019917681528*v + 166185480840892159467012027513*w**2 - 47779268338337901198432343539*w*x + 189694717680752058912730564752*w*y + 166425159480491977235496272589*w*z - 431361475216727945674198434798*w + 93049344946285458621154406538*x**2 - 239803538024278430007844995741*x*y - 2379223207348972410174472302*x*z + 505975778901204264552418146081*x + 88553413925273527064755019868*y**2 + 36030512267715740937730133319*y*z + 851130650065893701357312509959*y - 81803805960894735957001645563*z**2 + 248581739593750649719528194930*z - 914679029543143524705958893441
['-224097839989954676563063331661*v**2 + 24727432321753714314506742033*v*w - 165102786011174826319085005443*v*x - 148309069834848783837929687058*v*y - 91735447507143074408772547815*v*z + 463896608190140697019917681528*v + 166185480840892159467012027513*w**2 - 47779268338337901198432343539*w*x + 189694717680752058912730564752*w*y + 166425159480491977235496272589*w*z - 431361475216727945674198434798*w + 93049344946285458621154406538*x**2 - 239803538024278430007844995741*x*y - 2379223207348972410174472302*x*z + 505975778901204264552418146081*x + 88553413925273527064755019868*y**2 + 36030512267715740937730133319*y*z + 851130650065893701357312509959*y - 81803805960894735957001645563*z**2 + 248581739593750649719528194930*z - 914679029543143524705958893441']
  is_equivalent = False
  total_successes = 0, success_rate = 0.0
DEGREE = 4:
METHOD = 'diofantos':


Whole evaluation from the beginning of the script took:
 2.5 seconds, i.e. 0.04 minutes or 0.001 hours.

Current time: 2026-03-23 15:58:04.295573
Mon Mar 23 03:58:04 PM CET 2026
this is oei.sh 0 sth-dp-d4 101 999    doing   doones job_id 65439395 task_id 0 * 1000 + 496 --exper_id sth-dp-d4
