==============================================
Starting time (of array_subjob 65439395_540):
Mon Mar 23 03:58:00 PM CET 2026
(True, True)
(True, False)
(True, False)
Current time: 2026-03-23 15:58:02.648823 

True
METHOD = 'diofantos'
DEGREE = 4
SCALE = 3000
  all_datasets = 2257
pds0540.csv:
  gt_rhs = '9*w*x*z + 3*w*z - 5*z'
d_max = 1
d_max = 2
   target = -509553458455734218218006396691*v**2 - 252935841265966694876188346470*v*w + 453939885051938365404417997342*v*x + 345145890282123349392074611373*v*y + 906877545915491986938338942119*v*z + 1942772485376383268218624497353*v - 31168485146988093824960534941*w**2 - 49822051748690432939672179962*w*x - 132762005058182490860372545710*w*y - 28798205910442191527857616140*w*z + 1096099558078350470582089918661*w + 84266643343374733018490927713*x**2 - 310603527844188368712375586584*x*y - 502882849387122950806911333414*x*z - 190588369050707166692430272497*x + 42071826550253736007891156287*y**2 - 453871392522513316719996521404*y*z - 1305328487731603190290212029552*y - 452215852886174161739788243480*z**2 - 3210732422672528571333620553364*z + 5938353548429624085299099002826
['-509553458455734218218006396691*v**2 - 252935841265966694876188346470*v*w + 453939885051938365404417997342*v*x + 345145890282123349392074611373*v*y + 906877545915491986938338942119*v*z + 1942772485376383268218624497353*v - 31168485146988093824960534941*w**2 - 49822051748690432939672179962*w*x - 132762005058182490860372545710*w*y - 28798205910442191527857616140*w*z + 1096099558078350470582089918661*w + 84266643343374733018490927713*x**2 - 310603527844188368712375586584*x*y - 502882849387122950806911333414*x*z - 190588369050707166692430272497*x + 42071826550253736007891156287*y**2 - 453871392522513316719996521404*y*z - 1305328487731603190290212029552*y - 452215852886174161739788243480*z**2 - 3210732422672528571333620553364*z + 5938353548429624085299099002826']
  is_equivalent = False
  total_successes = 0, success_rate = 0.0
DEGREE = 4:
METHOD = 'diofantos':


Whole evaluation from the beginning of the script took:
 1.9 seconds, i.e. 0.03 minutes or 0.001 hours.

Current time: 2026-03-23 15:58:04.554400
Mon Mar 23 03:58:05 PM CET 2026
this is oei.sh 0 sth-dp-d4 101 999    doing   doones job_id 65439395 task_id 0 * 1000 + 540 --exper_id sth-dp-d4
