==============================================
Starting time (of array_subjob 65439395_547):
Mon Mar 23 03:57:59 PM CET 2026
(True, True)
(True, False)
(True, False)
Current time: 2026-03-23 15:58:02.289249 

True
METHOD = 'diofantos'
DEGREE = 4
SCALE = 3000
  all_datasets = 2257
pds0547.csv:
  gt_rhs = '10*w*y*z - 5*x + 8*y*z - 7'
d_max = 1
d_max = 2
   target = 1448443070162117965291383934073*v**2 + 4303481482093549882176311210894*v*w + 406193288744877755266789353538*v*x - 1374633397654267743068768963948*v*y + 6001136156017911483559127314564*v*z + 16271565205537098033606091304245*v - 9208880888504026941353075657763*w**2 - 4011937312170663083551747072854*w*x + 8035848790359932365750092056916*w*y - 5696985171536637067421359661286*w*z + 11635884908581629764219901392925*w - 7183654293265050382154170354899*x**2 + 6611732897713911206939849044580*x*y + 1177567583121877880211950603458*x*z - 21245277900377378832470958288940*x - 1227282622035594297208258595746*y**2 + 9848068526671253404063133914938*y*z - 10410736309852293512819385443790*y + 7687002154935352493537632260793*z**2 + 9033225822740591843591873594351*z + 248462472464384006881575314916375
['1448443070162117965291383934073*v**2 + 4303481482093549882176311210894*v*w + 406193288744877755266789353538*v*x - 1374633397654267743068768963948*v*y + 6001136156017911483559127314564*v*z + 16271565205537098033606091304245*v - 9208880888504026941353075657763*w**2 - 4011937312170663083551747072854*w*x + 8035848790359932365750092056916*w*y - 5696985171536637067421359661286*w*z + 11635884908581629764219901392925*w - 7183654293265050382154170354899*x**2 + 6611732897713911206939849044580*x*y + 1177567583121877880211950603458*x*z - 21245277900377378832470958288940*x - 1227282622035594297208258595746*y**2 + 9848068526671253404063133914938*y*z - 10410736309852293512819385443790*y + 7687002154935352493537632260793*z**2 + 9033225822740591843591873594351*z + 248462472464384006881575314916375']
  is_equivalent = False
  total_successes = 0, success_rate = 0.0
DEGREE = 4:
METHOD = 'diofantos':


Whole evaluation from the beginning of the script took:
 2.0 seconds, i.e. 0.03 minutes or 0.001 hours.

Current time: 2026-03-23 15:58:04.278404
Mon Mar 23 03:58:04 PM CET 2026
this is oei.sh 0 sth-dp-d4 101 999    doing   doones job_id 65439395 task_id 0 * 1000 + 547 --exper_id sth-dp-d4
