==============================================
Starting time (of array_subjob 65439395_604):
Mon Mar 23 03:58:00 PM CET 2026
(True, True)
(True, False)
(True, False)
Current time: 2026-03-23 15:58:03.145312 

True
METHOD = 'diofantos'
DEGREE = 4
SCALE = 3000
  all_datasets = 2257
pds0604.csv:
  gt_rhs = '-2*w + 6*x*y*z**2 + 4*y - 6'
d_max = 1
d_max = 2
   target = 703418274294297723430066404*v**2 - 1336993781621248566593507012*v*w + 633361524289495505935735740*v*x + 201519952323582094307902616*v*y - 620175778342453704702011558*v*z + 4496686192502468360672074118*v + 130823955744756735938739176*w**2 + 356310524876941195407636396*w*x - 2244072141762419997190500008*w*y + 712507277996297353757646414*w*z - 2190236262674585448586729880*w + 451091084088349987113736616*x**2 - 989966074786151776014180506*x*y + 37649048095406770718417508*x*z + 3467546663013453968883350492*x + 158410686175999746943890408*y**2 + 264821128760336279143699424*y*z + 786152831131388561669244076*y - 18874195828997830675526564*z**2 + 658741670878293183673126136*z - 16539375502559716970004292794
['703418274294297723430066404*v**2 - 1336993781621248566593507012*v*w + 633361524289495505935735740*v*x + 201519952323582094307902616*v*y - 620175778342453704702011558*v*z + 4496686192502468360672074118*v + 130823955744756735938739176*w**2 + 356310524876941195407636396*w*x - 2244072141762419997190500008*w*y + 712507277996297353757646414*w*z - 2190236262674585448586729880*w + 451091084088349987113736616*x**2 - 989966074786151776014180506*x*y + 37649048095406770718417508*x*z + 3467546663013453968883350492*x + 158410686175999746943890408*y**2 + 264821128760336279143699424*y*z + 786152831131388561669244076*y - 18874195828997830675526564*z**2 + 658741670878293183673126136*z - 16539375502559716970004292794']
  is_equivalent = False
  total_successes = 0, success_rate = 0.0
DEGREE = 4:
METHOD = 'diofantos':


Whole evaluation from the beginning of the script took:
 2.8 seconds, i.e. 0.05 minutes or 0.001 hours.

Current time: 2026-03-23 15:58:05.994876
Mon Mar 23 03:58:06 PM CET 2026
this is oei.sh 0 sth-dp-d4 101 999    doing   doones job_id 65439395 task_id 0 * 1000 + 604 --exper_id sth-dp-d4
