==============================================
Starting time (of array_subjob 65439395_626):
Mon Mar 23 03:58:01 PM CET 2026
(True, True)
(True, False)
(True, False)
Current time: 2026-03-23 15:58:04.042767 

True
METHOD = 'diofantos'
DEGREE = 4
SCALE = 3000
  all_datasets = 2257
pds0626.csv:
  gt_rhs = '3*v*w + 10*v - 9*x'
d_max = 1
d_max = 2
   target = 3*v*w + 10*v - 9*x
['3*v*w + 10*v - 9*x']
  is_equivalent = True
  total_successes = 1, success_rate = 1.0
DEGREE = 4:
METHOD = 'diofantos':


Whole evaluation from the beginning of the script took:
 2.1 seconds, i.e. 0.03 minutes or 0.001 hours.

Current time: 2026-03-23 15:58:06.116152
Mon Mar 23 03:58:06 PM CET 2026
this is oei.sh 0 sth-dp-d4 101 999    doing   doones job_id 65439395 task_id 0 * 1000 + 626 --exper_id sth-dp-d4
