==============================================
Starting time (of array_subjob 65439395_640):
Mon Mar 23 03:58:01 PM CET 2026
(True, True)
(True, False)
(True, False)
Current time: 2026-03-23 15:58:04.274570 

True
METHOD = 'diofantos'
DEGREE = 4
SCALE = 3000
  all_datasets = 2257
pds0640.csv:
  gt_rhs = '-10*x**2*y'
d_max = 1
d_max = 2
   target = -3706898780251439191774005364*v**2 - 1127670354574174196302465364*v*w - 4613941549481401530192798212*v*x + 3481842753979431340729039864*v*y - 3896919827262862121112866216*v*z - 19897071647273527594913024100*v - 7676403592097808567530033488*w**2 + 2054616562713763625974149004*w*x + 1987288360408035584891896884*w*y + 1010458771467232503310151788*w*z - 47043720980074468456563501504*w - 1044672491074061206716855036*x**2 + 837947325729066954672624894*x*y + 7538661507310039865038561300*x*z + 32926510860656532086261042244*x - 88023451086707471344311146*y**2 - 398527366272494282411153404*y*z - 4435370926761456493159062514*y - 633819875965034186605057208*z**2 - 43117768850937070402479390528*z + 200184876406609259024452877932
['-3706898780251439191774005364*v**2 - 1127670354574174196302465364*v*w - 4613941549481401530192798212*v*x + 3481842753979431340729039864*v*y - 3896919827262862121112866216*v*z - 19897071647273527594913024100*v - 7676403592097808567530033488*w**2 + 2054616562713763625974149004*w*x + 1987288360408035584891896884*w*y + 1010458771467232503310151788*w*z - 47043720980074468456563501504*w - 1044672491074061206716855036*x**2 + 837947325729066954672624894*x*y + 7538661507310039865038561300*x*z + 32926510860656532086261042244*x - 88023451086707471344311146*y**2 - 398527366272494282411153404*y*z - 4435370926761456493159062514*y - 633819875965034186605057208*z**2 - 43117768850937070402479390528*z + 200184876406609259024452877932']
  is_equivalent = False
  total_successes = 0, success_rate = 0.0
DEGREE = 4:
METHOD = 'diofantos':


Whole evaluation from the beginning of the script took:
 2.0 seconds, i.e. 0.03 minutes or 0.001 hours.

Current time: 2026-03-23 15:58:06.301757
Mon Mar 23 03:58:06 PM CET 2026
this is oei.sh 0 sth-dp-d4 101 999    doing   doones job_id 65439395 task_id 0 * 1000 + 640 --exper_id sth-dp-d4
