==============================================
Starting time (of array_subjob 65439395_746):
Mon Mar 23 03:58:02 PM CET 2026
(True, True)
(True, False)
(True, False)
Current time: 2026-03-23 15:58:04.540378 

True
METHOD = 'diofantos'
DEGREE = 4
SCALE = 3000
  all_datasets = 2257
pds0746.csv:
  gt_rhs = '10*v*x*y + 8*w + 2'
d_max = 1
d_max = 2
   target = 49765116835874451909482670724*v**2 + 50560647892780244535569898016*v*w - 1672172011549070139790786174*v*x + 28715800304095869804538307786*v*y - 42802749478054621981457025108*v*z + 495057910243569977876942974886*v + 1801174890405619361973630240*w**2 - 28079941041215363602951884140*w*x + 49424376342688692514852547728*w*y - 1143183671871005726767865036*w*z + 72638526265980842313568118072*w - 38125571851759165507581932406*x**2 + 21736240479814024025027219384*x*y + 237457551869328316243789180064*x*z - 1253312766368679464101956619022*x + 49051107695534483691838945494*y**2 + 49507468291666485581534295256*y*z - 8631808757597107859527376238*y - 109548510267629340197133943372*z**2 + 864703872422857112042281609536*z - 1529518011732753302641794947198
['49765116835874451909482670724*v**2 + 50560647892780244535569898016*v*w - 1672172011549070139790786174*v*x + 28715800304095869804538307786*v*y - 42802749478054621981457025108*v*z + 495057910243569977876942974886*v + 1801174890405619361973630240*w**2 - 28079941041215363602951884140*w*x + 49424376342688692514852547728*w*y - 1143183671871005726767865036*w*z + 72638526265980842313568118072*w - 38125571851759165507581932406*x**2 + 21736240479814024025027219384*x*y + 237457551869328316243789180064*x*z - 1253312766368679464101956619022*x + 49051107695534483691838945494*y**2 + 49507468291666485581534295256*y*z - 8631808757597107859527376238*y - 109548510267629340197133943372*z**2 + 864703872422857112042281609536*z - 1529518011732753302641794947198']
  is_equivalent = False
  total_successes = 0, success_rate = 0.0
DEGREE = 4:
METHOD = 'diofantos':


Whole evaluation from the beginning of the script took:
 2.1 seconds, i.e. 0.03 minutes or 0.001 hours.

Current time: 2026-03-23 15:58:06.595922
Mon Mar 23 03:58:07 PM CET 2026
this is oei.sh 0 sth-dp-d4 101 999    doing   doones job_id 65439395 task_id 0 * 1000 + 746 --exper_id sth-dp-d4
