==============================================
Starting time (of array_subjob 65439395_897):
Mon Mar 23 03:58:05 PM CET 2026
(True, True)
(True, False)
(True, False)
Current time: 2026-03-23 15:58:07.432096 

True
METHOD = 'diofantos'
DEGREE = 4
SCALE = 3000
  all_datasets = 2257
pds0897.csv:
  gt_rhs = '2*y'
d_max = 1
   target = 2*y
['2*y']
  is_equivalent = True
  total_successes = 1, success_rate = 1.0
DEGREE = 4:
METHOD = 'diofantos':


Whole evaluation from the beginning of the script took:
 0.4 seconds, i.e. 0.01 minutes or 0.0 hours.

Current time: 2026-03-23 15:58:07.788415
Mon Mar 23 03:58:08 PM CET 2026
this is oei.sh 0 sth-dp-d4 101 999    doing   doones job_id 65439395 task_id 0 * 1000 + 897 --exper_id sth-dp-d4
