==============================================
Starting time (of array_subjob 65439175_14):
Mon Mar 23 03:50:00 PM CET 2026
(True, True)
(True, False)
(True, False)
Current time: 2026-03-23 15:50:04.570080 

True
METHOD = 'diofantos'
DEGREE = 4
SCALE = 3000
  all_datasets = 2257
pds0014.csv:
  gt_rhs = '-7*w*x*y'
d_max = 1
d_max = 2
d_max = 3
   target = -7*w*x*y
['-7*w*x*y']
  is_equivalent = True
  total_successes = 1, success_rate = 1.0
DEGREE = 4:
METHOD = 'diofantos':


Whole evaluation from the beginning of the script took:
 109.4 seconds, i.e. 1.82 minutes or 0.03 hours.

Current time: 2026-03-23 15:51:53.978950
Mon Mar 23 03:51:54 PM CET 2026
this is oei.sh 0 sth-dp-d4 0 100    doing   doones job_id 65439175 task_id 0 * 1000 + 14 --exper_id sth-dp-d4
