==============================================
Starting time (of array_subjob 65439395_151):
Mon Mar 23 03:57:57 PM CET 2026
(True, True)
(True, False)
(True, False)
Current time: 2026-03-23 15:58:01.568045 

True
METHOD = 'diofantos'
DEGREE = 4
SCALE = 3000
  all_datasets = 2257
pds0151.csv:
  gt_rhs = '8*v**2*y*z - 9'
d_max = 1
d_max = 2
   target = -55312330860924007236964108730*v**2 + 18136657650491883646119215418*v*w - 98549839266439590419068315190*v*x - 1179531921801398078210355726*v*y - 3428240872784165779413313228*v*z - 529419722806565231376470996198*v - 8493696610341666364131982938*w**2 + 34292460645381685348160817946*w*x + 32037136926826149552758927188*w*y - 34538077778358528063458800068*w*z + 312844917736464870240853063788*w - 33963083868314783362740193532*x**2 - 13428639899444931199225057940*x*y + 18929437468603542424304893832*x*z - 469421395967521296658442845332*x + 65512616078584036959047521954*y**2 - 5344745730082653442333276932*y*z + 475813057555763131057399004758*y + 34501601851821633563406096617*z**2 - 83878245317749364382476060965*z - 373851423348216934504943206509
['-55312330860924007236964108730*v**2 + 18136657650491883646119215418*v*w - 98549839266439590419068315190*v*x - 1179531921801398078210355726*v*y - 3428240872784165779413313228*v*z - 529419722806565231376470996198*v - 8493696610341666364131982938*w**2 + 34292460645381685348160817946*w*x + 32037136926826149552758927188*w*y - 34538077778358528063458800068*w*z + 312844917736464870240853063788*w - 33963083868314783362740193532*x**2 - 13428639899444931199225057940*x*y + 18929437468603542424304893832*x*z - 469421395967521296658442845332*x + 65512616078584036959047521954*y**2 - 5344745730082653442333276932*y*z + 475813057555763131057399004758*y + 34501601851821633563406096617*z**2 - 83878245317749364382476060965*z - 373851423348216934504943206509']
  is_equivalent = False
  total_successes = 0, success_rate = 0.0
DEGREE = 4:
METHOD = 'diofantos':


Whole evaluation from the beginning of the script took:
 3.7 seconds, i.e. 0.06 minutes or 0.001 hours.

Current time: 2026-03-23 15:58:05.256180
Mon Mar 23 03:58:05 PM CET 2026
this is oei.sh 0 sth-dp-d4 101 999    doing   doones job_id 65439395 task_id 0 * 1000 + 151 --exper_id sth-dp-d4
