==============================================
Starting time (of array_subjob 65439395_163):
Mon Mar 23 03:57:57 PM CET 2026
(True, True)
(True, False)
(True, False)
Current time: 2026-03-23 15:58:01.124881 

True
METHOD = 'diofantos'
DEGREE = 4
SCALE = 3000
  all_datasets = 2257
pds0163.csv:
  gt_rhs = '-6*v*y*z**2'
d_max = 1
d_max = 2
   target = 315381936273804127968467528124*v**2 + 1374272001035774341083115277164*v*w - 105979474995072801312314803492*v*x - 447423188748308448704932456908*v*y + 785341978373824474839430273044*v*z + 29649028732528338099517870636*v + 206929421125334966910630221126*w**2 + 1152854172370907990807192243912*w*x + 93819219728557312997632702912*w*y - 1394977852565057394611976139024*w*z + 1719885562084985714614398360406*w + 645381279771496606962548347032*x**2 - 782326201178531344598313916272*x*y - 1032588370126529698698956250444*x*z + 5223844762657724591150563551236*x - 544349298666957632483500283652*y**2 + 402317583506317307133861485278*y*z - 2129413789944816328615767323880*y - 141196948615375697369196045482*z**2 - 4755377940686298868018508206258*z - 9552506149646726991510678861896
['315381936273804127968467528124*v**2 + 1374272001035774341083115277164*v*w - 105979474995072801312314803492*v*x - 447423188748308448704932456908*v*y + 785341978373824474839430273044*v*z + 29649028732528338099517870636*v + 206929421125334966910630221126*w**2 + 1152854172370907990807192243912*w*x + 93819219728557312997632702912*w*y - 1394977852565057394611976139024*w*z + 1719885562084985714614398360406*w + 645381279771496606962548347032*x**2 - 782326201178531344598313916272*x*y - 1032588370126529698698956250444*x*z + 5223844762657724591150563551236*x - 544349298666957632483500283652*y**2 + 402317583506317307133861485278*y*z - 2129413789944816328615767323880*y - 141196948615375697369196045482*z**2 - 4755377940686298868018508206258*z - 9552506149646726991510678861896']
  is_equivalent = False
  total_successes = 0, success_rate = 0.0
DEGREE = 4:
METHOD = 'diofantos':


Whole evaluation from the beginning of the script took:
 4.0 seconds, i.e. 0.07 minutes or 0.001 hours.

Current time: 2026-03-23 15:58:05.127554
Mon Mar 23 03:58:05 PM CET 2026
this is oei.sh 0 sth-dp-d4 101 999    doing   doones job_id 65439395 task_id 0 * 1000 + 163 --exper_id sth-dp-d4
