==============================================
Starting time (of array_subjob 65439395_257):
Mon Mar 23 03:57:58 PM CET 2026
(True, True)
(True, False)
(True, False)
Current time: 2026-03-23 15:58:01.190180 

True
METHOD = 'diofantos'
DEGREE = 4
SCALE = 3000
  all_datasets = 2257
pds0257.csv:
  gt_rhs = '9*y*z**2'
d_max = 1
d_max = 2
   target = 5319095594514911037849344394*v**2 + 10244638370364453065006749656*v*w - 8757444492482846196847341942*v*x + 11956056989956239757044907944*v*y + 1609381767781359982957204272*v*z - 3735365935939458597372801138*v - 9853851421290890905717910442*w**2 - 21212213271353480821034207217*w*x + 3805129108738587561160631790*w*y + 12729845453857496586286871328*w*z - 95627417514757403921802353094*w - 23678360698224664515939773998*x**2 + 8808547336938959303640523345*x*y - 8682233314543680654474064178*x*z - 189729320924554288708632423110*x - 1556500859932002667414111522*y**2 - 8020819882341433460812883957*y*z + 49612206115884323952836219410*y - 5722748654285133925013137417*z**2 + 114033905512426349117796970975*z + 203754228017684881490139108174
['5319095594514911037849344394*v**2 + 10244638370364453065006749656*v*w - 8757444492482846196847341942*v*x + 11956056989956239757044907944*v*y + 1609381767781359982957204272*v*z - 3735365935939458597372801138*v - 9853851421290890905717910442*w**2 - 21212213271353480821034207217*w*x + 3805129108738587561160631790*w*y + 12729845453857496586286871328*w*z - 95627417514757403921802353094*w - 23678360698224664515939773998*x**2 + 8808547336938959303640523345*x*y - 8682233314543680654474064178*x*z - 189729320924554288708632423110*x - 1556500859932002667414111522*y**2 - 8020819882341433460812883957*y*z + 49612206115884323952836219410*y - 5722748654285133925013137417*z**2 + 114033905512426349117796970975*z + 203754228017684881490139108174']
  is_equivalent = False
  total_successes = 0, success_rate = 0.0
DEGREE = 4:
METHOD = 'diofantos':


Whole evaluation from the beginning of the script took:
 3.6 seconds, i.e. 0.06 minutes or 0.001 hours.

Current time: 2026-03-23 15:58:04.834561
Mon Mar 23 03:58:05 PM CET 2026
this is oei.sh 0 sth-dp-d4 101 999    doing   doones job_id 65439395 task_id 0 * 1000 + 257 --exper_id sth-dp-d4
