==============================================
Starting time (of array_subjob 65439395_269):
Mon Mar 23 03:57:58 PM CET 2026
(True, True)
(True, False)
(True, False)
Current time: 2026-03-23 15:58:01.181220 

True
METHOD = 'diofantos'
DEGREE = 4
SCALE = 3000
  all_datasets = 2257
pds0269.csv:
  gt_rhs = '6*v + 8*w**2*x'
d_max = 1
d_max = 2
d_max = 3
   target = 6*v + 8*w**2*x
['6*v + 8*w**2*x']
  is_equivalent = True
  total_successes = 1, success_rate = 1.0
DEGREE = 4:
METHOD = 'diofantos':


Whole evaluation from the beginning of the script took:
 67.2 seconds, i.e. 1.12 minutes or 0.019 hours.

Current time: 2026-03-23 15:59:08.403278
Mon Mar 23 03:59:08 PM CET 2026
this is oei.sh 0 sth-dp-d4 101 999    doing   doones job_id 65439395 task_id 0 * 1000 + 269 --exper_id sth-dp-d4
