==============================================
Starting time (of array_subjob 65439395_320):
Mon Mar 23 03:57:58 PM CET 2026
(True, True)
(True, False)
(True, False)
Current time: 2026-03-23 15:58:01.648863 

True
METHOD = 'diofantos'
DEGREE = 4
SCALE = 3000
  all_datasets = 2257
pds0320.csv:
  gt_rhs = '-7*v**2*w'
d_max = 1
d_max = 2
   target = -27196707185321751457727878991705*v**2 + 79994894542792648254768974272639*v*w + 65470168327733320055041018551656*v*x + 16691890366472539928061807699682*v*y + 111142350322000573255962559543764*v*z - 236001452890672809439047490219009*v + 13570400317448793511507381801252*w**2 + 193447412488133551073986565548030*w*x + 4909748201964668909136032439134*w*y + 111529328701291834538144771095104*w*z - 133563976731123177466170823402896*w + 61884731595386273104812027958323*x**2 - 209168344319900669100240179793518*x*y + 69181345506396597265999137847556*x*z - 80512759967248159526070876905147*x - 87143794502608648764584168761064*y**2 - 109540325289940323162631235953044*y*z - 139752249318963789043289227764536*y - 66685040144599161293992285058593*z**2 - 333309785478329554670330254174427*z + 2144050289611805941820464648181406
['-27196707185321751457727878991705*v**2 + 79994894542792648254768974272639*v*w + 65470168327733320055041018551656*v*x + 16691890366472539928061807699682*v*y + 111142350322000573255962559543764*v*z - 236001452890672809439047490219009*v + 13570400317448793511507381801252*w**2 + 193447412488133551073986565548030*w*x + 4909748201964668909136032439134*w*y + 111529328701291834538144771095104*w*z - 133563976731123177466170823402896*w + 61884731595386273104812027958323*x**2 - 209168344319900669100240179793518*x*y + 69181345506396597265999137847556*x*z - 80512759967248159526070876905147*x - 87143794502608648764584168761064*y**2 - 109540325289940323162631235953044*y*z - 139752249318963789043289227764536*y - 66685040144599161293992285058593*z**2 - 333309785478329554670330254174427*z + 2144050289611805941820464648181406']
  is_equivalent = False
  total_successes = 0, success_rate = 0.0
DEGREE = 4:
METHOD = 'diofantos':


Whole evaluation from the beginning of the script took:
 2.4 seconds, i.e. 0.04 minutes or 0.001 hours.

Current time: 2026-03-23 15:58:04.004686
Mon Mar 23 03:58:04 PM CET 2026
this is oei.sh 0 sth-dp-d4 101 999    doing   doones job_id 65439395 task_id 0 * 1000 + 320 --exper_id sth-dp-d4
