==============================================
Starting time (of array_subjob 65439395_326):
Mon Mar 23 03:57:58 PM CET 2026
(True, True)
(True, False)
(True, False)
Current time: 2026-03-23 15:58:01.674685 

True
METHOD = 'diofantos'
DEGREE = 4
SCALE = 3000
  all_datasets = 2257
pds0326.csv:
  gt_rhs = 'v*y*z + 4*y + 10'
d_max = 1
d_max = 2
   target = 690282165121747017064714491705*v**2 - 4153896059013417875961938691665*v*w - 759887890871789968322897683298*v*x + 1936361433056389901436258729651*v*y - 3582364271837666227867871394636*v*z + 13486989917824754278727156884554*v + 2123760257350385867656833621138*w**2 + 469323019015280208758254516324*w*x - 478526686207536135612526571900*w*y + 2693412614460711767735427093385*w*z - 11525432235629440010226288018621*w - 3637621082966518463030097031430*x**2 - 1547750596430218066113390395818*x*y - 41902844021301795868106772382*x*z - 6445807186340838100912444890596*x + 1628064399004767301299676287632*y**2 - 1119118343465654976230733370745*y*z + 6171178961616326823469712424103*y + 471193305000883233632100209673*z**2 - 12716541131145901046898400933486*z + 17643757749808619578724785529519
['690282165121747017064714491705*v**2 - 4153896059013417875961938691665*v*w - 759887890871789968322897683298*v*x + 1936361433056389901436258729651*v*y - 3582364271837666227867871394636*v*z + 13486989917824754278727156884554*v + 2123760257350385867656833621138*w**2 + 469323019015280208758254516324*w*x - 478526686207536135612526571900*w*y + 2693412614460711767735427093385*w*z - 11525432235629440010226288018621*w - 3637621082966518463030097031430*x**2 - 1547750596430218066113390395818*x*y - 41902844021301795868106772382*x*z - 6445807186340838100912444890596*x + 1628064399004767301299676287632*y**2 - 1119118343465654976230733370745*y*z + 6171178961616326823469712424103*y + 471193305000883233632100209673*z**2 - 12716541131145901046898400933486*z + 17643757749808619578724785529519']
  is_equivalent = False
  total_successes = 0, success_rate = 0.0
DEGREE = 4:
METHOD = 'diofantos':


Whole evaluation from the beginning of the script took:
 2.4 seconds, i.e. 0.04 minutes or 0.001 hours.

Current time: 2026-03-23 15:58:04.064373
Mon Mar 23 03:58:04 PM CET 2026
this is oei.sh 0 sth-dp-d4 101 999    doing   doones job_id 65439395 task_id 0 * 1000 + 326 --exper_id sth-dp-d4
