==============================================
Starting time (of array_subjob 65439395_330):
Mon Mar 23 03:57:59 PM CET 2026
(True, True)
(True, False)
(True, False)
Current time: 2026-03-23 15:58:01.899851 

True
METHOD = 'diofantos'
DEGREE = 4
SCALE = 3000
  all_datasets = 2257
pds0330.csv:
  gt_rhs = '4*v*z + 9*v + 4*w - 10*y'
d_max = 1
d_max = 2
   target = 4*v*z + 9*v + 4*w - 10*y
['4*v*z + 9*v + 4*w - 10*y']
  is_equivalent = True
  total_successes = 1, success_rate = 1.0
DEGREE = 4:
METHOD = 'diofantos':


Whole evaluation from the beginning of the script took:
 2.2 seconds, i.e. 0.04 minutes or 0.001 hours.

Current time: 2026-03-23 15:58:04.096551
Mon Mar 23 03:58:04 PM CET 2026
this is oei.sh 0 sth-dp-d4 101 999    doing   doones job_id 65439395 task_id 0 * 1000 + 330 --exper_id sth-dp-d4
