==============================================
Starting time (of array_subjob 65439395_338):
Mon Mar 23 03:57:59 PM CET 2026
(True, True)
(True, False)
(True, False)
Current time: 2026-03-23 15:58:01.818802 

True
METHOD = 'diofantos'
DEGREE = 4
SCALE = 3000
  all_datasets = 2257
pds0338.csv:
  gt_rhs = '-2*v*w**2'
d_max = 1
d_max = 2
d_max = 3
   target = -2*v*w**2
['-2*v*w**2']
  is_equivalent = True
  total_successes = 1, success_rate = 1.0
DEGREE = 4:
METHOD = 'diofantos':


Whole evaluation from the beginning of the script took:
 50.4 seconds, i.e. 0.84 minutes or 0.014 hours.

Current time: 2026-03-23 15:58:52.245028
Mon Mar 23 03:58:52 PM CET 2026
this is oei.sh 0 sth-dp-d4 101 999    doing   doones job_id 65439395 task_id 0 * 1000 + 338 --exper_id sth-dp-d4
