==============================================
Starting time (of array_subjob 65439395_347):
Mon Mar 23 03:58:00 PM CET 2026
(True, True)
(True, False)
(True, False)
Current time: 2026-03-23 15:58:03.049845 

True
METHOD = 'diofantos'
DEGREE = 4
SCALE = 3000
  all_datasets = 2257
pds0347.csv:
  gt_rhs = '6*v*x**2 - 3'
d_max = 1
d_max = 2
d_max = 3
   target = 6*v*x**2 - 3
['6*v*x**2 - 3']
  is_equivalent = True
  total_successes = 1, success_rate = 1.0
DEGREE = 4:
METHOD = 'diofantos':


Whole evaluation from the beginning of the script took:
 52.4 seconds, i.e. 0.87 minutes or 0.015 hours.

Current time: 2026-03-23 15:58:55.403000
Mon Mar 23 03:58:55 PM CET 2026
this is oei.sh 0 sth-dp-d4 101 999    doing   doones job_id 65439395 task_id 0 * 1000 + 347 --exper_id sth-dp-d4
