==============================================
Starting time (of array_subjob 65439395_375):
Mon Mar 23 03:57:59 PM CET 2026
(True, True)
(True, False)
(True, False)
Current time: 2026-03-23 15:58:02.592466 

True
METHOD = 'diofantos'
DEGREE = 4
SCALE = 3000
  all_datasets = 2257
pds0375.csv:
  gt_rhs = '-7*x**3*y**2'
d_max = 1
d_max = 2
   target = -18320759759793996633895569690*v**2 + 83337299573684885053116385158*v*w - 66466070809502720253316848426*v*x - 65798748265751011881141871668*v*y + 201224768417259776914141340940*v*z + 507064853968745077127051477892*v + 40295705695985361250058149239*w**2 + 38230827951817484420711882136*w*x + 11982245260580724645104999690*w*y - 116840676770209498844154469302*w*z - 637622096269849210012732687455*w + 54557175020251190342865678811*x**2 + 37799787802753843500023778623*x*y - 69767527319191756908980937676*x*z + 154972602144032775799671564475*x + 71916834070034546355105791945*y**2 + 21639172756259579206435384736*y*z + 399903537383474133342390624975*y + 5121297884185098178654730289*z**2 - 274836855200322463636215752307*z - 7828621967848086272169122131908
['-18320759759793996633895569690*v**2 + 83337299573684885053116385158*v*w - 66466070809502720253316848426*v*x - 65798748265751011881141871668*v*y + 201224768417259776914141340940*v*z + 507064853968745077127051477892*v + 40295705695985361250058149239*w**2 + 38230827951817484420711882136*w*x + 11982245260580724645104999690*w*y - 116840676770209498844154469302*w*z - 637622096269849210012732687455*w + 54557175020251190342865678811*x**2 + 37799787802753843500023778623*x*y - 69767527319191756908980937676*x*z + 154972602144032775799671564475*x + 71916834070034546355105791945*y**2 + 21639172756259579206435384736*y*z + 399903537383474133342390624975*y + 5121297884185098178654730289*z**2 - 274836855200322463636215752307*z - 7828621967848086272169122131908']
  is_equivalent = False
  total_successes = 0, success_rate = 0.0
DEGREE = 4:
METHOD = 'diofantos':


Whole evaluation from the beginning of the script took:
 2.1 seconds, i.e. 0.04 minutes or 0.001 hours.

Current time: 2026-03-23 15:58:04.727269
Mon Mar 23 03:58:05 PM CET 2026
this is oei.sh 0 sth-dp-d4 101 999    doing   doones job_id 65439395 task_id 0 * 1000 + 375 --exper_id sth-dp-d4
