==============================================
Starting time (of array_subjob 65439395_394):
Mon Mar 23 03:57:59 PM CET 2026
(True, True)
(True, False)
(True, False)
Current time: 2026-03-23 15:58:02.627121 

True
METHOD = 'diofantos'
DEGREE = 4
SCALE = 3000
  all_datasets = 2257
pds0394.csv:
  gt_rhs = '-8*w**2*z - 5*w + x - 9'
d_max = 1
d_max = 2
d_max = 3
   target = -8*w**2*z - 5*w + x - 9
['-8*w**2*z - 5*w + x - 9']
  is_equivalent = True
  total_successes = 1, success_rate = 1.0
DEGREE = 4:
METHOD = 'diofantos':


Whole evaluation from the beginning of the script took:
 46.3 seconds, i.e. 0.77 minutes or 0.013 hours.

Current time: 2026-03-23 15:58:48.964315
Mon Mar 23 03:58:49 PM CET 2026
this is oei.sh 0 sth-dp-d4 101 999    doing   doones job_id 65439395 task_id 0 * 1000 + 394 --exper_id sth-dp-d4
