==============================================
Starting time (of array_subjob 65439395_431):
Mon Mar 23 03:57:59 PM CET 2026
(True, True)
(True, False)
(True, False)
Current time: 2026-03-23 15:58:02.068512 

True
METHOD = 'diofantos'
DEGREE = 4
SCALE = 3000
  all_datasets = 2257
pds0431.csv:
  gt_rhs = '4*w*x*y**2 + 4'
d_max = 1
d_max = 2
   target = 228186964839758568431293268062*v**2 - 389198408094468703290883932884*v*w + 61458650725309899859883129560*v*x - 171756832040994387040464647172*v*y - 205158362160391672297843352128*v*z - 3002010685913392419992712580642*v + 135803780967070466218782018406*w**2 + 39925296958707338085347364884*w*x + 233217353620082717539789515160*w*y - 19372933634080328650567558292*w*z + 724989133055918192083862678578*w - 90509008131937026681905087420*x**2 + 228860091555516644251785937216*x*y + 224182497716222941481288024008*x*z + 1448355376011496432339703571952*x + 145152709041782176889667029608*y**2 - 142089441935164453939732174864*y*z - 608138196453943187449870600256*y + 268419809670928765665869589798*z**2 + 667589828501030378386056439942*z - 11568119423664843372920324319680
['228186964839758568431293268062*v**2 - 389198408094468703290883932884*v*w + 61458650725309899859883129560*v*x - 171756832040994387040464647172*v*y - 205158362160391672297843352128*v*z - 3002010685913392419992712580642*v + 135803780967070466218782018406*w**2 + 39925296958707338085347364884*w*x + 233217353620082717539789515160*w*y - 19372933634080328650567558292*w*z + 724989133055918192083862678578*w - 90509008131937026681905087420*x**2 + 228860091555516644251785937216*x*y + 224182497716222941481288024008*x*z + 1448355376011496432339703571952*x + 145152709041782176889667029608*y**2 - 142089441935164453939732174864*y*z - 608138196453943187449870600256*y + 268419809670928765665869589798*z**2 + 667589828501030378386056439942*z - 11568119423664843372920324319680']
  is_equivalent = False
  total_successes = 0, success_rate = 0.0
DEGREE = 4:
METHOD = 'diofantos':


Whole evaluation from the beginning of the script took:
 2.2 seconds, i.e. 0.04 minutes or 0.001 hours.

Current time: 2026-03-23 15:58:04.291388
Mon Mar 23 03:58:04 PM CET 2026
this is oei.sh 0 sth-dp-d4 101 999    doing   doones job_id 65439395 task_id 0 * 1000 + 431 --exper_id sth-dp-d4
