==============================================
Starting time (of array_subjob 65439395_488):
Mon Mar 23 03:58:00 PM CET 2026
(True, True)
(True, False)
(True, False)
Current time: 2026-03-23 15:58:02.787644 

True
METHOD = 'diofantos'
DEGREE = 4
SCALE = 3000
  all_datasets = 2257
pds0488.csv:
  gt_rhs = '7*w**2*z**2 - 9'
d_max = 1
d_max = 2
   target = 1408806108027045536241816936673*v**2 - 363552954737968479190481659830*v*w - 1382350380714684595394873870036*v*x + 3217180809199802617638584898210*v*y - 1095504212309807642861986642452*v*z - 9419272907019838803758197941849*v - 25341873483782891394857543515*w**2 - 833468404038576511241779573246*w*x + 149007194624082395966021556995*w*y + 1156244967396885507735544120564*w*z + 2812491276360717079121385479816*w - 1124396985230320753404214396266*x**2 + 210728962652509480665798967925*x*y + 1529909396158394258798999503039*x*z - 5445059453631448146444075702957*x + 989199732597550534192392865504*y**2 - 1505858913338435922915683745453*y*z + 5586718084513871746747167163285*y + 829158853172052487249698214432*z**2 + 6554358579766433289742857234637*z - 38123901545393768210166823286250
['1408806108027045536241816936673*v**2 - 363552954737968479190481659830*v*w - 1382350380714684595394873870036*v*x + 3217180809199802617638584898210*v*y - 1095504212309807642861986642452*v*z - 9419272907019838803758197941849*v - 25341873483782891394857543515*w**2 - 833468404038576511241779573246*w*x + 149007194624082395966021556995*w*y + 1156244967396885507735544120564*w*z + 2812491276360717079121385479816*w - 1124396985230320753404214396266*x**2 + 210728962652509480665798967925*x*y + 1529909396158394258798999503039*x*z - 5445059453631448146444075702957*x + 989199732597550534192392865504*y**2 - 1505858913338435922915683745453*y*z + 5586718084513871746747167163285*y + 829158853172052487249698214432*z**2 + 6554358579766433289742857234637*z - 38123901545393768210166823286250']
  is_equivalent = False
  total_successes = 0, success_rate = 0.0
DEGREE = 4:
METHOD = 'diofantos':


Whole evaluation from the beginning of the script took:
 2.4 seconds, i.e. 0.04 minutes or 0.001 hours.

Current time: 2026-03-23 15:58:05.200017
Mon Mar 23 03:58:05 PM CET 2026
this is oei.sh 0 sth-dp-d4 101 999    doing   doones job_id 65439395 task_id 0 * 1000 + 488 --exper_id sth-dp-d4
