==============================================
Starting time (of array_subjob 65439395_497):
Mon Mar 23 03:58:00 PM CET 2026
(True, True)
(True, False)
(True, False)
Current time: 2026-03-23 15:58:02.297707 

True
METHOD = 'diofantos'
DEGREE = 4
SCALE = 3000
  all_datasets = 2257
pds0497.csv:
  gt_rhs = '-4*v*w*x + 4*w*z'
d_max = 1
d_max = 2
   target = 1396616928707406426790888611585*v**2 - 3704163083958885153583256497410*v*w - 1307834142193141342564698364939*v*x - 2900926996260901647387172876942*v*y + 334675479366299483187776034509*v*z + 10454843436666130093407689309181*v + 1011729020657287559318846520946*w**2 + 2580482435535893433711819153345*w*x + 1465702843324556577342849733719*w*y - 4529909511888177982216478374106*w*z + 4137613097948100082268475418621*w - 4533813507407287765809852284067*x**2 - 2294158753032256722294783822189*x*y + 1422525883151085317884115071839*x*z - 23209683903843390173136396485082*x + 3173158561346037167940049678032*y**2 + 1659362501679706982916394529095*y*z - 25224917882488553165544782048686*y - 1074658523136020322046079446489*z**2 - 2720293807981031100783592136262*z - 26648895879457141261515795784904
['1396616928707406426790888611585*v**2 - 3704163083958885153583256497410*v*w - 1307834142193141342564698364939*v*x - 2900926996260901647387172876942*v*y + 334675479366299483187776034509*v*z + 10454843436666130093407689309181*v + 1011729020657287559318846520946*w**2 + 2580482435535893433711819153345*w*x + 1465702843324556577342849733719*w*y - 4529909511888177982216478374106*w*z + 4137613097948100082268475418621*w - 4533813507407287765809852284067*x**2 - 2294158753032256722294783822189*x*y + 1422525883151085317884115071839*x*z - 23209683903843390173136396485082*x + 3173158561346037167940049678032*y**2 + 1659362501679706982916394529095*y*z - 25224917882488553165544782048686*y - 1074658523136020322046079446489*z**2 - 2720293807981031100783592136262*z - 26648895879457141261515795784904']
  is_equivalent = False
  total_successes = 0, success_rate = 0.0
DEGREE = 4:
METHOD = 'diofantos':


Whole evaluation from the beginning of the script took:
 2.1 seconds, i.e. 0.03 minutes or 0.001 hours.

Current time: 2026-03-23 15:58:04.362139
Mon Mar 23 03:58:04 PM CET 2026
this is oei.sh 0 sth-dp-d4 101 999    doing   doones job_id 65439395 task_id 0 * 1000 + 497 --exper_id sth-dp-d4
