==============================================
Starting time (of array_subjob 65439395_553):
Mon Mar 23 03:58:00 PM CET 2026
(True, True)
(True, False)
(True, False)
Current time: 2026-03-23 15:58:02.675952 

True
METHOD = 'diofantos'
DEGREE = 4
SCALE = 3000
  all_datasets = 2257
pds0553.csv:
  gt_rhs = '-2*v*w*y + 7*v*w + 6*v + 7*y**2'
d_max = 1
d_max = 2
   target = 108171030889571403826861341*v**2 + 53900558920190472792129640*v*w - 15747325336904440556729659*v*x - 9746673343090789113695245*v*y + 266039648225960611132739495*v*z + 258270706239606625427989173*v - 203293761457257512846815015*w**2 - 72466655520746948104889381*w*x + 87332650003448056989209797*w*y - 168988707455622974121012795*w*z - 1328710606157646927868553467*w - 74327805902886034586492445*x**2 + 33304615328403061634118316*x*y - 101606662910428289714918124*x*z - 81288184033368927523011656*x - 27720240408213427285379194*y**2 + 130863476246456913025673449*y*z - 164951306169955110660415150*y - 163456121243569608024463108*z**2 - 1426948501406342577420394288*z + 6180799896748153622875894922
['108171030889571403826861341*v**2 + 53900558920190472792129640*v*w - 15747325336904440556729659*v*x - 9746673343090789113695245*v*y + 266039648225960611132739495*v*z + 258270706239606625427989173*v - 203293761457257512846815015*w**2 - 72466655520746948104889381*w*x + 87332650003448056989209797*w*y - 168988707455622974121012795*w*z - 1328710606157646927868553467*w - 74327805902886034586492445*x**2 + 33304615328403061634118316*x*y - 101606662910428289714918124*x*z - 81288184033368927523011656*x - 27720240408213427285379194*y**2 + 130863476246456913025673449*y*z - 164951306169955110660415150*y - 163456121243569608024463108*z**2 - 1426948501406342577420394288*z + 6180799896748153622875894922']
  is_equivalent = False
  total_successes = 0, success_rate = 0.0
DEGREE = 4:
METHOD = 'diofantos':


Whole evaluation from the beginning of the script took:
 1.8 seconds, i.e. 0.03 minutes or 0.001 hours.

Current time: 2026-03-23 15:58:04.517439
Mon Mar 23 03:58:05 PM CET 2026
this is oei.sh 0 sth-dp-d4 101 999    doing   doones job_id 65439395 task_id 0 * 1000 + 553 --exper_id sth-dp-d4
