==============================================
Starting time (of array_subjob 65439395_684):
Mon Mar 23 03:58:02 PM CET 2026
(True, True)
(True, False)
(True, False)
Current time: 2026-03-23 15:58:04.771610 

True
METHOD = 'diofantos'
DEGREE = 4
SCALE = 3000
  all_datasets = 2257
pds0684.csv:
  gt_rhs = '7*v**2*x - 10*v*y*z + 9*z + 9'
d_max = 1
d_max = 2
d_max = 3
   target = 7*v**2*x - 10*v*y*z + 9*z + 9
['7*v**2*x - 10*v*y*z + 9*z + 9']
  is_equivalent = True
  total_successes = 1, success_rate = 1.0
DEGREE = 4:
METHOD = 'diofantos':


Whole evaluation from the beginning of the script took:
 52.1 seconds, i.e. 0.87 minutes or 0.014 hours.

Current time: 2026-03-23 15:58:56.865611
Mon Mar 23 03:58:57 PM CET 2026
this is oei.sh 0 sth-dp-d4 101 999    doing   doones job_id 65439395 task_id 0 * 1000 + 684 --exper_id sth-dp-d4
