==============================================
Starting time (of array_subjob 65439395_708):
Mon Mar 23 03:58:01 PM CET 2026
(True, True)
(True, False)
(True, False)
Current time: 2026-03-23 15:58:04.032700 

True
METHOD = 'diofantos'
DEGREE = 4
SCALE = 3000
  all_datasets = 2257
pds0708.csv:
  gt_rhs = '3*v*w*z + 7*w + 7*x - 6'
d_max = 1
d_max = 2
   target = -120761947161957536470621557121*v**2 - 157517590453042828464648449221*v*w + 154737270347664139022136627940*v*x + 1001817346222838761299359117208*v*y - 462271975770582397004331572131*v*z - 4919851780331177212847895987290*v - 12234295125630040660963219373*w**2 - 355155973347164398877983070993*w*x + 496513006945088460359449052269*w*y - 29506631511784168107551607370*w*z - 1600690453399706028818496284348*w - 250588476318260269475809144779*x**2 - 349105622952271941349152345686*x*y + 108749456493465337123372166809*x*z - 1613871912932637627418678389311*x - 650183663452635255285903149924*y**2 + 392975565670127902454114823263*y*z + 3638931460343308378524301042001*y + 234402205100151070731641576309*z**2 - 988084270309446904736239008123*z + 4644586846329559509658779329750
['-120761947161957536470621557121*v**2 - 157517590453042828464648449221*v*w + 154737270347664139022136627940*v*x + 1001817346222838761299359117208*v*y - 462271975770582397004331572131*v*z - 4919851780331177212847895987290*v - 12234295125630040660963219373*w**2 - 355155973347164398877983070993*w*x + 496513006945088460359449052269*w*y - 29506631511784168107551607370*w*z - 1600690453399706028818496284348*w - 250588476318260269475809144779*x**2 - 349105622952271941349152345686*x*y + 108749456493465337123372166809*x*z - 1613871912932637627418678389311*x - 650183663452635255285903149924*y**2 + 392975565670127902454114823263*y*z + 3638931460343308378524301042001*y + 234402205100151070731641576309*z**2 - 988084270309446904736239008123*z + 4644586846329559509658779329750']
  is_equivalent = False
  total_successes = 0, success_rate = 0.0
DEGREE = 4:
METHOD = 'diofantos':


Whole evaluation from the beginning of the script took:
 2.4 seconds, i.e. 0.04 minutes or 0.001 hours.

Current time: 2026-03-23 15:58:06.470651
Mon Mar 23 03:58:07 PM CET 2026
this is oei.sh 0 sth-dp-d4 101 999    doing   doones job_id 65439395 task_id 0 * 1000 + 708 --exper_id sth-dp-d4
