==============================================
Starting time (of array_subjob 65439395_753):
Mon Mar 23 03:58:54 PM CET 2026
(True, True)
(True, False)
(True, False)
Current time: 2026-03-23 15:58:57.067863 

True
METHOD = 'diofantos'
DEGREE = 4
SCALE = 3000
  all_datasets = 2257
pds0753.csv:
  gt_rhs = '-5*v*y*z**3 - 3*v*z + 7*z + 1'
d_max = 1
d_max = 2
   target = -13759404466520915796452139475*v**2 + 4595832516613056282559734035*v*w + 3552124384149083287405303510*v*x + 2247374473369048077618064985*v*y - 16676622027870009496691555808*v*z - 31439715588539755155483121030*v + 7639484941179934128956297400*w**2 - 2899030871692487765698833680*w*x + 3422486533010498496236136555*w*y + 3969597972001549920672082515*w*z + 6652493851128921123934015415*w - 2423127000239376529672380570*x**2 + 11285244618261954237740849330*x*y + 3076210319871215130692901990*x*z - 41943266227773250937181826720*x + 11125368478064394092354997780*y**2 + 10423408245860019989445554865*y*z + 36157018146889830524271114455*y - 11320831555881237074104199630*z**2 - 5842891416277174414806045438*z - 142661715990887806960289076034
['-13759404466520915796452139475*v**2 + 4595832516613056282559734035*v*w + 3552124384149083287405303510*v*x + 2247374473369048077618064985*v*y - 16676622027870009496691555808*v*z - 31439715588539755155483121030*v + 7639484941179934128956297400*w**2 - 2899030871692487765698833680*w*x + 3422486533010498496236136555*w*y + 3969597972001549920672082515*w*z + 6652493851128921123934015415*w - 2423127000239376529672380570*x**2 + 11285244618261954237740849330*x*y + 3076210319871215130692901990*x*z - 41943266227773250937181826720*x + 11125368478064394092354997780*y**2 + 10423408245860019989445554865*y*z + 36157018146889830524271114455*y - 11320831555881237074104199630*z**2 - 5842891416277174414806045438*z - 142661715990887806960289076034']
  is_equivalent = False
  total_successes = 0, success_rate = 0.0
DEGREE = 4:
METHOD = 'diofantos':


Whole evaluation from the beginning of the script took:
 1.8 seconds, i.e. 0.03 minutes or 0.001 hours.

Current time: 2026-03-23 15:58:58.901408
Mon Mar 23 03:58:59 PM CET 2026
this is oei.sh 0 sth-dp-d4 101 999    doing   doones job_id 65439395 task_id 0 * 1000 + 753 --exper_id sth-dp-d4
