==============================================
Starting time (of array_subjob 65439395_783):
Mon Mar 23 03:58:01 PM CET 2026
(True, True)
(True, False)
(True, False)
Current time: 2026-03-23 15:58:03.770926 

True
METHOD = 'diofantos'
DEGREE = 4
SCALE = 3000
  all_datasets = 2257
pds0783.csv:
  gt_rhs = '-3*x*z**2 + 10*y + 1'
d_max = 1
d_max = 2
   target = -6819389598683520429085571846*v**2 + 12613602977849006436787142850*v*w - 15337195419409958078156102728*v*x + 6282640488414525616084948940*v*y - 8309223654042875779224472824*v*z + 1951972766673474297401825034*v + 6298362200909954705734136082*w**2 + 338087226240765207063678868*w*x + 5913395168401389078696334290*w*y + 15653607978585765505337359056*w*z + 8196554104681785927703891818*w - 8909924202200260383862514376*x**2 - 8567257109731886960419469184*x*y - 4194339550716533028790677469*x*z - 9625401221315640025023831804*x - 3608533830593408619549522532*y**2 - 266152412455085895219125048*y*z + 56226374297783864323546943914*y + 4573454722139696003359552561*z**2 - 85923232748625843791998854291*z + 192181009345143751821675481373
['-6819389598683520429085571846*v**2 + 12613602977849006436787142850*v*w - 15337195419409958078156102728*v*x + 6282640488414525616084948940*v*y - 8309223654042875779224472824*v*z + 1951972766673474297401825034*v + 6298362200909954705734136082*w**2 + 338087226240765207063678868*w*x + 5913395168401389078696334290*w*y + 15653607978585765505337359056*w*z + 8196554104681785927703891818*w - 8909924202200260383862514376*x**2 - 8567257109731886960419469184*x*y - 4194339550716533028790677469*x*z - 9625401221315640025023831804*x - 3608533830593408619549522532*y**2 - 266152412455085895219125048*y*z + 56226374297783864323546943914*y + 4573454722139696003359552561*z**2 - 85923232748625843791998854291*z + 192181009345143751821675481373']
  is_equivalent = False
  total_successes = 0, success_rate = 0.0
DEGREE = 4:
METHOD = 'diofantos':


Whole evaluation from the beginning of the script took:
 2.2 seconds, i.e. 0.04 minutes or 0.001 hours.

Current time: 2026-03-23 15:58:05.935982
Mon Mar 23 03:58:06 PM CET 2026
this is oei.sh 0 sth-dp-d4 101 999    doing   doones job_id 65439395 task_id 0 * 1000 + 783 --exper_id sth-dp-d4
