==============================================
Starting time (of array_subjob 65439395_781):
Mon Mar 23 03:58:02 PM CET 2026
(True, True)
(True, False)
(True, False)
Current time: 2026-03-23 15:58:05.522780 

True
METHOD = 'diofantos'
DEGREE = 4
SCALE = 3000
  all_datasets = 2257
pds0781.csv:
  gt_rhs = '-7*v*w*x + 2*v'
d_max = 1
d_max = 2
   target = -117985061258545707949104714970*v**2 + 197716331891621052366619966926*v*w + 104687470206020750681520292432*v*x - 58935456509511354015368530790*v*y + 95559385784263030867190847588*v*z - 1026798675289216750659300043249*v - 131204137466525491679498355066*w**2 - 132956255958009496085714262456*w*x + 26052893246519083358496688744*w*y + 9687827798468044653759880825*w*z - 78858383723644913889803732883*w + 53094312994278514958741483314*x**2 + 1207764832107276808072337474*x*y - 1829159490176310680833110715*x*z + 548817594443180307822285239255*x + 30793133902681074302317492450*y**2 + 23207609804632656556190433969*y*z + 214516515386679634608562832729*y - 201018197376268440136913488005*z**2 - 238246704812042471416751835360*z + 4434705877117638268554488745631
['-117985061258545707949104714970*v**2 + 197716331891621052366619966926*v*w + 104687470206020750681520292432*v*x - 58935456509511354015368530790*v*y + 95559385784263030867190847588*v*z - 1026798675289216750659300043249*v - 131204137466525491679498355066*w**2 - 132956255958009496085714262456*w*x + 26052893246519083358496688744*w*y + 9687827798468044653759880825*w*z - 78858383723644913889803732883*w + 53094312994278514958741483314*x**2 + 1207764832107276808072337474*x*y - 1829159490176310680833110715*x*z + 548817594443180307822285239255*x + 30793133902681074302317492450*y**2 + 23207609804632656556190433969*y*z + 214516515386679634608562832729*y - 201018197376268440136913488005*z**2 - 238246704812042471416751835360*z + 4434705877117638268554488745631']
  is_equivalent = False
  total_successes = 0, success_rate = 0.0
DEGREE = 4:
METHOD = 'diofantos':


Whole evaluation from the beginning of the script took:
 1.9 seconds, i.e. 0.03 minutes or 0.001 hours.

Current time: 2026-03-23 15:58:07.471361
Mon Mar 23 03:58:07 PM CET 2026
this is oei.sh 0 sth-dp-d4 101 999    doing   doones job_id 65439395 task_id 0 * 1000 + 781 --exper_id sth-dp-d4
