==============================================
Starting time (of array_subjob 65439395_791):
Mon Mar 23 03:58:02 PM CET 2026
(True, True)
(True, False)
(True, False)
Current time: 2026-03-23 15:58:05.099786 

True
METHOD = 'diofantos'
DEGREE = 4
SCALE = 3000
  all_datasets = 2257
pds0791.csv:
  gt_rhs = '4*y*z**2 + 8*y'
d_max = 1
d_max = 2
   target = 897111986440803742830407929580*v**2 + 2645772365327265225084304382090*v*w + 398434617737920871523571501168*v*x - 181466964882717151812882101954*v*y + 79021796559457854263708452240*v*z + 12126951069785164039470171000282*v - 906106584241288730479869013078*w**2 + 497977306336896776591902104346*w*x + 2783951420023595682794982327366*w*y - 969428370400214211221089202952*w*z - 2856010184325476129974178649592*w + 841152120148253554066212508656*x**2 - 958295755462900282579129550194*x*y + 1023958435429223975806063212680*x*z - 3910207535800913943188295319088*x - 3858675236894750234785500046310*y**2 + 128108327172683964157080040984*y*z + 5523765358772981228881995332042*y + 2813792196362105447479895008277*z**2 + 232774125239402695291899090447*z - 101557105792522262354411467143872
['897111986440803742830407929580*v**2 + 2645772365327265225084304382090*v*w + 398434617737920871523571501168*v*x - 181466964882717151812882101954*v*y + 79021796559457854263708452240*v*z + 12126951069785164039470171000282*v - 906106584241288730479869013078*w**2 + 497977306336896776591902104346*w*x + 2783951420023595682794982327366*w*y - 969428370400214211221089202952*w*z - 2856010184325476129974178649592*w + 841152120148253554066212508656*x**2 - 958295755462900282579129550194*x*y + 1023958435429223975806063212680*x*z - 3910207535800913943188295319088*x - 3858675236894750234785500046310*y**2 + 128108327172683964157080040984*y*z + 5523765358772981228881995332042*y + 2813792196362105447479895008277*z**2 + 232774125239402695291899090447*z - 101557105792522262354411467143872']
  is_equivalent = False
  total_successes = 0, success_rate = 0.0
DEGREE = 4:
METHOD = 'diofantos':


Whole evaluation from the beginning of the script took:
 2.0 seconds, i.e. 0.03 minutes or 0.001 hours.

Current time: 2026-03-23 15:58:07.081650
Mon Mar 23 03:58:07 PM CET 2026
this is oei.sh 0 sth-dp-d4 101 999    doing   doones job_id 65439395 task_id 0 * 1000 + 791 --exper_id sth-dp-d4
