==============================================
Starting time (of array_subjob 65439395_844):
Mon Mar 23 03:58:02 PM CET 2026
(True, True)
(True, False)
(True, False)
Current time: 2026-03-23 15:58:05.557085 

True
METHOD = 'diofantos'
DEGREE = 4
SCALE = 3000
  all_datasets = 2257
pds0844.csv:
  gt_rhs = '-9*w*x + 9*z**3 - 5'
d_max = 1
d_max = 2
   target = 4649031612371384559470671055250*v**2 - 17196029318017262056105907007056*v*w - 818606697329572486596433905036*v*x + 16425171536877934260065579051392*v*y - 22947394995226380484564974473532*v*z + 10228110255974675152376264963898*v - 10694830050715128999601250335122*w**2 - 21794079447192757495240167281917*w*x + 5647885559861764599502372536848*w*y - 21752918206455459713865850447612*w*z - 88445652794099670886747178510982*w + 8677545471182568095418364369214*x**2 - 5690677382046230820597110039808*x*y - 24428833066158983285687882602418*x*z - 42474146255886115686285218166754*x - 25236147400377988937923121868190*y**2 - 17649552720189858974452422865590*y*z - 121061707645319264659004552000006*y + 18617320306339986881296706634851*z**2 - 50931231741347542003262139783244*z + 310590436329708949226260388031559
['4649031612371384559470671055250*v**2 - 17196029318017262056105907007056*v*w - 818606697329572486596433905036*v*x + 16425171536877934260065579051392*v*y - 22947394995226380484564974473532*v*z + 10228110255974675152376264963898*v - 10694830050715128999601250335122*w**2 - 21794079447192757495240167281917*w*x + 5647885559861764599502372536848*w*y - 21752918206455459713865850447612*w*z - 88445652794099670886747178510982*w + 8677545471182568095418364369214*x**2 - 5690677382046230820597110039808*x*y - 24428833066158983285687882602418*x*z - 42474146255886115686285218166754*x - 25236147400377988937923121868190*y**2 - 17649552720189858974452422865590*y*z - 121061707645319264659004552000006*y + 18617320306339986881296706634851*z**2 - 50931231741347542003262139783244*z + 310590436329708949226260388031559']
  is_equivalent = False
  total_successes = 0, success_rate = 0.0
DEGREE = 4:
METHOD = 'diofantos':


Whole evaluation from the beginning of the script took:
 2.0 seconds, i.e. 0.03 minutes or 0.001 hours.

Current time: 2026-03-23 15:58:07.570597
Mon Mar 23 03:58:08 PM CET 2026
this is oei.sh 0 sth-dp-d4 101 999    doing   doones job_id 65439395 task_id 0 * 1000 + 844 --exper_id sth-dp-d4
