==============================================
Starting time (of array_subjob 65439395_892):
Mon Mar 23 03:58:04 PM CET 2026
(True, True)
(True, False)
(True, False)
Current time: 2026-03-23 15:58:06.955626 

True
METHOD = 'diofantos'
DEGREE = 4
SCALE = 3000
  all_datasets = 2257
pds0892.csv:
  gt_rhs = '8*w*x - 2*w - 8*x'
d_max = 1
d_max = 2
   target = 8*w*x - 2*w - 8*x
['8*w*x - 2*w - 8*x']
  is_equivalent = True
  total_successes = 1, success_rate = 1.0
DEGREE = 4:
METHOD = 'diofantos':


Whole evaluation from the beginning of the script took:
 1.9 seconds, i.e. 0.03 minutes or 0.001 hours.

Current time: 2026-03-23 15:58:08.899649
Mon Mar 23 03:58:09 PM CET 2026
this is oei.sh 0 sth-dp-d4 101 999    doing   doones job_id 65439395 task_id 0 * 1000 + 892 --exper_id sth-dp-d4
