==============================================
Starting time (of array_subjob 65439395_914):
Mon Mar 23 03:58:05 PM CET 2026
(True, True)
(True, False)
(True, False)
Current time: 2026-03-23 15:58:07.784653 

True
METHOD = 'diofantos'
DEGREE = 4
SCALE = 3000
  all_datasets = 2257
pds0914.csv:
  gt_rhs = '8*w*x*y*z - 6*x*z + 5*z'
d_max = 1
d_max = 2
   target = 9089346059711723253591452380850*v**2 + 1493942342302425583128857458216*v*w + 2930430435277516894453205978386*v*x + 12371688688374378224101504407656*v*y - 11154651097367818257189253447143*v*z - 49748916652713856396516213445000*v - 9252117100677726081128213769334*w**2 - 6489571823745160969561900111601*w*x - 10214750242746930768639526502431*w*y - 5398135505177616704031754102707*w*z + 35740058278105250324375363020531*w - 12086637202430787821419540508736*x**2 - 1009079544713981418814691284081*x*y + 830866249074252395276015894766*x*z - 63477396743408219271474219656988*x + 824255782009511319123981949961*y**2 - 25184739378188847798448913315929*y*z - 30462828319505541133215305039155*y + 1859942947670612892152966209983*z**2 + 85442772328207946584413094151564*z + 416967848668720121774567568666636
['9089346059711723253591452380850*v**2 + 1493942342302425583128857458216*v*w + 2930430435277516894453205978386*v*x + 12371688688374378224101504407656*v*y - 11154651097367818257189253447143*v*z - 49748916652713856396516213445000*v - 9252117100677726081128213769334*w**2 - 6489571823745160969561900111601*w*x - 10214750242746930768639526502431*w*y - 5398135505177616704031754102707*w*z + 35740058278105250324375363020531*w - 12086637202430787821419540508736*x**2 - 1009079544713981418814691284081*x*y + 830866249074252395276015894766*x*z - 63477396743408219271474219656988*x + 824255782009511319123981949961*y**2 - 25184739378188847798448913315929*y*z - 30462828319505541133215305039155*y + 1859942947670612892152966209983*z**2 + 85442772328207946584413094151564*z + 416967848668720121774567568666636']
  is_equivalent = False
  total_successes = 0, success_rate = 0.0
DEGREE = 4:
METHOD = 'diofantos':


Whole evaluation from the beginning of the script took:
 2.0 seconds, i.e. 0.03 minutes or 0.001 hours.

Current time: 2026-03-23 15:58:09.735829
Mon Mar 23 03:58:10 PM CET 2026
this is oei.sh 0 sth-dp-d4 101 999    doing   doones job_id 65439395 task_id 0 * 1000 + 914 --exper_id sth-dp-d4
