==============================================
Starting time (of array_subjob 65439395_935):
Mon Mar 23 03:58:04 PM CET 2026
(True, True)
(True, False)
(True, False)
Current time: 2026-03-23 15:58:07.300157 

True
METHOD = 'diofantos'
DEGREE = 4
SCALE = 3000
  all_datasets = 2257
pds0935.csv:
  gt_rhs = '-v*w**2 - 9*x*y*z - 10'
d_max = 1
d_max = 2
d_max = 3
   target = -v*w**2 - 9*x*y*z - 10
['-v*w**2 - 9*x*y*z - 10']
  is_equivalent = True
  total_successes = 1, success_rate = 1.0
DEGREE = 4:
METHOD = 'diofantos':


Whole evaluation from the beginning of the script took:
 52.6 seconds, i.e. 0.88 minutes or 0.015 hours.

Current time: 2026-03-23 15:58:59.898814
Mon Mar 23 03:59:00 PM CET 2026
this is oei.sh 0 sth-dp-d4 101 999    doing   doones job_id 65439395 task_id 0 * 1000 + 935 --exper_id sth-dp-d4
