==============================================
Starting time (of array_subjob 65441071_7):
Mon Mar 23 04:39:05 PM CET 2026
(True, True)
(True, False)
(True, False)
Current time: 2026-03-23 16:39:11.192764 

True
METHOD = 'diofantos'
DEGREE = 4
SCALE = 3000
  all_datasets = 2257
pds1007.csv:
  gt_rhs = '-8*v*x**2*y*z - 10*z - 4'
d_max = 1
d_max = 2
   target = -873890700735596907682446104*v**2 + 657456318026186761447939508*v*w + 2424980401131339902098181096*v*x + 140849430647346946586058636*v*y + 1369625191255717904212096488*v*z - 219822094583471910427355312*v + 1327136833445821196935756956*w**2 + 2585234185652004576041463204*w*x - 272759519472081372966452652*w*y - 2314513339938188952607955112*w*z + 21313554453911766568116291336*w - 1505193507158963327960185880*x**2 - 1528577253920852905289008708*x*y - 2381291026280891668352272536*x*z + 18580088961027206333523689096*x - 866607615232544801013300440*y**2 + 1134510134642664623255079920*y*z - 3204981152121199363653807048*y - 368287458788931165760965220*z**2 - 8157742327655659844104280694*z + 164344516307739419313821735708
['-873890700735596907682446104*v**2 + 657456318026186761447939508*v*w + 2424980401131339902098181096*v*x + 140849430647346946586058636*v*y + 1369625191255717904212096488*v*z - 219822094583471910427355312*v + 1327136833445821196935756956*w**2 + 2585234185652004576041463204*w*x - 272759519472081372966452652*w*y - 2314513339938188952607955112*w*z + 21313554453911766568116291336*w - 1505193507158963327960185880*x**2 - 1528577253920852905289008708*x*y - 2381291026280891668352272536*x*z + 18580088961027206333523689096*x - 866607615232544801013300440*y**2 + 1134510134642664623255079920*y*z - 3204981152121199363653807048*y - 368287458788931165760965220*z**2 - 8157742327655659844104280694*z + 164344516307739419313821735708']
  is_equivalent = False
  total_successes = 0, success_rate = 0.0
DEGREE = 4:
METHOD = 'diofantos':


Whole evaluation from the beginning of the script took:
 4.0 seconds, i.e. 0.07 minutes or 0.001 hours.

Current time: 2026-03-23 16:39:15.181772
Mon Mar 23 04:39:15 PM CET 2026
this is oei.sh 1 sth-dp-d4 0 999    doing   doones job_id 65441071 task_id 1 * 1000 + 7 --exper_id sth-dp-d4
