==============================================
Starting time (of array_subjob 65441071_63):
Mon Mar 23 04:39:05 PM CET 2026
(True, True)
(True, False)
(True, False)
Current time: 2026-03-23 16:39:07.546305 

True
METHOD = 'diofantos'
DEGREE = 4
SCALE = 3000
  all_datasets = 2257
pds1063.csv:
  gt_rhs = '-6*v + 7*x*y*z'
d_max = 1
d_max = 2
d_max = 3
   target = -6*v + 7*x*y*z
['-6*v + 7*x*y*z']
  is_equivalent = True
  total_successes = 1, success_rate = 1.0
DEGREE = 4:
METHOD = 'diofantos':


Whole evaluation from the beginning of the script took:
 53.4 seconds, i.e. 0.89 minutes or 0.015 hours.

Current time: 2026-03-23 16:40:00.958011
Mon Mar 23 04:40:01 PM CET 2026
this is oei.sh 1 sth-dp-d4 0 999    doing   doones job_id 65441071 task_id 1 * 1000 + 63 --exper_id sth-dp-d4
