==============================================
Starting time (of array_subjob 65441071_74):
Mon Mar 23 04:39:05 PM CET 2026
(True, True)
(True, False)
(True, False)
Current time: 2026-03-23 16:39:07.633742 

True
METHOD = 'diofantos'
DEGREE = 4
SCALE = 3000
  all_datasets = 2257
pds1074.csv:
  gt_rhs = '-8*v*x**2*z - 8*y*z**2 + y - 4'
d_max = 1
d_max = 2
   target = 63781746890636595562241674156*v**2 - 66793970102586634175449181768*v*w - 82620415423513730430141100724*v*x - 303748427704563244833430443304*v*y - 88726006679482784446882064132*v*z - 194082371172838675471644047784*v + 32080478023526513430475386736*w**2 - 147123486952439228158063749864*w*x - 36311999236547493803436294288*w*y - 165891426215302777874362880816*w*z + 409786600797083882361026242192*w + 133189051908769936055615630120*x**2 + 112578137148381979866995989712*x*y - 24470611847204852673537367216*x*z - 1124928443822206772869046458104*x - 44310041496528855338655927996*y**2 - 141597778361969855164020536920*y*z - 1135200570561240180649864846035*y - 86586177863169770726835321168*z**2 - 832214087950696324120398311680*z - 4169971864583329081368157576116
['63781746890636595562241674156*v**2 - 66793970102586634175449181768*v*w - 82620415423513730430141100724*v*x - 303748427704563244833430443304*v*y - 88726006679482784446882064132*v*z - 194082371172838675471644047784*v + 32080478023526513430475386736*w**2 - 147123486952439228158063749864*w*x - 36311999236547493803436294288*w*y - 165891426215302777874362880816*w*z + 409786600797083882361026242192*w + 133189051908769936055615630120*x**2 + 112578137148381979866995989712*x*y - 24470611847204852673537367216*x*z - 1124928443822206772869046458104*x - 44310041496528855338655927996*y**2 - 141597778361969855164020536920*y*z - 1135200570561240180649864846035*y - 86586177863169770726835321168*z**2 - 832214087950696324120398311680*z - 4169971864583329081368157576116']
  is_equivalent = False
  total_successes = 0, success_rate = 0.0
DEGREE = 4:
METHOD = 'diofantos':


Whole evaluation from the beginning of the script took:
 2.9 seconds, i.e. 0.05 minutes or 0.001 hours.

Current time: 2026-03-23 16:39:10.492063
Mon Mar 23 04:39:10 PM CET 2026
this is oei.sh 1 sth-dp-d4 0 999    doing   doones job_id 65441071 task_id 1 * 1000 + 74 --exper_id sth-dp-d4
