==============================================
Starting time (of array_subjob 65441071_161):
Mon Mar 23 04:39:05 PM CET 2026
(True, True)
(True, False)
(True, False)
Current time: 2026-03-23 16:39:08.173295 

True
METHOD = 'diofantos'
DEGREE = 4
SCALE = 3000
  all_datasets = 2257
pds1161.csv:
  gt_rhs = '8*x*y - 10*z**2 + z + 7'
d_max = 1
d_max = 2
   target = 8*x*y - 10*z**2 + z + 7
['8*x*y - 10*z**2 + z + 7']
  is_equivalent = True
  total_successes = 1, success_rate = 1.0
DEGREE = 4:
METHOD = 'diofantos':


Whole evaluation from the beginning of the script took:
 3.0 seconds, i.e. 0.05 minutes or 0.001 hours.

Current time: 2026-03-23 16:39:11.150494
Mon Mar 23 04:39:11 PM CET 2026
this is oei.sh 1 sth-dp-d4 0 999    doing   doones job_id 65441071 task_id 1 * 1000 + 161 --exper_id sth-dp-d4
