==============================================
Starting time (of array_subjob 65441071_213):
Mon Mar 23 04:39:06 PM CET 2026
(True, True)
(True, False)
(True, False)
Current time: 2026-03-23 16:39:09.098867 

True
METHOD = 'diofantos'
DEGREE = 4
SCALE = 3000
  all_datasets = 2257
pds1213.csv:
  gt_rhs = '-8*v*w*y**2 + 9*v - 7*x*z'
d_max = 1
d_max = 2
   target = -4310572625368271674307378169096*v**2 + 10416589688474277451076197589256*v*w + 2699643124802995775977206678228*v*x - 9869645256271453020350394156592*v*y - 284519563110184208495347692292*v*z - 43728094575116957454192595489435*v - 14209991089690695379896580651634*w**2 - 684952020058715844586340505048*w*x + 4729789766147105838535508103080*w*y - 814528012791078410183418293840*w*z + 12793485543254848401060905073326*w - 19634069599263649351529892692550*x**2 + 6808051902181057055123832225908*x*y + 17419981973229923432790152420245*x*z - 23456141621922840866619549901998*x + 9681485128708098452185513915918*y**2 - 7102465749527597325390565379300*y*z - 25656002816811282800085700040402*y - 7175838720828490384401340783946*z**2 + 63922714954696833837879159720934*z + 822279639231412469728542803497424
['-4310572625368271674307378169096*v**2 + 10416589688474277451076197589256*v*w + 2699643124802995775977206678228*v*x - 9869645256271453020350394156592*v*y - 284519563110184208495347692292*v*z - 43728094575116957454192595489435*v - 14209991089690695379896580651634*w**2 - 684952020058715844586340505048*w*x + 4729789766147105838535508103080*w*y - 814528012791078410183418293840*w*z + 12793485543254848401060905073326*w - 19634069599263649351529892692550*x**2 + 6808051902181057055123832225908*x*y + 17419981973229923432790152420245*x*z - 23456141621922840866619549901998*x + 9681485128708098452185513915918*y**2 - 7102465749527597325390565379300*y*z - 25656002816811282800085700040402*y - 7175838720828490384401340783946*z**2 + 63922714954696833837879159720934*z + 822279639231412469728542803497424']
  is_equivalent = False
  total_successes = 0, success_rate = 0.0
DEGREE = 4:
METHOD = 'diofantos':


Whole evaluation from the beginning of the script took:
 2.8 seconds, i.e. 0.05 minutes or 0.001 hours.

Current time: 2026-03-23 16:39:11.946359
Mon Mar 23 04:39:12 PM CET 2026
this is oei.sh 1 sth-dp-d4 0 999    doing   doones job_id 65441071 task_id 1 * 1000 + 213 --exper_id sth-dp-d4
