==============================================
Starting time (of array_subjob 65441071_279):
Mon Mar 23 04:39:06 PM CET 2026
(True, True)
(True, False)
(True, False)
Current time: 2026-03-23 16:39:09.453733 

True
METHOD = 'diofantos'
DEGREE = 4
SCALE = 3000
  all_datasets = 2257
pds1279.csv:
  gt_rhs = '4*w*x**4 - 9*x + 10*y - 1'
d_max = 1
d_max = 2
   target = 1179724588753225997690933168*v**2 + 26395808350867667368398256*v*w + 476259102384480824044001812*v*x + 887333176657591929434187784*v*y - 1988528129989021572938131128*v*z + 8418788313237049519697116192*v + 544401165323968288559109920*w**2 - 81835799864626063427377920*w*x + 131769171655317192197120524*w*y + 521184361573134155807786616*w*z + 3881870825111507937358340860*w + 61365631918994341286718716*x**2 + 399512930295664764586205720*x*y - 1038768532174010715170093732*x*z + 1446945419374478175046929739*x - 25548983304736616178499104*y**2 - 802531866069613440811914508*y*z + 3077374816030732832066869090*y - 7544668851062986905121292*z**2 - 12986447284035717826782840616*z - 13060020867276557440982060641
['1179724588753225997690933168*v**2 + 26395808350867667368398256*v*w + 476259102384480824044001812*v*x + 887333176657591929434187784*v*y - 1988528129989021572938131128*v*z + 8418788313237049519697116192*v + 544401165323968288559109920*w**2 - 81835799864626063427377920*w*x + 131769171655317192197120524*w*y + 521184361573134155807786616*w*z + 3881870825111507937358340860*w + 61365631918994341286718716*x**2 + 399512930295664764586205720*x*y - 1038768532174010715170093732*x*z + 1446945419374478175046929739*x - 25548983304736616178499104*y**2 - 802531866069613440811914508*y*z + 3077374816030732832066869090*y - 7544668851062986905121292*z**2 - 12986447284035717826782840616*z - 13060020867276557440982060641']
  is_equivalent = False
  total_successes = 0, success_rate = 0.0
DEGREE = 4:
METHOD = 'diofantos':


Whole evaluation from the beginning of the script took:
 2.4 seconds, i.e. 0.04 minutes or 0.001 hours.

Current time: 2026-03-23 16:39:11.821095
Mon Mar 23 04:39:12 PM CET 2026
this is oei.sh 1 sth-dp-d4 0 999    doing   doones job_id 65441071 task_id 1 * 1000 + 279 --exper_id sth-dp-d4
