==============================================
Starting time (of array_subjob 65441071_310):
Mon Mar 23 04:39:06 PM CET 2026
(True, True)
(True, False)
(True, False)
Current time: 2026-03-23 16:39:08.221206 

True
METHOD = 'diofantos'
DEGREE = 4
SCALE = 3000
  all_datasets = 2257
pds1310.csv:
  gt_rhs = '-10*w**3*y**2 - 6*z - 10'
d_max = 1
d_max = 2
   target = 1789789412728686407809769075200*v**2 + 786953118370154913310969809218*v*w - 2122249547887690140129826063108*v*x - 3838068591545153560970315248173*v*y - 1402919407816024325401306069023*v*z + 18986807304008111802579086614042*v + 2416146688671589614530329232834*w**2 - 320512467823123941121638335854*w*x - 920938241472607453480085598946*w*y - 3262228350820062197783078213088*w*z + 15882337067510747838705542813438*w + 803603229723406723119902535833*x**2 + 3580424192501883638396908065746*x*y + 4015865283521952528037128477548*x*z - 8866812438923413564714746345957*x + 557506206179619136641173512574*y**2 + 576923594329590691889122077254*y*z - 10062368381481145505775976688720*y - 608667047909929750165974912443*z**2 - 15982489180966799633614659814921*z + 5553580586313497919921152703822
['1789789412728686407809769075200*v**2 + 786953118370154913310969809218*v*w - 2122249547887690140129826063108*v*x - 3838068591545153560970315248173*v*y - 1402919407816024325401306069023*v*z + 18986807304008111802579086614042*v + 2416146688671589614530329232834*w**2 - 320512467823123941121638335854*w*x - 920938241472607453480085598946*w*y - 3262228350820062197783078213088*w*z + 15882337067510747838705542813438*w + 803603229723406723119902535833*x**2 + 3580424192501883638396908065746*x*y + 4015865283521952528037128477548*x*z - 8866812438923413564714746345957*x + 557506206179619136641173512574*y**2 + 576923594329590691889122077254*y*z - 10062368381481145505775976688720*y - 608667047909929750165974912443*z**2 - 15982489180966799633614659814921*z + 5553580586313497919921152703822']
  is_equivalent = False
  total_successes = 0, success_rate = 0.0
DEGREE = 4:
METHOD = 'diofantos':


Whole evaluation from the beginning of the script took:
 2.0 seconds, i.e. 0.03 minutes or 0.001 hours.

Current time: 2026-03-23 16:39:10.173182
Mon Mar 23 04:39:10 PM CET 2026
this is oei.sh 1 sth-dp-d4 0 999    doing   doones job_id 65441071 task_id 1 * 1000 + 310 --exper_id sth-dp-d4
