==============================================
Starting time (of array_subjob 65441071_385):
Mon Mar 23 04:39:07 PM CET 2026
(True, True)
(True, False)
(True, False)
Current time: 2026-03-23 16:39:09.398930 

True
METHOD = 'diofantos'
DEGREE = 4
SCALE = 3000
  all_datasets = 2257
pds1385.csv:
  gt_rhs = '-5*v**2*w**2*x - 1'
d_max = 1
d_max = 2
   target = 1149460636053740857187540433777*v**2 + 686076468060929762082065722776*v*w - 331946595303249395808012261173*v*x + 1474161775368869727737814417482*v*y - 589600497600476695964564050507*v*z - 1943289079383557699028285683550*v + 945446633370662345037053681616*w**2 + 77957641112809323582856942440*w*x + 105518008991136334963916470102*w*y + 575172574764603535185150314828*w*z + 124762255534969093266600913532*w - 1120551386065261122225486274632*x**2 + 1610211252285390375859569865653*x*y + 15815435692539231057013145437*x*z + 589633420917577659741341299484*x - 300008927399785847599170630735*y**2 - 1831340123688526617087398170239*y*z - 6393476545193539224867890640834*y + 493406373330227600624618126962*z**2 + 6990849234602644487934196727106*z - 39704702778441953035621328967137
['1149460636053740857187540433777*v**2 + 686076468060929762082065722776*v*w - 331946595303249395808012261173*v*x + 1474161775368869727737814417482*v*y - 589600497600476695964564050507*v*z - 1943289079383557699028285683550*v + 945446633370662345037053681616*w**2 + 77957641112809323582856942440*w*x + 105518008991136334963916470102*w*y + 575172574764603535185150314828*w*z + 124762255534969093266600913532*w - 1120551386065261122225486274632*x**2 + 1610211252285390375859569865653*x*y + 15815435692539231057013145437*x*z + 589633420917577659741341299484*x - 300008927399785847599170630735*y**2 - 1831340123688526617087398170239*y*z - 6393476545193539224867890640834*y + 493406373330227600624618126962*z**2 + 6990849234602644487934196727106*z - 39704702778441953035621328967137']
  is_equivalent = False
  total_successes = 0, success_rate = 0.0
DEGREE = 4:
METHOD = 'diofantos':


Whole evaluation from the beginning of the script took:
 2.0 seconds, i.e. 0.03 minutes or 0.001 hours.

Current time: 2026-03-23 16:39:11.394276
Mon Mar 23 04:39:11 PM CET 2026
this is oei.sh 1 sth-dp-d4 0 999    doing   doones job_id 65441071 task_id 1 * 1000 + 385 --exper_id sth-dp-d4
