==============================================
Starting time (of array_subjob 65441071_382):
Mon Mar 23 04:39:06 PM CET 2026
(True, True)
(True, False)
(True, False)
Current time: 2026-03-23 16:39:09.178601 

True
METHOD = 'diofantos'
DEGREE = 4
SCALE = 3000
  all_datasets = 2257
pds1382.csv:
  gt_rhs = '-3*w**2*x*z**2 + 10*w - 5*y - 10'
d_max = 1
d_max = 2
   target = -696791780092013633093169186043*v**2 + 433170361562490835704540941191*v*w + 577822476522409324190701680184*v*x - 281406238488476879062309583212*v*y + 130205406224341187705123256672*v*z + 4405670690588464345031882154605*v + 563274295124052038296577844047*w**2 + 663191416260364577589679748921*w*x - 544555136598278272650022449473*w*y + 1151413769463833149283417790249*w*z - 2985679789493731548748569691137*w - 823881134154149122106156861617*x**2 - 713421351919569793207430904370*x*y + 73156905422320227723282600324*x*z - 5048848355655475458851989488455*x - 403477596130147553309872714712*y**2 + 611772459608731487769062375614*y*z - 3250746841420911137365063511343*y + 84564996973013832321981059551*z**2 - 2797932080946765046590904132951*z + 54809444901878616857229260486226
['-696791780092013633093169186043*v**2 + 433170361562490835704540941191*v*w + 577822476522409324190701680184*v*x - 281406238488476879062309583212*v*y + 130205406224341187705123256672*v*z + 4405670690588464345031882154605*v + 563274295124052038296577844047*w**2 + 663191416260364577589679748921*w*x - 544555136598278272650022449473*w*y + 1151413769463833149283417790249*w*z - 2985679789493731548748569691137*w - 823881134154149122106156861617*x**2 - 713421351919569793207430904370*x*y + 73156905422320227723282600324*x*z - 5048848355655475458851989488455*x - 403477596130147553309872714712*y**2 + 611772459608731487769062375614*y*z - 3250746841420911137365063511343*y + 84564996973013832321981059551*z**2 - 2797932080946765046590904132951*z + 54809444901878616857229260486226']
  is_equivalent = False
  total_successes = 0, success_rate = 0.0
DEGREE = 4:
METHOD = 'diofantos':


Whole evaluation from the beginning of the script took:
 2.0 seconds, i.e. 0.03 minutes or 0.001 hours.

Current time: 2026-03-23 16:39:11.204104
Mon Mar 23 04:39:11 PM CET 2026
this is oei.sh 1 sth-dp-d4 0 999    doing   doones job_id 65441071 task_id 1 * 1000 + 382 --exper_id sth-dp-d4
