==============================================
Starting time (of array_subjob 65441071_414):
Mon Mar 23 04:39:08 PM CET 2026
(True, True)
(True, False)
(True, False)
Current time: 2026-03-23 16:39:10.292444 

True
METHOD = 'diofantos'
DEGREE = 4
SCALE = 3000
  all_datasets = 2257
pds1414.csv:
  gt_rhs = '-7*x*z + 2*y + z**2 + 6'
d_max = 1
d_max = 2
   target = -7*x*z + 2*y + z**2 + 6
['-7*x*z + 2*y + z**2 + 6']
  is_equivalent = True
  total_successes = 1, success_rate = 1.0
DEGREE = 4:
METHOD = 'diofantos':


Whole evaluation from the beginning of the script took:
 1.9 seconds, i.e. 0.03 minutes or 0.001 hours.

Current time: 2026-03-23 16:39:12.204660
Mon Mar 23 04:39:12 PM CET 2026
this is oei.sh 1 sth-dp-d4 0 999    doing   doones job_id 65441071 task_id 1 * 1000 + 414 --exper_id sth-dp-d4
