==============================================
Starting time (of array_subjob 65441071_486):
Mon Mar 23 04:39:08 PM CET 2026
(True, True)
(True, False)
(True, False)
Current time: 2026-03-23 16:39:11.804279 

True
METHOD = 'diofantos'
DEGREE = 4
SCALE = 3000
  all_datasets = 2257
pds1486.csv:
  gt_rhs = '10*v**2*w*x*y - 6*y**2*z'
d_max = 1
d_max = 2
   target = -901088215299241997948139068415*v**2 - 1111300330604768470507249644744*v*w + 324817286857062843833672970191*v*x + 57994516505476332651170600763*v*y + 316355126040053580122494441576*v*z - 6153845877833812200955634392464*v - 954912850410228940950276748431*w**2 + 1089485604259535290854276229016*w*x - 956158390546070011238086247060*w*y + 868712586350652639258623746854*w*z - 1897158670345671645729004391647*w - 703452661244576505178753444031*x**2 + 442557154011465105700414074760*x*y - 1296892672517419141595075311590*x*z + 5039296315783453396561974976821*x + 1175300824873420450874470258090*y**2 + 394579641791734635692592433616*y*z - 6703181852704044387554595962496*y - 145068982200446573344874524133*z**2 - 542472761316206306359111805021*z + 8108625271291789514046085936592
['-901088215299241997948139068415*v**2 - 1111300330604768470507249644744*v*w + 324817286857062843833672970191*v*x + 57994516505476332651170600763*v*y + 316355126040053580122494441576*v*z - 6153845877833812200955634392464*v - 954912850410228940950276748431*w**2 + 1089485604259535290854276229016*w*x - 956158390546070011238086247060*w*y + 868712586350652639258623746854*w*z - 1897158670345671645729004391647*w - 703452661244576505178753444031*x**2 + 442557154011465105700414074760*x*y - 1296892672517419141595075311590*x*z + 5039296315783453396561974976821*x + 1175300824873420450874470258090*y**2 + 394579641791734635692592433616*y*z - 6703181852704044387554595962496*y - 145068982200446573344874524133*z**2 - 542472761316206306359111805021*z + 8108625271291789514046085936592']
  is_equivalent = False
  total_successes = 0, success_rate = 0.0
DEGREE = 4:
METHOD = 'diofantos':


Whole evaluation from the beginning of the script took:
 2.1 seconds, i.e. 0.03 minutes or 0.001 hours.

Current time: 2026-03-23 16:39:13.883143
Mon Mar 23 04:39:14 PM CET 2026
this is oei.sh 1 sth-dp-d4 0 999    doing   doones job_id 65441071 task_id 1 * 1000 + 486 --exper_id sth-dp-d4
