==============================================
Starting time (of array_subjob 65441071_493):
Mon Mar 23 04:39:08 PM CET 2026
(True, True)
(True, False)
(True, False)
Current time: 2026-03-23 16:39:10.596863 

True
METHOD = 'diofantos'
DEGREE = 4
SCALE = 3000
  all_datasets = 2257
pds1493.csv:
  gt_rhs = '10*w*x + 9*w - 7*x*y - 1'
d_max = 1
d_max = 2
   target = 10*w*x + 9*w - 7*x*y - 1
['10*w*x + 9*w - 7*x*y - 1']
  is_equivalent = True
  total_successes = 1, success_rate = 1.0
DEGREE = 4:
METHOD = 'diofantos':


Whole evaluation from the beginning of the script took:
 2.5 seconds, i.e. 0.04 minutes or 0.001 hours.

Current time: 2026-03-23 16:39:13.132871
Mon Mar 23 04:39:13 PM CET 2026
this is oei.sh 1 sth-dp-d4 0 999    doing   doones job_id 65441071 task_id 1 * 1000 + 493 --exper_id sth-dp-d4
