==============================================
Starting time (of array_subjob 65441071_511):
Mon Mar 23 04:39:10 PM CET 2026
(True, True)
(True, False)
(True, False)
Current time: 2026-03-23 16:39:12.502353 

True
METHOD = 'diofantos'
DEGREE = 4
SCALE = 3000
  all_datasets = 2257
pds1511.csv:
  gt_rhs = '-4*v**2*x - 8*w*z + 3'
d_max = 1
d_max = 2
   target = -628464998525340067335170995568*v**2 - 1701198435302666021282352032830*v*w - 369442822422027440147300508366*v*x - 948848802796054113122974092284*v*y - 733240053332745275103362820488*v*z - 3745432099553555944180374796868*v - 675827162377903755064974315231*w**2 + 1071198506986954880414923426796*w*x - 1357261646735291101440510849026*w*y - 540461087348139857367595318974*w*z - 9894377284973939944527440649897*w + 337107156447675832773991735879*x**2 + 203800467034317432960313451294*x*y - 480238384067663774760081168922*x*z - 5765049319137975865723603866277*x - 847075921706733561432342312646*y**2 - 197222472676141613943896963938*y*z - 4535318051034551586388684569832*y + 433235932562103923227718926205*z**2 + 863045269169286216289179381683*z + 23396492590760318252327004164717
['-628464998525340067335170995568*v**2 - 1701198435302666021282352032830*v*w - 369442822422027440147300508366*v*x - 948848802796054113122974092284*v*y - 733240053332745275103362820488*v*z - 3745432099553555944180374796868*v - 675827162377903755064974315231*w**2 + 1071198506986954880414923426796*w*x - 1357261646735291101440510849026*w*y - 540461087348139857367595318974*w*z - 9894377284973939944527440649897*w + 337107156447675832773991735879*x**2 + 203800467034317432960313451294*x*y - 480238384067663774760081168922*x*z - 5765049319137975865723603866277*x - 847075921706733561432342312646*y**2 - 197222472676141613943896963938*y*z - 4535318051034551586388684569832*y + 433235932562103923227718926205*z**2 + 863045269169286216289179381683*z + 23396492590760318252327004164717']
  is_equivalent = False
  total_successes = 0, success_rate = 0.0
DEGREE = 4:
METHOD = 'diofantos':


Whole evaluation from the beginning of the script took:
 2.1 seconds, i.e. 0.03 minutes or 0.001 hours.

Current time: 2026-03-23 16:39:14.571338
Mon Mar 23 04:39:15 PM CET 2026
this is oei.sh 1 sth-dp-d4 0 999    doing   doones job_id 65441071 task_id 1 * 1000 + 511 --exper_id sth-dp-d4
