==============================================
Starting time (of array_subjob 65441071_614):
Mon Mar 23 04:39:12 PM CET 2026
(True, True)
(True, False)
(True, False)
Current time: 2026-03-23 16:39:14.390969 

True
METHOD = 'diofantos'
DEGREE = 4
SCALE = 3000
  all_datasets = 2257
pds1614.csv:
  gt_rhs = '-5*v*w**2*x*z**2 + 4*y*z'
d_max = 1
d_max = 2
   target = -73332468764398188508887618520*v**2 + 48148118170467858887009356585*v*w + 88109254798149820992299116192*v*x - 12575974809120055265372832504*v*y + 17983128177718875731362440046*v*z + 538400129871435933160020327452*v + 19477465126389652447913360231*w**2 + 43409553258721370708848366585*w*x + 1913719544404428421146401983*w*y - 58968034346610380498182183683*w*z + 394757014664413071846114386858*w + 2123181880885023012988320578*x**2 + 38270075150006218783104163850*x*y - 106092615920886197325316644207*x*z + 467177107273281867093864406847*x + 17411268356596865841333776618*y**2 + 12066189168214836180768899510*y*z + 246464716084583471687130330310*y + 27084122103955504614009492748*z**2 - 606718434145163151109356485564*z + 2104650425333618860707254976726
['-73332468764398188508887618520*v**2 + 48148118170467858887009356585*v*w + 88109254798149820992299116192*v*x - 12575974809120055265372832504*v*y + 17983128177718875731362440046*v*z + 538400129871435933160020327452*v + 19477465126389652447913360231*w**2 + 43409553258721370708848366585*w*x + 1913719544404428421146401983*w*y - 58968034346610380498182183683*w*z + 394757014664413071846114386858*w + 2123181880885023012988320578*x**2 + 38270075150006218783104163850*x*y - 106092615920886197325316644207*x*z + 467177107273281867093864406847*x + 17411268356596865841333776618*y**2 + 12066189168214836180768899510*y*z + 246464716084583471687130330310*y + 27084122103955504614009492748*z**2 - 606718434145163151109356485564*z + 2104650425333618860707254976726']
  is_equivalent = False
  total_successes = 0, success_rate = 0.0
DEGREE = 4:
METHOD = 'diofantos':


Whole evaluation from the beginning of the script took:
 2.0 seconds, i.e. 0.03 minutes or 0.001 hours.

Current time: 2026-03-23 16:39:16.365318
Mon Mar 23 04:39:16 PM CET 2026
this is oei.sh 1 sth-dp-d4 0 999    doing   doones job_id 65441071 task_id 1 * 1000 + 614 --exper_id sth-dp-d4
