==============================================
Starting time (of array_subjob 65441071_677):
Mon Mar 23 04:39:12 PM CET 2026
(True, True)
(True, False)
(True, False)
Current time: 2026-03-23 16:39:14.573584 

True
METHOD = 'diofantos'
DEGREE = 4
SCALE = 3000
  all_datasets = 2257
pds1677.csv:
  gt_rhs = '7*v**2*x - 10*x + 9*y*z'
d_max = 1
d_max = 2
   target = -52299976575632701702359914371*v**2 - 56132581747724490473983329327*v*w - 56238172840345326484752475820*v*x - 36701837887989577045287599149*v*y - 84099597808642853313775742862*v*z + 197574571311414729306176629275*v + 39039166569020937169789849937*w**2 - 115838900712235279060055601014*w*x + 95031722772696891254028006174*w*y + 60678719225363818855164975311*w*z + 368417059752427149845090510327*w - 63508735494493397905707147333*x**2 + 10804366944719833628274697464*x*y - 119846497646903890831682390817*x*z + 10835002123358356878083967167*x + 49381204704487367741595485429*y**2 + 91989683367832242824136599598*y*z + 504671921470844776937549779679*y + 36075724167536830398624168706*z**2 + 687039456365316107837053789374*z + 2189178817857134266204324884692
['-52299976575632701702359914371*v**2 - 56132581747724490473983329327*v*w - 56238172840345326484752475820*v*x - 36701837887989577045287599149*v*y - 84099597808642853313775742862*v*z + 197574571311414729306176629275*v + 39039166569020937169789849937*w**2 - 115838900712235279060055601014*w*x + 95031722772696891254028006174*w*y + 60678719225363818855164975311*w*z + 368417059752427149845090510327*w - 63508735494493397905707147333*x**2 + 10804366944719833628274697464*x*y - 119846497646903890831682390817*x*z + 10835002123358356878083967167*x + 49381204704487367741595485429*y**2 + 91989683367832242824136599598*y*z + 504671921470844776937549779679*y + 36075724167536830398624168706*z**2 + 687039456365316107837053789374*z + 2189178817857134266204324884692']
  is_equivalent = False
  total_successes = 0, success_rate = 0.0
DEGREE = 4:
METHOD = 'diofantos':


Whole evaluation from the beginning of the script took:
 2.0 seconds, i.e. 0.03 minutes or 0.001 hours.

Current time: 2026-03-23 16:39:16.541852
Mon Mar 23 04:39:16 PM CET 2026
this is oei.sh 1 sth-dp-d4 0 999    doing   doones job_id 65441071 task_id 1 * 1000 + 677 --exper_id sth-dp-d4
