==============================================
Starting time (of array_subjob 65441071_724):
Mon Mar 23 04:39:12 PM CET 2026
(True, True)
(True, False)
(True, False)
Current time: 2026-03-23 16:39:14.575725 

True
METHOD = 'diofantos'
DEGREE = 4
SCALE = 3000
  all_datasets = 2257
pds1724.csv:
  gt_rhs = '-4*v + 6*w*y*z + 2*w + 5'
d_max = 1
d_max = 2
   target = 917581036746762886038098995156*v**2 + 1607583474431857739875530356382*v*w - 1039475614619361560302845738290*v*x - 2526164526687255722567795696510*v*y + 1845687464336539224795057138258*v*z + 4771749096650641774345373632010*v - 1684577054835689098154171048864*w**2 + 1548394292022096777359200371850*w*x - 2084429242339565882445565277922*w*y + 341040211756904655857108811940*w*z - 10155812824744303052236634444716*w - 2698965670822111601873253314174*x**2 - 484990290790437803693859068664*x*y - 3239899606525735287723481530492*x*z - 9277669579793583531310866128024*x - 1583335931843291665215830808184*y**2 - 1046446585567259917166644447316*y*z - 2699654641237990057879106215982*y - 1108826522575145588237920136680*z**2 + 1088370907355107595245069743594*z + 176391671604686275647178347774571
['917581036746762886038098995156*v**2 + 1607583474431857739875530356382*v*w - 1039475614619361560302845738290*v*x - 2526164526687255722567795696510*v*y + 1845687464336539224795057138258*v*z + 4771749096650641774345373632010*v - 1684577054835689098154171048864*w**2 + 1548394292022096777359200371850*w*x - 2084429242339565882445565277922*w*y + 341040211756904655857108811940*w*z - 10155812824744303052236634444716*w - 2698965670822111601873253314174*x**2 - 484990290790437803693859068664*x*y - 3239899606525735287723481530492*x*z - 9277669579793583531310866128024*x - 1583335931843291665215830808184*y**2 - 1046446585567259917166644447316*y*z - 2699654641237990057879106215982*y - 1108826522575145588237920136680*z**2 + 1088370907355107595245069743594*z + 176391671604686275647178347774571']
  is_equivalent = False
  total_successes = 0, success_rate = 0.0
DEGREE = 4:
METHOD = 'diofantos':


Whole evaluation from the beginning of the script took:
 1.9 seconds, i.e. 0.03 minutes or 0.001 hours.

Current time: 2026-03-23 16:39:16.466081
Mon Mar 23 04:39:16 PM CET 2026
this is oei.sh 1 sth-dp-d4 0 999    doing   doones job_id 65441071 task_id 1 * 1000 + 724 --exper_id sth-dp-d4
