==============================================
Starting time (of array_subjob 65441071_723):
Mon Mar 23 04:39:12 PM CET 2026
(True, True)
(True, False)
(True, False)
Current time: 2026-03-23 16:39:14.372107 

True
METHOD = 'diofantos'
DEGREE = 4
SCALE = 3000
  all_datasets = 2257
pds1723.csv:
  gt_rhs = '9*w*x**2 + 6*w - 3*x'
d_max = 1
d_max = 2
   target = -228931557157572127877499562516*v**2 - 102328389348103740081257489640*v*w + 805730892783617178709320292746*v*x - 64136784242498425580761338938*v*y - 131609825474307139822091220160*v*z + 328783491188713475957352516010*v + 144907254476022346409206230616*w**2 - 106621109537294454015515294049*w*x - 182584619333384687565254754256*w*y + 505229142490383330158789403064*w*z - 476187035846212395902830428070*w - 333253674218243444521526773128*x**2 + 791933483389231903846783170298*x*y + 274016472928503655256966399440*x*z - 3803362633130034978811322111241*x - 1271249845573722330737837361646*y**2 + 274571989600055751980017659372*y*z + 174162066741021608428214028166*y - 234265736120591489163305738705*z**2 + 4702363711679446119904396609307*z + 30818748478706310486361584505612
['-228931557157572127877499562516*v**2 - 102328389348103740081257489640*v*w + 805730892783617178709320292746*v*x - 64136784242498425580761338938*v*y - 131609825474307139822091220160*v*z + 328783491188713475957352516010*v + 144907254476022346409206230616*w**2 - 106621109537294454015515294049*w*x - 182584619333384687565254754256*w*y + 505229142490383330158789403064*w*z - 476187035846212395902830428070*w - 333253674218243444521526773128*x**2 + 791933483389231903846783170298*x*y + 274016472928503655256966399440*x*z - 3803362633130034978811322111241*x - 1271249845573722330737837361646*y**2 + 274571989600055751980017659372*y*z + 174162066741021608428214028166*y - 234265736120591489163305738705*z**2 + 4702363711679446119904396609307*z + 30818748478706310486361584505612']
  is_equivalent = False
  total_successes = 0, success_rate = 0.0
DEGREE = 4:
METHOD = 'diofantos':


Whole evaluation from the beginning of the script took:
 1.9 seconds, i.e. 0.03 minutes or 0.001 hours.

Current time: 2026-03-23 16:39:16.274926
Mon Mar 23 04:39:16 PM CET 2026
this is oei.sh 1 sth-dp-d4 0 999    doing   doones job_id 65441071 task_id 1 * 1000 + 723 --exper_id sth-dp-d4
