==============================================
Starting time (of array_subjob 65441071_748):
Mon Mar 23 04:39:12 PM CET 2026
(True, True)
(True, False)
(True, False)
Current time: 2026-03-23 16:39:14.560166 

True
METHOD = 'diofantos'
DEGREE = 4
SCALE = 3000
  all_datasets = 2257
pds1748.csv:
  gt_rhs = '6*w**2*y**3'
d_max = 1
d_max = 2
   target = 291439274499149508479124974*v**2 + 269082912523016131589226093*v*w - 297028809115780696808021468*v*x + 379366089543339428230909795*v*y - 112379551639207017510819495*v*z + 1954982059185425274983282554*v + 49125667479026294221651956*w**2 - 231309853068187172857737056*w*x + 336566668453474276736991965*w*y - 109448808645802129303383769*w*z + 2161551705208720061585238800*w - 131937218091183943788983567*x**2 + 194426466601555720413887073*x*y - 281534843854114825426242051*x*z + 691339345660575559681095289*x - 54121675206945192121734399*y**2 + 50054265656982099086970111*y*z - 519774343753527078199673990*y - 88912332010741203618070907*z**2 + 469142577912409877221417097*z + 2565851674754308256447602814
['291439274499149508479124974*v**2 + 269082912523016131589226093*v*w - 297028809115780696808021468*v*x + 379366089543339428230909795*v*y - 112379551639207017510819495*v*z + 1954982059185425274983282554*v + 49125667479026294221651956*w**2 - 231309853068187172857737056*w*x + 336566668453474276736991965*w*y - 109448808645802129303383769*w*z + 2161551705208720061585238800*w - 131937218091183943788983567*x**2 + 194426466601555720413887073*x*y - 281534843854114825426242051*x*z + 691339345660575559681095289*x - 54121675206945192121734399*y**2 + 50054265656982099086970111*y*z - 519774343753527078199673990*y - 88912332010741203618070907*z**2 + 469142577912409877221417097*z + 2565851674754308256447602814']
  is_equivalent = False
  total_successes = 0, success_rate = 0.0
DEGREE = 4:
METHOD = 'diofantos':


Whole evaluation from the beginning of the script took:
 1.9 seconds, i.e. 0.03 minutes or 0.001 hours.

Current time: 2026-03-23 16:39:16.425463
Mon Mar 23 04:39:16 PM CET 2026
this is oei.sh 1 sth-dp-d4 0 999    doing   doones job_id 65441071 task_id 1 * 1000 + 748 --exper_id sth-dp-d4
