==============================================
Starting time (of array_subjob 65441071_759):
Mon Mar 23 04:39:12 PM CET 2026
(True, True)
(True, False)
(True, False)
Current time: 2026-03-23 16:39:14.701930 

True
METHOD = 'diofantos'
DEGREE = 4
SCALE = 3000
  all_datasets = 2257
pds1759.csv:
  gt_rhs = '4*w*z + 2*x**2 + 5'
d_max = 1
d_max = 2
   target = 4*w*z + 2*x**2 + 5
['4*w*z + 2*x**2 + 5']
  is_equivalent = True
  total_successes = 1, success_rate = 1.0
DEGREE = 4:
METHOD = 'diofantos':


Whole evaluation from the beginning of the script took:
 1.9 seconds, i.e. 0.03 minutes or 0.001 hours.

Current time: 2026-03-23 16:39:16.594065
Mon Mar 23 04:39:17 PM CET 2026
this is oei.sh 1 sth-dp-d4 0 999    doing   doones job_id 65441071 task_id 1 * 1000 + 759 --exper_id sth-dp-d4
