==============================================
Starting time (of array_subjob 65441071_922):
Mon Mar 23 04:39:14 PM CET 2026
(True, True)
(True, False)
(True, False)
Current time: 2026-03-23 16:39:17.294542 

True
METHOD = 'diofantos'
DEGREE = 4
SCALE = 3000
  all_datasets = 2257
pds1922.csv:
  gt_rhs = '-10*v*w + 4*v*z + 3*w*x'
d_max = 1
d_max = 2
   target = -10*v*w + 4*v*z + 3*w*x
['-10*v*w + 4*v*z + 3*w*x']
  is_equivalent = True
  total_successes = 1, success_rate = 1.0
DEGREE = 4:
METHOD = 'diofantos':


Whole evaluation from the beginning of the script took:
 1.9 seconds, i.e. 0.03 minutes or 0.001 hours.

Current time: 2026-03-23 16:39:19.190752
Mon Mar 23 04:39:19 PM CET 2026
this is oei.sh 1 sth-dp-d4 0 999    doing   doones job_id 65441071 task_id 1 * 1000 + 922 --exper_id sth-dp-d4
