==============================================
Starting time (of array_subjob 65441071_962):
Mon Mar 23 04:39:14 PM CET 2026
(True, True)
(True, False)
(True, False)
Current time: 2026-03-23 16:39:16.308032 

True
METHOD = 'diofantos'
DEGREE = 4
SCALE = 3000
  all_datasets = 2257
pds1962.csv:
  gt_rhs = '-5*w**2*z - 9*w - 7*y - 6'
d_max = 1
d_max = 2
d_max = 3
   target = -5*w**2*z - 9*w - 7*y - 6
['-5*w**2*z - 9*w - 7*y - 6']
  is_equivalent = True
  total_successes = 1, success_rate = 1.0
DEGREE = 4:
METHOD = 'diofantos':


Whole evaluation from the beginning of the script took:
 52.5 seconds, i.e. 0.87 minutes or 0.015 hours.

Current time: 2026-03-23 16:40:08.805539
Mon Mar 23 04:40:09 PM CET 2026
this is oei.sh 1 sth-dp-d4 0 999    doing   doones job_id 65441071 task_id 1 * 1000 + 962 --exper_id sth-dp-d4
