==============================================
Starting time (of array_subjob 65441071_91):
Mon Mar 23 04:39:05 PM CET 2026
(True, True)
(True, False)
(True, False)
Current time: 2026-03-23 16:39:07.596772 

True
METHOD = 'diofantos'
DEGREE = 4
SCALE = 3000
  all_datasets = 2257
pds1091.csv:
  gt_rhs = '-v + w*x*y + 5'
d_max = 1
d_max = 2
d_max = 3
   target = -v + w*x*y + 5
['-v + w*x*y + 5']
  is_equivalent = True
  total_successes = 1, success_rate = 1.0
DEGREE = 4:
METHOD = 'diofantos':


Whole evaluation from the beginning of the script took:
 56.2 seconds, i.e. 0.94 minutes or 0.016 hours.

Current time: 2026-03-23 16:40:03.749843
Mon Mar 23 04:40:04 PM CET 2026
this is oei.sh 1 sth-dp-d4 0 999    doing   doones job_id 65441071 task_id 1 * 1000 + 91 --exper_id sth-dp-d4
