==============================================
Starting time (of array_subjob 65441071_95):
Mon Mar 23 04:39:05 PM CET 2026
(True, True)
(True, False)
(True, False)
Current time: 2026-03-23 16:39:07.935821 

True
METHOD = 'diofantos'
DEGREE = 4
SCALE = 3000
  all_datasets = 2257
pds1095.csv:
  gt_rhs = '6*w**2*y**3*z - 9*x'
d_max = 1
d_max = 2
   target = 3254437724290058655824718516*v**2 + 4885327272913283048474387178*v*w + 7147573656779805359025320154*v*x - 3160175512058581260929728644*v*y - 15092979586330421577951974856*v*z + 37691225785771013515979149092*v - 2357419871376224434527172230*w**2 + 11209055648805794011061615277*w*x - 5164096982283094923684621876*w*y + 12707906341398160386189067449*w*z - 51721261190165855496372941727*w - 13180135570278028215398602098*x**2 + 19112128970829956174292870474*x*y - 8267134842332850543821978247*x*z + 35761986298262513347218947634*x - 5737426349063937772127134977*y**2 + 6991960054722055670303084292*y*z - 44551297063092173820845824761*y - 7586512300554099537177352164*z**2 + 37505245843322385105720385443*z + 78255718357201936092242272539
['3254437724290058655824718516*v**2 + 4885327272913283048474387178*v*w + 7147573656779805359025320154*v*x - 3160175512058581260929728644*v*y - 15092979586330421577951974856*v*z + 37691225785771013515979149092*v - 2357419871376224434527172230*w**2 + 11209055648805794011061615277*w*x - 5164096982283094923684621876*w*y + 12707906341398160386189067449*w*z - 51721261190165855496372941727*w - 13180135570278028215398602098*x**2 + 19112128970829956174292870474*x*y - 8267134842332850543821978247*x*z + 35761986298262513347218947634*x - 5737426349063937772127134977*y**2 + 6991960054722055670303084292*y*z - 44551297063092173820845824761*y - 7586512300554099537177352164*z**2 + 37505245843322385105720385443*z + 78255718357201936092242272539']
  is_equivalent = False
  total_successes = 0, success_rate = 0.0
DEGREE = 4:
METHOD = 'diofantos':


Whole evaluation from the beginning of the script took:
 2.5 seconds, i.e. 0.04 minutes or 0.001 hours.

Current time: 2026-03-23 16:39:10.485737
Mon Mar 23 04:39:11 PM CET 2026
this is oei.sh 1 sth-dp-d4 0 999    doing   doones job_id 65441071 task_id 1 * 1000 + 95 --exper_id sth-dp-d4
