==============================================
Starting time (of array_subjob 65441071_201):
Mon Mar 23 04:39:05 PM CET 2026
(True, True)
(True, False)
(True, False)
Current time: 2026-03-23 16:39:08.294406 

True
METHOD = 'diofantos'
DEGREE = 4
SCALE = 3000
  all_datasets = 2257
pds1201.csv:
  gt_rhs = '-2*w**2*x*y + 5*w + 10'
d_max = 1
d_max = 2
   target = -3430785965483261857698697082618*v**2 + 2868077747345419651290493003018*v*w + 2347172857035300252503830859316*v*x - 1784441531912258986451635306240*v*y - 1078321814511632128284553777324*v*z + 28407425468852195332380417252616*v - 319194367615354745877861642930*w**2 + 210679218673741446890209070556*w*x - 360586239410130699990314239442*w*y + 333970147009292839238640988450*w*z - 9702385732304592378261491599361*w - 3075605156245173783760839450628*x**2 - 4513837567331395869803096874826*x*y + 4745205923847624205199038528140*x*z - 21290338358593435359335529241760*x - 5295626202543069882163762492130*y**2 + 7117056682588762546207502537850*y*z + 8679947646299479120896821707420*y + 304871260041254452023844716872*z**2 + 8483240606923880162082466415174*z + 164926711328519084851808916902114
['-3430785965483261857698697082618*v**2 + 2868077747345419651290493003018*v*w + 2347172857035300252503830859316*v*x - 1784441531912258986451635306240*v*y - 1078321814511632128284553777324*v*z + 28407425468852195332380417252616*v - 319194367615354745877861642930*w**2 + 210679218673741446890209070556*w*x - 360586239410130699990314239442*w*y + 333970147009292839238640988450*w*z - 9702385732304592378261491599361*w - 3075605156245173783760839450628*x**2 - 4513837567331395869803096874826*x*y + 4745205923847624205199038528140*x*z - 21290338358593435359335529241760*x - 5295626202543069882163762492130*y**2 + 7117056682588762546207502537850*y*z + 8679947646299479120896821707420*y + 304871260041254452023844716872*z**2 + 8483240606923880162082466415174*z + 164926711328519084851808916902114']
  is_equivalent = False
  total_successes = 0, success_rate = 0.0
DEGREE = 4:
METHOD = 'diofantos':


Whole evaluation from the beginning of the script took:
 3.1 seconds, i.e. 0.05 minutes or 0.001 hours.

Current time: 2026-03-23 16:39:11.413393
Mon Mar 23 04:39:11 PM CET 2026
this is oei.sh 1 sth-dp-d4 0 999    doing   doones job_id 65441071 task_id 1 * 1000 + 201 --exper_id sth-dp-d4
