==============================================
Starting time (of array_subjob 65441071_202):
Mon Mar 23 04:39:05 PM CET 2026
(True, True)
(True, False)
(True, False)
Current time: 2026-03-23 16:39:08.304926 

True
METHOD = 'diofantos'
DEGREE = 4
SCALE = 3000
  all_datasets = 2257
pds1202.csv:
  gt_rhs = '10*w*z + 9*y**2 - 10*y'
d_max = 1
d_max = 2
   target = 10*w*z + 9*y**2 - 10*y
['10*w*z + 9*y**2 - 10*y']
  is_equivalent = True
  total_successes = 1, success_rate = 1.0
DEGREE = 4:
METHOD = 'diofantos':


Whole evaluation from the beginning of the script took:
 2.9 seconds, i.e. 0.05 minutes or 0.001 hours.

Current time: 2026-03-23 16:39:11.161423
Mon Mar 23 04:39:11 PM CET 2026
this is oei.sh 1 sth-dp-d4 0 999    doing   doones job_id 65441071 task_id 1 * 1000 + 202 --exper_id sth-dp-d4
