==============================================
Starting time (of array_subjob 65441071_246):
Mon Mar 23 04:39:06 PM CET 2026
(True, True)
(True, False)
(True, False)
Current time: 2026-03-23 16:39:09.028731 

True
METHOD = 'diofantos'
DEGREE = 4
SCALE = 3000
  all_datasets = 2257
pds1246.csv:
  gt_rhs = '6*v*z**2 - 5*w + 5*z**3'
d_max = 1
d_max = 2
   target = 113575532777199101293573489359*v**2 + 39814060752901021684309754871*v*w - 115494128228317605402958004556*v*x + 42486485717185573056956611275*v*y + 16641708286696378451717290236*v*z + 41768643874325425640806693623*v + 58679166495492704146494047013*w**2 - 192599007772261227607910603943*w*x - 183173477207104087198368980127*w*y + 24036249387513462848854860255*w*z + 567982983400695387548435065333*w + 85945470486126793927176496332*x**2 - 97301391571514525434853784339*x*y - 69622814648552110347151030812*x*z - 693428724585749850008803675314*x - 145764485106318034869479790312*y**2 + 78547728492849320178824898189*y*z - 569440511150771836467763701498*y - 144833942099755837680783003534*z**2 - 478140140374485869998303788907*z - 1975853209775850810703617631644
['113575532777199101293573489359*v**2 + 39814060752901021684309754871*v*w - 115494128228317605402958004556*v*x + 42486485717185573056956611275*v*y + 16641708286696378451717290236*v*z + 41768643874325425640806693623*v + 58679166495492704146494047013*w**2 - 192599007772261227607910603943*w*x - 183173477207104087198368980127*w*y + 24036249387513462848854860255*w*z + 567982983400695387548435065333*w + 85945470486126793927176496332*x**2 - 97301391571514525434853784339*x*y - 69622814648552110347151030812*x*z - 693428724585749850008803675314*x - 145764485106318034869479790312*y**2 + 78547728492849320178824898189*y*z - 569440511150771836467763701498*y - 144833942099755837680783003534*z**2 - 478140140374485869998303788907*z - 1975853209775850810703617631644']
  is_equivalent = False
  total_successes = 0, success_rate = 0.0
DEGREE = 4:
METHOD = 'diofantos':


Whole evaluation from the beginning of the script took:
 2.9 seconds, i.e. 0.05 minutes or 0.001 hours.

Current time: 2026-03-23 16:39:11.889578
Mon Mar 23 04:39:12 PM CET 2026
this is oei.sh 1 sth-dp-d4 0 999    doing   doones job_id 65441071 task_id 1 * 1000 + 246 --exper_id sth-dp-d4
