==============================================
Starting time (of array_subjob 65441071_293):
Mon Mar 23 04:39:06 PM CET 2026
(True, True)
(True, False)
(True, False)
Current time: 2026-03-23 16:39:09.286192 

True
METHOD = 'diofantos'
DEGREE = 4
SCALE = 3000
  all_datasets = 2257
pds1293.csv:
  gt_rhs = '-4*v*w*y + 3*x**2'
d_max = 1
d_max = 2
   target = 2602377787333549766933148*v**2 - 3990630398114836691209642*v*w + 29263444141489901100606378*v*x + 13637891963800709495802030*v*y + 9229842701049426678206284*v*z + 74192900104235774146641132*v - 1638564942970837860660470*w**2 + 1589868580725442372638990*w*x + 433239827152528438649804*w*y - 1418134532119755908194810*w*z + 18548662092491577349284516*w + 13375982597210752532280346*x**2 - 8838421849836448728831372*x*y + 39397717043725818522672426*x*z + 118447598959811552578136431*x - 13561406547973752734522606*y**2 + 37383676426123257122294408*y*z + 69025362724700675975418510*y - 20998474392596585526344469*z**2 - 78008089257384288876839319*z + 272810031267899104844685720
['2602377787333549766933148*v**2 - 3990630398114836691209642*v*w + 29263444141489901100606378*v*x + 13637891963800709495802030*v*y + 9229842701049426678206284*v*z + 74192900104235774146641132*v - 1638564942970837860660470*w**2 + 1589868580725442372638990*w*x + 433239827152528438649804*w*y - 1418134532119755908194810*w*z + 18548662092491577349284516*w + 13375982597210752532280346*x**2 - 8838421849836448728831372*x*y + 39397717043725818522672426*x*z + 118447598959811552578136431*x - 13561406547973752734522606*y**2 + 37383676426123257122294408*y*z + 69025362724700675975418510*y - 20998474392596585526344469*z**2 - 78008089257384288876839319*z + 272810031267899104844685720']
  is_equivalent = False
  total_successes = 0, success_rate = 0.0
DEGREE = 4:
METHOD = 'diofantos':


Whole evaluation from the beginning of the script took:
 1.8 seconds, i.e. 0.03 minutes or 0.0 hours.

Current time: 2026-03-23 16:39:11.048132
Mon Mar 23 04:39:11 PM CET 2026
this is oei.sh 1 sth-dp-d4 0 999    doing   doones job_id 65441071 task_id 1 * 1000 + 293 --exper_id sth-dp-d4
