==============================================
Starting time (of array_subjob 65441071_384):
Mon Mar 23 04:39:06 PM CET 2026
(True, True)
(True, False)
(True, False)
Current time: 2026-03-23 16:39:08.256084 

True
METHOD = 'diofantos'
DEGREE = 4
SCALE = 3000
  all_datasets = 2257
pds1384.csv:
  gt_rhs = '3*v*w**4'
d_max = 1
d_max = 2
   target = -13517843076218234445167453733*v**2 + 8414732693426424481288368171*v*w - 22821781238874031708680167808*v*x - 100062932836581554964942520634*v*y - 2325781215777141470615590456*v*z - 130979470193242045909063778145*v - 76046041526138335769399826673*w**2 + 50545865655139088797803111288*w*x + 84987142413978740181364181984*w*y - 84974590452427532197290529288*w*z + 152601553309597778630163806319*w - 55373709352682738612752359724*x**2 - 58643155953546754437803716482*x*y + 93410018696138308745419358982*x*z + 311468341497301902425694181354*x + 83077269084715790681887396414*y**2 - 20287382599583352268738779668*y*z + 593521532906032689494978534410*y - 11891422568913172976371706585*z**2 - 13651724574960759819035138543*z + 2112482353483058717518809307558
['-13517843076218234445167453733*v**2 + 8414732693426424481288368171*v*w - 22821781238874031708680167808*v*x - 100062932836581554964942520634*v*y - 2325781215777141470615590456*v*z - 130979470193242045909063778145*v - 76046041526138335769399826673*w**2 + 50545865655139088797803111288*w*x + 84987142413978740181364181984*w*y - 84974590452427532197290529288*w*z + 152601553309597778630163806319*w - 55373709352682738612752359724*x**2 - 58643155953546754437803716482*x*y + 93410018696138308745419358982*x*z + 311468341497301902425694181354*x + 83077269084715790681887396414*y**2 - 20287382599583352268738779668*y*z + 593521532906032689494978534410*y - 11891422568913172976371706585*z**2 - 13651724574960759819035138543*z + 2112482353483058717518809307558']
  is_equivalent = False
  total_successes = 0, success_rate = 0.0
DEGREE = 4:
METHOD = 'diofantos':


Whole evaluation from the beginning of the script took:
 2.1 seconds, i.e. 0.04 minutes or 0.001 hours.

Current time: 2026-03-23 16:39:10.378348
Mon Mar 23 04:39:10 PM CET 2026
this is oei.sh 1 sth-dp-d4 0 999    doing   doones job_id 65441071 task_id 1 * 1000 + 384 --exper_id sth-dp-d4
