==============================================
Starting time (of array_subjob 65441071_400):
Mon Mar 23 04:39:07 PM CET 2026
(True, True)
(True, False)
(True, False)
Current time: 2026-03-23 16:39:10.084931 

True
METHOD = 'diofantos'
DEGREE = 4
SCALE = 3000
  all_datasets = 2257
pds1400.csv:
  gt_rhs = '-9*x*y*z - 8*x + 1'
d_max = 1
d_max = 2
   target = 14878130061891426305677063695*v**2 - 51643483350322964017815683324*v*w + 231559535368022044488466739852*v*x + 1041073080191455292330177932834*v*y + 35160354917171025643766143956*v*z + 2318218499239104863427585922463*v + 287597166176448158906034992812*w**2 - 414124173784600237947153062698*w*x + 567174063053089429850018874888*w*y + 684543259734990042584405151734*w*z + 1328279032480826282341414240000*w - 232061137459141362655889553781*x**2 + 505029921526816427116925654618*x*y - 327027098604963253686113940620*x*z + 2100959675792318112248861525135*x + 102724432835689316275037022048*y**2 + 595718759519906567086310428381*y*z + 765697477866227859649312152430*y + 225061184162826413574620827576*z**2 - 761213480918295937197783643172*z - 1284339447602213958360600113389
['14878130061891426305677063695*v**2 - 51643483350322964017815683324*v*w + 231559535368022044488466739852*v*x + 1041073080191455292330177932834*v*y + 35160354917171025643766143956*v*z + 2318218499239104863427585922463*v + 287597166176448158906034992812*w**2 - 414124173784600237947153062698*w*x + 567174063053089429850018874888*w*y + 684543259734990042584405151734*w*z + 1328279032480826282341414240000*w - 232061137459141362655889553781*x**2 + 505029921526816427116925654618*x*y - 327027098604963253686113940620*x*z + 2100959675792318112248861525135*x + 102724432835689316275037022048*y**2 + 595718759519906567086310428381*y*z + 765697477866227859649312152430*y + 225061184162826413574620827576*z**2 - 761213480918295937197783643172*z - 1284339447602213958360600113389']
  is_equivalent = False
  total_successes = 0, success_rate = 0.0
DEGREE = 4:
METHOD = 'diofantos':


Whole evaluation from the beginning of the script took:
 1.9 seconds, i.e. 0.03 minutes or 0.001 hours.

Current time: 2026-03-23 16:39:12.014558
Mon Mar 23 04:39:12 PM CET 2026
this is oei.sh 1 sth-dp-d4 0 999    doing   doones job_id 65441071 task_id 1 * 1000 + 400 --exper_id sth-dp-d4
