==============================================
Starting time (of array_subjob 65441071_412):
Mon Mar 23 04:39:08 PM CET 2026
(True, True)
(True, False)
(True, False)
Current time: 2026-03-23 16:39:10.301547 

True
METHOD = 'diofantos'
DEGREE = 4
SCALE = 3000
  all_datasets = 2257
pds1412.csv:
  gt_rhs = '-6*w**2*z**2 - 8*x'
d_max = 1
d_max = 2
   target = -39862870252206155498934485454*v**2 + 14202095852691118588776558876*v*w + 7148435176938101384579306568*v*x + 88264597457294414674292219124*v*y + 27954286496040121031839547328*v*z - 467623471763448646271522834106*v - 46041206672759718707054557053*w**2 + 154262542419371264738018147304*w*x + 143165366816979857147509418010*w*y - 65078651762480068024168163574*w*z + 265860822109781719827021735477*w + 57317053748669422150068393204*x**2 + 117358051738881174996946425918*x*y + 128090149668393622677138451182*x*z + 161499371679943328722837173556*x + 96786712963738162162965635928*y**2 - 152548877256743310165840718758*y*z + 634701579151052498719838296068*y + 116345964571666461430682989449*z**2 + 166780016052065915245716261831*z - 613536666407286744585863742066
['-39862870252206155498934485454*v**2 + 14202095852691118588776558876*v*w + 7148435176938101384579306568*v*x + 88264597457294414674292219124*v*y + 27954286496040121031839547328*v*z - 467623471763448646271522834106*v - 46041206672759718707054557053*w**2 + 154262542419371264738018147304*w*x + 143165366816979857147509418010*w*y - 65078651762480068024168163574*w*z + 265860822109781719827021735477*w + 57317053748669422150068393204*x**2 + 117358051738881174996946425918*x*y + 128090149668393622677138451182*x*z + 161499371679943328722837173556*x + 96786712963738162162965635928*y**2 - 152548877256743310165840718758*y*z + 634701579151052498719838296068*y + 116345964571666461430682989449*z**2 + 166780016052065915245716261831*z - 613536666407286744585863742066']
  is_equivalent = False
  total_successes = 0, success_rate = 0.0
DEGREE = 4:
METHOD = 'diofantos':


Whole evaluation from the beginning of the script took:
 1.9 seconds, i.e. 0.03 minutes or 0.001 hours.

Current time: 2026-03-23 16:39:12.158690
Mon Mar 23 04:39:12 PM CET 2026
this is oei.sh 1 sth-dp-d4 0 999    doing   doones job_id 65441071 task_id 1 * 1000 + 412 --exper_id sth-dp-d4
