==============================================
Starting time (of array_subjob 65441071_531):
Mon Mar 23 04:39:10 PM CET 2026
(True, True)
(True, False)
(True, False)
Current time: 2026-03-23 16:39:12.709025 

True
METHOD = 'diofantos'
DEGREE = 4
SCALE = 3000
  all_datasets = 2257
pds1531.csv:
  gt_rhs = '10*y**3 - 5*z'
d_max = 1
d_max = 2
   target = 1021406807351290604207109089607*v**2 + 118958893574097164917407410568*v*w + 2152056334619613474955605075530*v*x - 2200477009413084205992076468748*v*y + 3927937889226473657113519084204*v*z + 35000072091820302433641619910081*v - 4722978149634707816301361373613*w**2 + 3665739276015385095850485345136*w*x + 1448100659545997607203741149364*w*y - 2835540551500167695838152789816*w*z + 12051067164995188845072805972223*w - 4350471484508225247425202574911*x**2 + 1461008177966206709538447224056*x*y - 2835090257089915954572438498840*x*z - 12370489857779687002429786391553*x - 2459562313332818689107117926022*y**2 + 2929842217145538366400952191666*y*z - 892976035205979180803471272288*y - 5022990945704547409476776635426*z**2 - 11055430180676639257756023841865*z + 325191887952306136832553934381558
['1021406807351290604207109089607*v**2 + 118958893574097164917407410568*v*w + 2152056334619613474955605075530*v*x - 2200477009413084205992076468748*v*y + 3927937889226473657113519084204*v*z + 35000072091820302433641619910081*v - 4722978149634707816301361373613*w**2 + 3665739276015385095850485345136*w*x + 1448100659545997607203741149364*w*y - 2835540551500167695838152789816*w*z + 12051067164995188845072805972223*w - 4350471484508225247425202574911*x**2 + 1461008177966206709538447224056*x*y - 2835090257089915954572438498840*x*z - 12370489857779687002429786391553*x - 2459562313332818689107117926022*y**2 + 2929842217145538366400952191666*y*z - 892976035205979180803471272288*y - 5022990945704547409476776635426*z**2 - 11055430180676639257756023841865*z + 325191887952306136832553934381558']
  is_equivalent = False
  total_successes = 0, success_rate = 0.0
DEGREE = 4:
METHOD = 'diofantos':


Whole evaluation from the beginning of the script took:
 2.0 seconds, i.e. 0.03 minutes or 0.001 hours.

Current time: 2026-03-23 16:39:14.756838
Mon Mar 23 04:39:15 PM CET 2026
this is oei.sh 1 sth-dp-d4 0 999    doing   doones job_id 65441071 task_id 1 * 1000 + 531 --exper_id sth-dp-d4
