==============================================
Starting time (of array_subjob 65441071_546):
Mon Mar 23 04:39:11 PM CET 2026
(True, True)
(True, False)
(True, False)
Current time: 2026-03-23 16:39:13.643047 

True
METHOD = 'diofantos'
DEGREE = 4
SCALE = 3000
  all_datasets = 2257
pds1546.csv:
  gt_rhs = '2*v**2 - 2*v*w**2*z - 5*z - 5'
d_max = 1
d_max = 2
   target = -15677398538697843981377870923*v**2 + 28772734774725426966832931250*v*w + 42794836387618783833747215544*v*x - 40928753049359375940370812459*v*y + 20365809723047636765791363471*v*z + 26123630509120744863790704231*v + 2822462537233206383072840412*w**2 - 37273064740106243609820774354*w*x - 22167386506898238463225350840*w*y + 33007841609368147744763406972*w*z + 112905037886880018875229314346*w + 70704733177362511905856499964*x**2 + 91454344800829085114820439836*x*y + 104859366205272128997736614324*x*z + 27964259470206183444661281414*x + 82893773835828804609573567426*y**2 + 62766670477148415209040133509*y*z - 103715889634711607195253010803*y + 1724877143182414886502839112*z**2 - 181911749843743088156971883825*z - 4285422733240466389959937805855
['-15677398538697843981377870923*v**2 + 28772734774725426966832931250*v*w + 42794836387618783833747215544*v*x - 40928753049359375940370812459*v*y + 20365809723047636765791363471*v*z + 26123630509120744863790704231*v + 2822462537233206383072840412*w**2 - 37273064740106243609820774354*w*x - 22167386506898238463225350840*w*y + 33007841609368147744763406972*w*z + 112905037886880018875229314346*w + 70704733177362511905856499964*x**2 + 91454344800829085114820439836*x*y + 104859366205272128997736614324*x*z + 27964259470206183444661281414*x + 82893773835828804609573567426*y**2 + 62766670477148415209040133509*y*z - 103715889634711607195253010803*y + 1724877143182414886502839112*z**2 - 181911749843743088156971883825*z - 4285422733240466389959937805855']
  is_equivalent = False
  total_successes = 0, success_rate = 0.0
DEGREE = 4:
METHOD = 'diofantos':


Whole evaluation from the beginning of the script took:
 2.0 seconds, i.e. 0.03 minutes or 0.001 hours.

Current time: 2026-03-23 16:39:15.619163
Mon Mar 23 04:39:16 PM CET 2026
this is oei.sh 1 sth-dp-d4 0 999    doing   doones job_id 65441071 task_id 1 * 1000 + 546 --exper_id sth-dp-d4
