==============================================
Starting time (of array_subjob 65441071_592):
Mon Mar 23 04:39:10 PM CET 2026
(True, True)
(True, False)
(True, False)
Current time: 2026-03-23 16:39:12.950414 

True
METHOD = 'diofantos'
DEGREE = 4
SCALE = 3000
  all_datasets = 2257
pds1592.csv:
  gt_rhs = '3*v*w**2*y*z**3 - 6*v'
d_max = 1
d_max = 2
   target = 46936783342126420696230334900*v**2 - 240766481373984814512977768421*v*w - 22191465028251891931456755575*v*x + 101687490696986005021303122501*v*y + 55072974149158735078962147575*v*z + 934251266594340849247459097721*v + 234652016462990924321235120178*w**2 - 49260203697745488657976325047*w*x + 339545180711724940928678854608*w*y - 63067811673207304792757549962*w*z - 1176156139227576131033951976101*w - 65072753853451287142641976741*x**2 - 28897041413565893865630585249*x*y - 18799659141703091952474481046*x*z + 848166279563405472216618822289*x - 215214594337615550671397600021*y**2 + 131200021499895685662472478928*y*z - 1973290223496496655695803447992*y + 129889832608485070729761264059*z**2 - 116043611630288225207287767442*z - 1881922057038882046412161262697
['46936783342126420696230334900*v**2 - 240766481373984814512977768421*v*w - 22191465028251891931456755575*v*x + 101687490696986005021303122501*v*y + 55072974149158735078962147575*v*z + 934251266594340849247459097721*v + 234652016462990924321235120178*w**2 - 49260203697745488657976325047*w*x + 339545180711724940928678854608*w*y - 63067811673207304792757549962*w*z - 1176156139227576131033951976101*w - 65072753853451287142641976741*x**2 - 28897041413565893865630585249*x*y - 18799659141703091952474481046*x*z + 848166279563405472216618822289*x - 215214594337615550671397600021*y**2 + 131200021499895685662472478928*y*z - 1973290223496496655695803447992*y + 129889832608485070729761264059*z**2 - 116043611630288225207287767442*z - 1881922057038882046412161262697']
  is_equivalent = False
  total_successes = 0, success_rate = 0.0
DEGREE = 4:
METHOD = 'diofantos':


Whole evaluation from the beginning of the script took:
 2.0 seconds, i.e. 0.03 minutes or 0.001 hours.

Current time: 2026-03-23 16:39:14.998428
Mon Mar 23 04:39:15 PM CET 2026
this is oei.sh 1 sth-dp-d4 0 999    doing   doones job_id 65441071 task_id 1 * 1000 + 592 --exper_id sth-dp-d4
