==============================================
Starting time (of array_subjob 65441071_667):
Mon Mar 23 04:39:12 PM CET 2026
(True, True)
(True, False)
(True, False)
Current time: 2026-03-23 16:39:14.754894 

True
METHOD = 'diofantos'
DEGREE = 4
SCALE = 3000
  all_datasets = 2257
pds1667.csv:
  gt_rhs = '9*v**3*x*z'
d_max = 1
d_max = 2
   target = -423795900958914984178878265594*v**2 - 319379041693397123069168194040*v*w - 152533991692057071616004808974*v*x + 1059961754627233473452800839214*v*y - 1050040240473466260378343008740*v*z + 2637954394897904019735616571488*v - 640396947708625525992628589875*w**2 - 1345666899551592267141898059442*w*x - 260663583994363868039751708634*w*y + 1691278231507313332007969092882*w*z + 5100586708926921059331697281625*w - 1112115387555025087517052515049*x**2 - 168095289764016846766718029814*x*y + 1409911407009699050306153179135*x*z - 37211871297297042622041557305*x + 1388991734407988857251159134012*y**2 - 273094951556663758279567275536*y*z + 1509501777464357850759884247950*y - 2076388249638281445010364170984*z**2 + 115502690348492910502135598288*z + 28237072321772703844295251178832
['-423795900958914984178878265594*v**2 - 319379041693397123069168194040*v*w - 152533991692057071616004808974*v*x + 1059961754627233473452800839214*v*y - 1050040240473466260378343008740*v*z + 2637954394897904019735616571488*v - 640396947708625525992628589875*w**2 - 1345666899551592267141898059442*w*x - 260663583994363868039751708634*w*y + 1691278231507313332007969092882*w*z + 5100586708926921059331697281625*w - 1112115387555025087517052515049*x**2 - 168095289764016846766718029814*x*y + 1409911407009699050306153179135*x*z - 37211871297297042622041557305*x + 1388991734407988857251159134012*y**2 - 273094951556663758279567275536*y*z + 1509501777464357850759884247950*y - 2076388249638281445010364170984*z**2 + 115502690348492910502135598288*z + 28237072321772703844295251178832']
  is_equivalent = False
  total_successes = 0, success_rate = 0.0
DEGREE = 4:
METHOD = 'diofantos':


Whole evaluation from the beginning of the script took:
 2.1 seconds, i.e. 0.03 minutes or 0.001 hours.

Current time: 2026-03-23 16:39:16.827668
Mon Mar 23 04:39:17 PM CET 2026
this is oei.sh 1 sth-dp-d4 0 999    doing   doones job_id 65441071 task_id 1 * 1000 + 667 --exper_id sth-dp-d4
