==============================================
Starting time (of array_subjob 65441071_676):
Mon Mar 23 04:39:12 PM CET 2026
(True, True)
(True, False)
(True, False)
Current time: 2026-03-23 16:39:14.655294 

True
METHOD = 'diofantos'
DEGREE = 4
SCALE = 3000
  all_datasets = 2257
pds1676.csv:
  gt_rhs = '8*v*y - 8*v - 6*w**2 + 1'
d_max = 1
d_max = 2
   target = 8*v*y - 8*v - 6*w**2 + 1
['8*v*y - 8*v - 6*w**2 + 1']
  is_equivalent = True
  total_successes = 1, success_rate = 1.0
DEGREE = 4:
METHOD = 'diofantos':


Whole evaluation from the beginning of the script took:
 1.9 seconds, i.e. 0.03 minutes or 0.001 hours.

Current time: 2026-03-23 16:39:16.597438
Mon Mar 23 04:39:17 PM CET 2026
this is oei.sh 1 sth-dp-d4 0 999    doing   doones job_id 65441071 task_id 1 * 1000 + 676 --exper_id sth-dp-d4
