==============================================
Starting time (of array_subjob 65441071_853):
Mon Mar 23 04:39:13 PM CET 2026
(True, True)
(True, False)
(True, False)
Current time: 2026-03-23 16:39:15.637369 

True
METHOD = 'diofantos'
DEGREE = 4
SCALE = 3000
  all_datasets = 2257
pds1853.csv:
  gt_rhs = '-5*v*w*x**2*y*z**2 + 7*w'
d_max = 1
d_max = 2
   target = 22364574422923328151870667432*v**2 + 23809850937958544096966742156*v*w + 11250886173189052494113978621*v*x - 108658080359595760435251183466*v*y + 75994556208749087507327906046*v*z - 486779346678157037007622916388*v - 27214687980268531175177612215*w**2 + 96973411485661372458520095184*w*x + 16757346321358440816255712892*w*y - 39587476972697284776250712802*w*z - 179027118208567184376097244372*w - 44337338060130567724312736046*x**2 - 64096232903617661276924720786*x*y + 95000689338912496769424899929*x*z - 130484209054118322217206852707*x - 28235438717477401724787210756*y**2 - 52471438739249116782867639926*y*z + 43241424699196919187047908318*y + 45686134436349137935779198636*z**2 - 366698298968766930285162267138*z + 235177472277547610457121616964
['22364574422923328151870667432*v**2 + 23809850937958544096966742156*v*w + 11250886173189052494113978621*v*x - 108658080359595760435251183466*v*y + 75994556208749087507327906046*v*z - 486779346678157037007622916388*v - 27214687980268531175177612215*w**2 + 96973411485661372458520095184*w*x + 16757346321358440816255712892*w*y - 39587476972697284776250712802*w*z - 179027118208567184376097244372*w - 44337338060130567724312736046*x**2 - 64096232903617661276924720786*x*y + 95000689338912496769424899929*x*z - 130484209054118322217206852707*x - 28235438717477401724787210756*y**2 - 52471438739249116782867639926*y*z + 43241424699196919187047908318*y + 45686134436349137935779198636*z**2 - 366698298968766930285162267138*z + 235177472277547610457121616964']
  is_equivalent = False
  total_successes = 0, success_rate = 0.0
DEGREE = 4:
METHOD = 'diofantos':


Whole evaluation from the beginning of the script took:
 2.0 seconds, i.e. 0.03 minutes or 0.001 hours.

Current time: 2026-03-23 16:39:17.588959
Mon Mar 23 04:39:18 PM CET 2026
this is oei.sh 1 sth-dp-d4 0 999    doing   doones job_id 65441071 task_id 1 * 1000 + 853 --exper_id sth-dp-d4
