==============================================
Starting time (of array_subjob 65441071_855):
Mon Mar 23 04:39:12 PM CET 2026
(True, True)
(True, False)
(True, False)
Current time: 2026-03-23 16:39:14.750443 

True
METHOD = 'diofantos'
DEGREE = 4
SCALE = 3000
  all_datasets = 2257
pds1855.csv:
  gt_rhs = '5*v - 7*x*z**2 - 8'
d_max = 1
d_max = 2
d_max = 3
   target = 5*v - 7*x*z**2 - 8
['5*v - 7*x*z**2 - 8']
  is_equivalent = True
  total_successes = 1, success_rate = 1.0
DEGREE = 4:
METHOD = 'diofantos':


Whole evaluation from the beginning of the script took:
 50.7 seconds, i.e. 0.84 minutes or 0.014 hours.

Current time: 2026-03-23 16:40:05.407348
Mon Mar 23 04:40:05 PM CET 2026
this is oei.sh 1 sth-dp-d4 0 999    doing   doones job_id 65441071 task_id 1 * 1000 + 855 --exper_id sth-dp-d4
