==============================================
Starting time (of array_subjob 65441071_941):
Mon Mar 23 04:39:13 PM CET 2026
(True, True)
(True, False)
(True, False)
Current time: 2026-03-23 16:39:16.171015 

True
METHOD = 'diofantos'
DEGREE = 4
SCALE = 3000
  all_datasets = 2257
pds1941.csv:
  gt_rhs = '9*v*w**2*x*y + 2*x'
d_max = 1
d_max = 2
   target = -73381292311369495221238774754*v**2 + 55295942421854748129303029868*v*w + 34926551345631490218150984248*v*x + 9601467883885144192550717388*v*y + 423807646423482785840368786204*v*z + 1543157309356542114736497972520*v - 79531153861323368064943323863*w**2 - 89862571518668614083683858928*w*x - 198901985286466046921040901304*w*y + 140552119175677623426417010212*w*z + 647252581368379635207806123691*w + 77255427559999847602729539822*x**2 - 62566551395842181634415797184*x*y + 45084537527296655480822667980*x*z + 757235719230633779354920438932*x - 196178881783781796238049576415*y**2 + 97658948146703080569749985618*y*z + 425002845417994284230948774605*y + 100077042616161555771082562266*z**2 + 1983446819240900424662218665654*z + 8519999575512180898603656859722
['-73381292311369495221238774754*v**2 + 55295942421854748129303029868*v*w + 34926551345631490218150984248*v*x + 9601467883885144192550717388*v*y + 423807646423482785840368786204*v*z + 1543157309356542114736497972520*v - 79531153861323368064943323863*w**2 - 89862571518668614083683858928*w*x - 198901985286466046921040901304*w*y + 140552119175677623426417010212*w*z + 647252581368379635207806123691*w + 77255427559999847602729539822*x**2 - 62566551395842181634415797184*x*y + 45084537527296655480822667980*x*z + 757235719230633779354920438932*x - 196178881783781796238049576415*y**2 + 97658948146703080569749985618*y*z + 425002845417994284230948774605*y + 100077042616161555771082562266*z**2 + 1983446819240900424662218665654*z + 8519999575512180898603656859722']
  is_equivalent = False
  total_successes = 0, success_rate = 0.0
DEGREE = 4:
METHOD = 'diofantos':


Whole evaluation from the beginning of the script took:
 2.3 seconds, i.e. 0.04 minutes or 0.001 hours.

Current time: 2026-03-23 16:39:18.500970
Mon Mar 23 04:39:19 PM CET 2026
this is oei.sh 1 sth-dp-d4 0 999    doing   doones job_id 65441071 task_id 1 * 1000 + 941 --exper_id sth-dp-d4
