==============================================
Starting time (of array_subjob 65441071_948):
Mon Mar 23 04:39:13 PM CET 2026
(True, True)
(True, False)
(True, False)
Current time: 2026-03-23 16:39:15.958332 

True
METHOD = 'diofantos'
DEGREE = 4
SCALE = 3000
  all_datasets = 2257
pds1948.csv:
  gt_rhs = '-10*v*x**3*z'
d_max = 1
d_max = 2
   target = -209720825918977520480831909810*v**2 + 982678292928671367278371625180*v*w + 627656901609449650765367662010*v*x + 895179830536570914796094843160*v*y + 736895916131531326583121860250*v*z + 4911909338915820255754031806470*v - 2086198331900878724127543273655*w**2 + 1312237816061541911407166698270*w*x - 182299388412742405643663298830*w*y - 1143596743264348998324587664120*w*z - 4667974027913810961915030021955*w + 494703892287248091201344512455*x**2 - 140437628375604276619805618070*x*y - 856872666998384479126803684390*x*z + 4517481605735916686528213020185*x + 559535192789039402106685458095*y**2 + 426763061690087825633525034660*y*z + 5547344813294929209271707332855*y + 519717709770263462304542130205*z**2 - 807704966590628300512638858275*z + 33636378606661550837220481272690
['-209720825918977520480831909810*v**2 + 982678292928671367278371625180*v*w + 627656901609449650765367662010*v*x + 895179830536570914796094843160*v*y + 736895916131531326583121860250*v*z + 4911909338915820255754031806470*v - 2086198331900878724127543273655*w**2 + 1312237816061541911407166698270*w*x - 182299388412742405643663298830*w*y - 1143596743264348998324587664120*w*z - 4667974027913810961915030021955*w + 494703892287248091201344512455*x**2 - 140437628375604276619805618070*x*y - 856872666998384479126803684390*x*z + 4517481605735916686528213020185*x + 559535192789039402106685458095*y**2 + 426763061690087825633525034660*y*z + 5547344813294929209271707332855*y + 519717709770263462304542130205*z**2 - 807704966590628300512638858275*z + 33636378606661550837220481272690']
  is_equivalent = False
  total_successes = 0, success_rate = 0.0
DEGREE = 4:
METHOD = 'diofantos':


Whole evaluation from the beginning of the script took:
 2.5 seconds, i.e. 0.04 minutes or 0.001 hours.

Current time: 2026-03-23 16:39:18.472349
Mon Mar 23 04:39:19 PM CET 2026
this is oei.sh 1 sth-dp-d4 0 999    doing   doones job_id 65441071 task_id 1 * 1000 + 948 --exper_id sth-dp-d4
