==============================================
Starting time (of array_subjob 65441071_971):
Mon Mar 23 04:39:14 PM CET 2026
(True, True)
(True, False)
(True, False)
Current time: 2026-03-23 16:39:16.319091 

True
METHOD = 'diofantos'
DEGREE = 4
SCALE = 3000
  all_datasets = 2257
pds1971.csv:
  gt_rhs = '7*v*z - 9*w*x**2 - 10'
d_max = 1
d_max = 2
d_max = 3
   target = 7*v*z - 9*w*x**2 - 10
['7*v*z - 9*w*x**2 - 10']
  is_equivalent = True
  total_successes = 1, success_rate = 1.0
DEGREE = 4:
METHOD = 'diofantos':


Whole evaluation from the beginning of the script took:
 51.9 seconds, i.e. 0.86 minutes or 0.014 hours.

Current time: 2026-03-23 16:40:08.174880
Mon Mar 23 04:40:08 PM CET 2026
this is oei.sh 1 sth-dp-d4 0 999    doing   doones job_id 65441071 task_id 1 * 1000 + 971 --exper_id sth-dp-d4
