==============================================
Starting time (of array_subjob 65439090_0):
Mon Mar 23 03:44:35 PM CET 2026
(True, True)
(True, False)
(True, False)
Current time: 2026-03-23 15:44:38.027338 

True
METHOD = 'diofantos'
DEGREE = 4
SCALE = 3000
  all_datasets = 2257
pds0000.csv:
  gt_rhs = '3'
d_max = 1
   target = 3
['3']
  is_equivalent = True
  total_successes = 1, success_rate = 1.0
DEGREE = 4:
METHOD = 'diofantos':


Whole evaluation from the beginning of the script took:
 0.4 seconds, i.e. 0.01 minutes or 0.0 hours.

Current time: 2026-03-23 15:44:38.398877
Mon Mar 23 03:44:38 PM CET 2026
this is oei.sh 0 sth-dp-d4 0 0    doing   doones job_id 65439090 task_id 0 * 1000 + 0 --exper_id sth-dp-d4
