==============================================
Starting time (of array_subjob 64686437_4):
Mon Mar  2 11:39:53 AM CET 2026
(True, True)
(True, False)
(True, False)
Current time: 2026-03-02 11:39:55.423992 

True
METHOD = 'diofantos'
DEGREE = 3
SCALE = 3
  all_datasets = 2257
start = 4, end = 5
task_id = 4
pds0004.csv:
  gt_rhs = 'w'
   target = w
['w']
  is_equivalent = True
  total_successes = 1, success_rate = 1.0


Whole evaluation from the beginning of the script took:
 50.4 seconds, i.e. 0.84 minutes or 0.014 hours.

Current time: 2026-03-02 11:40:45.869572
Mon Mar  2 11:40:46 AM CET 2026
this is oei.sh 0 dopa-deg3 0 999    doing   doones job_id 64686437 task_id 0 * 1000 + 4 --exper_id dopa-deg3
