==============================================
Starting time (of array_subjob 64686437_27):
Mon Mar  2 11:39:53 AM CET 2026
(True, True)
(True, False)
(True, False)
Current time: 2026-03-02 11:39:55.814114 

True
METHOD = 'diofantos'
DEGREE = 3
SCALE = 3
  all_datasets = 2257
start = 27, end = 28
task_id = 27
pds0027.csv:
  gt_rhs = '-3*v'
   target = -3*v
['-3*v']
  is_equivalent = True
  total_successes = 1, success_rate = 1.0


Whole evaluation from the beginning of the script took:
 50.8 seconds, i.e. 0.85 minutes or 0.014 hours.

Current time: 2026-03-02 11:40:46.575273
Mon Mar  2 11:40:46 AM CET 2026
this is oei.sh 0 dopa-deg3 0 999    doing   doones job_id 64686437 task_id 0 * 1000 + 27 --exper_id dopa-deg3
