==============================================
Starting time (of array_subjob 64686437_40):
Wed Mar  4 11:57:22 AM CET 2026
(True, True)
(True, False)
(True, False)
Current time: 2026-03-04 11:57:27.463614 

True
METHOD = 'diofantos'
DEGREE = 3
SCALE = 3
  all_datasets = 2257
start = 40, end = 41
task_id = 40
pds0040.csv:
  gt_rhs = '7*y + 8'
   target = 7*y + 8
['7*y + 8']
  is_equivalent = True
  total_successes = 1, success_rate = 1.0


Whole evaluation from the beginning of the script took:
 51.7 seconds, i.e. 0.86 minutes or 0.014 hours.

Current time: 2026-03-04 11:58:19.185795
Wed Mar  4 11:58:19 AM CET 2026
this is oei.sh 0 dopa-deg3 0 999    doing   doones job_id 64686437 task_id 0 * 1000 + 40 --exper_id dopa-deg3
