==============================================
Starting time (of array_subjob 64686437_193):
Mon Mar  2 11:39:53 AM CET 2026
(True, True)
(True, False)
(True, False)
Current time: 2026-03-02 11:39:56.235768 

True
METHOD = 'diofantos'
DEGREE = 3
SCALE = 3
  all_datasets = 2257
start = 193, end = 194
task_id = 193
pds0193.csv:
  gt_rhs = '3*w*x**2*y'
   target = -4*v**3 - 4*v**2*w + 9*v**2*x - 6*v**2*y + 10*v**2*z - 5*v**2 - 5*v*w**2 - 7*v*w*x + 13*v*w*y - 6*v*w*z + 5*v*w + 11*v*x**2 + 11*v*x*y - 3*v*x*z + 8*v*x - 6*v*y**2 + 6*v*y*z - 10*v*y + 2*v*z**2 + 6*v*z - 3*v - 3*w**3 + 4*w**2*x - 2*w**2*y - 13*w**2*z + 2*w**2 + 13*w*x**2 - 5*w*x*y - 2*w*x*z + 6*w*x + 6*w*y**2 + 2*w*y*z - w*y + 4*w*z**2 + 17*w*z - 3*w - 14*x**3 + 6*x**2*y + 6*x**2*z + 17*x**2 + 5*x*y**2 + 3*x*y*z + 6*x*y - 9*x*z**2 - 16*x*z + 16*x + 2*y**3 - 11*y**2*z + 14*y**2 - 4*y*z**2 + 8*y*z - 11*y + 6*z**3 - 8*z**2 - 9*z - 17
['-4*v**3 - 4*v**2*w + 9*v**2*x - 6*v**2*y + 10*v**2*z - 5*v**2 - 5*v*w**2 - 7*v*w*x + 13*v*w*y - 6*v*w*z + 5*v*w + 11*v*x**2 + 11*v*x*y - 3*v*x*z + 8*v*x - 6*v*y**2 + 6*v*y*z - 10*v*y + 2*v*z**2 + 6*v*z - 3*v - 3*w**3 + 4*w**2*x - 2*w**2*y - 13*w**2*z + 2*w**2 + 13*w*x**2 - 5*w*x*y - 2*w*x*z + 6*w*x + 6*w*y**2 + 2*w*y*z - w*y + 4*w*z**2 + 17*w*z - 3*w - 14*x**3 + 6*x**2*y + 6*x**2*z + 17*x**2 + 5*x*y**2 + 3*x*y*z + 6*x*y - 9*x*z**2 - 16*x*z + 16*x + 2*y**3 - 11*y**2*z + 14*y**2 - 4*y*z**2 + 8*y*z - 11*y + 6*z**3 - 8*z**2 - 9*z - 17']
  is_equivalent = False
  total_successes = 0, success_rate = 0.0


Whole evaluation from the beginning of the script took:
 60415.4 seconds, i.e. 1006.92 minutes or 16.782 hours.

Current time: 2026-03-03 04:26:51.591554
Tue Mar  3 04:26:51 AM CET 2026
this is oei.sh 0 dopa-deg3 0 999    doing   doones job_id 64686437 task_id 0 * 1000 + 193 --exper_id dopa-deg3
