==============================================
Starting time (of array_subjob 64686437_277):
Mon Mar  2 11:39:54 AM CET 2026
(True, True)
(True, False)
(True, False)
Current time: 2026-03-02 11:39:56.545741 

True
METHOD = 'diofantos'
DEGREE = 3
SCALE = 3
  all_datasets = 2257
start = 277, end = 278
task_id = 277
pds0277.csv:
  gt_rhs = '-10*v + 4*w*y*z + 3*x + 3'
   target = -10*v + 4*w*y*z + 3*x + 3
['-10*v + 4*w*y*z + 3*x + 3']
  is_equivalent = True
  total_successes = 1, success_rate = 1.0


Whole evaluation from the beginning of the script took:
 55.1 seconds, i.e. 0.92 minutes or 0.015 hours.

Current time: 2026-03-02 11:40:51.626897
Mon Mar  2 11:40:52 AM CET 2026
this is oei.sh 0 dopa-deg3 0 999    doing   doones job_id 64686437 task_id 0 * 1000 + 277 --exper_id dopa-deg3
