==============================================
Starting time (of array_subjob 64686437_412):
Mon Mar  2 11:39:55 AM CET 2026
(True, True)
(True, False)
(True, False)
Current time: 2026-03-02 11:39:57.446001 

True
METHOD = 'diofantos'
DEGREE = 3
SCALE = 3
  all_datasets = 2257
start = 412, end = 413
task_id = 412
pds0412.csv:
  gt_rhs = '-3*w + 9*x**2*y + 2*y + 7*z'
   target = -3*w + 9*x**2*y + 2*y + 7*z
['-3*w + 9*x**2*y + 2*y + 7*z']
  is_equivalent = True
  total_successes = 1, success_rate = 1.0


Whole evaluation from the beginning of the script took:
 54.6 seconds, i.e. 0.91 minutes or 0.015 hours.

Current time: 2026-03-02 11:40:52.067536
Mon Mar  2 11:40:52 AM CET 2026
this is oei.sh 0 dopa-deg3 0 999    doing   doones job_id 64686437 task_id 0 * 1000 + 412 --exper_id dopa-deg3
