==============================================
Starting time (of array_subjob 64686437_415):
Mon Mar  2 11:39:55 AM CET 2026
(True, True)
(True, False)
(True, False)
Current time: 2026-03-02 11:39:57.857863 

True
METHOD = 'diofantos'
DEGREE = 3
SCALE = 3
  all_datasets = 2257
start = 415, end = 416
task_id = 415
pds0415.csv:
  gt_rhs = '9*w*y**2 - 7*z + 9'
   target = 9*w*y**2 - 7*z + 9
['9*w*y**2 - 7*z + 9']
  is_equivalent = True
  total_successes = 1, success_rate = 1.0


Whole evaluation from the beginning of the script took:
 62.6 seconds, i.e. 1.04 minutes or 0.017 hours.

Current time: 2026-03-02 11:41:00.409720
Mon Mar  2 11:41:00 AM CET 2026
this is oei.sh 0 dopa-deg3 0 999    doing   doones job_id 64686437 task_id 0 * 1000 + 415 --exper_id dopa-deg3
