==============================================
Starting time (of array_subjob 64686437_465):
Mon Mar  2 11:39:56 AM CET 2026
(True, True)
(True, False)
(True, False)
Current time: 2026-03-02 11:39:58.450539 

True
METHOD = 'diofantos'
DEGREE = 3
SCALE = 3
  all_datasets = 2257
start = 465, end = 466
task_id = 465
pds0465.csv:
  gt_rhs = '2*w*x**2 - 6*y - 5'
   target = 2*w*x**2 - 6*y - 5
['2*w*x**2 - 6*y - 5']
  is_equivalent = True
  total_successes = 1, success_rate = 1.0


Whole evaluation from the beginning of the script took:
 60.6 seconds, i.e. 1.01 minutes or 0.017 hours.

Current time: 2026-03-02 11:40:59.008017
Mon Mar  2 11:40:59 AM CET 2026
this is oei.sh 0 dopa-deg3 0 999    doing   doones job_id 64686437 task_id 0 * 1000 + 465 --exper_id dopa-deg3
