==============================================
Starting time (of array_subjob 64686437_889):
Mon Mar  2 11:39:58 AM CET 2026
(True, True)
(True, False)
(True, False)
Current time: 2026-03-02 11:40:00.544036 

True
METHOD = 'diofantos'
DEGREE = 3
SCALE = 3
  all_datasets = 2257
start = 889, end = 890
task_id = 889
pds0889.csv:
  gt_rhs = '-3*x*y**2 + 2*x + 2'
   target = -3*x*y**2 + 2*x + 2
['-3*x*y**2 + 2*x + 2']
  is_equivalent = True
  total_successes = 1, success_rate = 1.0


Whole evaluation from the beginning of the script took:
 62.0 seconds, i.e. 1.03 minutes or 0.017 hours.

Current time: 2026-03-02 11:41:02.536368
Mon Mar  2 11:41:02 AM CET 2026
this is oei.sh 0 dopa-deg3 0 999    doing   doones job_id 64686437 task_id 0 * 1000 + 889 --exper_id dopa-deg3
