==============================================
Starting time (of array_subjob 64686437_897):
Mon Mar  2 11:39:58 AM CET 2026
(True, True)
(True, False)
(True, False)
Current time: 2026-03-02 11:40:00.575542 

True
METHOD = 'diofantos'
DEGREE = 3
SCALE = 3
  all_datasets = 2257
start = 897, end = 898
task_id = 897
pds0897.csv:
  gt_rhs = '2*y'
   target = 2*y
['2*y']
  is_equivalent = True
  total_successes = 1, success_rate = 1.0


Whole evaluation from the beginning of the script took:
 64.7 seconds, i.e. 1.08 minutes or 0.018 hours.

Current time: 2026-03-02 11:41:05.300356
Mon Mar  2 11:41:05 AM CET 2026
this is oei.sh 0 dopa-deg3 0 999    doing   doones job_id 64686437 task_id 0 * 1000 + 897 --exper_id dopa-deg3
