==============================================
Starting time (of array_subjob 64685437_0):
Mon Mar  2 11:39:49 AM CET 2026
(True, True)
(True, False)
(True, False)
Current time: 2026-03-02 11:39:52.509649 

True
METHOD = 'diofantos'
DEGREE = 3
SCALE = 3
  all_datasets = 2257
start = 1000, end = 1001
task_id = 1000
pds1000.csv:
  gt_rhs = '-6*v*x*z + 9*v*x + 6*v + 7*y*z + 6*y'
   target = -6*v*x*z + 9*v*x + 6*v + 7*y*z + 6*y
['-6*v*x*z + 9*v*x + 6*v + 7*y*z + 6*y']
  is_equivalent = True
  total_successes = 1, success_rate = 1.0


Whole evaluation from the beginning of the script took:
 50.1 seconds, i.e. 0.84 minutes or 0.014 hours.

Current time: 2026-03-02 11:40:42.644078
Mon Mar  2 11:40:42 AM CET 2026
this is oei.sh 1 dopa-deg3 0 999    doing   doones job_id 64685437 task_id 1 * 1000 + 0 --exper_id dopa-deg3
