==============================================
Starting time (of array_subjob 64685437_33):
Mon Mar  2 11:39:49 AM CET 2026
(True, True)
(True, False)
(True, False)
Current time: 2026-03-02 11:39:52.514221 

True
METHOD = 'diofantos'
DEGREE = 3
SCALE = 3
  all_datasets = 2257
start = 1033, end = 1034
task_id = 1033
pds1033.csv:
  gt_rhs = '-4*v - 9*w*z**2 - 6'
   target = -4*v - 9*w*z**2 - 6
['-4*v - 9*w*z**2 - 6']
  is_equivalent = True
  total_successes = 1, success_rate = 1.0


Whole evaluation from the beginning of the script took:
 55.1 seconds, i.e. 0.92 minutes or 0.015 hours.

Current time: 2026-03-02 11:40:47.610233
Mon Mar  2 11:40:47 AM CET 2026
this is oei.sh 1 dopa-deg3 0 999    doing   doones job_id 64685437 task_id 1 * 1000 + 33 --exper_id dopa-deg3
