==============================================
Starting time (of array_subjob 64685437_58):
Mon Mar  2 11:39:50 AM CET 2026
(True, True)
(True, False)
(True, False)
Current time: 2026-03-02 11:39:52.525338 

True
METHOD = 'diofantos'
DEGREE = 3
SCALE = 3
  all_datasets = 2257
start = 1058, end = 1059
task_id = 1058
pds1058.csv:
  gt_rhs = '-10*x**3*z**2 - 9'
   target = -37*v**3 + 72*v**2*w - 94*v**2*x - 62*v**2*y - 12*v**2*z + 37*v**2 + 86*v*w**2 - 52*v*w*x + 16*v*w*y - 85*v*w*z - 15*v*w - 80*v*x**2 - 33*v*x*y + 54*v*x*z - 43*v*x - 22*v*y**2 - 24*v*y*z + 14*v*y + 67*v*z**2 + 11*v*z - 16*v - 31*w**3 - 71*w**2*x - 11*w**2*y + 16*w**2*z + 14*w**2 + 18*w*x**2 + 63*w*x*y + 159*w*x*z - 46*w*x - 26*w*y**2 - 15*w*y*z - 14*w*y + 23*w*z**2 - 22*w*z + 8*w - 34*x**3 - 43*x**2*y - 41*x**2*z + 25*x**2 + 39*x*y**2 - 68*x*y*z - 3*x*y - 237*x*z**2 + 15*x*z + 70*y**3 + 39*y**2*z - 15*y**2 + 3*y*z**2 - 9*y*z + 8*y - 24*z**3 - 3*z**2 - 10*z + 8
['-37*v**3 + 72*v**2*w - 94*v**2*x - 62*v**2*y - 12*v**2*z + 37*v**2 + 86*v*w**2 - 52*v*w*x + 16*v*w*y - 85*v*w*z - 15*v*w - 80*v*x**2 - 33*v*x*y + 54*v*x*z - 43*v*x - 22*v*y**2 - 24*v*y*z + 14*v*y + 67*v*z**2 + 11*v*z - 16*v - 31*w**3 - 71*w**2*x - 11*w**2*y + 16*w**2*z + 14*w**2 + 18*w*x**2 + 63*w*x*y + 159*w*x*z - 46*w*x - 26*w*y**2 - 15*w*y*z - 14*w*y + 23*w*z**2 - 22*w*z + 8*w - 34*x**3 - 43*x**2*y - 41*x**2*z + 25*x**2 + 39*x*y**2 - 68*x*y*z - 3*x*y - 237*x*z**2 + 15*x*z + 70*y**3 + 39*y**2*z - 15*y**2 + 3*y*z**2 - 9*y*z + 8*y - 24*z**3 - 3*z**2 - 10*z + 8']
  is_equivalent = False
  total_successes = 0, success_rate = 0.0


Whole evaluation from the beginning of the script took:
 29044.1 seconds, i.e. 484.07 minutes or 8.068 hours.

Current time: 2026-03-02 19:43:56.663216
Mon Mar  2 07:43:56 PM CET 2026
this is oei.sh 1 dopa-deg3 0 999    doing   doones job_id 64685437 task_id 1 * 1000 + 58 --exper_id dopa-deg3
