==============================================
Starting time (of array_subjob 64685437_64):
Mon Mar  2 11:39:50 AM CET 2026
(True, True)
(True, False)
(True, False)
Current time: 2026-03-02 11:39:52.517998 

True
METHOD = 'diofantos'
DEGREE = 3
SCALE = 3
  all_datasets = 2257
start = 1064, end = 1065
task_id = 1064
pds1064.csv:
  gt_rhs = '-6*v + 10*x*y - 4*x*z + 8'
   target = -6*v + 10*x*y - 4*x*z + 8
['-6*v + 10*x*y - 4*x*z + 8']
  is_equivalent = True
  total_successes = 1, success_rate = 1.0


Whole evaluation from the beginning of the script took:
 49.8 seconds, i.e. 0.83 minutes or 0.014 hours.

Current time: 2026-03-02 11:40:42.311765
Mon Mar  2 11:40:42 AM CET 2026
this is oei.sh 1 dopa-deg3 0 999    doing   doones job_id 64685437 task_id 1 * 1000 + 64 --exper_id dopa-deg3
