==============================================
Starting time (of array_subjob 64685437_141):
Mon Mar  2 11:39:50 AM CET 2026
(True, True)
(True, False)
(True, False)
Current time: 2026-03-02 11:39:54.188992 

True
METHOD = 'diofantos'
DEGREE = 3
SCALE = 3
  all_datasets = 2257
start = 1141, end = 1142
task_id = 1141
pds1141.csv:
  gt_rhs = '-5*y*z - 2*z'
   target = -5*y*z - 2*z
['-5*y*z - 2*z']
  is_equivalent = True
  total_successes = 1, success_rate = 1.0


Whole evaluation from the beginning of the script took:
 76.6 seconds, i.e. 1.28 minutes or 0.021 hours.

Current time: 2026-03-02 11:41:10.826384
Mon Mar  2 11:41:11 AM CET 2026
this is oei.sh 1 dopa-deg3 0 999    doing   doones job_id 64685437 task_id 1 * 1000 + 141 --exper_id dopa-deg3
