==============================================
Starting time (of array_subjob 64685437_175):
Mon Mar  2 11:39:50 AM CET 2026
(True, True)
(True, False)
(True, False)
Current time: 2026-03-02 11:39:54.219205 

True
METHOD = 'diofantos'
DEGREE = 3
SCALE = 3
  all_datasets = 2257
start = 1175, end = 1176
task_id = 1175
pds1175.csv:
  gt_rhs = '-5*v*w**2*x*y*z'
   target = 58*v**3 + 93*v**2*w - 96*v**2*x - 17*v**2*y - 64*v**2*z + 14*v**2 + 25*v*w**2 - 61*v*w*x + 28*v*w*y - 214*v*w*z - v*w - 25*v*x**2 + 25*v*x*y + 27*v*x*z + 13*v*x - 143*v*y**2 + 69*v*y*z + 15*v*y - 61*v*z**2 + 40*v*z + 2*v - 34*w**3 + 3*w**2*x + 124*w**2*y - 81*w**2*z + 41*w**2 - 48*w*x**2 - 200*w*x*y - 122*w*x*z + 28*w*x - 142*w*y**2 + 195*w*y*z - 16*w*y - 34*w*z**2 - 28*w*z - 4*w + 5*x**3 + x**2*y - 7*x**2*z - 33*x**2 + 60*x*y**2 - 71*x*y*z - 2*x*y - 4*x*z**2 + 6*x*z + 29*y**3 + 77*y**2*z - 32*y**2 + 11*y*z**2 + 30*y*z - 24*y + 2*z**3 + 56*z**2 + 2*z + 8
['58*v**3 + 93*v**2*w - 96*v**2*x - 17*v**2*y - 64*v**2*z + 14*v**2 + 25*v*w**2 - 61*v*w*x + 28*v*w*y - 214*v*w*z - v*w - 25*v*x**2 + 25*v*x*y + 27*v*x*z + 13*v*x - 143*v*y**2 + 69*v*y*z + 15*v*y - 61*v*z**2 + 40*v*z + 2*v - 34*w**3 + 3*w**2*x + 124*w**2*y - 81*w**2*z + 41*w**2 - 48*w*x**2 - 200*w*x*y - 122*w*x*z + 28*w*x - 142*w*y**2 + 195*w*y*z - 16*w*y - 34*w*z**2 - 28*w*z - 4*w + 5*x**3 + x**2*y - 7*x**2*z - 33*x**2 + 60*x*y**2 - 71*x*y*z - 2*x*y - 4*x*z**2 + 6*x*z + 29*y**3 + 77*y**2*z - 32*y**2 + 11*y*z**2 + 30*y*z - 24*y + 2*z**3 + 56*z**2 + 2*z + 8']
  is_equivalent = False
  total_successes = 0, success_rate = 0.0


Whole evaluation from the beginning of the script took:
 152566.9 seconds, i.e. 2542.78 minutes or 42.38 hours.

Current time: 2026-03-04 06:02:41.082291
Wed Mar  4 06:02:41 AM CET 2026
this is oei.sh 1 dopa-deg3 0 999    doing   doones job_id 64685437 task_id 1 * 1000 + 175 --exper_id dopa-deg3
