==============================================
Starting time (of array_subjob 64685437_194):
Mon Mar  2 11:39:51 AM CET 2026
(True, True)
(True, False)
(True, False)
Current time: 2026-03-02 11:39:53.280873 

True
METHOD = 'diofantos'
DEGREE = 3
SCALE = 3
  all_datasets = 2257
start = 1194, end = 1195
task_id = 1194
pds1194.csv:
  gt_rhs = '3*w - 8*z**2 + 7*z'
   target = 3*w - 8*z**2 + 7*z
['3*w - 8*z**2 + 7*z']
  is_equivalent = True
  total_successes = 1, success_rate = 1.0


Whole evaluation from the beginning of the script took:
 59.2 seconds, i.e. 0.99 minutes or 0.016 hours.

Current time: 2026-03-02 11:40:52.528874
Mon Mar  2 11:40:52 AM CET 2026
this is oei.sh 1 dopa-deg3 0 999    doing   doones job_id 64685437 task_id 1 * 1000 + 194 --exper_id dopa-deg3
