==============================================
Starting time (of array_subjob 64685437_294):
Mon Mar  2 11:39:50 AM CET 2026
(True, True)
(True, False)
(True, False)
Current time: 2026-03-02 11:39:53.168678 

True
METHOD = 'diofantos'
DEGREE = 3
SCALE = 3
  all_datasets = 2257
start = 1294, end = 1295
task_id = 1294
pds1294.csv:
  gt_rhs = '-6*w**2 + 10*x - 7*y'
   target = -6*w**2 + 10*x - 7*y
['-6*w**2 + 10*x - 7*y']
  is_equivalent = True
  total_successes = 1, success_rate = 1.0


Whole evaluation from the beginning of the script took:
 61.0 seconds, i.e. 1.02 minutes or 0.017 hours.

Current time: 2026-03-02 11:40:54.123864
Mon Mar  2 11:40:54 AM CET 2026
this is oei.sh 1 dopa-deg3 0 999    doing   doones job_id 64685437 task_id 1 * 1000 + 294 --exper_id dopa-deg3
