==============================================
Starting time (of array_subjob 64685437_330):
Mon Mar  2 11:39:50 AM CET 2026
(True, True)
(True, False)
(True, False)
Current time: 2026-03-02 11:39:53.161045 

True
METHOD = 'diofantos'
DEGREE = 3
SCALE = 3
  all_datasets = 2257
start = 1330, end = 1331
task_id = 1330
pds1330.csv:
  gt_rhs = '2*w*z - 3*x + 4*y + 10*z'
   target = 2*w*z - 3*x + 4*y + 10*z
['2*w*z - 3*x + 4*y + 10*z']
  is_equivalent = True
  total_successes = 1, success_rate = 1.0


Whole evaluation from the beginning of the script took:
 65.2 seconds, i.e. 1.09 minutes or 0.018 hours.

Current time: 2026-03-02 11:40:58.388419
Mon Mar  2 11:40:58 AM CET 2026
this is oei.sh 1 dopa-deg3 0 999    doing   doones job_id 64685437 task_id 1 * 1000 + 330 --exper_id dopa-deg3
