==============================================
Starting time (of array_subjob 64685437_565):
Mon Mar  2 11:39:52 AM CET 2026
(True, True)
(True, False)
(True, False)
Current time: 2026-03-02 11:39:55.034284 

True
METHOD = 'diofantos'
DEGREE = 3
SCALE = 3
  all_datasets = 2257
start = 1565, end = 1566
task_id = 1565
pds1565.csv:
  gt_rhs = '-7*v*x - 9*w**2 + 4*x + 6*y + 6*z + 7'
   target = -7*v*x - 9*w**2 + 4*x + 6*y + 6*z + 7
['-7*v*x - 9*w**2 + 4*x + 6*y + 6*z + 7']
  is_equivalent = True
  total_successes = 1, success_rate = 1.0


Whole evaluation from the beginning of the script took:
 57.3 seconds, i.e. 0.96 minutes or 0.016 hours.

Current time: 2026-03-02 11:40:52.374089
Mon Mar  2 11:40:52 AM CET 2026
this is oei.sh 1 dopa-deg3 0 999    doing   doones job_id 64685437 task_id 1 * 1000 + 565 --exper_id dopa-deg3
