==============================================
Starting time (of array_subjob 64685437_728):
Mon Mar  2 11:39:53 AM CET 2026
(True, True)
(True, False)
(True, False)
Current time: 2026-03-02 11:39:55.569412 

True
METHOD = 'diofantos'
DEGREE = 3
SCALE = 3
  all_datasets = 2257
start = 1728, end = 1729
task_id = 1728
pds1728.csv:
  gt_rhs = '-7*x*y - 6*x + 9'
   target = -7*x*y - 6*x + 9
['-7*x*y - 6*x + 9']
  is_equivalent = True
  total_successes = 1, success_rate = 1.0


Whole evaluation from the beginning of the script took:
 59.7 seconds, i.e. 1.0 minutes or 0.017 hours.

Current time: 2026-03-02 11:40:55.301487
Mon Mar  2 11:40:55 AM CET 2026
this is oei.sh 1 dopa-deg3 0 999    doing   doones job_id 64685437 task_id 1 * 1000 + 728 --exper_id dopa-deg3
