==============================================
Starting time (of array_subjob 64685437_767):
Mon Mar  2 11:39:53 AM CET 2026
(True, True)
(True, False)
(True, False)
Current time: 2026-03-02 11:39:55.645431 

True
METHOD = 'diofantos'
DEGREE = 3
SCALE = 3
  all_datasets = 2257
start = 1767, end = 1768
task_id = 1767
pds1767.csv:
  gt_rhs = '-v*y + 10*x*y'
   target = -v*y + 10*x*y
['-v*y + 10*x*y']
  is_equivalent = True
  total_successes = 1, success_rate = 1.0


Whole evaluation from the beginning of the script took:
 56.9 seconds, i.e. 0.95 minutes or 0.016 hours.

Current time: 2026-03-02 11:40:52.592111
Mon Mar  2 11:40:53 AM CET 2026
this is oei.sh 1 dopa-deg3 0 999    doing   doones job_id 64685437 task_id 1 * 1000 + 767 --exper_id dopa-deg3
