==============================================
Starting time (of array_subjob 64685437_775):
Mon Mar  2 11:39:53 AM CET 2026
(True, True)
(True, False)
(True, False)
Current time: 2026-03-02 11:39:55.629340 

True
METHOD = 'diofantos'
DEGREE = 3
SCALE = 3
  all_datasets = 2257
start = 1775, end = 1776
task_id = 1775
pds1775.csv:
  gt_rhs = '9*v*w*y**2 - 6*z - 1'
   target = -v**3 - 21*v**2*w - 3*v**2*x + 13*v**2*y + v**2*z - 9*v**2 - 6*v*w**2 - 4*v*w*x + v*w*y + 3*v*w*z - 13*v*w - 23*v*x**2 - 13*v*x*y + 10*v*x*z - 10*v*x + 19*v*y**2 + 34*v*y*z - 3*v*y + 6*v*z**2 + 5*v*z + 4*v + 14*w**3 - 12*w**2*y + 20*w**2*z - 16*w**2 - 14*w*x**2 - 12*w*x*y - 4*w*x*z + 12*w*x + 3*w*y**2 - 24*w*y*z + 21*w*y + w*z**2 + 20*w*z + 6*w - 5*x**3 + 15*x**2*y + 6*x**2 + 23*x*y**2 + 6*x*y*z - 15*x*y + x*z**2 - 3*x*z + 21*x - 3*y**3 + 6*y**2*z - 18*y**2 + y*z**2 - 11*y*z + 14*y - 15*z**3 - 19*z**2 - 2*z - 5
['-v**3 - 21*v**2*w - 3*v**2*x + 13*v**2*y + v**2*z - 9*v**2 - 6*v*w**2 - 4*v*w*x + v*w*y + 3*v*w*z - 13*v*w - 23*v*x**2 - 13*v*x*y + 10*v*x*z - 10*v*x + 19*v*y**2 + 34*v*y*z - 3*v*y + 6*v*z**2 + 5*v*z + 4*v + 14*w**3 - 12*w**2*y + 20*w**2*z - 16*w**2 - 14*w*x**2 - 12*w*x*y - 4*w*x*z + 12*w*x + 3*w*y**2 - 24*w*y*z + 21*w*y + w*z**2 + 20*w*z + 6*w - 5*x**3 + 15*x**2*y + 6*x**2 + 23*x*y**2 + 6*x*y*z - 15*x*y + x*z**2 - 3*x*z + 21*x - 3*y**3 + 6*y**2*z - 18*y**2 + y*z**2 - 11*y*z + 14*y - 15*z**3 - 19*z**2 - 2*z - 5']
  is_equivalent = False
  total_successes = 0, success_rate = 0.0


Whole evaluation from the beginning of the script took:
 103870.3 seconds, i.e. 1731.17 minutes or 28.853 hours.

Current time: 2026-03-03 16:31:05.925126
Tue Mar  3 04:31:06 PM CET 2026
this is oei.sh 1 dopa-deg3 0 999    doing   doones job_id 64685437 task_id 1 * 1000 + 775 --exper_id dopa-deg3
