==============================================
Starting time (of array_subjob 64685437_845):
Mon Mar  2 11:39:53 AM CET 2026
(True, True)
(True, False)
(True, False)
Current time: 2026-03-02 11:39:55.725682 

True
METHOD = 'diofantos'
DEGREE = 3
SCALE = 3
  all_datasets = 2257
start = 1845, end = 1846
task_id = 1845
pds1845.csv:
  gt_rhs = '4*w*x*y*z + 5*w - z'
   target = -4*v**3 + v**2*w - 2*v**2*y + 11*v**2*z + 6*v*w**2 + 2*v*w*x - 6*v*w*y - 3*v*w*z + 8*v*w - 2*v*x**2 - 6*v*x*y - 2*v*x*z - 8*v*x + 2*v*y**2 - 3*v*y*z - 19*v*y + 4*v*z**2 + 2*v*z + 7*v + 5*w**3 - 9*w**2*x - 2*w**2*y + 4*w**2*z - 9*w**2 - 9*w*x**2 - 3*w*x*y + 7*w*x*z + 7*w*x + 2*w*y**2 + w*y*z + 11*w*y - 3*w*z**2 + 4*w*z + 9*w - 4*x**3 - 5*x**2*y - 7*x**2*z - 5*x**2 - 2*x*y**2 - 5*x*y*z + 4*x*y + 15*x*z**2 - 11*x*z + 8*x - 5*y**2*z - 4*y**2 + 8*y*z**2 - 13*y*z - 12*y + 23*z
['-4*v**3 + v**2*w - 2*v**2*y + 11*v**2*z + 6*v*w**2 + 2*v*w*x - 6*v*w*y - 3*v*w*z + 8*v*w - 2*v*x**2 - 6*v*x*y - 2*v*x*z - 8*v*x + 2*v*y**2 - 3*v*y*z - 19*v*y + 4*v*z**2 + 2*v*z + 7*v + 5*w**3 - 9*w**2*x - 2*w**2*y + 4*w**2*z - 9*w**2 - 9*w*x**2 - 3*w*x*y + 7*w*x*z + 7*w*x + 2*w*y**2 + w*y*z + 11*w*y - 3*w*z**2 + 4*w*z + 9*w - 4*x**3 - 5*x**2*y - 7*x**2*z - 5*x**2 - 2*x*y**2 - 5*x*y*z + 4*x*y + 15*x*z**2 - 11*x*z + 8*x - 5*y**2*z - 4*y**2 + 8*y*z**2 - 13*y*z - 12*y + 23*z']
  is_equivalent = False
  total_successes = 0, success_rate = 0.0


Whole evaluation from the beginning of the script took:
 5995.8 seconds, i.e. 99.93 minutes or 1.666 hours.

Current time: 2026-03-02 13:19:51.535556
Mon Mar  2 01:19:51 PM CET 2026
this is oei.sh 1 dopa-deg3 0 999    doing   doones job_id 64685437 task_id 1 * 1000 + 845 --exper_id dopa-deg3
