==============================================
Starting time (of array_subjob 64685437_850):
Mon Mar  2 11:39:53 AM CET 2026
(True, True)
(True, False)
(True, False)
Current time: 2026-03-02 11:39:55.541705 

True
METHOD = 'diofantos'
DEGREE = 3
SCALE = 3
  all_datasets = 2257
start = 1850, end = 1851
task_id = 1850
pds1850.csv:
  gt_rhs = '-2*v + w**2'
   target = -2*v + w**2
['-2*v + w**2']
  is_equivalent = True
  total_successes = 1, success_rate = 1.0


Whole evaluation from the beginning of the script took:
 62.5 seconds, i.e. 1.04 minutes or 0.017 hours.

Current time: 2026-03-02 11:40:58.018030
Mon Mar  2 11:40:58 AM CET 2026
this is oei.sh 1 dopa-deg3 0 999    doing   doones job_id 64685437 task_id 1 * 1000 + 850 --exper_id dopa-deg3
