==============================================
Starting time (of array_subjob 64685437_865):
Mon Mar  2 11:39:53 AM CET 2026
(True, True)
(True, False)
(True, False)
Current time: 2026-03-02 11:39:55.792052 

True
METHOD = 'diofantos'
DEGREE = 3
SCALE = 3
  all_datasets = 2257
start = 1865, end = 1866
task_id = 1865
pds1865.csv:
  gt_rhs = '-5*v*x + x**2*z**2 + 9*x - 1'
   target = 3*v**3 + 2*v**2*w - 5*v**2*x - 19*v**2*y - 6*v**2*z - 11*v**2 - 12*v*w**2 - 6*v*w*x - 9*v*w*y + v*w*z - 17*v*w + 13*v*x**2 - 8*v*x*y - 6*v*x*z + 19*v*x + 3*v*y*z + 17*v*y - 6*v*z**2 + 10*v*z + 5*v - 5*w**2*x + 4*w**2*y - 3*w**2 + 2*w*x**2 - 5*w*x*y + 9*w*x*z + 5*w*x + 2*w*y**2 - 9*w*y*z - 3*w*y + 7*w*z - 7*w + 10*x**3 - 3*x**2*y - 2*x**2*z + 13*x**2 - x*y**2 - 2*x*y*z - 2*x*y + 7*x*z**2 + 12*x*z + 16*x + 3*y**3 + y**2 - 6*y*z**2 + 10*y*z - 4*y + 2*z**3 - 2*z**2 + 2*z - 21
['3*v**3 + 2*v**2*w - 5*v**2*x - 19*v**2*y - 6*v**2*z - 11*v**2 - 12*v*w**2 - 6*v*w*x - 9*v*w*y + v*w*z - 17*v*w + 13*v*x**2 - 8*v*x*y - 6*v*x*z + 19*v*x + 3*v*y*z + 17*v*y - 6*v*z**2 + 10*v*z + 5*v - 5*w**2*x + 4*w**2*y - 3*w**2 + 2*w*x**2 - 5*w*x*y + 9*w*x*z + 5*w*x + 2*w*y**2 - 9*w*y*z - 3*w*y + 7*w*z - 7*w + 10*x**3 - 3*x**2*y - 2*x**2*z + 13*x**2 - x*y**2 - 2*x*y*z - 2*x*y + 7*x*z**2 + 12*x*z + 16*x + 3*y**3 + y**2 - 6*y*z**2 + 10*y*z - 4*y + 2*z**3 - 2*z**2 + 2*z - 21']
  is_equivalent = False
  total_successes = 0, success_rate = 0.0


Whole evaluation from the beginning of the script took:
 173420.2 seconds, i.e. 2890.34 minutes or 48.172 hours.

Current time: 2026-03-04 11:50:16.018210
Wed Mar  4 11:50:16 AM CET 2026
this is oei.sh 1 dopa-deg3 0 999    doing   doones job_id 64685437 task_id 1 * 1000 + 865 --exper_id dopa-deg3
