==============================================
Starting time (of array_subjob 64685437_950):
Mon Mar  2 11:39:53 AM CET 2026
(True, True)
(True, False)
(True, False)
Current time: 2026-03-02 11:39:55.852313 

True
METHOD = 'diofantos'
DEGREE = 3
SCALE = 3
  all_datasets = 2257
start = 1950, end = 1951
task_id = 1950
pds1950.csv:
  gt_rhs = 'v*y*z - v*z**2 - 6'
   target = v*y*z - v*z**2 - 6
['v*y*z - v*z**2 - 6']
  is_equivalent = True
  total_successes = 1, success_rate = 1.0


Whole evaluation from the beginning of the script took:
 48.9 seconds, i.e. 0.82 minutes or 0.014 hours.

Current time: 2026-03-02 11:40:44.753979
Mon Mar  2 11:40:45 AM CET 2026
this is oei.sh 1 dopa-deg3 0 999    doing   doones job_id 64685437 task_id 1 * 1000 + 950 --exper_id dopa-deg3
