==============================================
Starting time (of array_subjob 64685437_972):
Mon Mar  2 11:39:53 AM CET 2026
(True, True)
(True, False)
(True, False)
Current time: 2026-03-02 11:39:55.423735 

True
METHOD = 'diofantos'
DEGREE = 3
SCALE = 3
  all_datasets = 2257
start = 1972, end = 1973
task_id = 1972
pds1972.csv:
  gt_rhs = '3*x + 9*y*z + 5*z'
   target = 3*x + 9*y*z + 5*z
['3*x + 9*y*z + 5*z']
  is_equivalent = True
  total_successes = 1, success_rate = 1.0


Whole evaluation from the beginning of the script took:
 51.2 seconds, i.e. 0.85 minutes or 0.014 hours.

Current time: 2026-03-02 11:40:46.582716
Mon Mar  2 11:40:46 AM CET 2026
this is oei.sh 1 dopa-deg3 0 999    doing   doones job_id 64685437 task_id 1 * 1000 + 972 --exper_id dopa-deg3
