==============================================
Starting time (of array_subjob 64685437_978):
Mon Mar  2 11:39:52 AM CET 2026
(True, True)
(True, False)
(True, False)
Current time: 2026-03-02 11:39:55.423763 

True
METHOD = 'diofantos'
DEGREE = 3
SCALE = 3
  all_datasets = 2257
start = 1978, end = 1979
task_id = 1978
pds1978.csv:
  gt_rhs = '-10*v**3*w**2*y*z + x'
   target = -561*v**3 - 248*v**2*w + 1512*v**2*x - 1024*v**2*y + 1231*v**2*z + 966*v**2 - 280*v*w**2 - 638*v*w*x + 18*v*w*y - 1981*v*w*z + 578*v*w + 1032*v*x**2 + 889*v*x*y - 1488*v*x*z + 266*v*x - 1360*v*y**2 - 3666*v*y*z + 1055*v*y - 848*v*z**2 + 330*v*z + 33*v + 399*w**3 - 265*w**2*x + 2061*w**2*y - 737*w**2*z + 291*w**2 - 354*w*x**2 - 599*w*x*y - 71*w*x*z + 785*w*x + 1452*w*y**2 - 2363*w*y*z + 2120*w*y - 231*w*z**2 - 6*w*z + 163*x**3 - 144*x**2*y - 4*x**2*z + 149*x**2 - 1731*x*y**2 + 537*x*y*z + 114*x*y + 1149*x*z**2 - 295*x*z - 43*x + 213*y**3 - 1659*y**2*z + 1710*y**2 + 438*y*z**2 + 11*y*z - 16*y + 1528*z**3 + 921*z**2 + 56*z + 22
['-561*v**3 - 248*v**2*w + 1512*v**2*x - 1024*v**2*y + 1231*v**2*z + 966*v**2 - 280*v*w**2 - 638*v*w*x + 18*v*w*y - 1981*v*w*z + 578*v*w + 1032*v*x**2 + 889*v*x*y - 1488*v*x*z + 266*v*x - 1360*v*y**2 - 3666*v*y*z + 1055*v*y - 848*v*z**2 + 330*v*z + 33*v + 399*w**3 - 265*w**2*x + 2061*w**2*y - 737*w**2*z + 291*w**2 - 354*w*x**2 - 599*w*x*y - 71*w*x*z + 785*w*x + 1452*w*y**2 - 2363*w*y*z + 2120*w*y - 231*w*z**2 - 6*w*z + 163*x**3 - 144*x**2*y - 4*x**2*z + 149*x**2 - 1731*x*y**2 + 537*x*y*z + 114*x*y + 1149*x*z**2 - 295*x*z - 43*x + 213*y**3 - 1659*y**2*z + 1710*y**2 + 438*y*z**2 + 11*y*z - 16*y + 1528*z**3 + 921*z**2 + 56*z + 22']
  is_equivalent = False
  total_successes = 0, success_rate = 0.0


Whole evaluation from the beginning of the script took:
 114200.8 seconds, i.e. 1903.35 minutes or 31.722 hours.

Current time: 2026-03-03 19:23:16.236451
Tue Mar  3 07:23:16 PM CET 2026
this is oei.sh 1 dopa-deg3 0 999    doing   doones job_id 64685437 task_id 1 * 1000 + 978 --exper_id dopa-deg3
