==============================================
Starting time (of array_subjob 64684964_75):
Mon Mar  2 11:39:06 AM CET 2026
(True, True)
(True, False)
(True, False)
Current time: 2026-03-02 11:39:09.777574 

True
METHOD = 'diofantos'
DEGREE = 3
SCALE = 3
  all_datasets = 2257
start = 2075, end = 2076
task_id = 2075
pds2075.csv:
  gt_rhs = '-10*w*z + 2*w + 2*z'
   target = -10*w*z + 2*w + 2*z
['-10*w*z + 2*w + 2*z']
  is_equivalent = True
  total_successes = 1, success_rate = 1.0


Whole evaluation from the beginning of the script took:
 52.4 seconds, i.e. 0.87 minutes or 0.015 hours.

Current time: 2026-03-02 11:40:02.136685
Mon Mar  2 11:40:02 AM CET 2026
this is oei.sh 2 dopa-deg3 0 260    doing   doones job_id 64684964 task_id 2 * 1000 + 75 --exper_id dopa-deg3
