==============================================
Starting time (of array_subjob 64684964_122):
Mon Mar  2 11:39:06 AM CET 2026
(True, True)
(True, False)
(True, False)
Current time: 2026-03-02 11:39:09.780657 

True
METHOD = 'diofantos'
DEGREE = 3
SCALE = 3
  all_datasets = 2257
start = 2122, end = 2123
task_id = 2122
pds2122.csv:
  gt_rhs = '7*w**2*x*y*z - 2*y*z + y'
   target = -27*v**3 + 10*v**2*w + 68*v**2*x - 7*v**2*y - 27*v**2 + 39*v*w**2 - 23*v*w*x + 20*v*w*y - 14*v*w*z + 4*v*w - 14*v*x**2 + 16*v*x*z + 10*v*x - 40*v*y**2 + 21*v*y*z + 10*v*y + 17*v*z - 11*v - 16*w**3 + 12*w**2*x + 33*w**2*y + 15*w**2*z - 8*w**2 + 22*w*x**2 - 63*w*x*y - 19*w*x + 2*w*y**2 - 68*w*y*z + 2*w*y + 25*w*z**2 - 5*w*z + 14*x**3 - 9*x**2*y + 38*x**2*z - 2*x**2 - 71*x*y**2 + 173*x*y*z - 4*x*y - 43*x*z**2 - 14*x*z + 15*x + 19*y**3 + 39*y**2*z - 3*y**2 - 47*y*z**2 + 2*y*z - 5*y - 45*z**3 + 7*z**2 - 4*z - 4
['-27*v**3 + 10*v**2*w + 68*v**2*x - 7*v**2*y - 27*v**2 + 39*v*w**2 - 23*v*w*x + 20*v*w*y - 14*v*w*z + 4*v*w - 14*v*x**2 + 16*v*x*z + 10*v*x - 40*v*y**2 + 21*v*y*z + 10*v*y + 17*v*z - 11*v - 16*w**3 + 12*w**2*x + 33*w**2*y + 15*w**2*z - 8*w**2 + 22*w*x**2 - 63*w*x*y - 19*w*x + 2*w*y**2 - 68*w*y*z + 2*w*y + 25*w*z**2 - 5*w*z + 14*x**3 - 9*x**2*y + 38*x**2*z - 2*x**2 - 71*x*y**2 + 173*x*y*z - 4*x*y - 43*x*z**2 - 14*x*z + 15*x + 19*y**3 + 39*y**2*z - 3*y**2 - 47*y*z**2 + 2*y*z - 5*y - 45*z**3 + 7*z**2 - 4*z - 4']
  is_equivalent = False
  total_successes = 0, success_rate = 0.0


Whole evaluation from the beginning of the script took:
 129847.6 seconds, i.e. 2164.13 minutes or 36.069 hours.

Current time: 2026-03-03 23:43:17.408469
Tue Mar  3 11:43:17 PM CET 2026
this is oei.sh 2 dopa-deg3 0 260    doing   doones job_id 64684964 task_id 2 * 1000 + 122 --exper_id dopa-deg3
