==============================================
Starting time (of array_subjob 64684964_216):
Mon Mar  2 11:39:07 AM CET 2026
(True, True)
(True, False)
(True, False)
Current time: 2026-03-02 11:39:11.986475 

True
METHOD = 'diofantos'
DEGREE = 3
SCALE = 3
  all_datasets = 2257
start = 2216, end = 2217
task_id = 2216
pds2216.csv:
  gt_rhs = '10*v*x*z - 3*w**2 + 2'
   target = 10*v*x*z - 3*w**2 + 2
['10*v*x*z - 3*w**2 + 2']
  is_equivalent = True
  total_successes = 1, success_rate = 1.0


Whole evaluation from the beginning of the script took:
 78.3 seconds, i.e. 1.3 minutes or 0.022 hours.

Current time: 2026-03-02 11:40:30.259310
Mon Mar  2 11:40:30 AM CET 2026
this is oei.sh 2 dopa-deg3 0 260    doing   doones job_id 64684964 task_id 2 * 1000 + 216 --exper_id dopa-deg3
