==============================================
Starting time (of array_subjob 64686437_30):
Mon Mar  2 11:39:53 AM CET 2026
(True, True)
(True, False)
(True, False)
Current time: 2026-03-02 11:39:55.521450 

True
METHOD = 'diofantos'
DEGREE = 3
SCALE = 3
  all_datasets = 2257
start = 30, end = 31
task_id = 30
pds0030.csv:
  gt_rhs = '-3*v*x*y'
   target = -3*v*x*y
['-3*v*x*y']
  is_equivalent = True
  total_successes = 1, success_rate = 1.0


Whole evaluation from the beginning of the script took:
 54.0 seconds, i.e. 0.9 minutes or 0.015 hours.

Current time: 2026-03-02 11:40:49.495181
Mon Mar  2 11:40:49 AM CET 2026
this is oei.sh 0 dopa-deg3 0 999    doing   doones job_id 64686437 task_id 0 * 1000 + 30 --exper_id dopa-deg3
