==============================================
Starting time (of array_subjob 64686437_133):
Mon Mar  2 11:39:53 AM CET 2026
(True, True)
(True, False)
(True, False)
Current time: 2026-03-02 11:39:55.958853 

True
METHOD = 'diofantos'
DEGREE = 3
SCALE = 3
  all_datasets = 2257
start = 133, end = 134
task_id = 133
pds0133.csv:
  gt_rhs = '-4*w*x'
   target = -4*w*x
['-4*w*x']
  is_equivalent = True
  total_successes = 1, success_rate = 1.0


Whole evaluation from the beginning of the script took:
 56.9 seconds, i.e. 0.95 minutes or 0.016 hours.

Current time: 2026-03-02 11:40:52.827425
Mon Mar  2 11:40:53 AM CET 2026
this is oei.sh 0 dopa-deg3 0 999    doing   doones job_id 64686437 task_id 0 * 1000 + 133 --exper_id dopa-deg3
