==============================================
Starting time (of array_subjob 64686437_157):
Mon Mar  2 11:39:53 AM CET 2026
(True, True)
(True, False)
(True, False)
Current time: 2026-03-02 11:39:55.961209 

True
METHOD = 'diofantos'
DEGREE = 3
SCALE = 3
  all_datasets = 2257
start = 157, end = 158
task_id = 157
pds0157.csv:
  gt_rhs = '-6*v*z - 6*w - 2*z'
   target = -6*v*z - 6*w - 2*z
['-6*v*z - 6*w - 2*z']
  is_equivalent = True
  total_successes = 1, success_rate = 1.0


Whole evaluation from the beginning of the script took:
 62.5 seconds, i.e. 1.04 minutes or 0.017 hours.

Current time: 2026-03-02 11:40:58.425146
Mon Mar  2 11:40:58 AM CET 2026
this is oei.sh 0 dopa-deg3 0 999    doing   doones job_id 64686437 task_id 0 * 1000 + 157 --exper_id dopa-deg3
