==============================================
Starting time (of array_subjob 64686437_326):
Mon Mar  2 11:39:54 AM CET 2026
(True, True)
(True, False)
(True, False)
Current time: 2026-03-02 11:39:57.525539 

True
METHOD = 'diofantos'
DEGREE = 3
SCALE = 3
  all_datasets = 2257
start = 326, end = 327
task_id = 326
pds0326.csv:
  gt_rhs = 'v*y*z + 4*y + 10'
   target = v*y*z + 4*y + 10
['v*y*z + 4*y + 10']
  is_equivalent = True
  total_successes = 1, success_rate = 1.0


Whole evaluation from the beginning of the script took:
 59.3 seconds, i.e. 0.99 minutes or 0.016 hours.

Current time: 2026-03-02 11:40:56.823268
Mon Mar  2 11:40:57 AM CET 2026
this is oei.sh 0 dopa-deg3 0 999    doing   doones job_id 64686437 task_id 0 * 1000 + 326 --exper_id dopa-deg3
