==============================================
Starting time (of array_subjob 64686437_364):
Mon Mar  2 11:39:55 AM CET 2026
(True, True)
(True, False)
(True, False)
Current time: 2026-03-02 11:39:57.781734 

True
METHOD = 'diofantos'
DEGREE = 3
SCALE = 3
  all_datasets = 2257
start = 364, end = 365
task_id = 364
pds0364.csv:
  gt_rhs = 'w*z + 10*w + 5*y'
   target = w*z + 10*w + 5*y
['w*z + 10*w + 5*y']
  is_equivalent = True
  total_successes = 1, success_rate = 1.0


Whole evaluation from the beginning of the script took:
 57.0 seconds, i.e. 0.95 minutes or 0.016 hours.

Current time: 2026-03-02 11:40:54.819949
Mon Mar  2 11:40:55 AM CET 2026
this is oei.sh 0 dopa-deg3 0 999    doing   doones job_id 64686437 task_id 0 * 1000 + 364 --exper_id dopa-deg3
