==============================================
Starting time (of array_subjob 64686437_502):
Mon Mar  2 11:39:56 AM CET 2026
(True, True)
(True, False)
(True, False)
Current time: 2026-03-02 11:39:58.356068 

True
METHOD = 'diofantos'
DEGREE = 3
SCALE = 3
  all_datasets = 2257
start = 502, end = 503
task_id = 502
pds0502.csv:
  gt_rhs = '-2*v*w + 7*v'
   target = -2*v*w + 7*v
['-2*v*w + 7*v']
  is_equivalent = True
  total_successes = 1, success_rate = 1.0


Whole evaluation from the beginning of the script took:
 63.5 seconds, i.e. 1.06 minutes or 0.018 hours.

Current time: 2026-03-02 11:41:01.811275
Mon Mar  2 11:41:02 AM CET 2026
this is oei.sh 0 dopa-deg3 0 999    doing   doones job_id 64686437 task_id 0 * 1000 + 502 --exper_id dopa-deg3
