==============================================
Starting time (of array_subjob 64686437_709):
Mon Mar  2 11:39:57 AM CET 2026
(True, True)
(True, False)
(True, False)
Current time: 2026-03-02 11:40:00.216818 

True
METHOD = 'diofantos'
DEGREE = 3
SCALE = 3
  all_datasets = 2257
start = 709, end = 710
task_id = 709
pds0709.csv:
  gt_rhs = '-5*v*x**2 - 6*w'
   target = -5*v*x**2 - 6*w
['-5*v*x**2 - 6*w']
  is_equivalent = True
  total_successes = 1, success_rate = 1.0


Whole evaluation from the beginning of the script took:
 57.9 seconds, i.e. 0.97 minutes or 0.016 hours.

Current time: 2026-03-02 11:40:58.161983
Mon Mar  2 11:40:58 AM CET 2026
this is oei.sh 0 dopa-deg3 0 999    doing   doones job_id 64686437 task_id 0 * 1000 + 709 --exper_id dopa-deg3
