==============================================
Starting time (of array_subjob 64686437_708):
Mon Mar  2 11:39:58 AM CET 2026
(True, True)
(True, False)
(True, False)
Current time: 2026-03-02 11:40:00.276144 

True
METHOD = 'diofantos'
DEGREE = 3
SCALE = 3
  all_datasets = 2257
start = 708, end = 709
task_id = 708
pds0708.csv:
  gt_rhs = '3*v*w*z + 7*w + 7*x - 6'
   target = 3*v*w*z + 7*w + 7*x - 6
['3*v*w*z + 7*w + 7*x - 6']
  is_equivalent = True
  total_successes = 1, success_rate = 1.0


Whole evaluation from the beginning of the script took:
 60.1 seconds, i.e. 1.0 minutes or 0.017 hours.

Current time: 2026-03-02 11:41:00.366681
Mon Mar  2 11:41:00 AM CET 2026
this is oei.sh 0 dopa-deg3 0 999    doing   doones job_id 64686437 task_id 0 * 1000 + 708 --exper_id dopa-deg3
