==============================================
Starting time (of array_subjob 64686437_787):
Mon Mar  2 11:39:56 AM CET 2026
(True, True)
(True, False)
(True, False)
Current time: 2026-03-02 11:39:59.895512 

True
METHOD = 'diofantos'
DEGREE = 3
SCALE = 3
  all_datasets = 2257
start = 787, end = 788
task_id = 787
pds0787.csv:
  gt_rhs = '4*v*w*z**2 - 6*v*x + y'
   target = 29*v**3 - v**2*w - 4*v**2*x + 4*v**2*z - 18*v**2 - 18*v*w**2 + 3*v*w*x - 13*v*w*y + 4*v*w*z + 42*v*w - 24*v*x**2 + 18*v*x*y + 5*v*x*z + v*x + 9*v*y**2 + 19*v*y*z - 2*v*y - 7*v*z**2 - 18*v*z + 12*v - 2*w**3 - 13*w**2*x + 26*w**2*y + 14*w**2*z + 7*w**2 + 5*w*x**2 - 13*w*x*y - 4*w*x*z + 9*w*x - w*y**2 + 14*w*y*z + 4*w*y + 21*w*z**2 - 7*w*z + 20*w + 9*x**3 - 4*x**2*y - 6*x**2*z - 11*x*y**2 - x*y*z - 3*x*y + 4*x*z**2 - 21*x*z - 13*x + 10*y**2*z + y**2 - 14*y*z**2 + 2*y*z - 10*y - 7*z**3 - 2*z**2 - 5*z - 8
['29*v**3 - v**2*w - 4*v**2*x + 4*v**2*z - 18*v**2 - 18*v*w**2 + 3*v*w*x - 13*v*w*y + 4*v*w*z + 42*v*w - 24*v*x**2 + 18*v*x*y + 5*v*x*z + v*x + 9*v*y**2 + 19*v*y*z - 2*v*y - 7*v*z**2 - 18*v*z + 12*v - 2*w**3 - 13*w**2*x + 26*w**2*y + 14*w**2*z + 7*w**2 + 5*w*x**2 - 13*w*x*y - 4*w*x*z + 9*w*x - w*y**2 + 14*w*y*z + 4*w*y + 21*w*z**2 - 7*w*z + 20*w + 9*x**3 - 4*x**2*y - 6*x**2*z - 11*x*y**2 - x*y*z - 3*x*y + 4*x*z**2 - 21*x*z - 13*x + 10*y**2*z + y**2 - 14*y*z**2 + 2*y*z - 10*y - 7*z**3 - 2*z**2 - 5*z - 8']
  is_equivalent = False
  total_successes = 0, success_rate = 0.0


Whole evaluation from the beginning of the script took:
 117050.9 seconds, i.e. 1950.85 minutes or 32.514 hours.

Current time: 2026-03-03 20:10:50.792177
Tue Mar  3 08:10:51 PM CET 2026
this is oei.sh 0 dopa-deg3 0 999    doing   doones job_id 64686437 task_id 0 * 1000 + 787 --exper_id dopa-deg3
