==============================================
Starting time (of array_subjob 64686437_835):
Mon Mar  2 11:39:57 AM CET 2026
(True, True)
(True, False)
(True, False)
Current time: 2026-03-02 11:39:59.895559 

True
METHOD = 'diofantos'
DEGREE = 3
SCALE = 3
  all_datasets = 2257
start = 835, end = 836
task_id = 835
pds0835.csv:
  gt_rhs = '5*v*x**2*y*z**4'
   target = 1899*v**3 - 3763*v**2*w + 3061*v**2*x + 3660*v**2*y + 2211*v**2*z - 4469*v**2 + 6392*v*w**2 - 5001*v*w*x + 1617*v*w*y - 1123*v*w*z - 886*v*w + 1727*v*x**2 + 1412*v*x*y + 10236*v*x*z - 1432*v*x - 13638*v*y**2 - 9141*v*y*z + 3813*v*y + 5479*v*z**2 + 1251*v*z + 1045*v - 6102*w**3 + 50*w**2*x - 1276*w**2*y - 8938*w**2*z + 2378*w**2 + 4689*w*x**2 + 3981*w*x*y - 1610*w*x*z - 3066*w*x + 5202*w*y**2 - 844*w*y*z - 4389*w*y - 12212*w*z**2 + 973*w*z - 769*w - 6435*x**3 + 11265*x**2*y + 9325*x**2*z + 602*x**2 - 9757*x*y**2 - 6944*x*y*z + 5889*x*y - 1960*x*z**2 + 1478*x*z + 778*x - 4999*y**3 + 246*y**2*z - 294*y**2 + 8313*y*z**2 - 678*y*z - 516*y + 5027*z**3 + 1746*z**2 + 14*z - 297
['1899*v**3 - 3763*v**2*w + 3061*v**2*x + 3660*v**2*y + 2211*v**2*z - 4469*v**2 + 6392*v*w**2 - 5001*v*w*x + 1617*v*w*y - 1123*v*w*z - 886*v*w + 1727*v*x**2 + 1412*v*x*y + 10236*v*x*z - 1432*v*x - 13638*v*y**2 - 9141*v*y*z + 3813*v*y + 5479*v*z**2 + 1251*v*z + 1045*v - 6102*w**3 + 50*w**2*x - 1276*w**2*y - 8938*w**2*z + 2378*w**2 + 4689*w*x**2 + 3981*w*x*y - 1610*w*x*z - 3066*w*x + 5202*w*y**2 - 844*w*y*z - 4389*w*y - 12212*w*z**2 + 973*w*z - 769*w - 6435*x**3 + 11265*x**2*y + 9325*x**2*z + 602*x**2 - 9757*x*y**2 - 6944*x*y*z + 5889*x*y - 1960*x*z**2 + 1478*x*z + 778*x - 4999*y**3 + 246*y**2*z - 294*y**2 + 8313*y*z**2 - 678*y*z - 516*y + 5027*z**3 + 1746*z**2 + 14*z - 297']
  is_equivalent = False
  total_successes = 0, success_rate = 0.0


Whole evaluation from the beginning of the script took:
 139871.5 seconds, i.e. 2331.19 minutes or 38.853 hours.

Current time: 2026-03-04 02:31:11.388319
Wed Mar  4 02:31:11 AM CET 2026
this is oei.sh 0 dopa-deg3 0 999    doing   doones job_id 64686437 task_id 0 * 1000 + 835 --exper_id dopa-deg3
