==============================================
Starting time (of array_subjob 64686437_888):
Mon Mar  2 11:39:58 AM CET 2026
(True, True)
(True, False)
(True, False)
Current time: 2026-03-02 11:40:00.322980 

True
METHOD = 'diofantos'
DEGREE = 3
SCALE = 3
  all_datasets = 2257
start = 888, end = 889
task_id = 888
pds0888.csv:
  gt_rhs = '4*v*x**2*y - 2*z'
   target = -2*v**3 + 4*v**2*w + 4*v**2*x - 4*v**2*y - 10*v**2*z + 17*v**2 - 8*v*w**2 - 2*v*w*x - 2*v*w*y - v*w*z - 2*v*w - v*x**2 - 14*v*x*y - 21*v*x*z + 7*v*x + 14*v*y**2 + 10*v*y*z + 15*v*y - 14*v*z**2 + 4*v*z - 8*v + 3*w**3 + 6*w**2*x + 4*w**2*y + 3*w**2*z - 5*w**2 - 2*w*x**2 + 2*w*x*y - w*x*z + 13*w*x + 3*w*y**2 + 3*w*y*z + 10*w*y + 3*w*z**2 + w*z + 23*w - 7*x**3 - 14*x**2*y + 20*x**2*z + 4*x**2 - 2*x*y**2 - 13*x*y*z - 6*x*y + 7*x*z**2 + 5*x*z - 27*x + 4*y**3 - 3*y**2*z + 23*y**2 + 16*y*z**2 - y*z + 7*y - 5*z**3 - 11*z**2 - 2*z + 6
['-2*v**3 + 4*v**2*w + 4*v**2*x - 4*v**2*y - 10*v**2*z + 17*v**2 - 8*v*w**2 - 2*v*w*x - 2*v*w*y - v*w*z - 2*v*w - v*x**2 - 14*v*x*y - 21*v*x*z + 7*v*x + 14*v*y**2 + 10*v*y*z + 15*v*y - 14*v*z**2 + 4*v*z - 8*v + 3*w**3 + 6*w**2*x + 4*w**2*y + 3*w**2*z - 5*w**2 - 2*w*x**2 + 2*w*x*y - w*x*z + 13*w*x + 3*w*y**2 + 3*w*y*z + 10*w*y + 3*w*z**2 + w*z + 23*w - 7*x**3 - 14*x**2*y + 20*x**2*z + 4*x**2 - 2*x*y**2 - 13*x*y*z - 6*x*y + 7*x*z**2 + 5*x*z - 27*x + 4*y**3 - 3*y**2*z + 23*y**2 + 16*y*z**2 - y*z + 7*y - 5*z**3 - 11*z**2 - 2*z + 6']
  is_equivalent = False
  total_successes = 0, success_rate = 0.0


Whole evaluation from the beginning of the script took:
 132499.8 seconds, i.e. 2208.33 minutes or 36.806 hours.

Current time: 2026-03-04 00:28:20.146934
Wed Mar  4 12:28:20 AM CET 2026
this is oei.sh 0 dopa-deg3 0 999    doing   doones job_id 64686437 task_id 0 * 1000 + 888 --exper_id dopa-deg3
