==============================================
Starting time (of array_subjob 444508_6):
Wed Jan  7 02:25:24 PM CET 2026
Traceback (most recent call last):
  File "/ceph/grid/home/bgec/miniforge3/envs/sage/bin/sage-eval", line 11, in <module>
    eval(compile(s,'<cmdline>','exec'))
  File "<cmdline>", line 1, in <module>
  File "/ceph/grid/home/bgec/miniforge3/envs/sage/lib/python3.12/site-packages/ore_algebra/guessing.py", line 242, in guess
    return _guess_via_hom(data, A, _word_size_primes(),
           ^^^^^^^^^^^^^^^^^^^^^^^^^^^^^^^^^^^^^^^^^^^^
  File "/ceph/grid/home/bgec/miniforge3/envs/sage/lib/python3.12/site-packages/ore_algebra/guessing.py", line 690, in _guess_via_hom
    Lp = guess(data_mod, A.change_ring(hom(K.one()).parent()[x]), **kwargs)
         ^^^^^^^^^^^^^^^^^^^^^^^^^^^^^^^^^^^^^^^^^^^^^^^^^^^^^^^^^^^^^^^^^^
  File "/ceph/grid/home/bgec/miniforge3/envs/sage/lib/python3.12/site-packages/ore_algebra/guessing.py", line 238, in guess
    return _guess_via_gcrd(data, A, **kwargs)
           ^^^^^^^^^^^^^^^^^^^^^^^^^^^^^^^^^^
  File "/ceph/grid/home/bgec/miniforge3/envs/sage/lib/python3.12/site-packages/ore_algebra/guessing.py", line 956, in _guess_via_gcrd
    raise ValueError("No relations found.")
ValueError: No relations found.
(True, True)
(True, False)
(True, False)
164
97 6 A000019  ... TASK ID, task_id, seq_id


CORELIST: True, METHOD: MB, SINDy: False (True also in case of MAVI), GROUND_TRUTH: False, SINDy_default: True, DEBUG: False, OEISformer: False
n_of_terms_ed: 200, N_OF_TERMS_ED: 200
Library: n, max_order 20, max_degree: 3, threshold: 0.1, 
n_more_terms: 10

Attempting doone for A000019
../miniforge3/envs/sage/bin/sage -c "from ore_algebra import *;data = [1, 1, 2, 2, 5, 4, 7, 7, 11, 9, 8, 6, 9, 4, 6, 22, 10, 4, 8, 4, 9, 4, 7, 5, 28, 7, 15, 14, 8, 4, 12, 7, 4, 2, 6, 22, 11, 4, 2, 8, 10, 4, 10, 4, 9, 2, 6, 4, 40, 9, 2, 3, 8, 4, 8, 9, 5, 2, 6, 9, 14, 4, 8, 74, 13, 7, 10, 7, 2, 2, 10, 4, 16, 4, 2, 2, 4, 6, 10, 4, 155, 10, 6, 6, 6, 2, 2, 2, 10, 4, 10, 2, 2, 2, 2, 2, 14, 4, 2, 38, 11, 5, 10, 4, 11, 2, 6, 4, 14, 4, 2, 10, 12, 4, 2, 2, 5, 2, 4, 23, 57, 7, 2, 2, 45, 19, 15, 7, 4, 7, 10, 4, 3, 2, 5, 14, 10, 4, 10, 4, 2, 2, 2, 17, 2, 2, 2, 2, 8, 4, 14, 4, 6, 2, 3, 9, 14, 4, 2, 2, 2, 7, 12, 4, 7, 2, 6, 9, 75, 7, 6, 2, 8, 4, 6, 6, 2, 2, 6, 4, 20, 4, 4, 2, 2, 3, 2, 2, 2, 6, 10, 4, 16, 4, 2, 10, 11, 4, 14, 4];print(guess(data, OreAlgebra(ZZ['n'], 'Sn')))"

Executing LINUX command for real...


eq = '' 
is Disco: False 


Exiting after running sage code with zero division:
Traceback (most recent call last):
  File "/ceph/grid/home/bgec/oeis/doones.py", line 873, in <module>
    doone(task_id=task_id, seq_id=seq_id, linear=True)
  File "/ceph/grid/home/bgec/oeis/doones.py", line 650, in doone
    1/0
    ~^~
ZeroDivisionError: division by zero
Wed Jan  7 02:25:59 PM CET 2026
this is oei.sh        doing   doones job_id 444508 task_id 6 --exper_id 
