==============================================
Starting time (of array_subjob 444508_18):
Wed Jan  7 02:25:24 PM CET 2026
(True, True)
(True, False)
(True, False)
164
97 18 A000069  ... TASK ID, task_id, seq_id


CORELIST: True, METHOD: MB, SINDy: False (True also in case of MAVI), GROUND_TRUTH: False, SINDy_default: True, DEBUG: False, OEISformer: False
n_of_terms_ed: 200, N_OF_TERMS_ED: 200
Library: n, max_order 20, max_degree: 3, threshold: 0.1, 
n_more_terms: 10

Attempting doone for A000069
../miniforge3/envs/sage/bin/sage -c "from ore_algebra import *;data = [1, 2, 4, 7, 8, 11, 13, 14, 16, 19, 21, 22, 25, 26, 28, 31, 32, 35, 37, 38, 41, 42, 44, 47, 49, 50, 52, 55, 56, 59, 61, 62, 64, 67, 69, 70, 73, 74, 76, 79, 81, 82, 84, 87, 88, 91, 93, 94, 97, 98, 100, 103, 104, 107, 109, 110, 112, 115, 117, 118, 121, 122, 124, 127, 128, 131, 133, 134, 137, 138, 140, 143, 145, 146, 148, 151, 152, 155, 157, 158, 161, 162, 164, 167, 168, 171, 173, 174, 176, 179, 181, 182, 185, 186, 188, 191, 193, 194, 196, 199, 200, 203, 205, 206, 208, 211, 213, 214, 217, 218, 220, 223, 224, 227, 229, 230, 233, 234, 236, 239, 241, 242, 244, 247, 248, 251, 253, 254, 256, 259, 261, 262, 265, 266, 268, 271, 273, 274, 276, 279, 280, 283, 285, 286, 289, 290, 292, 295, 296, 299, 301, 302, 304, 307, 309, 310, 313, 314, 316, 319, 321, 322, 324, 327, 328, 331, 333, 334, 336, 339, 341, 342, 345, 346, 348, 351, 352, 355, 357, 358, 361, 362, 364, 367, 369, 370, 372, 375, 376, 379, 381, 382, 385, 386, 388, 391, 392, 395, 397, 398];print(guess(data, OreAlgebra(ZZ['n'], 'Sn')))"

Executing LINUX command for real...


eq = '(-4*n - 1)*Sn + 4*n + 5\n' 
is Disco: True 


Exiting after running sage code with zero division:
Traceback (most recent call last):
  File "/ceph/grid/home/bgec/oeis/doones.py", line 873, in <module>
    doone(task_id=task_id, seq_id=seq_id, linear=True)
  File "/ceph/grid/home/bgec/oeis/doones.py", line 650, in doone
    1/0
    ~^~
ZeroDivisionError: division by zero
Wed Jan  7 02:26:00 PM CET 2026
this is oei.sh        doing   doones job_id 444508 task_id 18 --exper_id 
