==============================================
Starting time (of array_subjob 444404_91):
Wed Jan  7 02:24:16 PM CET 2026
(True, True)
(True, False)
(True, False)
164
97 91 A001405  ... TASK ID, task_id, seq_id


CORELIST: True, METHOD: MB, SINDy: False (True also in case of MAVI), GROUND_TRUTH: False, SINDy_default: True, DEBUG: False, OEISformer: False
n_of_terms_ed: 200, N_OF_TERMS_ED: 200
Library: n, max_order 20, max_degree: 3, threshold: 0.1, 
n_more_terms: 10

Attempting doone for A001405
../miniforge3/envs/sage/bin/sage -c "from ore_algebra import *;data = [1, 1, 2, 3, 6, 10, 20, 35, 70, 126, 252, 462, 924, 1716, 3432, 6435, 12870, 24310, 48620, 92378, 184756, 352716, 705432, 1352078, 2704156, 5200300, 10400600, 20058300, 40116600, 77558760, 155117520, 300540195, 601080390, 1166803110, 2333606220, 4537567650, 9075135300, 17672631900, 35345263800, 68923264410, 137846528820, 269128937220, 538257874440, 1052049481860, 2104098963720, 4116715363800, 8233430727600, 16123801841550, 32247603683100, 63205303218876, 126410606437752, 247959266474052, 495918532948104, 973469712824056, 1946939425648112, 3824345300380220, 7648690600760440, 15033633249770520, 30067266499541040, 59132290782430712, 118264581564861424, 232714176627630544, 465428353255261088, 916312070471295267, 1832624140942590534, 3609714217008132870, 7219428434016265740, 14226520737620288370, 28453041475240576740, 56093138908331422716, 112186277816662845432, 221256270138418389602, 442512540276836779204, 873065282167813104916, 1746130564335626209832, 3446310324346630677300, 6892620648693261354600, 13608507434599516007800, 27217014869199032015600, 53753604366668088230810, 107507208733336176461620, 212392290424395860814420, 424784580848791721628840, 839455243105945545123660, 1678910486211891090247320, 3318776542511877736535400, 6637553085023755473070800, 13124252690842425594480900, 26248505381684851188961800, 51913710643776705684835560, 103827421287553411369671120, 205397724721029574666088520, 410795449442059149332177040, 812850570172585125274307760, 1625701140345170250548615520, 3217533506933149454210801550, 6435067013866298908421603100, 12738806129490428451365214300, 25477612258980856902730428600, 50445672272782096667406248628, 100891344545564193334812497256, 199804427433372226016001220056, 399608854866744452032002440112, 791532924062974587678774064068, 1583065848125949175357548128136, 3136262529306125724764953838760, 6272525058612251449529907677520, 12428892245768720464809261509160, 24857784491537440929618523018320, 49263609265046928387789436527216, 98527218530093856775578873054432, 195295022443578894680165266232892, 390590044887157789360330532465784, 774327632846470705223111406467256, 1548655265692941410446222812934512, 3070609578529107968988200404956360, 6141219157058215937976400809912720, 12178349853827309571919303301013360, 24356699707654619143838606602026720, 48307454420181661301946569760686328, 96614908840363322603893139521372656, 191645966716130525165099506263706416, 383291933432261050330199012527412832, 760401738905937245009910944207609328, 1520803477811874490019821888415218656, 3017467217880703353213932318284164000, 6034934435761406706427864636568328000, 11975573020964041433067793888190275875, 23951146041928082866135587776380551750, 47533812913980349072792166510047556550, 95067625827960698145584333020095113100, 188694833082770476622296176145946360850, 377389666165540953244592352291892721700, 749146650746521593754190788877936298300, 1498293301493043187508381577755872596600, 2974552877964129857553404602897688243250, 5949105755928259715106809205795376486500, 11811992587857559144487432770927051864500, 23623985175715118288974865541854103729000, 46910484848920020602392947290253148833300, 93820969697840041204785894580506297666600, 186320517287259800139081846983822365788600, 372641034574519600278163693967644731577200, 740106499224393094996908447741294397438050, 1480212998448786189993816895482588794876100, 2940149106507862980124704792396922948726500, 5880298213015725960249409584793845897453000, 11681132936666374542657610931955342526021500, 23362265873332749085315221863910685052043000, 46413034868354394849492907436302560970058760, 92826069736708789698985814872605121940117520, 184430743818987200586142869023202281749444020, 368861487637974401172285738046404563498888040, 732932566345585498433243089884414262536751560, 1465865132691170996866486179768828525073503120, 2912937122655532109157760998258569504953756200, 5825874245311064218315521996517139009907512400, 11578003247010595978171353841179630690575689200, 23156006494021191956342707682359261381151378400, 46022562906867119013231131518689031995038364570, 92045125813734238026462263037378063990076729140, 182953892049521139780992893197751460523485844340, 365907784099042279561985786395502921046971688680, 727353278148096238641508331493499708910443722620, 1454706556296192477283016662986999417820887445240, 2891886527576768177731298185456083180005378656200, 5783773055153536355462596370912166360010757312400, 11498691669174292516217304689789664072878529418700, 22997383338348585032434609379579328145757058837400, 45724209225657774946840576295869487725093446394360, 91448418451315549893681152591738975450186892788720, 181833483199708825951389268525434474441650682172920, 363666966399417651902778537050868948883301364345840, 723153852725278779071042378273566990308173977377360, 1446307705450557558142084756547133980616347954754720, 2876180096066449689487100368133505075089328319114500, 5752360192132899378974200736267010150178656638229000, 11440087123680035843577904835047874118894631741197000, 22880174247360071687155809670095748237789263482394000, 45506124336416142577787665899412654828491979592761400, 91012248672832285155575331798825309656983959185522800, 181024362744864215529221264347114077449605457281094800, 362048725489728431058442528694228154899210914562189600, 720162138745872857431467203815692960288647797444355400, 1440324277491745714862934407631385920577295594888710800, 2865161197160999540318740488298993497922577258649586000, 5730322394321999080637480976597986995845154517299172000, 11399683912108657745523499389615144342798339305690906000, 22799367824217315491046998779230288685596678611381812000, 45358742302916553976925081781837100648187076395275394400, 90717484605833107953850163563674201296374152790550788800, 180489995413688787699847721256893462995911074822866673550, 360979990827377575399695442513786925991822149645733347100, 718238538450349196413827014486194605323934792594087999900, 1436477076900698392827654028972389210647869585188175999800, 2858296224445267210218291180098121388534026215425452244500, 5716592448890534420436582360196242777068052430850904489000, 11375441539711467483090977019784442697802084130077052367000, 22750883079422934966181954039568885395604168260154104734000, 45274257328051640582702088538742081937252294837706668420660];print(guess(data, OreAlgebra(ZZ['n'], 'Sn')))"

Executing LINUX command for real...


eq = '(-n - 3)*Sn^2 + 2*Sn + 4*n + 4\n' 
is Disco: True 


Exiting after running sage code with zero division:
Traceback (most recent call last):
  File "/ceph/grid/home/bgec/oeis/doones.py", line 873, in <module>
    doone(task_id=task_id, seq_id=seq_id, linear=True)
  File "/ceph/grid/home/bgec/oeis/doones.py", line 650, in doone
    1/0
    ~^~
ZeroDivisionError: division by zero
Wed Jan  7 02:24:52 PM CET 2026
this is oei.sh        doing   doones job_id 444404 task_id 91 --exper_id 
