==============================================
Starting time (of array_subjob 444404_90):
Wed Jan  7 02:24:17 PM CET 2026
Traceback (most recent call last):
  File "/ceph/grid/home/bgec/miniforge3/envs/sage/bin/sage-eval", line 11, in <module>
    eval(compile(s,'<cmdline>','exec'))
  File "<cmdline>", line 1, in <module>
  File "/ceph/grid/home/bgec/miniforge3/envs/sage/lib/python3.12/site-packages/ore_algebra/guessing.py", line 242, in guess
    return _guess_via_hom(data, A, _word_size_primes(),
           ^^^^^^^^^^^^^^^^^^^^^^^^^^^^^^^^^^^^^^^^^^^^
  File "/ceph/grid/home/bgec/miniforge3/envs/sage/lib/python3.12/site-packages/ore_algebra/guessing.py", line 690, in _guess_via_hom
    Lp = guess(data_mod, A.change_ring(hom(K.one()).parent()[x]), **kwargs)
         ^^^^^^^^^^^^^^^^^^^^^^^^^^^^^^^^^^^^^^^^^^^^^^^^^^^^^^^^^^^^^^^^^^
  File "/ceph/grid/home/bgec/miniforge3/envs/sage/lib/python3.12/site-packages/ore_algebra/guessing.py", line 238, in guess
    return _guess_via_gcrd(data, A, **kwargs)
           ^^^^^^^^^^^^^^^^^^^^^^^^^^^^^^^^^^
  File "/ceph/grid/home/bgec/miniforge3/envs/sage/lib/python3.12/site-packages/ore_algebra/guessing.py", line 956, in _guess_via_gcrd
    raise ValueError("No relations found.")
ValueError: No relations found.
(True, True)
(True, False)
(True, False)
164
97 90 A001358  ... TASK ID, task_id, seq_id


CORELIST: True, METHOD: MB, SINDy: False (True also in case of MAVI), GROUND_TRUTH: False, SINDy_default: True, DEBUG: False, OEISformer: False
n_of_terms_ed: 200, N_OF_TERMS_ED: 200
Library: n, max_order 20, max_degree: 3, threshold: 0.1, 
n_more_terms: 10

Attempting doone for A001358
../miniforge3/envs/sage/bin/sage -c "from ore_algebra import *;data = [4, 6, 9, 10, 14, 15, 21, 22, 25, 26, 33, 34, 35, 38, 39, 46, 49, 51, 55, 57, 58, 62, 65, 69, 74, 77, 82, 85, 86, 87, 91, 93, 94, 95, 106, 111, 115, 118, 119, 121, 122, 123, 129, 133, 134, 141, 142, 143, 145, 146, 155, 158, 159, 161, 166, 169, 177, 178, 183, 185, 187, 194, 201, 202, 203, 205, 206, 209, 213, 214, 215, 217, 218, 219, 221, 226, 235, 237, 247, 249, 253, 254, 259, 262, 265, 267, 274, 278, 287, 289, 291, 295, 298, 299, 301, 302, 303, 305, 309, 314, 319, 321, 323, 326, 327, 329, 334, 335, 339, 341, 346, 355, 358, 361, 362, 365, 371, 377, 381, 382, 386, 391, 393, 394, 395, 398, 403, 407, 411, 413, 415, 417, 422, 427, 437, 445, 446, 447, 451, 453, 454, 458, 466, 469, 471, 473, 478, 481, 482, 485, 489, 493, 497, 501, 502, 505, 511, 514, 515, 517, 519, 526, 527, 529, 533, 535, 537, 538, 542, 543, 545, 551, 553, 554, 559, 562, 565, 566, 573, 579, 581, 583, 586, 589, 591, 597, 611, 614, 622, 623, 626, 629, 633, 634, 635, 649, 655, 662, 667, 669];print(guess(data, OreAlgebra(ZZ['n'], 'Sn')))"

Executing LINUX command for real...


eq = '' 
is Disco: False 


Exiting after running sage code with zero division:
Traceback (most recent call last):
  File "/ceph/grid/home/bgec/oeis/doones.py", line 873, in <module>
    doone(task_id=task_id, seq_id=seq_id, linear=True)
  File "/ceph/grid/home/bgec/oeis/doones.py", line 650, in doone
    1/0
    ~^~
ZeroDivisionError: division by zero
Wed Jan  7 02:24:53 PM CET 2026
this is oei.sh        doing   doones job_id 444404 task_id 90 --exper_id 
