==============================================
Starting time (of array_subjob 444404_103):
Wed Jan  7 02:24:17 PM CET 2026
Traceback (most recent call last):
  File "/ceph/grid/home/bgec/miniforge3/envs/sage/bin/sage-eval", line 11, in <module>
    eval(compile(s,'<cmdline>','exec'))
  File "<cmdline>", line 1, in <module>
  File "/ceph/grid/home/bgec/miniforge3/envs/sage/lib/python3.12/site-packages/ore_algebra/guessing.py", line 242, in guess
    return _guess_via_hom(data, A, _word_size_primes(),
           ^^^^^^^^^^^^^^^^^^^^^^^^^^^^^^^^^^^^^^^^^^^^
  File "/ceph/grid/home/bgec/miniforge3/envs/sage/lib/python3.12/site-packages/ore_algebra/guessing.py", line 690, in _guess_via_hom
    Lp = guess(data_mod, A.change_ring(hom(K.one()).parent()[x]), **kwargs)
         ^^^^^^^^^^^^^^^^^^^^^^^^^^^^^^^^^^^^^^^^^^^^^^^^^^^^^^^^^^^^^^^^^^
  File "/ceph/grid/home/bgec/miniforge3/envs/sage/lib/python3.12/site-packages/ore_algebra/guessing.py", line 238, in guess
    return _guess_via_gcrd(data, A, **kwargs)
           ^^^^^^^^^^^^^^^^^^^^^^^^^^^^^^^^^^
  File "/ceph/grid/home/bgec/miniforge3/envs/sage/lib/python3.12/site-packages/ore_algebra/guessing.py", line 956, in _guess_via_gcrd
    raise ValueError("No relations found.")
ValueError: No relations found.
(True, True)
(True, False)
(True, False)
164
97 103 A002083  ... TASK ID, task_id, seq_id


CORELIST: True, METHOD: MB, SINDy: False (True also in case of MAVI), GROUND_TRUTH: False, SINDy_default: True, DEBUG: False, OEISformer: False
n_of_terms_ed: 200, N_OF_TERMS_ED: 200
Library: n, max_order 20, max_degree: 3, threshold: 0.1, 
n_more_terms: 10

Attempting doone for A002083
../miniforge3/envs/sage/bin/sage -c "from ore_algebra import *;data = [1, 1, 1, 2, 3, 6, 11, 22, 42, 84, 165, 330, 654, 1308, 2605, 5210, 10398, 20796, 41550, 83100, 166116, 332232, 664299, 1328598, 2656866, 5313732, 10626810, 21253620, 42505932, 85011864, 170021123, 340042246, 680079282, 1360158564, 2720306730, 5440613460, 10881206124, 21762412248, 43524782946, 87049565892, 174099048684, 348198097368, 696396028620, 1392792057240, 2785583782248, 5571167564496, 11142334464693, 22284668929386, 44569336530174, 89138673060348, 178277343463830, 356554686927660, 713109368541588, 1426218737083176, 2852437463539542, 5704874927079084, 11409749832904548, 22819499665809096, 45638999289112260, 91277998578224520, 182555997071437176, 365111994142874352, 730223988115727581, 1460447976231455162, 2920895952122868078, 5841791904245736156, 11683583807811393030, 23367167615622786060, 46734335229885413556, 93468670459770827112, 186937340916821347494, 373874681833642694988, 747749363661844776516, 1495498727323689553032, 2990997454636497899940, 5981994909272995799880, 11963989818524229187512, 23927979637048458375024, 47855959274053391967102, 95711918548106783934204, 191423837096126518302516, 382847674192253036605032, 765695348384331974161380, 1531390696768663948322760, 3062781393536979698548152, 6125562787073959397096304, 12251125574147222398163988, 24502251148294444796327976, 49004502296587496800598712, 98009004593174993601197424, 196018009186347201618612600, 392036018372694403237225200, 784072036745383235306885904, 1568144073490766470613771808, 3136288146981521798893078923, 6272576293963043597786157846, 12545152587926064910903386306, 25090305175852129821806772612, 50180610351704215074277015050, 100361220703408430148554030100, 200722441406816771158434999852, 401444882813633542316869999704, 802889765627266906356396535578, 1605779531254533812712793071156, 3211559062509067268870899214652, 6423118125018134537741798429304, 12846236250036268362374228317020, 25692472500072536724748456634040, 51384945000145072023278176184904, 102769890000290144046556352369808, 205539780000580285240675241200074, 411079560001160570481350482400148, 822159120002321135257826037721212, 1644318240004642270515652075442424, 3288636480009284529621554317980300, 6577272960018569059243108635960600, 13154545920037138095666717606112104, 26309091840074276191333435212224208, 52618183680148552337027871135336156, 105236367360297104674055742270672312, 210472734720594209256833485963120104, 420945469441188418513666971926240208, 841890938882376836844777946781043240, 1683781877764753673689555893562086480, 3367563755529507347013999792981298608, 6735127511059014694027999585962597216, 13470255022118029387325775183809466851, 26940510044236058774651550367618933702, 53881020088472117547842652759006412242, 107762040176944235095685305518012824484, 215524080353888470188449715083902780890, 431048160707776940376899430167805561780, 862096321415553880747957068431365387404, 1724192642831107761495914136862730774808, 3448385285662215522980144689917650156586, 6896770571324431045960289379835300313172, 13793541142648862091897211592054977840284, 27587082285297724183794423184109955680568, 55174164570595448367542112032990025947580, 110348329141190896735084224065980051895160, 220696658282381793470074979461500332963208, 441393316564763586940149958923000665926416, 882786633129527173880112980505084510505338, 1765573266259054347760225961010169021010676, 3531146532518108695520078047338504399326364, 7062293065036217391040156094677008798652728, 14124586130072434782079564439990355752528940, 28249172260144869564159128879980711505057880, 56498344520289739128316762261234099320562728, 112996689040579478256633524522468198641125456, 225993378081158956513264058047481760784350972, 451986756162317913026528116094963521568701944, 903973512324635826053050250195017770141604008, 1807947024649271652106100500390035540283208016, 3615894049298543304212189036790252556337228520, 7231788098597086608424378073580505112674457040, 14463576197194173216848732219181373176890539056, 28927152394388346433697464438362746353781078112, 57854304788776692867394881020766218654170189122, 115708609577553385734789762041532437308340378244, 231417219155106771469579428371146326509896822284, 462834438310213542939158856742292653019793644568, 925668876620427085878317522060748209913068986620, 1851337753240854171756635044121496419826137973240, 3702675506481708343513269705395318647399239341448, 7405351012963416687026539410790637294798478682896, 14810702025926833374053078055885926205264983204412, 29621404051853666748106156111771852410529966408824, 59242808103707333496212310692153008052395984494888, 118485616207414666992424621384306016104791968989776, 236971232414829333984849239705830638672604239431400, 473942464829658667969698479411661277345208478862800, 947884929659317335939396952697759767616457560629296, 1895769859318634671878793905395519535232915121258592, 3791539718637269343757587798539913496318607844353196, 7583079437274538687515175597079826992637215688706392, 15166158874549077375030351169657402836979986581084808, 30332317749098154750060702339314805673959973162169616, 60664635498196309500121404629625109051332449523740520, 121329270996392619000242809259250218102664899047481040, 242658541992785238000485618420491431612154804493764656, 485317083985570476000971236840982863224309608987529312, 970634167971140952001942473485947717262272016356446024, 1941268335942281904003884946971895434524544032712892048, 3882536671884563808007769893551754850676393662188558896, 7765073343769127616015539787103509701352787324377117792, 15530146687538255232031079573422947365960191413447349680, 31060293375076510464062159146845894731920382826894699360, 62120586750153020928124318292123645390349999183175626912, 124241173500306041856248636584247290780699998366351253824, 248482347000612083712497273165358293414418474933809428725, 496964694001224167424994546330716586828836949867618857450, 993929388002448334849989092655160597363710856137451557054, 1987858776004896669699978185310321194727421712274903114108, 3975717552009793339399956370608097236866917359638902841910, 7951435104019586678799912741216194473733834719277805683820, 15902870208039173357599825482407298642291817308733804595028, 31805740416078346715199650964814597284583634617467609190056, 63611480832156693430399301929579013958815565019860941365062, 127222961664313386860798603859158027917631130039721882730124];print(guess(data, OreAlgebra(ZZ['n'], 'Sn')))"

Executing LINUX command for real...


eq = '' 
is Disco: False 


Exiting after running sage code with zero division:
Traceback (most recent call last):
  File "/ceph/grid/home/bgec/oeis/doones.py", line 873, in <module>
    doone(task_id=task_id, seq_id=seq_id, linear=True)
  File "/ceph/grid/home/bgec/oeis/doones.py", line 650, in doone
    1/0
    ~^~
ZeroDivisionError: division by zero
Wed Jan  7 02:24:53 PM CET 2026
this is oei.sh        doing   doones job_id 444404 task_id 103 --exper_id 
