==============================================
Starting time (of array_subjob 444404_114):
Wed Jan  7 02:24:17 PM CET 2026
(True, True)
(True, False)
(True, False)
164
97 114 A002620  ... TASK ID, task_id, seq_id


CORELIST: True, METHOD: MB, SINDy: False (True also in case of MAVI), GROUND_TRUTH: False, SINDy_default: True, DEBUG: False, OEISformer: False
n_of_terms_ed: 200, N_OF_TERMS_ED: 200
Library: n, max_order 20, max_degree: 3, threshold: 0.1, 
n_more_terms: 10

Attempting doone for A002620
../miniforge3/envs/sage/bin/sage -c "from ore_algebra import *;data = [0, 0, 1, 2, 4, 6, 9, 12, 16, 20, 25, 30, 36, 42, 49, 56, 64, 72, 81, 90, 100, 110, 121, 132, 144, 156, 169, 182, 196, 210, 225, 240, 256, 272, 289, 306, 324, 342, 361, 380, 400, 420, 441, 462, 484, 506, 529, 552, 576, 600, 625, 650, 676, 702, 729, 756, 784, 812, 841, 870, 900, 930, 961, 992, 1024, 1056, 1089, 1122, 1156, 1190, 1225, 1260, 1296, 1332, 1369, 1406, 1444, 1482, 1521, 1560, 1600, 1640, 1681, 1722, 1764, 1806, 1849, 1892, 1936, 1980, 2025, 2070, 2116, 2162, 2209, 2256, 2304, 2352, 2401, 2450, 2500, 2550, 2601, 2652, 2704, 2756, 2809, 2862, 2916, 2970, 3025, 3080, 3136, 3192, 3249, 3306, 3364, 3422, 3481, 3540, 3600, 3660, 3721, 3782, 3844, 3906, 3969, 4032, 4096, 4160, 4225, 4290, 4356, 4422, 4489, 4556, 4624, 4692, 4761, 4830, 4900, 4970, 5041, 5112, 5184, 5256, 5329, 5402, 5476, 5550, 5625, 5700, 5776, 5852, 5929, 6006, 6084, 6162, 6241, 6320, 6400, 6480, 6561, 6642, 6724, 6806, 6889, 6972, 7056, 7140, 7225, 7310, 7396, 7482, 7569, 7656, 7744, 7832, 7921, 8010, 8100, 8190, 8281, 8372, 8464, 8556, 8649, 8742, 8836, 8930, 9025, 9120, 9216, 9312, 9409, 9506, 9604, 9702, 9801, 9900];print(guess(data, OreAlgebra(ZZ['n'], 'Sn')))"

Executing LINUX command for real...


eq = '-Sn^4 + 2*Sn^3 - 2*Sn + 1\n' 
is Disco: True 


Exiting after running sage code with zero division:
Traceback (most recent call last):
  File "/ceph/grid/home/bgec/oeis/doones.py", line 873, in <module>
    doone(task_id=task_id, seq_id=seq_id, linear=True)
  File "/ceph/grid/home/bgec/oeis/doones.py", line 650, in doone
    1/0
    ~^~
ZeroDivisionError: division by zero
Wed Jan  7 02:24:53 PM CET 2026
this is oei.sh        doing   doones job_id 444404 task_id 114 --exper_id 
