==============================================
Starting time (of array_subjob 444404_111):
Wed Jan  7 02:24:17 PM CET 2026
(True, True)
(True, False)
(True, False)
164
97 111 A002530  ... TASK ID, task_id, seq_id


CORELIST: True, METHOD: MB, SINDy: False (True also in case of MAVI), GROUND_TRUTH: False, SINDy_default: True, DEBUG: False, OEISformer: False
n_of_terms_ed: 200, N_OF_TERMS_ED: 200
Library: n, max_order 20, max_degree: 3, threshold: 0.1, 
n_more_terms: 10

Attempting doone for A002530
../miniforge3/envs/sage/bin/sage -c "from ore_algebra import *;data = [0, 1, 1, 3, 4, 11, 15, 41, 56, 153, 209, 571, 780, 2131, 2911, 7953, 10864, 29681, 40545, 110771, 151316, 413403, 564719, 1542841, 2107560, 5757961, 7865521, 21489003, 29354524, 80198051, 109552575, 299303201, 408855776, 1117014753, 1525870529, 4168755811, 5694626340, 15558008491, 21252634831, 58063278153, 79315912984, 216695104121, 296011017105, 808717138331, 1104728155436, 3018173449203, 4122901604639, 11263976658481, 15386878263120, 42037733184721, 57424611447841, 156886956080403, 214311567528244, 585510091136891, 799821658665135, 2185153408467161, 2984975067132296, 8155103542731753, 11140078609864049, 30435260762459851, 41575339372323900, 113585939507107651, 155161278879431551, 423908497265970753, 579069776145402304, 1582048049556775361, 2161117825702177665, 5904283700961130691, 8065401526663308356, 22035086754287747403, 30100488280951055759, 82236063316189858921, 112336551597140914680, 306909166510471688281, 419245718107612602961, 1145400602725696894203, 1564646320833309497164, 4274693244392315888531, 5839339565225625385695, 15953372374843566659921, 21792711940069192045616, 59538796254981950751153, 81331508195051142796769, 222201812645084236344691, 303533320840135379141460, 829268454325354994627611, 1132801775165490373769071, 3094872004656335742165753, 4227673779821826115934824, 11550219564299987974035401, 15777893344121814089970225, 43106006252543616153975851, 58883899596665430243946076, 160873805445874476641868003, 219757705042539906885814079, 600389215530954290413496161, 820146920573494197299310240, 2240683056677942685012116641, 3060829977251436882311426881, 8362343011180816449634970403, 11423172988432253331946397284, 31208688988045323113527764971, 42631861976477576445474162255, 116472412941000476004476089481, 159104274917478052449950251736, 434680962775956580904376592953, 593785237693434633354326844689, 1622251438162825847613030282331, 2216036675856260480967357127020, 6054324789875346809547744536371, 8270361465731607290515101663391, 22595047721338561390577947863153, 30865409187070168681093049526544, 84325866095478898752764046916241, 115191275282549067433857096442785, 314708416660577033620478239801811, 429899691943126101054335336244596, 1174507800546829235729148912291003, 1604407492489955336783484248535599, 4383322785526739909296117409362201, 5987730278016695246079601657897800, 16358783341560130401455320725157801, 22346513619576825647534922383055601, 61051810580713781696525165491269003, 83398324200290607344060087874324604, 227848458981294996384645341239918211, 311246783181585603728705429114242815, 850342025344466203842056199468403841, 1161588808526051807570761628582646656, 3173519642396569818983579456633697153, 4335108450922621626554341085216343809, 11843736544241813072092261627066384771, 16178844995164434698646602712282728580, 44201426534570682469385467051631841931, 60380271529735117168032069763914570511, 164961969594040916805449606579460982953, 225342241123776033973481676343375553464, 615646451841592984752412959266212089881, 840988692965369018725894635609587643345, 2297623837772331022204202230485387376571, 3138612530737700040930096866094975019916, 8574848899247731104064395962675337416403, 11713461429985431144994492828770312436319, 32001771759218593394053381620215962289041, 43715233189204024539047874448986274725360, 119432238137626642472149130518188511739761, 163147471326830667011197004967174786465121, 445727180791287976494543140452538084670003, 608874652118118643505740145419712871135124, 1663476485027525263506023431291963826940251, 2272351137145643907011763576711676698075375, 6208178759318813077529550584715317223091001, 8480529896464456984541314161426993921166376, 23169238552247727046612178907569305065423753, 31649768448712184031153493068996298986590129, 86468775449672095108919165045561903038604011, 118118543898384279140072658114558202025194140, 322705863246440653389064481274678307088992291, 440824407144824932529137139389236509114186431, 1204354677536090518447338760053151325317365153, 1645179084680915450976475899442387834431551584, 4494712846897921420400290558937926994180468321, 6139891931578836871376766458380314828612019905, 16774496710055595163153823475698556651404508131, 22914388641634432034530589934078871480016528036, 62603273993324459232215003343856299611437564203, 85517662634958891266745593277935171091454092239, 233638599263242241765706189899726641794345748681, 319156261898201133032451783177661812885799840920, 871951123059644507830609756255050267565945430521, 1191107384957845640863061539432712080451745271441, 3254165892975335789556732835120474428469435973403, 4445273277933181430419794374553186508921181244844, 12144712448841698650396321584226847446311798463091, 16589985726774880080816115958780033955232979707935, 45324683902391458812028553501786915356777757878961, 61914669629166338892844669460566949312010737586896, 169154023160724136597717892422920813980799233052753, 231068692789890475490562561883487763292809970639649, 631291408740505087578843016189896340566419174332051, 862360101530395563069405578073384103859229144971700, 2356011611801296213717654172336664548284877464275451, 3218371713331691776787059750410048652144106609247151, 8792755038464679767291773673156761852573090682769753, 12011126751796371544078833423566810504717197292016904, 32815008542057422855449440520290382862007485266803561, 44826135293853794399528273943857193366724682558820465, 122467279129765011654505988408004769595456850384444491, 167293414423618806054034262351861962962181532943264956, 457054107977002623762574513111728695519819916270974403, 624347522400621429816608775463590658482001449214239359, 1705749152778245483395792064038910012483822814699453121, 2330096675178866913212400839502500670965824263913692480, 6365942503135979309820593743043911354415471342526838081, 8696039178314846223032994582546412025381295606440530561, 23758020859765671755886582908136735405178062555407899203, 32454060038080517978919577490683147430559358161848429764, 88666140935926707713725737889503030266296778879104758731, 121120200974007225692645315380186177696856137040953188495, 330906542883941159099016368649875385660009052961011135721];print(guess(data, OreAlgebra(ZZ['n'], 'Sn')))"

Executing LINUX command for real...


eq = '-Sn^4 + 4*Sn^2 - 1\n' 
is Disco: True 


Exiting after running sage code with zero division:
Traceback (most recent call last):
  File "/ceph/grid/home/bgec/oeis/doones.py", line 873, in <module>
    doone(task_id=task_id, seq_id=seq_id, linear=True)
  File "/ceph/grid/home/bgec/oeis/doones.py", line 650, in doone
    1/0
    ~^~
ZeroDivisionError: division by zero
Wed Jan  7 02:24:53 PM CET 2026
this is oei.sh        doing   doones job_id 444404 task_id 111 --exper_id 
