==============================================
Starting time (of array_subjob 444404_116):
Wed Jan  7 02:24:17 PM CET 2026
Traceback (most recent call last):
  File "/ceph/grid/home/bgec/miniforge3/envs/sage/bin/sage-eval", line 11, in <module>
    eval(compile(s,'<cmdline>','exec'))
  File "<cmdline>", line 1, in <module>
  File "/ceph/grid/home/bgec/miniforge3/envs/sage/lib/python3.12/site-packages/ore_algebra/guessing.py", line 242, in guess
    return _guess_via_hom(data, A, _word_size_primes(),
           ^^^^^^^^^^^^^^^^^^^^^^^^^^^^^^^^^^^^^^^^^^^^
  File "/ceph/grid/home/bgec/miniforge3/envs/sage/lib/python3.12/site-packages/ore_algebra/guessing.py", line 690, in _guess_via_hom
    Lp = guess(data_mod, A.change_ring(hom(K.one()).parent()[x]), **kwargs)
         ^^^^^^^^^^^^^^^^^^^^^^^^^^^^^^^^^^^^^^^^^^^^^^^^^^^^^^^^^^^^^^^^^^
  File "/ceph/grid/home/bgec/miniforge3/envs/sage/lib/python3.12/site-packages/ore_algebra/guessing.py", line 238, in guess
    return _guess_via_gcrd(data, A, **kwargs)
           ^^^^^^^^^^^^^^^^^^^^^^^^^^^^^^^^^^
  File "/ceph/grid/home/bgec/miniforge3/envs/sage/lib/python3.12/site-packages/ore_algebra/guessing.py", line 956, in _guess_via_gcrd
    raise ValueError("No relations found.")
ValueError: No relations found.
(True, True)
(True, False)
(True, False)
164
97 116 A002658  ... TASK ID, task_id, seq_id


CORELIST: True, METHOD: MB, SINDy: False (True also in case of MAVI), GROUND_TRUTH: False, SINDy_default: True, DEBUG: False, OEISformer: False
n_of_terms_ed: 200, N_OF_TERMS_ED: 200
Library: n, max_order 20, max_degree: 3, threshold: 0.1, 
n_more_terms: 10

Attempting doone for A002658
../miniforge3/envs/sage/bin/sage -c "from ore_algebra import *;data = [1, 1, 2, 7, 56, 2212, 2595782, 3374959180831, 5695183504489239067484387, 16217557574922386301420531277071365103168734284282, 131504586847961235687181874578063117114329409897598970946516793776220805297959867258692249572750581, 8646728181026489602610406537158318670928372786737024641130379069394221138489756289944296330853108308241821596669137971686949329478336661530334430058051973336177293923772027610801794840747988177012, 37382954118278832773895244218236686338908646550437400502358118064530753024550062640906067170928616739335301863382037085201145976272239453658981262846128190508219395966448887917209180943430756816335013836571220098214533843160960292403982688400889116113298927509490676956626754265866646296911358806064189832488767454873784104300529688084666142194184165885781853616599372440233143409792619424282, 698742629304670171755159456606645882464563215715832539360594587622161928133397802571216754607349602657704905034938428686495862728728254448794930230920430305987983203057065722937242690974977982553211093834896106441403664858556891811760492816199857665396567542914925037623435144863693826624157959093792706703191150574055525090366026295073053913789975182184642596837652773018150165286207352764082261237694579353608812945408927577071997788211005639664047358857233968364073263830897026148395173843654321431582847856324161319560081627716122033576254282024438761251026584704644002061508052497573134476197283959326595986049819620838278750547777137838283590084247887614634613387860216343611344403039512512740193060337650185193119505795520622153060462068625212809957589013186495249178168609331];print(guess(data, OreAlgebra(ZZ['n'], 'Sn')))"

Executing LINUX command for real...


eq = '' 
is Disco: False 


Exiting after running sage code with zero division:
Traceback (most recent call last):
  File "/ceph/grid/home/bgec/oeis/doones.py", line 873, in <module>
    doone(task_id=task_id, seq_id=seq_id, linear=True)
  File "/ceph/grid/home/bgec/oeis/doones.py", line 650, in doone
    1/0
    ~^~
ZeroDivisionError: division by zero
Wed Jan  7 02:24:53 PM CET 2026
this is oei.sh        doing   doones job_id 444404 task_id 116 --exper_id 
