==============================================
Starting time (of array_subjob 444404_118):
Wed Jan  7 02:24:17 PM CET 2026
Traceback (most recent call last):
  File "/ceph/grid/home/bgec/miniforge3/envs/sage/bin/sage-eval", line 11, in <module>
    eval(compile(s,'<cmdline>','exec'))
  File "<cmdline>", line 1, in <module>
  File "/ceph/grid/home/bgec/miniforge3/envs/sage/lib/python3.12/site-packages/ore_algebra/guessing.py", line 242, in guess
    return _guess_via_hom(data, A, _word_size_primes(),
           ^^^^^^^^^^^^^^^^^^^^^^^^^^^^^^^^^^^^^^^^^^^^
  File "/ceph/grid/home/bgec/miniforge3/envs/sage/lib/python3.12/site-packages/ore_algebra/guessing.py", line 690, in _guess_via_hom
    Lp = guess(data_mod, A.change_ring(hom(K.one()).parent()[x]), **kwargs)
         ^^^^^^^^^^^^^^^^^^^^^^^^^^^^^^^^^^^^^^^^^^^^^^^^^^^^^^^^^^^^^^^^^^
  File "/ceph/grid/home/bgec/miniforge3/envs/sage/lib/python3.12/site-packages/ore_algebra/guessing.py", line 238, in guess
    return _guess_via_gcrd(data, A, **kwargs)
           ^^^^^^^^^^^^^^^^^^^^^^^^^^^^^^^^^^
  File "/ceph/grid/home/bgec/miniforge3/envs/sage/lib/python3.12/site-packages/ore_algebra/guessing.py", line 956, in _guess_via_gcrd
    raise ValueError("No relations found.")
ValueError: No relations found.
(True, True)
(True, False)
(True, False)
164
97 118 A003136  ... TASK ID, task_id, seq_id


CORELIST: True, METHOD: MB, SINDy: False (True also in case of MAVI), GROUND_TRUTH: False, SINDy_default: True, DEBUG: False, OEISformer: False
n_of_terms_ed: 200, N_OF_TERMS_ED: 200
Library: n, max_order 20, max_degree: 3, threshold: 0.1, 
n_more_terms: 10

Attempting doone for A003136
../miniforge3/envs/sage/bin/sage -c "from ore_algebra import *;data = [0, 1, 3, 4, 7, 9, 12, 13, 16, 19, 21, 25, 27, 28, 31, 36, 37, 39, 43, 48, 49, 52, 57, 61, 63, 64, 67, 73, 75, 76, 79, 81, 84, 91, 93, 97, 100, 103, 108, 109, 111, 112, 117, 121, 124, 127, 129, 133, 139, 144, 147, 148, 151, 156, 157, 163, 169, 171, 172, 175, 181, 183, 189, 192, 193, 196, 199, 201, 208, 211, 217, 219, 223, 225, 228, 229, 237, 241, 243, 244, 247, 252, 256, 259, 268, 271, 273, 277, 279, 283, 289, 291, 292, 300, 301, 304, 307, 309, 313, 316, 324, 325, 327, 331, 333, 336, 337, 343, 349, 351, 361, 363, 364, 367, 372, 373, 379, 381, 387, 388, 397, 399, 400, 403, 409, 412, 417, 421, 427, 432, 433, 436, 439, 441, 444, 448, 453, 457, 463, 468, 469, 471, 475, 481, 484, 487, 489, 496, 499, 507, 508, 511, 513, 516, 523, 525, 529, 532, 541, 543, 547, 549, 553, 556, 559, 567, 571, 576, 577, 579, 588, 589, 592, 597, 601, 603, 604, 607, 613, 619, 624, 625, 628, 631, 633, 637, 643, 651, 652, 657, 661, 669, 673, 675, 676, 679, 684, 687, 688, 691];print(guess(data, OreAlgebra(ZZ['n'], 'Sn')))"

Executing LINUX command for real...


eq = '' 
is Disco: False 


Exiting after running sage code with zero division:
Traceback (most recent call last):
  File "/ceph/grid/home/bgec/oeis/doones.py", line 873, in <module>
    doone(task_id=task_id, seq_id=seq_id, linear=True)
  File "/ceph/grid/home/bgec/oeis/doones.py", line 650, in doone
    1/0
    ~^~
ZeroDivisionError: division by zero
Wed Jan  7 02:24:53 PM CET 2026
this is oei.sh        doing   doones job_id 444404 task_id 118 --exper_id 
