==============================================
Starting time (of array_subjob 444404_139):
Wed Jan  7 02:24:16 PM CET 2026
Traceback (most recent call last):
  File "/ceph/grid/home/bgec/miniforge3/envs/sage/bin/sage-eval", line 11, in <module>
    eval(compile(s,'<cmdline>','exec'))
  File "<cmdline>", line 1, in <module>
  File "/ceph/grid/home/bgec/miniforge3/envs/sage/lib/python3.12/site-packages/ore_algebra/guessing.py", line 242, in guess
    return _guess_via_hom(data, A, _word_size_primes(),
           ^^^^^^^^^^^^^^^^^^^^^^^^^^^^^^^^^^^^^^^^^^^^
  File "/ceph/grid/home/bgec/miniforge3/envs/sage/lib/python3.12/site-packages/ore_algebra/guessing.py", line 690, in _guess_via_hom
    Lp = guess(data_mod, A.change_ring(hom(K.one()).parent()[x]), **kwargs)
         ^^^^^^^^^^^^^^^^^^^^^^^^^^^^^^^^^^^^^^^^^^^^^^^^^^^^^^^^^^^^^^^^^^
  File "/ceph/grid/home/bgec/miniforge3/envs/sage/lib/python3.12/site-packages/ore_algebra/guessing.py", line 238, in guess
    return _guess_via_gcrd(data, A, **kwargs)
           ^^^^^^^^^^^^^^^^^^^^^^^^^^^^^^^^^^
  File "/ceph/grid/home/bgec/miniforge3/envs/sage/lib/python3.12/site-packages/ore_algebra/guessing.py", line 956, in _guess_via_gcrd
    raise ValueError("No relations found.")
ValueError: No relations found.
(True, True)
(True, False)
(True, False)
164
97 139 A008275  ... TASK ID, task_id, seq_id


CORELIST: True, METHOD: MB, SINDy: False (True also in case of MAVI), GROUND_TRUTH: False, SINDy_default: True, DEBUG: False, OEISformer: False
n_of_terms_ed: 200, N_OF_TERMS_ED: 200
Library: n, max_order 20, max_degree: 3, threshold: 0.1, 
n_more_terms: 10

Attempting doone for A008275
../miniforge3/envs/sage/bin/sage -c "from ore_algebra import *;data = [1, -1, 1, 2, -3, 1, -6, 11, -6, 1, 24, -50, 35, -10, 1, -120, 274, -225, 85, -15, 1, 720, -1764, 1624, -735, 175, -21, 1, -5040, 13068, -13132, 6769, -1960, 322, -28, 1, 40320, -109584, 118124, -67284, 22449, -4536, 546, -36, 1, -362880, 1026576, -1172700, 723680, -269325, 63273, -9450, 870, -45, 1, 3628800, -10628640, 12753576, -8409500, 3416930, -902055, 157773, -18150, 1320, -55, 1, -39916800, 120543840, -150917976, 105258076, -45995730, 13339535, -2637558, 357423, -32670, 1925, -66, 1, 479001600, -1486442880, 1931559552, -1414014888, 657206836, -206070150, 44990231, -6926634, 749463, -55770, 2717, -78, 1, -6227020800, 19802759040, -26596717056, 20313753096, -9957703756, 3336118786, -790943153, 135036473, -16669653, 1474473, -91091, 3731, -91, 1, 87178291200, -283465647360, 392156797824, -310989260400, 159721605680, -56663366760, 14409322928, -2681453775, 368411615, -37312275, 2749747, -143325, 5005, -105, 1, -1307674368000, 4339163001600, -6165817614720, 5056995703824, -2706813345600, 1009672107080, -272803210680, 54631129553, -8207628000, 928095740, -78558480, 4899622, -218400, 6580, -120, 1, 20922789888000, -70734282393600, 102992244837120, -87077748875904, 48366009233424, -18861567058880, 5374523477960, -1146901283528, 185953177553, -23057159840, 2185031420, -156952432, 8394022, -323680, 8500, -136, 1, -355687428096000, 1223405590579200, -1821602444624640, 1583313975727488, -909299905844112, 369012649234384, -110228466184200, 24871845297936, -4308105301929, 577924894833, -60202693980, 4853222764, -299650806, 13896582, -468180, 10812, -153, 1, 6402373705728000, -22376988058521600, 34012249593822720, -30321254007719424, 17950712280921504, -7551527592063024, 2353125040549984, -557921681547048, 102417740732658, -14710753408923, 1661573386473, -147560703732, 10246937272, -549789282, 22323822, -662796, 13566, -171, 1, -121645100408832000, 431565146817638400, -668609730341153280, 610116075740491776, -371384787345228000, 161429736530118960, -52260903362512720, 12953636989943896, -2503858755467550, 381922055502195];print(guess(data, OreAlgebra(ZZ['n'], 'Sn')))"

Executing LINUX command for real...


eq = '' 
is Disco: False 


Exiting after running sage code with zero division:
Traceback (most recent call last):
  File "/ceph/grid/home/bgec/oeis/doones.py", line 873, in <module>
    doone(task_id=task_id, seq_id=seq_id, linear=True)
  File "/ceph/grid/home/bgec/oeis/doones.py", line 650, in doone
    1/0
    ~^~
ZeroDivisionError: division by zero
Wed Jan  7 02:24:41 PM CET 2026
this is oei.sh        doing   doones job_id 444404 task_id 139 --exper_id 
