==============================================
Starting time (of array_subjob 444404_142):
Wed Jan  7 02:24:16 PM CET 2026
Traceback (most recent call last):
  File "/ceph/grid/home/bgec/miniforge3/envs/sage/bin/sage-eval", line 11, in <module>
    eval(compile(s,'<cmdline>','exec'))
  File "<cmdline>", line 1, in <module>
  File "/ceph/grid/home/bgec/miniforge3/envs/sage/lib/python3.12/site-packages/ore_algebra/guessing.py", line 242, in guess
    return _guess_via_hom(data, A, _word_size_primes(),
           ^^^^^^^^^^^^^^^^^^^^^^^^^^^^^^^^^^^^^^^^^^^^
  File "/ceph/grid/home/bgec/miniforge3/envs/sage/lib/python3.12/site-packages/ore_algebra/guessing.py", line 690, in _guess_via_hom
    Lp = guess(data_mod, A.change_ring(hom(K.one()).parent()[x]), **kwargs)
         ^^^^^^^^^^^^^^^^^^^^^^^^^^^^^^^^^^^^^^^^^^^^^^^^^^^^^^^^^^^^^^^^^^
  File "/ceph/grid/home/bgec/miniforge3/envs/sage/lib/python3.12/site-packages/ore_algebra/guessing.py", line 238, in guess
    return _guess_via_gcrd(data, A, **kwargs)
           ^^^^^^^^^^^^^^^^^^^^^^^^^^^^^^^^^^
  File "/ceph/grid/home/bgec/miniforge3/envs/sage/lib/python3.12/site-packages/ore_algebra/guessing.py", line 956, in _guess_via_gcrd
    raise ValueError("No relations found.")
ValueError: No relations found.
(True, True)
(True, False)
(True, False)
164
97 142 A008292  ... TASK ID, task_id, seq_id


CORELIST: True, METHOD: MB, SINDy: False (True also in case of MAVI), GROUND_TRUTH: False, SINDy_default: True, DEBUG: False, OEISformer: False
n_of_terms_ed: 200, N_OF_TERMS_ED: 200
Library: n, max_order 20, max_degree: 3, threshold: 0.1, 
n_more_terms: 10

Attempting doone for A008292
../miniforge3/envs/sage/bin/sage -c "from ore_algebra import *;data = [1, 1, 1, 1, 4, 1, 1, 11, 11, 1, 1, 26, 66, 26, 1, 1, 57, 302, 302, 57, 1, 1, 120, 1191, 2416, 1191, 120, 1, 1, 247, 4293, 15619, 15619, 4293, 247, 1, 1, 502, 14608, 88234, 156190, 88234, 14608, 502, 1, 1, 1013, 47840, 455192, 1310354, 1310354, 455192, 47840, 1013, 1, 1, 2036, 152637, 2203488, 9738114, 15724248, 9738114, 2203488, 152637, 2036, 1, 1, 4083, 478271, 10187685, 66318474, 162512286, 162512286, 66318474, 10187685, 478271, 4083, 1, 1, 8178, 1479726, 45533450, 423281535, 1505621508, 2275172004, 1505621508, 423281535, 45533450, 1479726, 8178, 1, 1, 16369, 4537314, 198410786, 2571742175, 12843262863, 27971176092, 27971176092, 12843262863, 2571742175, 198410786, 4537314, 16369, 1, 1, 32752, 13824739, 848090912, 15041229521, 102776998928, 311387598411, 447538817472, 311387598411, 102776998928, 15041229521, 848090912, 13824739, 32752, 1, 1, 65519, 41932745, 3572085255, 85383238549, 782115518299, 3207483178157, 6382798925475, 6382798925475, 3207483178157, 782115518299, 85383238549, 3572085255, 41932745, 65519, 1, 1, 131054, 126781020, 14875399450, 473353301060, 5717291972382, 31055652948388, 83137223185370, 114890380658550, 83137223185370, 31055652948388, 5717291972382, 473353301060, 14875399450, 126781020, 131054, 1, 1, 262125, 382439924, 61403313100, 2575022097600, 40457344748072, 285997074307300, 1006709967915228, 1865385657780650, 1865385657780650, 1006709967915228, 285997074307300, 40457344748072, 2575022097600, 61403313100, 382439924, 262125, 1, 1, 524268, 1151775897, 251732291184, 13796160184500, 278794377854832, 2527925001876036, 11485644635009424, 27862280567093358, 37307713155613000, 27862280567093358, 11485644635009424, 2527925001876036, 278794377854832, 13796160184500, 251732291184, 1151775897, 524268, 1, 1, 1048555, 3464764515, 1026509354985, 73008517581444, 1879708669896492, 21598596303099900, 124748182104463860, 388588260723953310, 679562217794156938];print(guess(data, OreAlgebra(ZZ['n'], 'Sn')))"

Executing LINUX command for real...


eq = '' 
is Disco: False 


Exiting after running sage code with zero division:
Traceback (most recent call last):
  File "/ceph/grid/home/bgec/oeis/doones.py", line 873, in <module>
    doone(task_id=task_id, seq_id=seq_id, linear=True)
  File "/ceph/grid/home/bgec/oeis/doones.py", line 650, in doone
    1/0
    ~^~
ZeroDivisionError: division by zero
Wed Jan  7 02:24:41 PM CET 2026
this is oei.sh        doing   doones job_id 444404 task_id 142 --exper_id 
