==============================================
Starting time (of array_subjob 444404_152):
Wed Jan  7 02:24:16 PM CET 2026
Traceback (most recent call last):
  File "/ceph/grid/home/bgec/miniforge3/envs/sage/bin/sage-eval", line 11, in <module>
    eval(compile(s,'<cmdline>','exec'))
  File "<cmdline>", line 1, in <module>
  File "/ceph/grid/home/bgec/miniforge3/envs/sage/lib/python3.12/site-packages/ore_algebra/guessing.py", line 242, in guess
    return _guess_via_hom(data, A, _word_size_primes(),
           ^^^^^^^^^^^^^^^^^^^^^^^^^^^^^^^^^^^^^^^^^^^^
  File "/ceph/grid/home/bgec/miniforge3/envs/sage/lib/python3.12/site-packages/ore_algebra/guessing.py", line 690, in _guess_via_hom
    Lp = guess(data_mod, A.change_ring(hom(K.one()).parent()[x]), **kwargs)
         ^^^^^^^^^^^^^^^^^^^^^^^^^^^^^^^^^^^^^^^^^^^^^^^^^^^^^^^^^^^^^^^^^^
  File "/ceph/grid/home/bgec/miniforge3/envs/sage/lib/python3.12/site-packages/ore_algebra/guessing.py", line 238, in guess
    return _guess_via_gcrd(data, A, **kwargs)
           ^^^^^^^^^^^^^^^^^^^^^^^^^^^^^^^^^^
  File "/ceph/grid/home/bgec/miniforge3/envs/sage/lib/python3.12/site-packages/ore_algebra/guessing.py", line 956, in _guess_via_gcrd
    raise ValueError("No relations found.")
ValueError: No relations found.
(True, True)
(True, False)
(True, False)
164
97 152 A035099  ... TASK ID, task_id, seq_id


CORELIST: True, METHOD: MB, SINDy: False (True also in case of MAVI), GROUND_TRUTH: False, SINDy_default: True, DEBUG: False, OEISformer: False
n_of_terms_ed: 200, N_OF_TERMS_ED: 200
Library: n, max_order 20, max_degree: 3, threshold: 0.1, 
n_more_terms: 10

Attempting doone for A035099
../miniforge3/envs/sage/bin/sage -c "from ore_algebra import *;data = [1, 40, 276, -2048, 11202, -49152, 184024, -614400, 1881471, -5373952, 14478180, -37122048, 91231550, -216072192, 495248952, -1102430208, 2390434947, -5061476352, 10487167336, -21301241856, 42481784514, -83300614144, 160791890304, -305854488576, 573872089212, -1063005978624, 1945403602764, -3519965179904, 6300794030460, -11164248047616, 19591528119288, -34065932304384, 58718797964805, -100372723007488, 170215559855424, -286470013685760, 478625723149576, -794110053826560, 1308745319975256, -2143055278039040, 3487563372381816, -5641848336678912, 9074553043554568, -14515166263443456, 23093778743102262, -36552977852071936, 57567784186189368, -90226777113575424, 140752796480416011, -218578429975461888, 337945040343588276, -520271697765971968, 797652526220573580, -1218002527825723392, 1852604006634050072, -2807138079496716288, 4237760460302936433, -6374456847628238848, 9554873766107770560, -14273181657059143680, 21250450411204068910, -31535729115847852032, 46650835290143061624, -68797209365301886976, 101150679669913197462, -148280443106626633728, 216743142763626253712, -315923191441199824896, 459218611940943755226, -665710603285072019456, 962508846974918603904, -1388038765923851599872, 1996639069403279491427, -2864978197116521938944, 4100990608911708903432, -5856297079648098807808, 8343432715970391209502, -11859696700297921757184, 16820105145987654631552, -23802835313046730063872, 33611779636250175278886, -47362494062244172660736, 66600077798590855556532, -93460562353103053049856, 130891485964083426534122, -182952844329494181838848, 255227018229957765044016, -355376219286719031156736, 493899311443420857952845, -685157678128482627354624, 948763597225844233250504, -1311456320500974276980736, 1809633323386495729057992, -2492760414984152205361152, 3427959082742197097793024, -4706168520874397834575872, 6450411048962389429976770, -8826863296640622526464000, 12059665023346371597383976, -16450700321708764061517824, 22405985191605778318221966, -30470821082605141257437184, 41376565153257918900448856, -56102775743698496533610496, 75959682385088249951569707, -102697490047577857280704512, 138651069609107258223230208, -186931256531344231973842944, 251677466518351205579052766, -338390885379660144470261760, 454373417252938468047988152, -609305290283634551724425216, 816004250610483325477137645, -1091422306214721949714612224, 1457952890964709457161193832, -1945143237870612632657362944, 2591935135010739846630258552, -3449593958660745083503542272, 4585533337778223245526424344, -6088304083086942177871503360, 8074095060829281900923310709, -10695195561053324158247632896, 14150999869914266521581029892, -18702303470252807129307590656, 24689857119560598593790652644, -32558423456442559102311727104, 42887937934042632696653751664, -56433833639738016869626724352, 74179175766292326881671567536, -97402001542749003066755776512, 127762220283712248989808098112, -167413652967363294994072510464, 219148353834652033806931666058, -286582349725202616891012808704, 374394472517505129398793156480, -488633193299475238996527243264, 637110479890742082863346615330, -829906927284816863433423323136, 1080019050498691579780276522376, -1404188055999897843194585874432, 1823960093902478303349461716038, -2367041533925564988255135072256, 3069029953404523687468245684480, -3975623218717735019668980350976, 5145436468336530001118769922199, -6653591456438449265745551425536, 8596286461575944112744931787280, -11096610152722274486125226610688, 14311932378484245271421594397426, -18443292492431267113014118219776, 23747316166427037267544026145176, -30551330453397572812477425229824, 39272521367738455055576899469094, -50442197486807185197908830453760, 64736498319975461543853690198792, -83015231520535504002638452555776, 106370955990421280927617113920128, -136190970437904156658900509523968, 174235546264096574449522052328696, -222736593727022346304972906659840, 284522013407311426136384006312493, -363172313609840543859050941513728, 463217733767074660767821894575360, -590386185250481913289970269636608, 751914904901510342693816951520162, -956941937934840868997761321893888, 1216997580468520023161925598141824, -1546620909650487805412734587297792, 1964132748779658020207553168118126, -2492604150054360820813644058066944, 3161069092433473105128062081953644, -4006042036376218491568688362545152, 5073415806766932848176308413396850, -6420833676598851742920058280804352, 8120652344335059581087815221003192, -10263640782658277085276015655796736, 12963594974553243784523435538227466, -16363091932874817087180815386804224, 20640660078417232184385603454117440, -26019709437889473192821766232166400, 32779647181167577387411545133418378, -41269705392046543681232124742238208, 51926133139327883580234482003373336, -65293559390645801714930209250246656, 82051523850238409694024249087717219, -103047407701304193394942808586977280, 129337285672636558043030119558274896, -162236577309067884212430025014902784, 203382814102483750128428651175277332, -254813378972894197949474803652755456, 319061738420193860478838462840649472, -399276503574771812081340517475696640, 499368658705185454986756204886632396, -624193526487679173205473388293783552, 779775549826354910275482875593930152, -973585822924826539370202554546589696, 1214884576194110070386129634470813496, -1515143603853430249801108295617265664, 1888567033696525913792863378426564056, -2352733014405660274340851788350595072];print(guess(data, OreAlgebra(ZZ['n'], 'Sn')))"

Executing LINUX command for real...


eq = '' 
is Disco: False 


Exiting after running sage code with zero division:
Traceback (most recent call last):
  File "/ceph/grid/home/bgec/oeis/doones.py", line 873, in <module>
    doone(task_id=task_id, seq_id=seq_id, linear=True)
  File "/ceph/grid/home/bgec/oeis/doones.py", line 650, in doone
    1/0
    ~^~
ZeroDivisionError: division by zero
Wed Jan  7 02:24:41 PM CET 2026
this is oei.sh        doing   doones job_id 444404 task_id 152 --exper_id 
