==============================================
Starting time (of array_subjob 64685437_23):
Mon Mar  2 11:39:49 AM CET 2026
(True, True)
(True, False)
(True, False)
Current time: 2026-03-02 11:39:52.524963 

True
METHOD = 'diofantos'
DEGREE = 3
SCALE = 3
  all_datasets = 2257
start = 1023, end = 1024
task_id = 1023
pds1023.csv:
  gt_rhs = '-5*v'
   target = -5*v
['-5*v']
  is_equivalent = True
  total_successes = 1, success_rate = 1.0


Whole evaluation from the beginning of the script took:
 53.8 seconds, i.e. 0.9 minutes or 0.015 hours.

Current time: 2026-03-02 11:40:46.344401
Mon Mar  2 11:40:46 AM CET 2026
this is oei.sh 1 dopa-deg3 0 999    doing   doones job_id 64685437 task_id 1 * 1000 + 23 --exper_id dopa-deg3
