==============================================
Starting time (of array_subjob 64685437_94):
Mon Mar  2 11:39:50 AM CET 2026
(True, True)
(True, False)
(True, False)
Current time: 2026-03-02 11:39:52.612671 

True
METHOD = 'diofantos'
DEGREE = 3
SCALE = 3
  all_datasets = 2257
start = 1094, end = 1095
task_id = 1094
pds1094.csv:
  gt_rhs = '4*x*y + 6*x + y - 3'
   target = 4*x*y + 6*x + y - 3
['4*x*y + 6*x + y - 3']
  is_equivalent = True
  total_successes = 1, success_rate = 1.0


Whole evaluation from the beginning of the script took:
 55.1 seconds, i.e. 0.92 minutes or 0.015 hours.

Current time: 2026-03-02 11:40:47.710573
Mon Mar  2 11:40:48 AM CET 2026
this is oei.sh 1 dopa-deg3 0 999    doing   doones job_id 64685437 task_id 1 * 1000 + 94 --exper_id dopa-deg3
