==============================================
Starting time (of array_subjob 64685437_170):
Mon Mar  2 11:39:50 AM CET 2026
(True, True)
(True, False)
(True, False)
Current time: 2026-03-02 11:39:54.217457 

True
METHOD = 'diofantos'
DEGREE = 3
SCALE = 3
  all_datasets = 2257
start = 1170, end = 1171
task_id = 1170
pds1170.csv:
  gt_rhs = '4*v**2*w - 3*v + 10*x + 10*z - 2'
   target = 4*v**2*w - 3*v + 10*x + 10*z - 2
['4*v**2*w - 3*v + 10*x + 10*z - 2']
  is_equivalent = True
  total_successes = 1, success_rate = 1.0


Whole evaluation from the beginning of the script took:
 85.8 seconds, i.e. 1.43 minutes or 0.024 hours.

Current time: 2026-03-02 11:41:20.023589
Mon Mar  2 11:41:20 AM CET 2026
this is oei.sh 1 dopa-deg3 0 999    doing   doones job_id 64685437 task_id 1 * 1000 + 170 --exper_id dopa-deg3
