==============================================
Starting time (of array_subjob 64685437_307):
Mon Mar  2 11:39:50 AM CET 2026
(True, True)
(True, False)
(True, False)
Current time: 2026-03-02 11:39:53.165839 

True
METHOD = 'diofantos'
DEGREE = 3
SCALE = 3
  all_datasets = 2257
start = 1307, end = 1308
task_id = 1307
pds1307.csv:
  gt_rhs = '-5*v*z - w*y - 2'
   target = -5*v*z - w*y - 2
['-5*v*z - w*y - 2']
  is_equivalent = True
  total_successes = 1, success_rate = 1.0


Whole evaluation from the beginning of the script took:
 65.6 seconds, i.e. 1.09 minutes or 0.018 hours.

Current time: 2026-03-02 11:40:58.740331
Mon Mar  2 11:40:59 AM CET 2026
this is oei.sh 1 dopa-deg3 0 999    doing   doones job_id 64685437 task_id 1 * 1000 + 307 --exper_id dopa-deg3
