==============================================
Starting time (of array_subjob 64685437_329):
Mon Mar  2 11:39:51 AM CET 2026
(True, True)
(True, False)
(True, False)
Current time: 2026-03-02 11:39:53.756155 

True
METHOD = 'diofantos'
DEGREE = 3
SCALE = 3
  all_datasets = 2257
start = 1329, end = 1330
task_id = 1329
pds1329.csv:
  gt_rhs = '-8*v**2*y + 10*w*y + 2*x - 4*y - 2'
   target = -8*v**2*y + 10*w*y + 2*x - 4*y - 2
['-8*v**2*y + 10*w*y + 2*x - 4*y - 2']
  is_equivalent = True
  total_successes = 1, success_rate = 1.0


Whole evaluation from the beginning of the script took:
 60.4 seconds, i.e. 1.01 minutes or 0.017 hours.

Current time: 2026-03-02 11:40:54.120451
Mon Mar  2 11:40:54 AM CET 2026
this is oei.sh 1 dopa-deg3 0 999    doing   doones job_id 64685437 task_id 1 * 1000 + 329 --exper_id dopa-deg3
