==============================================
Starting time (of array_subjob 64685437_342):
Mon Mar  2 11:39:51 AM CET 2026
(True, True)
(True, False)
(True, False)
Current time: 2026-03-02 11:39:53.684314 

True
METHOD = 'diofantos'
DEGREE = 3
SCALE = 3
  all_datasets = 2257
start = 1342, end = 1343
task_id = 1342
pds1342.csv:
  gt_rhs = '-3*v + 4*x**2'
   target = -3*v + 4*x**2
['-3*v + 4*x**2']
  is_equivalent = True
  total_successes = 1, success_rate = 1.0


Whole evaluation from the beginning of the script took:
 62.4 seconds, i.e. 1.04 minutes or 0.017 hours.

Current time: 2026-03-02 11:40:56.077643
Mon Mar  2 11:40:56 AM CET 2026
this is oei.sh 1 dopa-deg3 0 999    doing   doones job_id 64685437 task_id 1 * 1000 + 342 --exper_id dopa-deg3
