==============================================
Starting time (of array_subjob 64685437_371):
Mon Mar  2 11:39:51 AM CET 2026
(True, True)
(True, False)
(True, False)
Current time: 2026-03-02 11:39:53.931127 

True
METHOD = 'diofantos'
DEGREE = 3
SCALE = 3
  all_datasets = 2257
start = 1371, end = 1372
task_id = 1371
pds1371.csv:
  gt_rhs = '2*v*x + 8*v*y + 9*v'
   target = 2*v*x + 8*v*y + 9*v
['2*v*x + 8*v*y + 9*v']
  is_equivalent = True
  total_successes = 1, success_rate = 1.0


Whole evaluation from the beginning of the script took:
 62.2 seconds, i.e. 1.04 minutes or 0.017 hours.

Current time: 2026-03-02 11:40:56.138132
Mon Mar  2 11:40:56 AM CET 2026
this is oei.sh 1 dopa-deg3 0 999    doing   doones job_id 64685437 task_id 1 * 1000 + 371 --exper_id dopa-deg3
