==============================================
Starting time (of array_subjob 64685437_432):
Mon Mar  2 11:39:51 AM CET 2026
(True, True)
(True, False)
(True, False)
Current time: 2026-03-02 11:39:54.161854 

True
METHOD = 'diofantos'
DEGREE = 3
SCALE = 3
  all_datasets = 2257
start = 1432, end = 1433
task_id = 1432
pds1432.csv:
  gt_rhs = '-2*v*x**2 + 2*v*z + 7*z + 1'
   target = -2*v*x**2 + 2*v*z + 7*z + 1
['-2*v*x**2 + 2*v*z + 7*z + 1']
  is_equivalent = True
  total_successes = 1, success_rate = 1.0


Whole evaluation from the beginning of the script took:
 56.7 seconds, i.e. 0.95 minutes or 0.016 hours.

Current time: 2026-03-02 11:40:50.907623
Mon Mar  2 11:40:51 AM CET 2026
this is oei.sh 1 dopa-deg3 0 999    doing   doones job_id 64685437 task_id 1 * 1000 + 432 --exper_id dopa-deg3
