==============================================
Starting time (of array_subjob 64685437_496):
Mon Mar  2 11:39:52 AM CET 2026
(True, True)
(True, False)
(True, False)
Current time: 2026-03-02 11:39:54.420661 

True
METHOD = 'diofantos'
DEGREE = 3
SCALE = 3
  all_datasets = 2257
start = 1496, end = 1497
task_id = 1496
pds1496.csv:
  gt_rhs = '-4*w**2*y - 9*x'
   target = -4*w**2*y - 9*x
['-4*w**2*y - 9*x']
  is_equivalent = True
  total_successes = 1, success_rate = 1.0


Whole evaluation from the beginning of the script took:
 60.1 seconds, i.e. 1.0 minutes or 0.017 hours.

Current time: 2026-03-02 11:40:54.473246
Mon Mar  2 11:40:54 AM CET 2026
this is oei.sh 1 dopa-deg3 0 999    doing   doones job_id 64685437 task_id 1 * 1000 + 496 --exper_id dopa-deg3
