==============================================
Starting time (of array_subjob 64685437_508):
Mon Mar  2 11:39:52 AM CET 2026
(True, True)
(True, False)
(True, False)
Current time: 2026-03-02 11:39:54.295989 

True
METHOD = 'diofantos'
DEGREE = 3
SCALE = 3
  all_datasets = 2257
start = 1508, end = 1509
task_id = 1508
pds1508.csv:
  gt_rhs = '8*x**2*y*z + z'
   target = 4*v**3 - 2*v**2*w + 4*v**2*x - 14*v**2*y - 3*v**2*z - 4*v**2 - 13*v*w**2 - 12*v*w*x + 18*v*w*y - 10*v*w*z + 3*v*w + 20*v*x**2 + v*x*y - 5*v*x*z + 5*v*x - 2*v*y**2 + 13*v*y*z - 5*v*y - 8*v*z**2 + 4*v*z - 21*v - 2*w**3 + 7*w**2*x + 5*w**2*y + 18*w**2*z - w**2 + 11*w*x**2 - 17*w*x*y - 7*w*x*z + 6*w*x + 2*w*y**2 - 3*w*y*z + 14*w*y + 4*w*z**2 + 6*w*z + 7*w - 9*x**3 - 8*x**2*y + 4*x**2 + 7*x*y**2 - 16*x*y*z - 9*x*y + 7*x*z**2 + 16*x*z + 10*x + 3*y**3 - 22*y**2*z + 4*y**2 - 4*y*z**2 - 4*y*z - 5*y + 4*z**3 - 4*z**2 - 2*z - 3
['4*v**3 - 2*v**2*w + 4*v**2*x - 14*v**2*y - 3*v**2*z - 4*v**2 - 13*v*w**2 - 12*v*w*x + 18*v*w*y - 10*v*w*z + 3*v*w + 20*v*x**2 + v*x*y - 5*v*x*z + 5*v*x - 2*v*y**2 + 13*v*y*z - 5*v*y - 8*v*z**2 + 4*v*z - 21*v - 2*w**3 + 7*w**2*x + 5*w**2*y + 18*w**2*z - w**2 + 11*w*x**2 - 17*w*x*y - 7*w*x*z + 6*w*x + 2*w*y**2 - 3*w*y*z + 14*w*y + 4*w*z**2 + 6*w*z + 7*w - 9*x**3 - 8*x**2*y + 4*x**2 + 7*x*y**2 - 16*x*y*z - 9*x*y + 7*x*z**2 + 16*x*z + 10*x + 3*y**3 - 22*y**2*z + 4*y**2 - 4*y*z**2 - 4*y*z - 5*y + 4*z**3 - 4*z**2 - 2*z - 3']
  is_equivalent = False
  total_successes = 0, success_rate = 0.0


Whole evaluation from the beginning of the script took:
 37849.9 seconds, i.e. 630.83 minutes or 10.514 hours.

Current time: 2026-03-02 22:10:44.178751
Mon Mar  2 10:10:44 PM CET 2026
this is oei.sh 1 dopa-deg3 0 999    doing   doones job_id 64685437 task_id 1 * 1000 + 508 --exper_id dopa-deg3
