==============================================
Starting time (of array_subjob 64685437_552):
Mon Mar  2 11:39:52 AM CET 2026
(True, True)
(True, False)
(True, False)
Current time: 2026-03-02 11:39:54.952952 

True
METHOD = 'diofantos'
DEGREE = 3
SCALE = 3
  all_datasets = 2257
start = 1552, end = 1553
task_id = 1552
pds1552.csv:
  gt_rhs = 'w**2*x - 5*w + 5*z - 3'
   target = w**2*x - 5*w + 5*z - 3
['w**2*x - 5*w + 5*z - 3']
  is_equivalent = True
  total_successes = 1, success_rate = 1.0


Whole evaluation from the beginning of the script took:
 56.2 seconds, i.e. 0.94 minutes or 0.016 hours.

Current time: 2026-03-02 11:40:51.127364
Mon Mar  2 11:40:51 AM CET 2026
this is oei.sh 1 dopa-deg3 0 999    doing   doones job_id 64685437 task_id 1 * 1000 + 552 --exper_id dopa-deg3
