==============================================
Starting time (of array_subjob 64685437_569):
Mon Mar  2 11:39:52 AM CET 2026
(True, True)
(True, False)
(True, False)
Current time: 2026-03-02 11:39:55.058350 

True
METHOD = 'diofantos'
DEGREE = 3
SCALE = 3
  all_datasets = 2257
start = 1569, end = 1570
task_id = 1569
pds1569.csv:
  gt_rhs = '-3*w'
   target = -3*w
['-3*w']
  is_equivalent = True
  total_successes = 1, success_rate = 1.0


Whole evaluation from the beginning of the script took:
 59.0 seconds, i.e. 0.98 minutes or 0.016 hours.

Current time: 2026-03-02 11:40:54.055041
Mon Mar  2 11:40:54 AM CET 2026
this is oei.sh 1 dopa-deg3 0 999    doing   doones job_id 64685437 task_id 1 * 1000 + 569 --exper_id dopa-deg3
