==============================================
Starting time (of array_subjob 64685437_595):
Mon Mar  2 11:39:52 AM CET 2026
(True, True)
(True, False)
(True, False)
Current time: 2026-03-02 11:39:54.617870 

True
METHOD = 'diofantos'
DEGREE = 3
SCALE = 3
  all_datasets = 2257
start = 1595, end = 1596
task_id = 1595
pds1595.csv:
  gt_rhs = '-4*x*y*z - 8*y - 2*z + 6'
   target = -4*x*y*z - 8*y - 2*z + 6
['-4*x*y*z - 8*y - 2*z + 6']
  is_equivalent = True
  total_successes = 1, success_rate = 1.0


Whole evaluation from the beginning of the script took:
 57.4 seconds, i.e. 0.96 minutes or 0.016 hours.

Current time: 2026-03-02 11:40:52.054162
Mon Mar  2 11:40:52 AM CET 2026
this is oei.sh 1 dopa-deg3 0 999    doing   doones job_id 64685437 task_id 1 * 1000 + 595 --exper_id dopa-deg3
