==============================================
Starting time (of array_subjob 64685437_693):
Mon Mar  2 11:39:53 AM CET 2026
(True, True)
(True, False)
(True, False)
Current time: 2026-03-02 11:39:55.543688 

True
METHOD = 'diofantos'
DEGREE = 3
SCALE = 3
  all_datasets = 2257
start = 1693, end = 1694
task_id = 1693
pds1693.csv:
  gt_rhs = '-8*v + 10*x**2*y*z - 10*y'
   target = -v**3 + 4*v**2*w - 4*v**2*x - 2*v**2*y + v*w**2 - 11*v*w*x - 5*v*w*y + 11*v*w*z - 7*v*w + 19*v*x**2 + 9*v*x*y - 8*v*x*z - 8*v*x + 2*v*y**2 - 13*v*y*z + 4*v*y - 2*v*z**2 + 3*v*z - 11*v - 5*w**3 + 8*w**2*x + 9*w**2*y - 4*w**2*z - 15*w**2 + 2*w*x**2 - 10*w*x*y + 15*w*x*z - 2*w*x - 6*w*y**2 + 2*w*y*z - 4*w*y + 8*w*z**2 - 3*w*z - 6*w - 15*x**3 - 13*x**2*y + 14*x**2*z - 15*x**2 + 14*x*y**2 - 2*x*y*z + 9*x*y + 7*x*z**2 - 2*x*z + 6*x + 3*y**3 + 5*y**2*z + 2*y**2 + y*z**2 + 10*y*z - 10*y + 6*z**3 - 16*z**2 - 7*z + 20
['-v**3 + 4*v**2*w - 4*v**2*x - 2*v**2*y + v*w**2 - 11*v*w*x - 5*v*w*y + 11*v*w*z - 7*v*w + 19*v*x**2 + 9*v*x*y - 8*v*x*z - 8*v*x + 2*v*y**2 - 13*v*y*z + 4*v*y - 2*v*z**2 + 3*v*z - 11*v - 5*w**3 + 8*w**2*x + 9*w**2*y - 4*w**2*z - 15*w**2 + 2*w*x**2 - 10*w*x*y + 15*w*x*z - 2*w*x - 6*w*y**2 + 2*w*y*z - 4*w*y + 8*w*z**2 - 3*w*z - 6*w - 15*x**3 - 13*x**2*y + 14*x**2*z - 15*x**2 + 14*x*y**2 - 2*x*y*z + 9*x*y + 7*x*z**2 - 2*x*z + 6*x + 3*y**3 + 5*y**2*z + 2*y**2 + y*z**2 + 10*y*z - 10*y + 6*z**3 - 16*z**2 - 7*z + 20']
  is_equivalent = False
  total_successes = 0, success_rate = 0.0


Whole evaluation from the beginning of the script took:
 24447.9 seconds, i.e. 407.46 minutes or 6.791 hours.

Current time: 2026-03-02 18:27:23.412467
Mon Mar  2 06:27:23 PM CET 2026
this is oei.sh 1 dopa-deg3 0 999    doing   doones job_id 64685437 task_id 1 * 1000 + 693 --exper_id dopa-deg3
