==============================================
Starting time (of array_subjob 64685437_702):
Mon Mar  2 11:39:53 AM CET 2026
(True, True)
(True, False)
(True, False)
Current time: 2026-03-02 11:39:55.540698 

True
METHOD = 'diofantos'
DEGREE = 3
SCALE = 3
  all_datasets = 2257
start = 1702, end = 1703
task_id = 1702
pds1702.csv:
  gt_rhs = '10*x + 3*y'
   target = 10*x + 3*y
['10*x + 3*y']
  is_equivalent = True
  total_successes = 1, success_rate = 1.0


Whole evaluation from the beginning of the script took:
 65.3 seconds, i.e. 1.09 minutes or 0.018 hours.

Current time: 2026-03-02 11:41:00.836248
Mon Mar  2 11:41:01 AM CET 2026
this is oei.sh 1 dopa-deg3 0 999    doing   doones job_id 64685437 task_id 1 * 1000 + 702 --exper_id dopa-deg3
