==============================================
Starting time (of array_subjob 64685437_708):
Mon Mar  2 11:39:52 AM CET 2026
(True, True)
(True, False)
(True, False)
Current time: 2026-03-02 11:39:55.193119 

True
METHOD = 'diofantos'
DEGREE = 3
SCALE = 3
  all_datasets = 2257
start = 1708, end = 1709
task_id = 1708
pds1708.csv:
  gt_rhs = '-4*v + 4*z - 5'
   target = -4*v + 4*z - 5
['-4*v + 4*z - 5']
  is_equivalent = True
  total_successes = 1, success_rate = 1.0


Whole evaluation from the beginning of the script took:
 56.8 seconds, i.e. 0.95 minutes or 0.016 hours.

Current time: 2026-03-02 11:40:51.948541
Mon Mar  2 11:40:52 AM CET 2026
this is oei.sh 1 dopa-deg3 0 999    doing   doones job_id 64685437 task_id 1 * 1000 + 708 --exper_id dopa-deg3
