==============================================
Starting time (of array_subjob 64685437_713):
Mon Mar  2 11:39:52 AM CET 2026
(True, True)
(True, False)
(True, False)
Current time: 2026-03-02 11:39:55.192474 

True
METHOD = 'diofantos'
DEGREE = 3
SCALE = 3
  all_datasets = 2257
start = 1713, end = 1714
task_id = 1713
pds1713.csv:
  gt_rhs = '8*v*w*z + 3*y*z'
   target = 8*v*w*z + 3*y*z
['8*v*w*z + 3*y*z']
  is_equivalent = True
  total_successes = 1, success_rate = 1.0


Whole evaluation from the beginning of the script took:
 61.4 seconds, i.e. 1.02 minutes or 0.017 hours.

Current time: 2026-03-02 11:40:56.562105
Mon Mar  2 11:40:56 AM CET 2026
this is oei.sh 1 dopa-deg3 0 999    doing   doones job_id 64685437 task_id 1 * 1000 + 713 --exper_id dopa-deg3
