==============================================
Starting time (of array_subjob 64685437_793):
Mon Mar  2 11:39:52 AM CET 2026
(True, True)
(True, False)
(True, False)
Current time: 2026-03-02 11:39:55.206303 

True
METHOD = 'diofantos'
DEGREE = 3
SCALE = 3
  all_datasets = 2257
start = 1793, end = 1794
task_id = 1793
pds1793.csv:
  gt_rhs = '10*w*x - 3*w + y + 1'
   target = 10*w*x - 3*w + y + 1
['10*w*x - 3*w + y + 1']
  is_equivalent = True
  total_successes = 1, success_rate = 1.0


Whole evaluation from the beginning of the script took:
 59.9 seconds, i.e. 1.0 minutes or 0.017 hours.

Current time: 2026-03-02 11:40:55.150071
Mon Mar  2 11:40:55 AM CET 2026
this is oei.sh 1 dopa-deg3 0 999    doing   doones job_id 64685437 task_id 1 * 1000 + 793 --exper_id dopa-deg3
