==============================================
Starting time (of array_subjob 64685437_794):
Mon Mar  2 11:39:52 AM CET 2026
(True, True)
(True, False)
(True, False)
Current time: 2026-03-02 11:39:55.206264 

True
METHOD = 'diofantos'
DEGREE = 3
SCALE = 3
  all_datasets = 2257
start = 1794, end = 1795
task_id = 1794
pds1794.csv:
  gt_rhs = 'v*w*x + 2*w*z - 4'
   target = v*w*x + 2*w*z - 4
['v*w*x + 2*w*z - 4']
  is_equivalent = True
  total_successes = 1, success_rate = 1.0


Whole evaluation from the beginning of the script took:
 60.8 seconds, i.e. 1.01 minutes or 0.017 hours.

Current time: 2026-03-02 11:40:55.963019
Mon Mar  2 11:40:56 AM CET 2026
this is oei.sh 1 dopa-deg3 0 999    doing   doones job_id 64685437 task_id 1 * 1000 + 794 --exper_id dopa-deg3
