==============================================
Starting time (of array_subjob 64685437_817):
Mon Mar  2 11:39:53 AM CET 2026
(True, True)
(True, False)
(True, False)
Current time: 2026-03-02 11:39:55.793494 

True
METHOD = 'diofantos'
DEGREE = 3
SCALE = 3
  all_datasets = 2257
start = 1817, end = 1818
task_id = 1817
pds1817.csv:
  gt_rhs = '-3*v**2 - 7*v*y - 6'
   target = -3*v**2 - 7*v*y - 6
['-3*v**2 - 7*v*y - 6']
  is_equivalent = True
  total_successes = 1, success_rate = 1.0


Whole evaluation from the beginning of the script took:
 59.3 seconds, i.e. 0.99 minutes or 0.016 hours.

Current time: 2026-03-02 11:40:55.052972
Mon Mar  2 11:40:55 AM CET 2026
this is oei.sh 1 dopa-deg3 0 999    doing   doones job_id 64685437 task_id 1 * 1000 + 817 --exper_id dopa-deg3
