==============================================
Starting time (of array_subjob 64685437_813):
Mon Mar  2 11:39:53 AM CET 2026
(True, True)
(True, False)
(True, False)
Current time: 2026-03-02 11:39:55.499585 

True
METHOD = 'diofantos'
DEGREE = 3
SCALE = 3
  all_datasets = 2257
start = 1813, end = 1814
task_id = 1813
pds1813.csv:
  gt_rhs = '7*v*x + 10*x'
   target = 7*v*x + 10*x
['7*v*x + 10*x']
  is_equivalent = True
  total_successes = 1, success_rate = 1.0


Whole evaluation from the beginning of the script took:
 60.2 seconds, i.e. 1.0 minutes or 0.017 hours.

Current time: 2026-03-02 11:40:55.691270
Mon Mar  2 11:40:56 AM CET 2026
this is oei.sh 1 dopa-deg3 0 999    doing   doones job_id 64685437 task_id 1 * 1000 + 813 --exper_id dopa-deg3
