==============================================
Starting time (of array_subjob 64685437_835):
Mon Mar  2 11:39:53 AM CET 2026
(True, True)
(True, False)
(True, False)
Current time: 2026-03-02 11:39:55.668435 

True
METHOD = 'diofantos'
DEGREE = 3
SCALE = 3
  all_datasets = 2257
start = 1835, end = 1836
task_id = 1835
pds1835.csv:
  gt_rhs = '-v*w - 8'
   target = -v*w - 8
['-v*w - 8']
  is_equivalent = True
  total_successes = 1, success_rate = 1.0


Whole evaluation from the beginning of the script took:
 64.3 seconds, i.e. 1.07 minutes or 0.018 hours.

Current time: 2026-03-02 11:40:59.988832
Mon Mar  2 11:41:00 AM CET 2026
this is oei.sh 1 dopa-deg3 0 999    doing   doones job_id 64685437 task_id 1 * 1000 + 835 --exper_id dopa-deg3
