==============================================
Starting time (of array_subjob 64685437_832):
Mon Mar  2 11:39:53 AM CET 2026
(True, True)
(True, False)
(True, False)
Current time: 2026-03-02 11:39:55.490280 

True
METHOD = 'diofantos'
DEGREE = 3
SCALE = 3
  all_datasets = 2257
start = 1832, end = 1833
task_id = 1832
pds1832.csv:
  gt_rhs = '8*x*y - 2'
   target = 8*x*y - 2
['8*x*y - 2']
  is_equivalent = True
  total_successes = 1, success_rate = 1.0


Whole evaluation from the beginning of the script took:
 58.8 seconds, i.e. 0.98 minutes or 0.016 hours.

Current time: 2026-03-02 11:40:54.320313
Mon Mar  2 11:40:54 AM CET 2026
this is oei.sh 1 dopa-deg3 0 999    doing   doones job_id 64685437 task_id 1 * 1000 + 832 --exper_id dopa-deg3
