==============================================
Starting time (of array_subjob 64685437_833):
Mon Mar  2 11:39:53 AM CET 2026
(True, True)
(True, False)
(True, False)
Current time: 2026-03-02 11:39:55.650464 

True
METHOD = 'diofantos'
DEGREE = 3
SCALE = 3
  all_datasets = 2257
start = 1833, end = 1834
task_id = 1833
pds1833.csv:
  gt_rhs = '6*v*w*x - 2*v*z + 4*y + 4'
   target = 6*v*w*x - 2*v*z + 4*y + 4
['6*v*w*x - 2*v*z + 4*y + 4']
  is_equivalent = True
  total_successes = 1, success_rate = 1.0


Whole evaluation from the beginning of the script took:
 58.1 seconds, i.e. 0.97 minutes or 0.016 hours.

Current time: 2026-03-02 11:40:53.766546
Mon Mar  2 11:40:54 AM CET 2026
this is oei.sh 1 dopa-deg3 0 999    doing   doones job_id 64685437 task_id 1 * 1000 + 833 --exper_id dopa-deg3
