==============================================
Starting time (of array_subjob 64685437_908):
Mon Mar  2 11:39:52 AM CET 2026
(True, True)
(True, False)
(True, False)
Current time: 2026-03-02 11:39:55.429682 

True
METHOD = 'diofantos'
DEGREE = 3
SCALE = 3
  all_datasets = 2257
start = 1908, end = 1909
task_id = 1908
pds1908.csv:
  gt_rhs = '8*v*x + 7*w**2*x + 10'
   target = 8*v*x + 7*w**2*x + 10
['8*v*x + 7*w**2*x + 10']
  is_equivalent = True
  total_successes = 1, success_rate = 1.0


Whole evaluation from the beginning of the script took:
 55.6 seconds, i.e. 0.93 minutes or 0.015 hours.

Current time: 2026-03-02 11:40:51.030200
Mon Mar  2 11:40:51 AM CET 2026
this is oei.sh 1 dopa-deg3 0 999    doing   doones job_id 64685437 task_id 1 * 1000 + 908 --exper_id dopa-deg3
